[2022-07-06T16:41:31.365+0000][71][gc,init] CardTable entry size: 512
[2022-07-06T16:41:31.365+0000][71][gc     ] Using G1
[2022-07-06T16:41:31.638+0000][71][gc,init] Version: 18.0.1.1+2-6 (release)
[2022-07-06T16:41:31.638+0000][71][gc,init] CPUs: 8 total, 8 available
[2022-07-06T16:41:31.639+0000][71][gc,init] Memory: 7736M
[2022-07-06T16:41:31.639+0000][71][gc,init] Large Page Support: Disabled
[2022-07-06T16:41:31.639+0000][71][gc,init] NUMA Support: Disabled
[2022-07-06T16:41:31.639+0000][71][gc,init] Compressed Oops: Enabled (32-bit)
[2022-07-06T16:41:31.639+0000][71][gc,init] Heap Region Size: 4M
[2022-07-06T16:41:31.639+0000][71][gc,init] Heap Min Capacity: 512M
[2022-07-06T16:41:31.639+0000][71][gc,init] Heap Initial Capacity: 512M
[2022-07-06T16:41:31.639+0000][71][gc,init] Heap Max Capacity: 512M
[2022-07-06T16:41:31.639+0000][71][gc,init] Pre-touch: Enabled
[2022-07-06T16:41:31.639+0000][71][gc,init] Parallel Workers: 8
[2022-07-06T16:41:31.639+0000][71][gc,init] Concurrent Workers: 2
[2022-07-06T16:41:31.639+0000][71][gc,init] Concurrent Refinement Workers: 8
[2022-07-06T16:41:31.639+0000][71][gc,init] Periodic GC: Disabled
[2022-07-06T16:41:31.639+0000][71][gc,metaspace] CDS archive(s) mapped at: [0x0000000800000000-0x0000000800baf000-0x0000000800baf000), size 12251136, SharedBaseAddress: 0x0000000800000000, ArchiveRelocationMode: 0.
[2022-07-06T16:41:31.639+0000][71][gc,metaspace] Compressed class space mapped at: 0x0000000800c00000-0x0000000840c00000, reserved size: 1073741824
[2022-07-06T16:41:31.639+0000][71][gc,metaspace] Narrow klass base: 0x0000000800000000, Narrow klass shift: 0, Narrow klass range: 0x100000000
[2022-07-06T16:41:32.343+0000][71][safepoint   ] Safepoint "ICBufferFull", Time since last: 692799526 ns, Reaching safepoint: 258907 ns, At safepoint: 9746 ns, Total: 268653 ns
[2022-07-06T16:41:32.497+0000][71][gc,start    ] GC(0) Pause Young (Normal) (G1 Evacuation Pause)
[2022-07-06T16:41:32.497+0000][71][gc,task     ] GC(0) Using 8 workers of 8 for evacuation
[2022-07-06T16:41:32.498+0000][71][gc,age      ] GC(0) Desired survivor size 2097152 bytes, new threshold 15 (max threshold 15)
[2022-07-06T16:41:32.507+0000][71][gc,phases   ] GC(0)   Pre Evacuate Collection Set: 0.1ms
[2022-07-06T16:41:32.507+0000][71][gc,phases   ] GC(0)   Merge Heap Roots: 0.0ms
[2022-07-06T16:41:32.507+0000][71][gc,phases   ] GC(0)   Evacuate Collection Set: 9.0ms
[2022-07-06T16:41:32.507+0000][71][gc,phases   ] GC(0)   Post Evacuate Collection Set: 0.6ms
[2022-07-06T16:41:32.507+0000][71][gc,phases   ] GC(0)   Other: 0.1ms
[2022-07-06T16:41:32.507+0000][71][gc,age      ] GC(0) Age table with threshold 15 (max threshold 15)
[2022-07-06T16:41:32.507+0000][71][gc,age      ] GC(0) - age   1:    3193320 bytes,    3193320 total
[2022-07-06T16:41:32.507+0000][71][gc,heap     ] GC(0) Eden regions: 6->0(15)
[2022-07-06T16:41:32.507+0000][71][gc,heap     ] GC(0) Survivor regions: 0->1(1)
[2022-07-06T16:41:32.507+0000][71][gc,heap     ] GC(0) Old regions: 0->0
[2022-07-06T16:41:32.507+0000][71][gc,heap     ] GC(0) Archive regions: 2->2
[2022-07-06T16:41:32.507+0000][71][gc,heap     ] GC(0) Humongous regions: 0->0
[2022-07-06T16:41:32.507+0000][71][gc,metaspace] GC(0) Metaspace: 3430K(3648K)->3430K(3648K) NonClass: 3085K(3200K)->3085K(3200K) Class: 345K(448K)->345K(448K)
[2022-07-06T16:41:32.508+0000][71][gc          ] GC(0) Pause Young (Normal) (G1 Evacuation Pause) 27M->7M(512M) 10.247ms
[2022-07-06T16:41:32.508+0000][71][gc,cpu      ] GC(0) User=0.01s Sys=0.00s Real=0.01s
[2022-07-06T16:41:32.508+0000][71][safepoint   ] Safepoint "G1CollectForAllocation", Time since last: 152996906 ns, Reaching safepoint: 1695640 ns, At safepoint: 10352594 ns, Total: 12048234 ns
[2022-07-06T16:41:33.856+0000][71][safepoint   ] Safepoint "ICBufferFull", Time since last: 1346236825 ns, Reaching safepoint: 1676045 ns, At safepoint: 16077 ns, Total: 1692122 ns
[2022-07-06T16:41:34.862+0000][71][safepoint   ] Safepoint "Cleanup", Time since last: 1006255444 ns, Reaching safepoint: 199065 ns, At safepoint: 4734 ns, Total: 203799 ns
[2022-07-06T16:41:35.656+0000][71][gc,start    ] GC(1) Pause Young (Normal) (G1 Evacuation Pause)
[2022-07-06T16:41:35.656+0000][71][gc,task     ] GC(1) Using 8 workers of 8 for evacuation
[2022-07-06T16:41:35.656+0000][71][gc,age      ] GC(1) Desired survivor size 4194304 bytes, new threshold 15 (max threshold 15)
[2022-07-06T16:41:35.671+0000][71][gc,phases   ] GC(1)   Pre Evacuate Collection Set: 0.2ms
[2022-07-06T16:41:35.671+0000][71][gc,phases   ] GC(1)   Merge Heap Roots: 0.1ms
[2022-07-06T16:41:35.671+0000][71][gc,phases   ] GC(1)   Evacuate Collection Set: 12.3ms
[2022-07-06T16:41:35.671+0000][71][gc,phases   ] GC(1)   Post Evacuate Collection Set: 1.8ms
[2022-07-06T16:41:35.671+0000][71][gc,phases   ] GC(1)   Other: 0.1ms
[2022-07-06T16:41:35.671+0000][71][gc,age      ] GC(1) Age table with threshold 15 (max threshold 15)
[2022-07-06T16:41:35.671+0000][71][gc,age      ] GC(1) - age   1:    5295624 bytes,    5295624 total
[2022-07-06T16:41:35.671+0000][71][gc,age      ] GC(1) - age   2:    3055992 bytes,    8351616 total
[2022-07-06T16:41:35.671+0000][71][gc,heap     ] GC(1) Eden regions: 15->0(22)
[2022-07-06T16:41:35.671+0000][71][gc,heap     ] GC(1) Survivor regions: 1->2(2)
[2022-07-06T16:41:35.671+0000][71][gc,heap     ] GC(1) Old regions: 0->1
[2022-07-06T16:41:35.671+0000][71][gc,heap     ] GC(1) Archive regions: 2->2
[2022-07-06T16:41:35.671+0000][71][gc,heap     ] GC(1) Humongous regions: 0->0
[2022-07-06T16:41:35.671+0000][71][gc,metaspace] GC(1) Metaspace: 14551K(14976K)->14551K(14976K) NonClass: 12819K(13056K)->12819K(13056K) Class: 1731K(1920K)->1731K(1920K)
[2022-07-06T16:41:35.671+0000][71][gc          ] GC(1) Pause Young (Normal) (G1 Evacuation Pause) 67M->12M(512M) 14.765ms
[2022-07-06T16:41:35.671+0000][71][gc,cpu      ] GC(1) User=0.05s Sys=0.01s Real=0.02s
[2022-07-06T16:41:35.671+0000][71][safepoint   ] Safepoint "G1CollectForAllocation", Time since last: 793482225 ns, Reaching safepoint: 679992 ns, At safepoint: 14918824 ns, Total: 15598816 ns
[2022-07-06T16:41:36.684+0000][71][safepoint   ] Safepoint "Cleanup", Time since last: 1007359984 ns, Reaching safepoint: 5642137 ns, At safepoint: 21823 ns, Total: 5663960 ns
[2022-07-06T16:41:38.100+0000][71][safepoint   ] Safepoint "ICBufferFull", Time since last: 1409213056 ns, Reaching safepoint: 6819027 ns, At safepoint: 51179 ns, Total: 6870206 ns
[2022-07-06T16:41:38.114+0000][71][gc,start    ] GC(2) Pause Young (Normal) (G1 Evacuation Pause)
[2022-07-06T16:41:38.114+0000][71][gc,task     ] GC(2) Using 8 workers of 8 for evacuation
[2022-07-06T16:41:38.114+0000][71][gc,age      ] GC(2) Desired survivor size 6291456 bytes, new threshold 2 (max threshold 15)
[2022-07-06T16:41:38.143+0000][71][gc,phases   ] GC(2)   Pre Evacuate Collection Set: 0.1ms
[2022-07-06T16:41:38.143+0000][71][gc,phases   ] GC(2)   Merge Heap Roots: 0.1ms
[2022-07-06T16:41:38.143+0000][71][gc,phases   ] GC(2)   Evacuate Collection Set: 26.7ms
[2022-07-06T16:41:38.143+0000][71][gc,phases   ] GC(2)   Post Evacuate Collection Set: 1.7ms
[2022-07-06T16:41:38.143+0000][71][gc,phases   ] GC(2)   Other: 0.1ms
[2022-07-06T16:41:38.143+0000][71][gc,age      ] GC(2) Age table with threshold 2 (max threshold 15)
[2022-07-06T16:41:38.143+0000][71][gc,age      ] GC(2) - age   1:    1780440 bytes,    1780440 total
[2022-07-06T16:41:38.143+0000][71][gc,age      ] GC(2) - age   2:    5202208 bytes,    6982648 total
[2022-07-06T16:41:38.143+0000][71][gc,heap     ] GC(2) Eden regions: 22->0(48)
[2022-07-06T16:41:38.143+0000][71][gc,heap     ] GC(2) Survivor regions: 2->2(3)
[2022-07-06T16:41:38.143+0000][71][gc,heap     ] GC(2) Old regions: 1->1
[2022-07-06T16:41:38.143+0000][71][gc,heap     ] GC(2) Archive regions: 2->2
[2022-07-06T16:41:38.143+0000][71][gc,heap     ] GC(2) Humongous regions: 0->0
[2022-07-06T16:41:38.143+0000][71][gc,metaspace] GC(2) Metaspace: 17212K(17664K)->17212K(17664K) NonClass: 15212K(15488K)->15212K(15488K) Class: 1999K(2176K)->1999K(2176K)
[2022-07-06T16:41:38.143+0000][71][gc          ] GC(2) Pause Young (Normal) (G1 Evacuation Pause) 100M->14M(512M) 29.010ms
[2022-07-06T16:41:38.143+0000][71][gc,cpu      ] GC(2) User=0.06s Sys=0.00s Real=0.03s
[2022-07-06T16:41:38.143+0000][71][safepoint   ] Safepoint "G1CollectForAllocation", Time since last: 8269624 ns, Reaching safepoint: 5744690 ns, At safepoint: 29108248 ns, Total: 34852938 ns
[2022-07-06T16:41:39.278+0000][71][gc,start    ] GC(3) Pause Young (Concurrent Start) (Metadata GC Threshold)
[2022-07-06T16:41:39.278+0000][71][gc,task     ] GC(3) Using 8 workers of 8 for evacuation
[2022-07-06T16:41:39.278+0000][71][gc,age      ] GC(3) Desired survivor size 14680064 bytes, new threshold 15 (max threshold 15)
[2022-07-06T16:41:39.295+0000][71][gc,phases   ] GC(3)   Pre Evacuate Collection Set: 0.3ms
[2022-07-06T16:41:39.295+0000][71][gc,phases   ] GC(3)   Merge Heap Roots: 0.1ms
[2022-07-06T16:41:39.295+0000][71][gc,phases   ] GC(3)   Evacuate Collection Set: 9.9ms
[2022-07-06T16:41:39.295+0000][71][gc,phases   ] GC(3)   Post Evacuate Collection Set: 6.4ms
[2022-07-06T16:41:39.295+0000][71][gc,phases   ] GC(3)   Other: 0.1ms
[2022-07-06T16:41:39.295+0000][71][gc,age      ] GC(3) Age table with threshold 15 (max threshold 15)
[2022-07-06T16:41:39.295+0000][71][gc,age      ] GC(3) - age   1:    2129056 bytes,    2129056 total
[2022-07-06T16:41:39.295+0000][71][gc,age      ] GC(3) - age   2:    1755688 bytes,    3884744 total
[2022-07-06T16:41:39.295+0000][71][gc,age      ] GC(3) - age   3:    5198184 bytes,    9082928 total
[2022-07-06T16:41:39.295+0000][71][gc,heap     ] GC(3) Eden regions: 17->0(73)
[2022-07-06T16:41:39.295+0000][71][gc,heap     ] GC(3) Survivor regions: 2->3(7)
[2022-07-06T16:41:39.295+0000][71][gc,heap     ] GC(3) Old regions: 1->1
[2022-07-06T16:41:39.295+0000][71][gc,heap     ] GC(3) Archive regions: 2->2
[2022-07-06T16:41:39.295+0000][71][gc,heap     ] GC(3) Humongous regions: 0->0
[2022-07-06T16:41:39.295+0000][71][gc,metaspace] GC(3) Metaspace: 21076K(21504K)->21076K(21504K) NonClass: 18690K(18944K)->18690K(18944K) Class: 2386K(2560K)->2386K(2560K)
[2022-07-06T16:41:39.295+0000][71][gc          ] GC(3) Pause Young (Concurrent Start) (Metadata GC Threshold) 81M->16M(512M) 17.008ms
[2022-07-06T16:41:39.295+0000][71][gc,cpu      ] GC(3) User=0.05s Sys=0.00s Real=0.02s
[2022-07-06T16:41:39.295+0000][71][safepoint   ] Safepoint "CollectForMetadataAllocation", Time since last: 1134278390 ns, Reaching safepoint: 238131 ns, At safepoint: 17200027 ns, Total: 17438158 ns
[2022-07-06T16:41:39.295+0000][71][gc          ] GC(4) Concurrent Mark Cycle
[2022-07-06T16:41:39.295+0000][71][gc,marking  ] GC(4) Concurrent Clear Claimed Marks
[2022-07-06T16:41:39.295+0000][71][gc,marking  ] GC(4) Concurrent Clear Claimed Marks 0.042ms
[2022-07-06T16:41:39.295+0000][71][gc,marking  ] GC(4) Concurrent Scan Root Regions
[2022-07-06T16:41:39.303+0000][71][gc,marking  ] GC(4) Concurrent Scan Root Regions 7.413ms
[2022-07-06T16:41:39.303+0000][71][gc,marking  ] GC(4) Concurrent Mark
[2022-07-06T16:41:39.303+0000][71][gc,marking  ] GC(4) Concurrent Mark From Roots
[2022-07-06T16:41:39.303+0000][71][gc,task     ] GC(4) Using 2 workers of 2 for marking
[2022-07-06T16:41:39.317+0000][71][gc,marking  ] GC(4) Concurrent Mark From Roots 14.332ms
[2022-07-06T16:41:39.317+0000][71][gc,marking  ] GC(4) Concurrent Preclean
[2022-07-06T16:41:39.317+0000][71][gc,marking  ] GC(4) Concurrent Preclean 0.053ms
[2022-07-06T16:41:39.318+0000][71][gc,start    ] GC(4) Pause Remark
[2022-07-06T16:41:39.326+0000][71][gc          ] GC(4) Pause Remark 18M->18M(512M) 7.519ms
[2022-07-06T16:41:39.326+0000][71][gc,cpu      ] GC(4) User=0.01s Sys=0.00s Real=0.01s
[2022-07-06T16:41:39.326+0000][71][safepoint   ] Safepoint "G1Concurrent", Time since last: 22092293 ns, Reaching safepoint: 1083063 ns, At safepoint: 7684635 ns, Total: 8767698 ns
[2022-07-06T16:41:39.326+0000][71][gc,marking  ] GC(4) Concurrent Mark 23.303ms
[2022-07-06T16:41:39.326+0000][71][gc,marking  ] GC(4) Concurrent Rebuild Remembered Sets
[2022-07-06T16:41:39.329+0000][71][gc,marking  ] GC(4) Concurrent Rebuild Remembered Sets 3.422ms
[2022-07-06T16:41:39.330+0000][71][gc,start    ] GC(4) Pause Cleanup
[2022-07-06T16:41:39.331+0000][71][gc          ] GC(4) Pause Cleanup 18M->18M(512M) 0.126ms
[2022-07-06T16:41:39.331+0000][71][gc,cpu      ] GC(4) User=0.00s Sys=0.00s Real=0.00s
[2022-07-06T16:41:39.331+0000][71][safepoint   ] Safepoint "G1Concurrent", Time since last: 3712569 ns, Reaching safepoint: 836338 ns, At safepoint: 206848 ns, Total: 1043186 ns
[2022-07-06T16:41:39.331+0000][71][gc,marking  ] GC(4) Concurrent Cleanup for Next Mark
[2022-07-06T16:41:39.339+0000][71][gc,marking  ] GC(4) Concurrent Cleanup for Next Mark 7.853ms
[2022-07-06T16:41:39.339+0000][71][gc          ] GC(4) Concurrent Mark Cycle 43.530ms
[2022-07-06T16:41:40.523+0000][71][safepoint   ] Safepoint "ICBufferFull", Time since last: 1191266341 ns, Reaching safepoint: 581443 ns, At safepoint: 40661 ns, Total: 622104 ns
[2022-07-06T16:41:41.387+0000][71][gc,start    ] GC(5) Pause Young (Normal) (G1 Evacuation Pause)
[2022-07-06T16:41:41.387+0000][71][gc,task     ] GC(5) Using 8 workers of 8 for evacuation
[2022-07-06T16:41:41.387+0000][71][gc,age      ] GC(5) Desired survivor size 20971520 bytes, new threshold 15 (max threshold 15)
[2022-07-06T16:41:41.399+0000][71][gc,phases   ] GC(5)   Pre Evacuate Collection Set: 0.1ms
[2022-07-06T16:41:41.399+0000][71][gc,phases   ] GC(5)   Merge Heap Roots: 0.1ms
[2022-07-06T16:41:41.399+0000][71][gc,phases   ] GC(5)   Evacuate Collection Set: 9.3ms
[2022-07-06T16:41:41.399+0000][71][gc,phases   ] GC(5)   Post Evacuate Collection Set: 2.7ms
[2022-07-06T16:41:41.399+0000][71][gc,phases   ] GC(5)   Other: 0.1ms
[2022-07-06T16:41:41.399+0000][71][gc,age      ] GC(5) Age table with threshold 15 (max threshold 15)
[2022-07-06T16:41:41.399+0000][71][gc,age      ] GC(5) - age   1:    7467240 bytes,    7467240 total
[2022-07-06T16:41:41.399+0000][71][gc,age      ] GC(5) - age   2:    2084384 bytes,    9551624 total
[2022-07-06T16:41:41.399+0000][71][gc,age      ] GC(5) - age   3:    1753552 bytes,   11305176 total
[2022-07-06T16:41:41.399+0000][71][gc,age      ] GC(5) - age   4:    5196480 bytes,   16501656 total
[2022-07-06T16:41:41.399+0000][71][gc,heap     ] GC(5) Eden regions: 73->0(71)
[2022-07-06T16:41:41.399+0000][71][gc,heap     ] GC(5) Survivor regions: 3->5(10)
[2022-07-06T16:41:41.399+0000][71][gc,heap     ] GC(5) Old regions: 1->1
[2022-07-06T16:41:41.399+0000][71][gc,heap     ] GC(5) Archive regions: 2->2
[2022-07-06T16:41:41.399+0000][71][gc,heap     ] GC(5) Humongous regions: 0->0
[2022-07-06T16:41:41.399+0000][71][gc,metaspace] GC(5) Metaspace: 24758K(25344K)->24758K(25344K) NonClass: 21855K(22208K)->21855K(22208K) Class: 2903K(3136K)->2903K(3136K)
[2022-07-06T16:41:41.399+0000][71][gc          ] GC(5) Pause Young (Normal) (G1 Evacuation Pause) 308M->23M(512M) 12.494ms
[2022-07-06T16:41:41.399+0000][71][gc,cpu      ] GC(5) User=0.05s Sys=0.01s Real=0.01s
[2022-07-06T16:41:41.399+0000][71][safepoint   ] Safepoint "G1CollectForAllocation", Time since last: 863953408 ns, Reaching safepoint: 169812 ns, At safepoint: 12571419 ns, Total: 12741231 ns
[2022-07-06T16:41:42.576+0000][71][safepoint   ] Safepoint "Cleanup", Time since last: 1176426412 ns, Reaching safepoint: 640335 ns, At safepoint: 13326 ns, Total: 653661 ns
[2022-07-06T16:41:43.061+0000][71][gc,start    ] GC(6) Pause Young (Normal) (G1 Evacuation Pause)
[2022-07-06T16:41:43.061+0000][71][gc,task     ] GC(6) Using 8 workers of 8 for evacuation
[2022-07-06T16:41:43.061+0000][71][gc,age      ] GC(6) Desired survivor size 20971520 bytes, new threshold 15 (max threshold 15)
[2022-07-06T16:41:43.088+0000][71][gc,phases   ] GC(6)   Pre Evacuate Collection Set: 0.1ms
[2022-07-06T16:41:43.088+0000][71][gc,phases   ] GC(6)   Merge Heap Roots: 0.1ms
[2022-07-06T16:41:43.088+0000][71][gc,phases   ] GC(6)   Evacuate Collection Set: 24.6ms
[2022-07-06T16:41:43.088+0000][71][gc,phases   ] GC(6)   Post Evacuate Collection Set: 2.4ms
[2022-07-06T16:41:43.088+0000][71][gc,phases   ] GC(6)   Other: 0.2ms
[2022-07-06T16:41:43.088+0000][71][gc,age      ] GC(6) Age table with threshold 15 (max threshold 15)
[2022-07-06T16:41:43.088+0000][71][gc,age      ] GC(6) - age   1:    5128248 bytes,    5128248 total
[2022-07-06T16:41:43.088+0000][71][gc,age      ] GC(6) - age   2:    6302816 bytes,   11431064 total
[2022-07-06T16:41:43.088+0000][71][gc,age      ] GC(6) - age   3:    2081424 bytes,   13512488 total
[2022-07-06T16:41:43.088+0000][71][gc,age      ] GC(6) - age   4:    1731352 bytes,   15243840 total
[2022-07-06T16:41:43.088+0000][71][gc,age      ] GC(6) - age   5:    5188824 bytes,   20432664 total
[2022-07-06T16:41:43.088+0000][71][gc,heap     ] GC(6) Eden regions: 71->0(70)
[2022-07-06T16:41:43.088+0000][71][gc,heap     ] GC(6) Survivor regions: 5->6(10)
[2022-07-06T16:41:43.088+0000][71][gc,heap     ] GC(6) Old regions: 1->1
[2022-07-06T16:41:43.088+0000][71][gc,heap     ] GC(6) Archive regions: 2->2
[2022-07-06T16:41:43.088+0000][71][gc,heap     ] GC(6) Humongous regions: 0->0
[2022-07-06T16:41:43.088+0000][71][gc,metaspace] GC(6) Metaspace: 31227K(31872K)->31227K(31872K) NonClass: 27596K(27968K)->27596K(27968K) Class: 3630K(3904K)->3630K(3904K)
[2022-07-06T16:41:43.089+0000][71][gc          ] GC(6) Pause Young (Normal) (G1 Evacuation Pause) 307M->27M(512M) 27.636ms
[2022-07-06T16:41:43.089+0000][71][gc,cpu      ] GC(6) User=0.06s Sys=0.00s Real=0.02s
[2022-07-06T16:41:43.089+0000][71][safepoint   ] Safepoint "G1CollectForAllocation", Time since last: 484328253 ns, Reaching safepoint: 235230 ns, At safepoint: 27729593 ns, Total: 27964823 ns
[2022-07-06T16:41:44.089+0000][71][safepoint   ] Safepoint "Cleanup", Time since last: 1000253601 ns, Reaching safepoint: 561768 ns, At safepoint: 18424 ns, Total: 580192 ns
[2022-07-06T16:41:44.685+0000][71][gc,start    ] GC(7) Pause Young (Normal) (G1 Evacuation Pause)
[2022-07-06T16:41:44.685+0000][71][gc,task     ] GC(7) Using 8 workers of 8 for evacuation
[2022-07-06T16:41:44.686+0000][71][gc,age      ] GC(7) Desired survivor size 20971520 bytes, new threshold 15 (max threshold 15)
[2022-07-06T16:41:44.701+0000][71][gc,phases   ] GC(7)   Pre Evacuate Collection Set: 0.1ms
[2022-07-06T16:41:44.702+0000][71][gc,phases   ] GC(7)   Merge Heap Roots: 0.1ms
[2022-07-06T16:41:44.702+0000][71][gc,phases   ] GC(7)   Evacuate Collection Set: 13.6ms
[2022-07-06T16:41:44.702+0000][71][gc,phases   ] GC(7)   Post Evacuate Collection Set: 2.1ms
[2022-07-06T16:41:44.702+0000][71][gc,phases   ] GC(7)   Other: 0.1ms
[2022-07-06T16:41:44.702+0000][71][gc,age      ] GC(7) Age table with threshold 15 (max threshold 15)
[2022-07-06T16:41:44.702+0000][71][gc,age      ] GC(7) - age   1:    5584200 bytes,    5584200 total
[2022-07-06T16:41:44.702+0000][71][gc,age      ] GC(7) - age   2:    3639152 bytes,    9223352 total
[2022-07-06T16:41:44.702+0000][71][gc,age      ] GC(7) - age   3:    6297640 bytes,   15520992 total
[2022-07-06T16:41:44.702+0000][71][gc,age      ] GC(7) - age   4:    2080752 bytes,   17601744 total
[2022-07-06T16:41:44.702+0000][71][gc,age      ] GC(7) - age   5:    1729264 bytes,   19331008 total
[2022-07-06T16:41:44.702+0000][71][gc,age      ] GC(7) - age   6:    4990152 bytes,   24321160 total
[2022-07-06T16:41:44.702+0000][71][gc,heap     ] GC(7) Eden regions: 70->0(70)
[2022-07-06T16:41:44.702+0000][71][gc,heap     ] GC(7) Survivor regions: 6->6(10)
[2022-07-06T16:41:44.702+0000][71][gc,heap     ] GC(7) Old regions: 1->1
[2022-07-06T16:41:44.702+0000][71][gc,heap     ] GC(7) Archive regions: 2->2
[2022-07-06T16:41:44.702+0000][71][gc,heap     ] GC(7) Humongous regions: 0->0
[2022-07-06T16:41:44.702+0000][71][gc,metaspace] GC(7) Metaspace: 33633K(34432K)->33633K(34432K) NonClass: 29667K(30144K)->29667K(30144K) Class: 3965K(4288K)->3965K(4288K)
[2022-07-06T16:41:44.702+0000][71][gc          ] GC(7) Pause Young (Normal) (G1 Evacuation Pause) 307M->31M(512M) 16.316ms
[2022-07-06T16:41:44.702+0000][71][gc,cpu      ] GC(7) User=0.07s Sys=0.01s Real=0.02s
[2022-07-06T16:41:44.702+0000][71][safepoint   ] Safepoint "G1CollectForAllocation", Time since last: 595835488 ns, Reaching safepoint: 124626 ns, At safepoint: 16407344 ns, Total: 16531970 ns
[2022-07-06T16:41:45.498+0000][71][gc,start    ] GC(8) Pause Young (Concurrent Start) (Metadata GC Threshold)
[2022-07-06T16:41:45.498+0000][71][gc,task     ] GC(8) Using 8 workers of 8 for evacuation
[2022-07-06T16:41:45.498+0000][71][gc,age      ] GC(8) Desired survivor size 20971520 bytes, new threshold 6 (max threshold 15)
[2022-07-06T16:41:45.523+0000][71][gc,phases   ] GC(8)   Pre Evacuate Collection Set: 0.2ms
[2022-07-06T16:41:45.523+0000][71][gc,phases   ] GC(8)   Merge Heap Roots: 0.1ms
[2022-07-06T16:41:45.523+0000][71][gc,phases   ] GC(8)   Evacuate Collection Set: 21.0ms
[2022-07-06T16:41:45.523+0000][71][gc,phases   ] GC(8)   Post Evacuate Collection Set: 3.1ms
[2022-07-06T16:41:45.523+0000][71][gc,phases   ] GC(8)   Other: 0.2ms
[2022-07-06T16:41:45.523+0000][71][gc,age      ] GC(8) Age table with threshold 6 (max threshold 15)
[2022-07-06T16:41:45.523+0000][71][gc,age      ] GC(8) - age   1:    1464120 bytes,    1464120 total
[2022-07-06T16:41:45.523+0000][71][gc,age      ] GC(8) - age   2:    4114072 bytes,    5578192 total
[2022-07-06T16:41:45.523+0000][71][gc,age      ] GC(8) - age   3:    3618616 bytes,    9196808 total
[2022-07-06T16:41:45.523+0000][71][gc,age      ] GC(8) - age   4:    6284432 bytes,   15481240 total
[2022-07-06T16:41:45.523+0000][71][gc,age      ] GC(8) - age   5:    2070408 bytes,   17551648 total
[2022-07-06T16:41:45.523+0000][71][gc,age      ] GC(8) - age   6:    1643736 bytes,   19195384 total
[2022-07-06T16:41:45.523+0000][71][gc,heap     ] GC(8) Eden regions: 45->0(71)
[2022-07-06T16:41:45.523+0000][71][gc,heap     ] GC(8) Survivor regions: 6->5(10)
[2022-07-06T16:41:45.523+0000][71][gc,heap     ] GC(8) Old regions: 1->3
[2022-07-06T16:41:45.523+0000][71][gc,heap     ] GC(8) Archive regions: 2->2
[2022-07-06T16:41:45.523+0000][71][gc,heap     ] GC(8) Humongous regions: 0->0
[2022-07-06T16:41:45.523+0000][71][gc,metaspace] GC(8) Metaspace: 35409K(36288K)->35409K(36288K) NonClass: 31188K(31680K)->31188K(31680K) Class: 4220K(4608K)->4220K(4608K)
[2022-07-06T16:41:45.523+0000][71][gc          ] GC(8) Pause Young (Concurrent Start) (Metadata GC Threshold) 209M->32M(512M) 24.937ms
[2022-07-06T16:41:45.523+0000][71][gc,cpu      ] GC(8) User=0.07s Sys=0.00s Real=0.03s
[2022-07-06T16:41:45.523+0000][71][gc          ] GC(9) Concurrent Mark Cycle
[2022-07-06T16:41:45.523+0000][71][gc,marking  ] GC(9) Concurrent Clear Claimed Marks
[2022-07-06T16:41:45.523+0000][71][gc,marking  ] GC(9) Concurrent Clear Claimed Marks 0.073ms
[2022-07-06T16:41:45.523+0000][71][gc,marking  ] GC(9) Concurrent Scan Root Regions
[2022-07-06T16:41:45.523+0000][71][safepoint   ] Safepoint "CollectForMetadataAllocation", Time since last: 796165175 ns, Reaching safepoint: 164049 ns, At safepoint: 25220897 ns, Total: 25384946 ns
[2022-07-06T16:41:45.532+0000][71][gc,marking  ] GC(9) Concurrent Scan Root Regions 8.189ms
[2022-07-06T16:41:45.532+0000][71][gc,marking  ] GC(9) Concurrent Mark
[2022-07-06T16:41:45.532+0000][71][gc,marking  ] GC(9) Concurrent Mark From Roots
[2022-07-06T16:41:45.532+0000][71][gc,task     ] GC(9) Using 2 workers of 2 for marking
[2022-07-06T16:41:45.551+0000][71][gc,marking  ] GC(9) Concurrent Mark From Roots 19.342ms
[2022-07-06T16:41:45.551+0000][71][gc,marking  ] GC(9) Concurrent Preclean
[2022-07-06T16:41:45.551+0000][71][gc,marking  ] GC(9) Concurrent Preclean 0.032ms
[2022-07-06T16:41:45.552+0000][71][gc,start    ] GC(9) Pause Remark
[2022-07-06T16:41:45.567+0000][71][gc          ] GC(9) Pause Remark 34M->34M(512M) 15.583ms
[2022-07-06T16:41:45.567+0000][71][gc,cpu      ] GC(9) User=0.01s Sys=0.00s Real=0.01s
[2022-07-06T16:41:45.567+0000][71][safepoint   ] Safepoint "G1Concurrent", Time since last: 27841539 ns, Reaching safepoint: 415933 ns, At safepoint: 15709583 ns, Total: 16125516 ns
[2022-07-06T16:41:45.567+0000][71][gc,marking  ] GC(9) Concurrent Mark 35.751ms
[2022-07-06T16:41:45.567+0000][71][gc,marking  ] GC(9) Concurrent Rebuild Remembered Sets
[2022-07-06T16:41:45.575+0000][71][gc,marking  ] GC(9) Concurrent Rebuild Remembered Sets 7.895ms
[2022-07-06T16:41:45.584+0000][71][gc,start    ] GC(9) Pause Cleanup
[2022-07-06T16:41:45.584+0000][71][gc          ] GC(9) Pause Cleanup 34M->34M(512M) 0.141ms
[2022-07-06T16:41:45.584+0000][71][gc,cpu      ] GC(9) User=0.00s Sys=0.00s Real=0.00s
[2022-07-06T16:41:45.584+0000][71][safepoint   ] Safepoint "G1Concurrent", Time since last: 8057078 ns, Reaching safepoint: 8559153 ns, At safepoint: 527684 ns, Total: 9086837 ns
[2022-07-06T16:41:45.585+0000][71][gc,marking  ] GC(9) Concurrent Cleanup for Next Mark
[2022-07-06T16:41:45.586+0000][71][gc,marking  ] GC(9) Concurrent Cleanup for Next Mark 1.630ms
[2022-07-06T16:41:45.586+0000][71][gc          ] GC(9) Concurrent Mark Cycle 63.065ms
[2022-07-06T16:41:47.279+0000][71][safepoint   ] Safepoint "ICBufferFull", Time since last: 1694358961 ns, Reaching safepoint: 458839 ns, At safepoint: 8842 ns, Total: 467681 ns
[2022-07-06T16:41:48.269+0000][71][safepoint   ] Safepoint "ICBufferFull", Time since last: 989621338 ns, Reaching safepoint: 374897 ns, At safepoint: 5999 ns, Total: 380896 ns
[2022-07-06T16:41:49.277+0000][71][safepoint   ] Safepoint "Cleanup", Time since last: 1000900330 ns, Reaching safepoint: 7132491 ns, At safepoint: 14713 ns, Total: 7147204 ns
[2022-07-06T16:41:50.280+0000][71][safepoint   ] Safepoint "Cleanup", Time since last: 1000734988 ns, Reaching safepoint: 1540360 ns, At safepoint: 59945 ns, Total: 1600305 ns
[2022-07-06T16:41:50.561+0000][71][gc,start    ] GC(10) Pause Young (Normal) (G1 Evacuation Pause)
[2022-07-06T16:41:50.561+0000][71][gc,task     ] GC(10) Using 8 workers of 8 for evacuation
[2022-07-06T16:41:50.561+0000][71][gc,age      ] GC(10) Desired survivor size 20971520 bytes, new threshold 15 (max threshold 15)
[2022-07-06T16:41:50.637+0000][71][gc,phases   ] GC(10)   Pre Evacuate Collection Set: 0.1ms
[2022-07-06T16:41:50.638+0000][71][gc,phases   ] GC(10)   Merge Heap Roots: 0.1ms
[2022-07-06T16:41:50.638+0000][71][gc,phases   ] GC(10)   Evacuate Collection Set: 70.0ms
[2022-07-06T16:41:50.638+0000][71][gc,phases   ] GC(10)   Post Evacuate Collection Set: 6.0ms
[2022-07-06T16:41:50.638+0000][71][gc,phases   ] GC(10)   Other: 0.2ms
[2022-07-06T16:41:50.638+0000][71][gc,age      ] GC(10) Age table with threshold 15 (max threshold 15)
[2022-07-06T16:41:50.638+0000][71][gc,age      ] GC(10) - age   1:   19893344 bytes,   19893344 total
[2022-07-06T16:41:50.638+0000][71][gc,age      ] GC(10) - age   2:    1400744 bytes,   21294088 total
[2022-07-06T16:41:50.638+0000][71][gc,age      ] GC(10) - age   3:    4089976 bytes,   25384064 total
[2022-07-06T16:41:50.638+0000][71][gc,age      ] GC(10) - age   4:    3607944 bytes,   28992008 total
[2022-07-06T16:41:50.638+0000][71][gc,age      ] GC(10) - age   5:    6260920 bytes,   35252928 total
[2022-07-06T16:41:50.638+0000][71][gc,age      ] GC(10) - age   6:    2064640 bytes,   37317568 total
[2022-07-06T16:41:50.638+0000][71][gc,age      ] GC(10) - age   7:    1629056 bytes,   38946624 total
[2022-07-06T16:41:50.638+0000][71][gc,heap     ] GC(10) Eden regions: 71->0(66)
[2022-07-06T16:41:50.638+0000][71][gc,heap     ] GC(10) Survivor regions: 5->10(10)
[2022-07-06T16:41:50.638+0000][71][gc,heap     ] GC(10) Old regions: 3->3
[2022-07-06T16:41:50.638+0000][71][gc,heap     ] GC(10) Archive regions: 2->2
[2022-07-06T16:41:50.638+0000][71][gc,heap     ] GC(10) Humongous regions: 0->0
[2022-07-06T16:41:50.638+0000][71][gc,metaspace] GC(10) Metaspace: 46260K(47552K)->46260K(47552K) NonClass: 40473K(41216K)->40473K(41216K) Class: 5786K(6336K)->5786K(6336K)
[2022-07-06T16:41:50.638+0000][71][gc          ] GC(10) Pause Young (Normal) (G1 Evacuation Pause) 316M->51M(512M) 76.609ms
[2022-07-06T16:41:50.638+0000][71][gc,cpu      ] GC(10) User=0.14s Sys=0.00s Real=0.07s
[2022-07-06T16:41:50.638+0000][71][safepoint   ] Safepoint "G1CollectForAllocation", Time since last: 279587000 ns, Reaching safepoint: 1816038 ns, At safepoint: 76773464 ns, Total: 78589502 ns
[2022-07-06T16:41:51.872+0000][71][safepoint   ] Safepoint "Cleanup", Time since last: 1234385289 ns, Reaching safepoint: 221309 ns, At safepoint: 43929 ns, Total: 265238 ns
[2022-07-06T16:41:52.674+0000][71][gc,start    ] GC(11) Pause Young (Concurrent Start) (Metadata GC Threshold)
[2022-07-06T16:41:52.674+0000][71][gc,task     ] GC(11) Using 8 workers of 8 for evacuation
[2022-07-06T16:41:52.674+0000][71][gc,age      ] GC(11) Desired survivor size 20971520 bytes, new threshold 2 (max threshold 15)
[2022-07-06T16:41:52.729+0000][71][gc,phases   ] GC(11)   Pre Evacuate Collection Set: 0.3ms
[2022-07-06T16:41:52.729+0000][71][gc,phases   ] GC(11)   Merge Heap Roots: 0.1ms
[2022-07-06T16:41:52.729+0000][71][gc,phases   ] GC(11)   Evacuate Collection Set: 50.3ms
[2022-07-06T16:41:52.729+0000][71][gc,phases   ] GC(11)   Post Evacuate Collection Set: 3.8ms
[2022-07-06T16:41:52.729+0000][71][gc,phases   ] GC(11)   Other: 0.3ms
[2022-07-06T16:41:52.729+0000][71][gc,age      ] GC(11) Age table with threshold 2 (max threshold 15)
[2022-07-06T16:41:52.729+0000][71][gc,age      ] GC(11) - age   1:    4690768 bytes,    4690768 total
[2022-07-06T16:41:52.729+0000][71][gc,age      ] GC(11) - age   2:   19710216 bytes,   24400984 total
[2022-07-06T16:41:52.729+0000][71][gc,heap     ] GC(11) Eden regions: 35->0(69)
[2022-07-06T16:41:52.729+0000][71][gc,heap     ] GC(11) Survivor regions: 10->7(10)
[2022-07-06T16:41:52.729+0000][71][gc,heap     ] GC(11) Old regions: 3->7
[2022-07-06T16:41:52.729+0000][71][gc,heap     ] GC(11) Archive regions: 2->2
[2022-07-06T16:41:52.729+0000][71][gc,heap     ] GC(11) Humongous regions: 0->0
[2022-07-06T16:41:52.729+0000][71][gc,metaspace] GC(11) Metaspace: 59383K(60800K)->59383K(60800K) NonClass: 51763K(52608K)->51763K(52608K) Class: 7619K(8192K)->7619K(8192K)
[2022-07-06T16:41:52.729+0000][71][gc          ] GC(11) Pause Young (Concurrent Start) (Metadata GC Threshold) 189M->57M(512M) 55.236ms
[2022-07-06T16:41:52.729+0000][71][gc,cpu      ] GC(11) User=0.18s Sys=0.00s Real=0.05s
[2022-07-06T16:41:52.729+0000][71][gc          ] GC(12) Concurrent Mark Cycle
[2022-07-06T16:41:52.729+0000][71][gc,marking  ] GC(12) Concurrent Clear Claimed Marks
[2022-07-06T16:41:52.729+0000][71][safepoint   ] Safepoint "CollectForMetadataAllocation", Time since last: 801199551 ns, Reaching safepoint: 118668 ns, At safepoint: 55537328 ns, Total: 55655996 ns
[2022-07-06T16:41:52.729+0000][71][gc,marking  ] GC(12) Concurrent Clear Claimed Marks 0.107ms
[2022-07-06T16:41:52.729+0000][71][gc,marking  ] GC(12) Concurrent Scan Root Regions
[2022-07-06T16:41:52.751+0000][71][gc,marking  ] GC(12) Concurrent Scan Root Regions 22.041ms
[2022-07-06T16:41:52.751+0000][71][gc,marking  ] GC(12) Concurrent Mark
[2022-07-06T16:41:52.751+0000][71][gc,marking  ] GC(12) Concurrent Mark From Roots
[2022-07-06T16:41:52.751+0000][71][gc,task     ] GC(12) Using 2 workers of 2 for marking
[2022-07-06T16:41:52.784+0000][71][safepoint   ] Safepoint "CollectForMetadataAllocation", Time since last: 53725918 ns, Reaching safepoint: 480707 ns, At safepoint: 128861 ns, Total: 609568 ns
[2022-07-06T16:41:52.791+0000][71][gc,marking  ] GC(12) Concurrent Mark From Roots 39.621ms
[2022-07-06T16:41:52.791+0000][71][gc,marking  ] GC(12) Concurrent Preclean
[2022-07-06T16:41:52.791+0000][71][gc,marking  ] GC(12) Concurrent Preclean 0.105ms
[2022-07-06T16:41:52.802+0000][71][gc,start    ] GC(12) Pause Remark
[2022-07-06T16:41:52.826+0000][71][gc          ] GC(12) Pause Remark 59M->59M(512M) 23.833ms
[2022-07-06T16:41:52.826+0000][71][gc,cpu      ] GC(12) User=0.03s Sys=0.00s Real=0.02s
[2022-07-06T16:41:52.826+0000][71][safepoint   ] Safepoint "G1Concurrent", Time since last: 7645543 ns, Reaching safepoint: 11071267 ns, At safepoint: 24044180 ns, Total: 35115447 ns
[2022-07-06T16:41:52.838+0000][71][gc,marking  ] GC(12) Concurrent Mark 86.071ms
[2022-07-06T16:41:52.838+0000][71][gc,marking  ] GC(12) Concurrent Rebuild Remembered Sets
[2022-07-06T16:41:52.876+0000][71][gc,marking  ] GC(12) Concurrent Rebuild Remembered Sets 38.033ms
[2022-07-06T16:41:52.876+0000][71][gc,start    ] GC(12) Pause Cleanup
[2022-07-06T16:41:52.877+0000][71][gc          ] GC(12) Pause Cleanup 63M->63M(512M) 0.158ms
[2022-07-06T16:41:52.877+0000][71][gc,cpu      ] GC(12) User=0.00s Sys=0.00s Real=0.00s
[2022-07-06T16:41:52.877+0000][71][safepoint   ] Safepoint "G1Concurrent", Time since last: 49472709 ns, Reaching safepoint: 485870 ns, At safepoint: 225496 ns, Total: 711366 ns
[2022-07-06T16:41:52.877+0000][71][gc,marking  ] GC(12) Concurrent Cleanup for Next Mark
[2022-07-06T16:41:52.877+0000][71][gc,marking  ] GC(12) Concurrent Cleanup for Next Mark 0.703ms
[2022-07-06T16:41:52.877+0000][71][gc          ] GC(12) Concurrent Mark Cycle 148.282ms
[2022-07-06T16:41:53.889+0000][71][safepoint   ] Safepoint "Cleanup", Time since last: 1001568626 ns, Reaching safepoint: 10439085 ns, At safepoint: 18881 ns, Total: 10457966 ns
[2022-07-06T16:41:54.910+0000][71][safepoint   ] Safepoint "Cleanup", Time since last: 1009778846 ns, Reaching safepoint: 11140908 ns, At safepoint: 54384 ns, Total: 11195292 ns
[2022-07-06T16:41:55.973+0000][71][safepoint   ] Safepoint "Cleanup", Time since last: 1062529388 ns, Reaching safepoint: 710667 ns, At safepoint: 22966 ns, Total: 733633 ns
[2022-07-06T16:41:56.671+0000][71][gc,heap,exit] Heap
[2022-07-06T16:41:56.671+0000][71][gc,heap,exit]  garbage-first heap   total 524288K, used 308626K [0x00000000e0000000, 0x0000000100000000)
[2022-07-06T16:41:56.671+0000][71][gc,heap,exit]   region size 4096K, 68 young (278528K), 7 survivors (28672K)
[2022-07-06T16:41:56.671+0000][71][gc,heap,exit]  Metaspace       used 68692K, committed 70208K, reserved 1114112K
[2022-07-06T16:41:56.671+0000][71][gc,heap,exit]   class space    used 8960K, committed 9600K, reserved 1048576K
