[2022-07-06T16:56:26.693+0000][71][gc,init] CardTable entry size: 512
[2022-07-06T16:56:26.693+0000][71][gc     ] Using G1
[2022-07-06T16:56:26.925+0000][71][gc,init] Version: 18.0.1.1+2-6 (release)
[2022-07-06T16:56:26.925+0000][71][gc,init] CPUs: 8 total, 8 available
[2022-07-06T16:56:26.925+0000][71][gc,init] Memory: 7736M
[2022-07-06T16:56:26.925+0000][71][gc,init] Large Page Support: Disabled
[2022-07-06T16:56:26.925+0000][71][gc,init] NUMA Support: Disabled
[2022-07-06T16:56:26.925+0000][71][gc,init] Compressed Oops: Enabled (32-bit)
[2022-07-06T16:56:26.925+0000][71][gc,init] Heap Region Size: 4M
[2022-07-06T16:56:26.925+0000][71][gc,init] Heap Min Capacity: 512M
[2022-07-06T16:56:26.925+0000][71][gc,init] Heap Initial Capacity: 512M
[2022-07-06T16:56:26.925+0000][71][gc,init] Heap Max Capacity: 512M
[2022-07-06T16:56:26.925+0000][71][gc,init] Pre-touch: Enabled
[2022-07-06T16:56:26.925+0000][71][gc,init] Parallel Workers: 8
[2022-07-06T16:56:26.925+0000][71][gc,init] Concurrent Workers: 2
[2022-07-06T16:56:26.925+0000][71][gc,init] Concurrent Refinement Workers: 8
[2022-07-06T16:56:26.925+0000][71][gc,init] Periodic GC: Disabled
[2022-07-06T16:56:26.925+0000][71][gc,metaspace] CDS archive(s) mapped at: [0x0000000800000000-0x0000000800baf000-0x0000000800baf000), size 12251136, SharedBaseAddress: 0x0000000800000000, ArchiveRelocationMode: 0.
[2022-07-06T16:56:26.926+0000][71][gc,metaspace] Compressed class space mapped at: 0x0000000800c00000-0x0000000840c00000, reserved size: 1073741824
[2022-07-06T16:56:26.926+0000][71][gc,metaspace] Narrow klass base: 0x0000000800000000, Narrow klass shift: 0, Narrow klass range: 0x100000000
[2022-07-06T16:56:27.896+0000][71][gc,start    ] GC(0) Pause Young (Normal) (G1 Evacuation Pause)
[2022-07-06T16:56:27.896+0000][71][gc,task     ] GC(0) Using 8 workers of 8 for evacuation
[2022-07-06T16:56:27.896+0000][71][gc,age      ] GC(0) Desired survivor size 2097152 bytes, new threshold 15 (max threshold 15)
[2022-07-06T16:56:27.904+0000][71][gc,phases   ] GC(0)   Pre Evacuate Collection Set: 0.1ms
[2022-07-06T16:56:27.904+0000][71][gc,phases   ] GC(0)   Merge Heap Roots: 0.1ms
[2022-07-06T16:56:27.904+0000][71][gc,phases   ] GC(0)   Evacuate Collection Set: 6.6ms
[2022-07-06T16:56:27.904+0000][71][gc,phases   ] GC(0)   Post Evacuate Collection Set: 0.7ms
[2022-07-06T16:56:27.904+0000][71][gc,phases   ] GC(0)   Other: 0.1ms
[2022-07-06T16:56:27.904+0000][71][gc,age      ] GC(0) Age table with threshold 15 (max threshold 15)
[2022-07-06T16:56:27.904+0000][71][gc,age      ] GC(0) - age   1:    3192008 bytes,    3192008 total
[2022-07-06T16:56:27.904+0000][71][gc,heap     ] GC(0) Eden regions: 6->0(15)
[2022-07-06T16:56:27.904+0000][71][gc,heap     ] GC(0) Survivor regions: 0->1(1)
[2022-07-06T16:56:27.904+0000][71][gc,heap     ] GC(0) Old regions: 0->0
[2022-07-06T16:56:27.904+0000][71][gc,heap     ] GC(0) Archive regions: 2->2
[2022-07-06T16:56:27.904+0000][71][gc,heap     ] GC(0) Humongous regions: 0->0
[2022-07-06T16:56:27.904+0000][71][gc,metaspace] GC(0) Metaspace: 3359K(3584K)->3359K(3584K) NonClass: 3015K(3136K)->3015K(3136K) Class: 343K(448K)->343K(448K)
[2022-07-06T16:56:27.904+0000][71][gc          ] GC(0) Pause Young (Normal) (G1 Evacuation Pause) 27M->6M(512M) 7.826ms
[2022-07-06T16:56:27.904+0000][71][gc,cpu      ] GC(0) User=0.01s Sys=0.00s Real=0.01s
[2022-07-06T16:56:27.904+0000][71][safepoint   ] Safepoint "G1CollectForAllocation", Time since last: 961401611 ns, Reaching safepoint: 1003893 ns, At safepoint: 7919858 ns, Total: 8923751 ns
[2022-07-06T16:56:29.724+0000][71][safepoint   ] Safepoint "Cleanup", Time since last: 1816811026 ns, Reaching safepoint: 3673904 ns, At safepoint: 38394 ns, Total: 3712298 ns
[2022-07-06T16:56:30.753+0000][71][safepoint   ] Safepoint "Cleanup", Time since last: 1028131070 ns, Reaching safepoint: 138821 ns, At safepoint: 3717 ns, Total: 142538 ns
[2022-07-06T16:56:31.527+0000][71][gc,start    ] GC(1) Pause Young (Normal) (G1 Evacuation Pause)
[2022-07-06T16:56:31.527+0000][71][gc,task     ] GC(1) Using 8 workers of 8 for evacuation
[2022-07-06T16:56:31.527+0000][71][gc,age      ] GC(1) Desired survivor size 4194304 bytes, new threshold 15 (max threshold 15)
[2022-07-06T16:56:31.544+0000][71][gc,phases   ] GC(1)   Pre Evacuate Collection Set: 0.1ms
[2022-07-06T16:56:31.545+0000][71][gc,phases   ] GC(1)   Merge Heap Roots: 0.1ms
[2022-07-06T16:56:31.545+0000][71][gc,phases   ] GC(1)   Evacuate Collection Set: 14.7ms
[2022-07-06T16:56:31.545+0000][71][gc,phases   ] GC(1)   Post Evacuate Collection Set: 2.5ms
[2022-07-06T16:56:31.545+0000][71][gc,phases   ] GC(1)   Other: 0.1ms
[2022-07-06T16:56:31.545+0000][71][gc,age      ] GC(1) Age table with threshold 15 (max threshold 15)
[2022-07-06T16:56:31.545+0000][71][gc,age      ] GC(1) - age   1:    5281368 bytes,    5281368 total
[2022-07-06T16:56:31.545+0000][71][gc,age      ] GC(1) - age   2:    3075752 bytes,    8357120 total
[2022-07-06T16:56:31.545+0000][71][gc,heap     ] GC(1) Eden regions: 15->0(22)
[2022-07-06T16:56:31.545+0000][71][gc,heap     ] GC(1) Survivor regions: 1->2(2)
[2022-07-06T16:56:31.545+0000][71][gc,heap     ] GC(1) Old regions: 0->1
[2022-07-06T16:56:31.545+0000][71][gc,heap     ] GC(1) Archive regions: 2->2
[2022-07-06T16:56:31.545+0000][71][gc,heap     ] GC(1) Humongous regions: 0->0
[2022-07-06T16:56:31.545+0000][71][gc,metaspace] GC(1) Metaspace: 13642K(14080K)->13642K(14080K) NonClass: 12017K(12224K)->12017K(12224K) Class: 1624K(1856K)->1624K(1856K)
[2022-07-06T16:56:31.545+0000][71][gc          ] GC(1) Pause Young (Normal) (G1 Evacuation Pause) 66M->12M(512M) 17.863ms
[2022-07-06T16:56:31.545+0000][71][gc,cpu      ] GC(1) User=0.03s Sys=0.00s Real=0.02s
[2022-07-06T16:56:31.545+0000][71][safepoint   ] Safepoint "G1CollectForAllocation", Time since last: 773947512 ns, Reaching safepoint: 208150 ns, At safepoint: 17940120 ns, Total: 18148270 ns
[2022-07-06T16:56:32.558+0000][71][safepoint   ] Safepoint "Cleanup", Time since last: 1007462825 ns, Reaching safepoint: 5437002 ns, At safepoint: 60268 ns, Total: 5497270 ns
[2022-07-06T16:56:33.759+0000][71][gc,start    ] GC(2) Pause Young (Normal) (G1 Evacuation Pause)
[2022-07-06T16:56:33.759+0000][71][gc,task     ] GC(2) Using 8 workers of 8 for evacuation
[2022-07-06T16:56:33.759+0000][71][gc,age      ] GC(2) Desired survivor size 6291456 bytes, new threshold 2 (max threshold 15)
[2022-07-06T16:56:33.832+0000][71][gc,phases   ] GC(2)   Pre Evacuate Collection Set: 0.1ms
[2022-07-06T16:56:33.832+0000][71][gc,phases   ] GC(2)   Merge Heap Roots: 0.1ms
[2022-07-06T16:56:33.832+0000][71][gc,phases   ] GC(2)   Evacuate Collection Set: 61.0ms
[2022-07-06T16:56:33.832+0000][71][gc,phases   ] GC(2)   Post Evacuate Collection Set: 11.7ms
[2022-07-06T16:56:33.832+0000][71][gc,phases   ] GC(2)   Other: 0.1ms
[2022-07-06T16:56:33.832+0000][71][gc,age      ] GC(2) Age table with threshold 2 (max threshold 15)
[2022-07-06T16:56:33.832+0000][71][gc,age      ] GC(2) - age   1:    4712000 bytes,    4712000 total
[2022-07-06T16:56:33.832+0000][71][gc,age      ] GC(2) - age   2:    5211888 bytes,    9923888 total
[2022-07-06T16:56:33.832+0000][71][gc,heap     ] GC(2) Eden regions: 22->0(41)
[2022-07-06T16:56:33.832+0000][71][gc,heap     ] GC(2) Survivor regions: 2->3(3)
[2022-07-06T16:56:33.832+0000][71][gc,heap     ] GC(2) Old regions: 1->1
[2022-07-06T16:56:33.832+0000][71][gc,heap     ] GC(2) Archive regions: 2->2
[2022-07-06T16:56:33.832+0000][71][gc,heap     ] GC(2) Humongous regions: 0->0
[2022-07-06T16:56:33.832+0000][71][gc,metaspace] GC(2) Metaspace: 17141K(17600K)->17141K(17600K) NonClass: 15139K(15360K)->15139K(15360K) Class: 2001K(2240K)->2001K(2240K)
[2022-07-06T16:56:33.832+0000][71][gc          ] GC(2) Pause Young (Normal) (G1 Evacuation Pause) 100M->17M(512M) 73.277ms
[2022-07-06T16:56:33.832+0000][71][gc,cpu      ] GC(2) User=0.19s Sys=0.00s Real=0.08s
[2022-07-06T16:56:33.832+0000][71][safepoint   ] Safepoint "G1CollectForAllocation", Time since last: 1201044499 ns, Reaching safepoint: 213255 ns, At safepoint: 73370099 ns, Total: 73583354 ns
[2022-07-06T16:56:35.126+0000][71][safepoint   ] Safepoint "Cleanup", Time since last: 1292816596 ns, Reaching safepoint: 607781 ns, At safepoint: 9548 ns, Total: 617329 ns
[2022-07-06T16:56:35.454+0000][71][gc,start    ] GC(3) Pause Young (Concurrent Start) (Metadata GC Threshold)
[2022-07-06T16:56:35.454+0000][71][gc,task     ] GC(3) Using 8 workers of 8 for evacuation
[2022-07-06T16:56:35.454+0000][71][gc,age      ] GC(3) Desired survivor size 12582912 bytes, new threshold 15 (max threshold 15)
[2022-07-06T16:56:35.476+0000][71][gc,phases   ] GC(3)   Pre Evacuate Collection Set: 0.2ms
[2022-07-06T16:56:35.476+0000][71][gc,phases   ] GC(3)   Merge Heap Roots: 0.1ms
[2022-07-06T16:56:35.476+0000][71][gc,phases   ] GC(3)   Evacuate Collection Set: 20.1ms
[2022-07-06T16:56:35.476+0000][71][gc,phases   ] GC(3)   Post Evacuate Collection Set: 1.3ms
[2022-07-06T16:56:35.476+0000][71][gc,phases   ] GC(3)   Other: 0.2ms
[2022-07-06T16:56:35.476+0000][71][gc,age      ] GC(3) Age table with threshold 15 (max threshold 15)
[2022-07-06T16:56:35.476+0000][71][gc,age      ] GC(3) - age   1:    2176368 bytes,    2176368 total
[2022-07-06T16:56:35.476+0000][71][gc,age      ] GC(3) - age   2:    1985640 bytes,    4162008 total
[2022-07-06T16:56:35.476+0000][71][gc,age      ] GC(3) - age   3:    5208184 bytes,    9370192 total
[2022-07-06T16:56:35.476+0000][71][gc,heap     ] GC(3) Eden regions: 17->0(63)
[2022-07-06T16:56:35.476+0000][71][gc,heap     ] GC(3) Survivor regions: 3->3(6)
[2022-07-06T16:56:35.476+0000][71][gc,heap     ] GC(3) Old regions: 1->1
[2022-07-06T16:56:35.476+0000][71][gc,heap     ] GC(3) Archive regions: 2->2
[2022-07-06T16:56:35.476+0000][71][gc,heap     ] GC(3) Humongous regions: 0->0
[2022-07-06T16:56:35.476+0000][71][gc,metaspace] GC(3) Metaspace: 21080K(21504K)->21080K(21504K) NonClass: 18685K(18880K)->18685K(18880K) Class: 2395K(2624K)->2395K(2624K)
[2022-07-06T16:56:35.476+0000][71][gc          ] GC(3) Pause Young (Concurrent Start) (Metadata GC Threshold) 84M->16M(512M) 22.130ms
[2022-07-06T16:56:35.476+0000][71][gc,cpu      ] GC(3) User=0.05s Sys=0.00s Real=0.02s
[2022-07-06T16:56:35.476+0000][71][gc          ] GC(4) Concurrent Mark Cycle
[2022-07-06T16:56:35.477+0000][71][gc,marking  ] GC(4) Concurrent Clear Claimed Marks
[2022-07-06T16:56:35.477+0000][71][gc,marking  ] GC(4) Concurrent Clear Claimed Marks 0.055ms
[2022-07-06T16:56:35.477+0000][71][gc,marking  ] GC(4) Concurrent Scan Root Regions
[2022-07-06T16:56:35.476+0000][71][safepoint   ] Safepoint "CollectForMetadataAllocation", Time since last: 328107799 ns, Reaching safepoint: 115409 ns, At safepoint: 22373856 ns, Total: 22489265 ns
[2022-07-06T16:56:35.493+0000][71][gc,marking  ] GC(4) Concurrent Scan Root Regions 15.811ms
[2022-07-06T16:56:35.494+0000][71][gc,marking  ] GC(4) Concurrent Mark
[2022-07-06T16:56:35.494+0000][71][gc,marking  ] GC(4) Concurrent Mark From Roots
[2022-07-06T16:56:35.494+0000][71][gc,task     ] GC(4) Using 2 workers of 2 for marking
[2022-07-06T16:56:35.501+0000][71][gc,marking  ] GC(4) Concurrent Mark From Roots 6.882ms
[2022-07-06T16:56:35.501+0000][71][gc,marking  ] GC(4) Concurrent Preclean
[2022-07-06T16:56:35.501+0000][71][gc,marking  ] GC(4) Concurrent Preclean 0.043ms
[2022-07-06T16:56:35.534+0000][71][gc,start    ] GC(4) Pause Remark
[2022-07-06T16:56:35.563+0000][71][gc          ] GC(4) Pause Remark 18M->18M(512M) 28.635ms
[2022-07-06T16:56:35.563+0000][71][gc,cpu      ] GC(4) User=0.03s Sys=0.00s Real=0.03s
[2022-07-06T16:56:35.563+0000][71][safepoint   ] Safepoint "G1Concurrent", Time since last: 32557949 ns, Reaching safepoint: 24958553 ns, At safepoint: 28763488 ns, Total: 53722041 ns
[2022-07-06T16:56:35.567+0000][71][gc,marking  ] GC(4) Concurrent Mark 73.266ms
[2022-07-06T16:56:35.567+0000][71][gc,marking  ] GC(4) Concurrent Rebuild Remembered Sets
[2022-07-06T16:56:35.570+0000][71][gc,marking  ] GC(4) Concurrent Rebuild Remembered Sets 2.983ms
[2022-07-06T16:56:35.572+0000][71][gc,start    ] GC(4) Pause Cleanup
[2022-07-06T16:56:35.572+0000][71][gc          ] GC(4) Pause Cleanup 18M->18M(512M) 0.106ms
[2022-07-06T16:56:35.572+0000][71][gc,cpu      ] GC(4) User=0.00s Sys=0.00s Real=0.00s
[2022-07-06T16:56:35.572+0000][71][safepoint   ] Safepoint "G1Concurrent", Time since last: 9023696 ns, Reaching safepoint: 65049 ns, At safepoint: 154947 ns, Total: 219996 ns
[2022-07-06T16:56:35.591+0000][71][gc,marking  ] GC(4) Concurrent Cleanup for Next Mark
[2022-07-06T16:56:35.592+0000][71][gc,marking  ] GC(4) Concurrent Cleanup for Next Mark 0.765ms
[2022-07-06T16:56:35.592+0000][71][gc          ] GC(4) Concurrent Mark Cycle 115.614ms
[2022-07-06T16:56:36.964+0000][71][safepoint   ] Safepoint "ICBufferFull", Time since last: 1391223189 ns, Reaching safepoint: 924780 ns, At safepoint: 12651 ns, Total: 937431 ns
[2022-07-06T16:56:37.750+0000][71][gc,start    ] GC(5) Pause Young (Normal) (G1 Evacuation Pause)
[2022-07-06T16:56:37.750+0000][71][gc,task     ] GC(5) Using 8 workers of 8 for evacuation
[2022-07-06T16:56:37.750+0000][71][gc,age      ] GC(5) Desired survivor size 20971520 bytes, new threshold 15 (max threshold 15)
[2022-07-06T16:56:37.762+0000][71][gc,phases   ] GC(5)   Pre Evacuate Collection Set: 0.1ms
[2022-07-06T16:56:37.762+0000][71][gc,phases   ] GC(5)   Merge Heap Roots: 0.1ms
[2022-07-06T16:56:37.762+0000][71][gc,phases   ] GC(5)   Evacuate Collection Set: 9.8ms
[2022-07-06T16:56:37.762+0000][71][gc,phases   ] GC(5)   Post Evacuate Collection Set: 1.5ms
[2022-07-06T16:56:37.762+0000][71][gc,phases   ] GC(5)   Other: 0.1ms
[2022-07-06T16:56:37.762+0000][71][gc,age      ] GC(5) Age table with threshold 15 (max threshold 15)
[2022-07-06T16:56:37.762+0000][71][gc,age      ] GC(5) - age   1:    6940784 bytes,    6940784 total
[2022-07-06T16:56:37.762+0000][71][gc,age      ] GC(5) - age   2:    2104280 bytes,    9045064 total
[2022-07-06T16:56:37.762+0000][71][gc,age      ] GC(5) - age   3:    1983440 bytes,   11028504 total
[2022-07-06T16:56:37.762+0000][71][gc,age      ] GC(5) - age   4:    5206712 bytes,   16235216 total
[2022-07-06T16:56:37.762+0000][71][gc,heap     ] GC(5) Eden regions: 70->0(71)
[2022-07-06T16:56:37.762+0000][71][gc,heap     ] GC(5) Survivor regions: 3->5(10)
[2022-07-06T16:56:37.762+0000][71][gc,heap     ] GC(5) Old regions: 1->1
[2022-07-06T16:56:37.762+0000][71][gc,heap     ] GC(5) Archive regions: 2->2
[2022-07-06T16:56:37.762+0000][71][gc,heap     ] GC(5) Humongous regions: 0->0
[2022-07-06T16:56:37.762+0000][71][gc,metaspace] GC(5) Metaspace: 24978K(25536K)->24978K(25536K) NonClass: 22045K(22400K)->22045K(22400K) Class: 2933K(3136K)->2933K(3136K)
[2022-07-06T16:56:37.762+0000][71][gc          ] GC(5) Pause Young (Normal) (G1 Evacuation Pause) 296M->23M(512M) 11.918ms
[2022-07-06T16:56:37.762+0000][71][gc,cpu      ] GC(5) User=0.04s Sys=0.00s Real=0.01s
[2022-07-06T16:56:37.762+0000][71][safepoint   ] Safepoint "G1CollectForAllocation", Time since last: 785933103 ns, Reaching safepoint: 186891 ns, At safepoint: 12081068 ns, Total: 12267959 ns
[2022-07-06T16:56:38.911+0000][71][safepoint   ] Safepoint "Cleanup", Time since last: 1143917531 ns, Reaching safepoint: 4630379 ns, At safepoint: 24070 ns, Total: 4654449 ns
[2022-07-06T16:56:39.659+0000][71][gc,start    ] GC(6) Pause Young (Normal) (G1 Evacuation Pause)
[2022-07-06T16:56:39.659+0000][71][gc,task     ] GC(6) Using 8 workers of 8 for evacuation
[2022-07-06T16:56:39.659+0000][71][gc,age      ] GC(6) Desired survivor size 20971520 bytes, new threshold 15 (max threshold 15)
[2022-07-06T16:56:39.712+0000][71][gc,phases   ] GC(6)   Pre Evacuate Collection Set: 0.1ms
[2022-07-06T16:56:39.712+0000][71][gc,phases   ] GC(6)   Merge Heap Roots: 0.1ms
[2022-07-06T16:56:39.712+0000][71][gc,phases   ] GC(6)   Evacuate Collection Set: 41.7ms
[2022-07-06T16:56:39.712+0000][71][gc,phases   ] GC(6)   Post Evacuate Collection Set: 11.0ms
[2022-07-06T16:56:39.712+0000][71][gc,phases   ] GC(6)   Other: 0.1ms
[2022-07-06T16:56:39.712+0000][71][gc,age      ] GC(6) Age table with threshold 15 (max threshold 15)
[2022-07-06T16:56:39.712+0000][71][gc,age      ] GC(6) - age   1:    4241616 bytes,    4241616 total
[2022-07-06T16:56:39.712+0000][71][gc,age      ] GC(6) - age   2:    6345456 bytes,   10587072 total
[2022-07-06T16:56:39.712+0000][71][gc,age      ] GC(6) - age   3:    2101288 bytes,   12688360 total
[2022-07-06T16:56:39.712+0000][71][gc,age      ] GC(6) - age   4:    1960792 bytes,   14649152 total
[2022-07-06T16:56:39.712+0000][71][gc,age      ] GC(6) - age   5:    5198592 bytes,   19847744 total
[2022-07-06T16:56:39.712+0000][71][gc,heap     ] GC(6) Eden regions: 71->0(71)
[2022-07-06T16:56:39.712+0000][71][gc,heap     ] GC(6) Survivor regions: 5->5(10)
[2022-07-06T16:56:39.712+0000][71][gc,heap     ] GC(6) Old regions: 1->1
[2022-07-06T16:56:39.712+0000][71][gc,heap     ] GC(6) Archive regions: 2->2
[2022-07-06T16:56:39.712+0000][71][gc,heap     ] GC(6) Humongous regions: 0->0
[2022-07-06T16:56:39.712+0000][71][gc,metaspace] GC(6) Metaspace: 31276K(32000K)->31276K(32000K) NonClass: 27630K(28032K)->27630K(28032K) Class: 3645K(3968K)->3645K(3968K)
[2022-07-06T16:56:39.712+0000][71][gc          ] GC(6) Pause Young (Normal) (G1 Evacuation Pause) 307M->26M(512M) 53.406ms
[2022-07-06T16:56:39.712+0000][71][gc,cpu      ] GC(6) User=0.06s Sys=0.00s Real=0.06s
[2022-07-06T16:56:39.712+0000][71][safepoint   ] Safepoint "G1CollectForAllocation", Time since last: 747686768 ns, Reaching safepoint: 186238 ns, At safepoint: 53486144 ns, Total: 53672382 ns
[2022-07-06T16:56:40.724+0000][71][safepoint   ] Safepoint "Cleanup", Time since last: 1000992641 ns, Reaching safepoint: 11170406 ns, At safepoint: 70385 ns, Total: 11240791 ns
[2022-07-06T16:56:41.305+0000][71][gc,start    ] GC(7) Pause Young (Normal) (G1 Evacuation Pause)
[2022-07-06T16:56:41.305+0000][71][gc,task     ] GC(7) Using 8 workers of 8 for evacuation
[2022-07-06T16:56:41.305+0000][71][gc,age      ] GC(7) Desired survivor size 20971520 bytes, new threshold 15 (max threshold 15)
[2022-07-06T16:56:41.324+0000][71][gc,phases   ] GC(7)   Pre Evacuate Collection Set: 0.1ms
[2022-07-06T16:56:41.324+0000][71][gc,phases   ] GC(7)   Merge Heap Roots: 0.1ms
[2022-07-06T16:56:41.324+0000][71][gc,phases   ] GC(7)   Evacuate Collection Set: 16.6ms
[2022-07-06T16:56:41.324+0000][71][gc,phases   ] GC(7)   Post Evacuate Collection Set: 1.8ms
[2022-07-06T16:56:41.324+0000][71][gc,phases   ] GC(7)   Other: 0.2ms
[2022-07-06T16:56:41.324+0000][71][gc,age      ] GC(7) Age table with threshold 15 (max threshold 15)
[2022-07-06T16:56:41.324+0000][71][gc,age      ] GC(7) - age   1:    4495776 bytes,    4495776 total
[2022-07-06T16:56:41.324+0000][71][gc,age      ] GC(7) - age   2:    3672248 bytes,    8168024 total
[2022-07-06T16:56:41.324+0000][71][gc,age      ] GC(7) - age   3:    6343112 bytes,   14511136 total
[2022-07-06T16:56:41.324+0000][71][gc,age      ] GC(7) - age   4:    2100616 bytes,   16611752 total
[2022-07-06T16:56:41.324+0000][71][gc,age      ] GC(7) - age   5:    1959856 bytes,   18571608 total
[2022-07-06T16:56:41.324+0000][71][gc,age      ] GC(7) - age   6:    5194992 bytes,   23766600 total
[2022-07-06T16:56:41.324+0000][71][gc,heap     ] GC(7) Eden regions: 71->0(70)
[2022-07-06T16:56:41.324+0000][71][gc,heap     ] GC(7) Survivor regions: 5->6(10)
[2022-07-06T16:56:41.324+0000][71][gc,heap     ] GC(7) Old regions: 1->1
[2022-07-06T16:56:41.324+0000][71][gc,heap     ] GC(7) Archive regions: 2->2
[2022-07-06T16:56:41.324+0000][71][gc,heap     ] GC(7) Humongous regions: 0->0
[2022-07-06T16:56:41.324+0000][71][gc,metaspace] GC(7) Metaspace: 33648K(34432K)->33648K(34432K) NonClass: 29679K(30144K)->29679K(30144K) Class: 3969K(4288K)->3969K(4288K)
[2022-07-06T16:56:41.324+0000][71][gc          ] GC(7) Pause Young (Normal) (G1 Evacuation Pause) 310M->31M(512M) 19.195ms
[2022-07-06T16:56:41.324+0000][71][gc,cpu      ] GC(7) User=0.05s Sys=0.01s Real=0.02s
[2022-07-06T16:56:41.325+0000][71][safepoint   ] Safepoint "G1CollectForAllocation", Time since last: 580626884 ns, Reaching safepoint: 202531 ns, At safepoint: 19291659 ns, Total: 19494190 ns
[2022-07-06T16:56:41.923+0000][71][gc,start    ] GC(8) Pause Young (Concurrent Start) (Metadata GC Threshold)
[2022-07-06T16:56:41.923+0000][71][gc,task     ] GC(8) Using 8 workers of 8 for evacuation
[2022-07-06T16:56:41.923+0000][71][gc,age      ] GC(8) Desired survivor size 20971520 bytes, new threshold 6 (max threshold 15)
[2022-07-06T16:56:41.978+0000][71][gc,phases   ] GC(8)   Pre Evacuate Collection Set: 0.1ms
[2022-07-06T16:56:41.978+0000][71][gc,phases   ] GC(8)   Merge Heap Roots: 0.1ms
[2022-07-06T16:56:41.978+0000][71][gc,phases   ] GC(8)   Evacuate Collection Set: 36.0ms
[2022-07-06T16:56:41.978+0000][71][gc,phases   ] GC(8)   Post Evacuate Collection Set: 18.4ms
[2022-07-06T16:56:41.978+0000][71][gc,phases   ] GC(8)   Other: 0.1ms
[2022-07-06T16:56:41.978+0000][71][gc,age      ] GC(8) Age table with threshold 6 (max threshold 15)
[2022-07-06T16:56:41.978+0000][71][gc,age      ] GC(8) - age   1:    1293640 bytes,    1293640 total
[2022-07-06T16:56:41.978+0000][71][gc,age      ] GC(8) - age   2:    3723128 bytes,    5016768 total
[2022-07-06T16:56:41.978+0000][71][gc,age      ] GC(8) - age   3:    3650832 bytes,    8667600 total
[2022-07-06T16:56:41.978+0000][71][gc,age      ] GC(8) - age   4:    6326592 bytes,   14994192 total
[2022-07-06T16:56:41.978+0000][71][gc,age      ] GC(8) - age   5:    2090208 bytes,   17084400 total
[2022-07-06T16:56:41.978+0000][71][gc,age      ] GC(8) - age   6:    1873032 bytes,   18957432 total
[2022-07-06T16:56:41.978+0000][71][gc,heap     ] GC(8) Eden regions: 29->0(70)
[2022-07-06T16:56:41.978+0000][71][gc,heap     ] GC(8) Survivor regions: 6->6(10)
[2022-07-06T16:56:41.978+0000][71][gc,heap     ] GC(8) Old regions: 1->3
[2022-07-06T16:56:41.978+0000][71][gc,heap     ] GC(8) Archive regions: 2->2
[2022-07-06T16:56:41.978+0000][71][gc,heap     ] GC(8) Humongous regions: 0->0
[2022-07-06T16:56:41.978+0000][71][gc,metaspace] GC(8) Metaspace: 35194K(36096K)->35194K(36096K) NonClass: 31001K(31488K)->31001K(31488K) Class: 4192K(4608K)->4192K(4608K)
[2022-07-06T16:56:41.978+0000][71][gc          ] GC(8) Pause Young (Concurrent Start) (Metadata GC Threshold) 145M->32M(512M) 55.204ms
[2022-07-06T16:56:41.978+0000][71][gc,cpu      ] GC(8) User=0.07s Sys=0.01s Real=0.05s
[2022-07-06T16:56:41.978+0000][71][safepoint   ] Safepoint "CollectForMetadataAllocation", Time since last: 597898516 ns, Reaching safepoint: 299970 ns, At safepoint: 55388528 ns, Total: 55688498 ns
[2022-07-06T16:56:41.980+0000][71][gc          ] GC(9) Concurrent Mark Cycle
[2022-07-06T16:56:41.980+0000][71][gc,marking  ] GC(9) Concurrent Clear Claimed Marks
[2022-07-06T16:56:41.980+0000][71][gc,marking  ] GC(9) Concurrent Clear Claimed Marks 0.142ms
[2022-07-06T16:56:41.980+0000][71][gc,marking  ] GC(9) Concurrent Scan Root Regions
[2022-07-06T16:56:41.998+0000][71][gc,marking  ] GC(9) Concurrent Scan Root Regions 17.617ms
[2022-07-06T16:56:41.998+0000][71][gc,marking  ] GC(9) Concurrent Mark
[2022-07-06T16:56:41.998+0000][71][gc,marking  ] GC(9) Concurrent Mark From Roots
[2022-07-06T16:56:41.998+0000][71][gc,task     ] GC(9) Using 2 workers of 2 for marking
[2022-07-06T16:56:42.010+0000][71][gc,marking  ] GC(9) Concurrent Mark From Roots 12.642ms
[2022-07-06T16:56:42.010+0000][71][gc,marking  ] GC(9) Concurrent Preclean
[2022-07-06T16:56:42.010+0000][71][gc,marking  ] GC(9) Concurrent Preclean 0.061ms
[2022-07-06T16:56:42.021+0000][71][gc,start    ] GC(9) Pause Remark
[2022-07-06T16:56:42.064+0000][71][gc          ] GC(9) Pause Remark 34M->34M(512M) 42.965ms
[2022-07-06T16:56:42.064+0000][71][gc,cpu      ] GC(9) User=0.03s Sys=0.00s Real=0.04s
[2022-07-06T16:56:42.064+0000][71][safepoint   ] Safepoint "G1Concurrent", Time since last: 32473433 ns, Reaching safepoint: 10621441 ns, At safepoint: 43084725 ns, Total: 53706166 ns
[2022-07-06T16:56:42.068+0000][71][gc,marking  ] GC(9) Concurrent Mark 70.422ms
[2022-07-06T16:56:42.068+0000][71][gc,marking  ] GC(9) Concurrent Rebuild Remembered Sets
[2022-07-06T16:56:42.076+0000][71][gc,marking  ] GC(9) Concurrent Rebuild Remembered Sets 8.034ms
[2022-07-06T16:56:42.078+0000][71][gc,start    ] GC(9) Pause Cleanup
[2022-07-06T16:56:42.078+0000][71][gc          ] GC(9) Pause Cleanup 34M->34M(512M) 0.114ms
[2022-07-06T16:56:42.078+0000][71][gc,cpu      ] GC(9) User=0.00s Sys=0.00s Real=0.00s
[2022-07-06T16:56:42.078+0000][71][safepoint   ] Safepoint "G1Concurrent", Time since last: 11953592 ns, Reaching safepoint: 1604307 ns, At safepoint: 174400 ns, Total: 1778707 ns
[2022-07-06T16:56:42.078+0000][71][gc,marking  ] GC(9) Concurrent Cleanup for Next Mark
[2022-07-06T16:56:42.083+0000][71][gc,marking  ] GC(9) Concurrent Cleanup for Next Mark 5.384ms
[2022-07-06T16:56:42.084+0000][71][gc          ] GC(9) Concurrent Mark Cycle 103.784ms
[2022-07-06T16:56:43.935+0000][71][safepoint   ] Safepoint "ICBufferFull", Time since last: 1856150609 ns, Reaching safepoint: 473813 ns, At safepoint: 57775 ns, Total: 531588 ns
[2022-07-06T16:56:45.746+0000][71][safepoint   ] Safepoint "Cleanup", Time since last: 1800545570 ns, Reaching safepoint: 10591188 ns, At safepoint: 47845 ns, Total: 10639033 ns
[2022-07-06T16:56:46.748+0000][71][safepoint   ] Safepoint "Cleanup", Time since last: 1001731636 ns, Reaching safepoint: 174517 ns, At safepoint: 9337 ns, Total: 183854 ns
[2022-07-06T16:56:47.579+0000][71][gc,start    ] GC(10) Pause Young (Normal) (G1 Evacuation Pause)
[2022-07-06T16:56:47.579+0000][71][gc,task     ] GC(10) Using 8 workers of 8 for evacuation
[2022-07-06T16:56:47.579+0000][71][gc,age      ] GC(10) Desired survivor size 20971520 bytes, new threshold 15 (max threshold 15)
[2022-07-06T16:56:47.680+0000][71][gc,phases   ] GC(10)   Pre Evacuate Collection Set: 0.1ms
[2022-07-06T16:56:47.680+0000][71][gc,phases   ] GC(10)   Merge Heap Roots: 0.1ms
[2022-07-06T16:56:47.680+0000][71][gc,phases   ] GC(10)   Evacuate Collection Set: 60.0ms
[2022-07-06T16:56:47.680+0000][71][gc,phases   ] GC(10)   Post Evacuate Collection Set: 40.5ms
[2022-07-06T16:56:47.680+0000][71][gc,phases   ] GC(10)   Other: 0.1ms
[2022-07-06T16:56:47.680+0000][71][gc,age      ] GC(10) Age table with threshold 15 (max threshold 15)
[2022-07-06T16:56:47.680+0000][71][gc,age      ] GC(10) - age   1:   19656080 bytes,   19656080 total
[2022-07-06T16:56:47.680+0000][71][gc,age      ] GC(10) - age   2:    1241920 bytes,   20898000 total
[2022-07-06T16:56:47.680+0000][71][gc,age      ] GC(10) - age   3:    3705848 bytes,   24603848 total
[2022-07-06T16:56:47.680+0000][71][gc,age      ] GC(10) - age   4:    3639608 bytes,   28243456 total
[2022-07-06T16:56:47.680+0000][71][gc,age      ] GC(10) - age   5:    6302920 bytes,   34546376 total
[2022-07-06T16:56:47.680+0000][71][gc,age      ] GC(10) - age   6:    2084312 bytes,   36630688 total
[2022-07-06T16:56:47.680+0000][71][gc,age      ] GC(10) - age   7:    1857488 bytes,   38488176 total
[2022-07-06T16:56:47.680+0000][71][gc,heap     ] GC(10) Eden regions: 70->0(66)
[2022-07-06T16:56:47.680+0000][71][gc,heap     ] GC(10) Survivor regions: 6->10(10)
[2022-07-06T16:56:47.680+0000][71][gc,heap     ] GC(10) Old regions: 3->3
[2022-07-06T16:56:47.680+0000][71][gc,heap     ] GC(10) Archive regions: 2->2
[2022-07-06T16:56:47.680+0000][71][gc,heap     ] GC(10) Humongous regions: 0->0
[2022-07-06T16:56:47.680+0000][71][gc,metaspace] GC(10) Metaspace: 46071K(47360K)->46071K(47360K) NonClass: 40325K(41088K)->40325K(41088K) Class: 5746K(6272K)->5746K(6272K)
[2022-07-06T16:56:47.681+0000][71][gc          ] GC(10) Pause Young (Normal) (G1 Evacuation Pause) 312M->51M(512M) 101.126ms
[2022-07-06T16:56:47.681+0000][71][gc,cpu      ] GC(10) User=0.15s Sys=0.00s Real=0.11s
[2022-07-06T16:56:47.681+0000][71][safepoint   ] Safepoint "G1CollectForAllocation", Time since last: 830478675 ns, Reaching safepoint: 1074911 ns, At safepoint: 101232245 ns, Total: 102307156 ns
[2022-07-06T16:56:48.556+0000][71][safepoint   ] Safepoint "ICBufferFull", Time since last: 875697187 ns, Reaching safepoint: 195855 ns, At safepoint: 4952 ns, Total: 200807 ns
[2022-07-06T16:56:49.758+0000][71][gc,start    ] GC(11) Pause Young (Concurrent Start) (Metadata GC Threshold)
[2022-07-06T16:56:49.758+0000][71][gc,task     ] GC(11) Using 8 workers of 8 for evacuation
[2022-07-06T16:56:49.758+0000][71][gc,age      ] GC(11) Desired survivor size 20971520 bytes, new threshold 3 (max threshold 15)
[2022-07-06T16:56:49.809+0000][71][gc,phases   ] GC(11)   Pre Evacuate Collection Set: 0.2ms
[2022-07-06T16:56:49.809+0000][71][gc,phases   ] GC(11)   Merge Heap Roots: 0.2ms
[2022-07-06T16:56:49.809+0000][71][gc,phases   ] GC(11)   Evacuate Collection Set: 47.1ms
[2022-07-06T16:56:49.809+0000][71][gc,phases   ] GC(11)   Post Evacuate Collection Set: 3.0ms
[2022-07-06T16:56:49.809+0000][71][gc,phases   ] GC(11)   Other: 0.2ms
[2022-07-06T16:56:49.809+0000][71][gc,age      ] GC(11) Age table with threshold 3 (max threshold 15)
[2022-07-06T16:56:49.809+0000][71][gc,age      ] GC(11) - age   1:    4940160 bytes,    4940160 total
[2022-07-06T16:56:49.809+0000][71][gc,age      ] GC(11) - age   2:   19489480 bytes,   24429640 total
[2022-07-06T16:56:49.809+0000][71][gc,age      ] GC(11) - age   3:    1227200 bytes,   25656840 total
[2022-07-06T16:56:49.809+0000][71][gc,heap     ] GC(11) Eden regions: 35->0(69)
[2022-07-06T16:56:49.809+0000][71][gc,heap     ] GC(11) Survivor regions: 10->7(10)
[2022-07-06T16:56:49.809+0000][71][gc,heap     ] GC(11) Old regions: 3->7
[2022-07-06T16:56:49.809+0000][71][gc,heap     ] GC(11) Archive regions: 2->2
[2022-07-06T16:56:49.809+0000][71][gc,heap     ] GC(11) Humongous regions: 0->0
[2022-07-06T16:56:49.809+0000][71][gc,metaspace] GC(11) Metaspace: 58892K(60288K)->58892K(60288K) NonClass: 51358K(52160K)->51358K(52160K) Class: 7533K(8128K)->7533K(8128K)
[2022-07-06T16:56:49.809+0000][71][gc          ] GC(11) Pause Young (Concurrent Start) (Metadata GC Threshold) 191M->56M(512M) 50.961ms
[2022-07-06T16:56:49.809+0000][71][gc,cpu      ] GC(11) User=0.16s Sys=0.01s Real=0.05s
[2022-07-06T16:56:49.809+0000][71][gc          ] GC(12) Concurrent Mark Cycle
[2022-07-06T16:56:49.809+0000][71][gc,marking  ] GC(12) Concurrent Clear Claimed Marks
[2022-07-06T16:56:49.809+0000][71][safepoint   ] Safepoint "CollectForMetadataAllocation", Time since last: 1201074610 ns, Reaching safepoint: 219110 ns, At safepoint: 51192565 ns, Total: 51411675 ns
[2022-07-06T16:56:49.809+0000][71][gc,marking  ] GC(12) Concurrent Clear Claimed Marks 0.186ms
[2022-07-06T16:56:49.809+0000][71][gc,marking  ] GC(12) Concurrent Scan Root Regions
[2022-07-06T16:56:49.848+0000][71][gc,marking  ] GC(12) Concurrent Scan Root Regions 38.495ms
[2022-07-06T16:56:49.848+0000][71][gc,marking  ] GC(12) Concurrent Mark
[2022-07-06T16:56:49.848+0000][71][gc,marking  ] GC(12) Concurrent Mark From Roots
[2022-07-06T16:56:49.848+0000][71][gc,task     ] GC(12) Using 2 workers of 2 for marking
[2022-07-06T16:56:49.860+0000][71][safepoint   ] Safepoint "CollectForMetadataAllocation", Time since last: 50305828 ns, Reaching safepoint: 392815 ns, At safepoint: 128417 ns, Total: 521232 ns
[2022-07-06T16:56:49.871+0000][71][gc,marking  ] GC(12) Concurrent Mark From Roots 23.565ms
[2022-07-06T16:56:49.871+0000][71][gc,marking  ] GC(12) Concurrent Preclean
[2022-07-06T16:56:49.871+0000][71][gc,marking  ] GC(12) Concurrent Preclean 0.074ms
[2022-07-06T16:56:49.881+0000][71][gc,start    ] GC(12) Pause Remark
[2022-07-06T16:56:49.899+0000][71][gc          ] GC(12) Pause Remark 60M->60M(512M) 17.478ms
[2022-07-06T16:56:49.899+0000][71][gc,cpu      ] GC(12) User=0.05s Sys=0.00s Real=0.01s
[2022-07-06T16:56:49.899+0000][71][safepoint   ] Safepoint "G1Concurrent", Time since last: 20746052 ns, Reaching safepoint: 715346 ns, At safepoint: 17637468 ns, Total: 18352814 ns
[2022-07-06T16:56:49.899+0000][71][gc,marking  ] GC(12) Concurrent Mark 51.562ms
[2022-07-06T16:56:49.899+0000][71][gc,marking  ] GC(12) Concurrent Rebuild Remembered Sets
[2022-07-06T16:56:49.920+0000][71][gc,marking  ] GC(12) Concurrent Rebuild Remembered Sets 20.832ms
[2022-07-06T16:56:49.923+0000][71][gc,start    ] GC(12) Pause Cleanup
[2022-07-06T16:56:49.923+0000][71][gc          ] GC(12) Pause Cleanup 60M->60M(512M) 0.157ms
[2022-07-06T16:56:49.923+0000][71][gc,cpu      ] GC(12) User=0.00s Sys=0.00s Real=0.00s
[2022-07-06T16:56:49.923+0000][71][safepoint   ] Safepoint "G1Concurrent", Time since last: 21321392 ns, Reaching safepoint: 2368330 ns, At safepoint: 270652 ns, Total: 2638982 ns
[2022-07-06T16:56:49.923+0000][71][gc,marking  ] GC(12) Concurrent Cleanup for Next Mark
[2022-07-06T16:56:49.924+0000][71][gc,marking  ] GC(12) Concurrent Cleanup for Next Mark 0.658ms
[2022-07-06T16:56:49.924+0000][71][gc          ] GC(12) Concurrent Mark Cycle 114.822ms
[2022-07-06T16:56:50.929+0000][71][safepoint   ] Safepoint "Cleanup", Time since last: 1003967856 ns, Reaching safepoint: 2202671 ns, At safepoint: 48580 ns, Total: 2251251 ns
[2022-07-06T16:56:51.939+0000][71][safepoint   ] Safepoint "Cleanup", Time since last: 1001839749 ns, Reaching safepoint: 7722202 ns, At safepoint: 47532 ns, Total: 7769734 ns
[2022-07-06T16:56:53.204+0000][71][safepoint   ] Safepoint "Cleanup", Time since last: 1264433961 ns, Reaching safepoint: 510264 ns, At safepoint: 11363 ns, Total: 521627 ns
[2022-07-06T16:56:53.301+0000][71][gc,start    ] GC(13) Pause Young (Normal) (G1 Evacuation Pause)
[2022-07-06T16:56:53.301+0000][71][gc,task     ] GC(13) Using 8 workers of 8 for evacuation
[2022-07-06T16:56:53.301+0000][71][gc,age      ] GC(13) Desired survivor size 20971520 bytes, new threshold 2 (max threshold 15)
[2022-07-06T16:56:53.343+0000][71][gc,phases   ] GC(13)   Pre Evacuate Collection Set: 0.2ms
[2022-07-06T16:56:53.343+0000][71][gc,phases   ] GC(13)   Merge Heap Roots: 0.3ms
[2022-07-06T16:56:53.343+0000][71][gc,phases   ] GC(13)   Evacuate Collection Set: 35.1ms
[2022-07-06T16:56:53.344+0000][71][gc,phases   ] GC(13)   Post Evacuate Collection Set: 6.5ms
[2022-07-06T16:56:53.344+0000][71][gc,phases   ] GC(13)   Other: 0.1ms
[2022-07-06T16:56:53.344+0000][71][gc,age      ] GC(13) Age table with threshold 2 (max threshold 15)
[2022-07-06T16:56:53.344+0000][71][gc,age      ] GC(13) - age   1:    5550856 bytes,    5550856 total
[2022-07-06T16:56:53.344+0000][71][gc,age      ] GC(13) - age   2:    4744368 bytes,   10295224 total
[2022-07-06T16:56:53.344+0000][71][gc,heap     ] GC(13) Eden regions: 69->0(73)
[2022-07-06T16:56:53.344+0000][71][gc,heap     ] GC(13) Survivor regions: 7->3(10)
[2022-07-06T16:56:53.344+0000][71][gc,heap     ] GC(13) Old regions: 7->12
[2022-07-06T16:56:53.344+0000][71][gc,heap     ] GC(13) Archive regions: 2->2
[2022-07-06T16:56:53.344+0000][71][gc,heap     ] GC(13) Humongous regions: 0->0
[2022-07-06T16:56:53.344+0000][71][gc,metaspace] GC(13) Metaspace: 71900K(73472K)->71900K(73472K) NonClass: 62512K(63424K)->62512K(63424K) Class: 9387K(10048K)->9387K(10048K)
[2022-07-06T16:56:53.344+0000][71][gc          ] GC(13) Pause Young (Normal) (G1 Evacuation Pause) 332M->61M(512M) 42.431ms
[2022-07-06T16:56:53.344+0000][71][gc,cpu      ] GC(13) User=0.13s Sys=0.00s Real=0.04s
[2022-07-06T16:56:53.344+0000][71][safepoint   ] Safepoint "G1CollectForAllocation", Time since last: 97214928 ns, Reaching safepoint: 299773 ns, At safepoint: 42514358 ns, Total: 42814131 ns
[2022-07-06T16:56:54.346+0000][71][safepoint   ] Safepoint "Cleanup", Time since last: 1000693514 ns, Reaching safepoint: 1780132 ns, At safepoint: 18507 ns, Total: 1798639 ns
[2022-07-06T16:56:55.354+0000][71][safepoint   ] Safepoint "Cleanup", Time since last: 1007135261 ns, Reaching safepoint: 715828 ns, At safepoint: 18783 ns, Total: 734611 ns
[2022-07-06T16:56:56.907+0000][71][safepoint   ] Safepoint "ICBufferFull", Time since last: 1552172469 ns, Reaching safepoint: 473003 ns, At safepoint: 35214 ns, Total: 508217 ns
[2022-07-06T16:56:57.768+0000][71][gc,start    ] GC(14) Pause Young (Concurrent Start) (Metadata GC Threshold)
[2022-07-06T16:56:57.768+0000][71][gc,task     ] GC(14) Using 8 workers of 8 for evacuation
[2022-07-06T16:56:57.768+0000][71][gc,age      ] GC(14) Desired survivor size 20971520 bytes, new threshold 15 (max threshold 15)
[2022-07-06T16:56:57.808+0000][71][gc,phases   ] GC(14)   Pre Evacuate Collection Set: 0.4ms
[2022-07-06T16:56:57.808+0000][71][gc,phases   ] GC(14)   Merge Heap Roots: 0.1ms
[2022-07-06T16:56:57.808+0000][71][gc,phases   ] GC(14)   Evacuate Collection Set: 33.9ms
[2022-07-06T16:56:57.808+0000][71][gc,phases   ] GC(14)   Post Evacuate Collection Set: 5.7ms
[2022-07-06T16:56:57.808+0000][71][gc,phases   ] GC(14)   Other: 0.3ms
[2022-07-06T16:56:57.808+0000][71][gc,age      ] GC(14) Age table with threshold 15 (max threshold 15)
[2022-07-06T16:56:57.808+0000][71][gc,age      ] GC(14) - age   1:   11733520 bytes,   11733520 total
[2022-07-06T16:56:57.808+0000][71][gc,age      ] GC(14) - age   2:    5268760 bytes,   17002280 total
[2022-07-06T16:56:57.808+0000][71][gc,age      ] GC(14) - age   3:    4575760 bytes,   21578040 total
[2022-07-06T16:56:57.808+0000][71][gc,heap     ] GC(14) Eden regions: 45->0(70)
[2022-07-06T16:56:57.808+0000][71][gc,heap     ] GC(14) Survivor regions: 3->6(10)
[2022-07-06T16:56:57.808+0000][71][gc,heap     ] GC(14) Old regions: 12->12
[2022-07-06T16:56:57.808+0000][71][gc,heap     ] GC(14) Archive regions: 2->2
[2022-07-06T16:56:57.808+0000][71][gc,heap     ] GC(14) Humongous regions: 0->0
[2022-07-06T16:56:57.808+0000][71][gc,metaspace] GC(14) Metaspace: 98582K(101376K)->98582K(101376K) NonClass: 85256K(86720K)->85256K(86720K) Class: 13326K(14656K)->13326K(14656K)
[2022-07-06T16:56:57.808+0000][71][gc          ] GC(14) Pause Young (Concurrent Start) (Metadata GC Threshold) 239M->71M(512M) 40.737ms
[2022-07-06T16:56:57.809+0000][71][gc,cpu      ] GC(14) User=0.09s Sys=0.01s Real=0.04s
[2022-07-06T16:56:57.809+0000][71][gc          ] GC(15) Concurrent Mark Cycle
[2022-07-06T16:56:57.809+0000][71][gc,marking  ] GC(15) Concurrent Clear Claimed Marks
[2022-07-06T16:56:57.809+0000][71][safepoint   ] Safepoint "CollectForMetadataAllocation", Time since last: 860765400 ns, Reaching safepoint: 202667 ns, At safepoint: 41000049 ns, Total: 41202716 ns
[2022-07-06T16:56:57.809+0000][71][gc,marking  ] GC(15) Concurrent Clear Claimed Marks 0.266ms
[2022-07-06T16:56:57.809+0000][71][gc,marking  ] GC(15) Concurrent Scan Root Regions
[2022-07-06T16:56:57.829+0000][71][gc,marking  ] GC(15) Concurrent Scan Root Regions 20.429ms
[2022-07-06T16:56:57.829+0000][71][gc,marking  ] GC(15) Concurrent Mark
[2022-07-06T16:56:57.829+0000][71][gc,marking  ] GC(15) Concurrent Mark From Roots
[2022-07-06T16:56:57.829+0000][71][gc,task     ] GC(15) Using 2 workers of 2 for marking
[2022-07-06T16:56:57.838+0000][71][safepoint   ] Safepoint "CollectForMetadataAllocation", Time since last: 28006496 ns, Reaching safepoint: 725574 ns, At safepoint: 117589 ns, Total: 843163 ns
[2022-07-06T16:56:57.908+0000][71][safepoint   ] Safepoint "CollectForMetadataAllocation", Time since last: 60975750 ns, Reaching safepoint: 9740733 ns, At safepoint: 120752 ns, Total: 9861485 ns
[2022-07-06T16:56:57.953+0000][71][gc,marking  ] GC(15) Concurrent Mark From Roots 123.776ms
[2022-07-06T16:56:57.953+0000][71][gc,marking  ] GC(15) Concurrent Preclean
[2022-07-06T16:56:57.953+0000][71][gc,marking  ] GC(15) Concurrent Preclean 0.247ms
[2022-07-06T16:56:57.958+0000][71][gc,start    ] GC(15) Pause Remark
[2022-07-06T16:56:57.972+0000][71][gc          ] GC(15) Pause Remark 76M->76M(512M) 13.313ms
[2022-07-06T16:56:57.972+0000][71][gc,cpu      ] GC(15) User=0.04s Sys=0.00s Real=0.02s
[2022-07-06T16:56:57.972+0000][71][safepoint   ] Safepoint "G1Concurrent", Time since last: 49817096 ns, Reaching safepoint: 113300 ns, At safepoint: 13477575 ns, Total: 13590875 ns
[2022-07-06T16:56:57.972+0000][71][gc,marking  ] GC(15) Concurrent Mark 142.468ms
[2022-07-06T16:56:57.972+0000][71][gc,marking  ] GC(15) Concurrent Rebuild Remembered Sets
[2022-07-06T16:56:57.999+0000][71][gc,marking  ] GC(15) Concurrent Rebuild Remembered Sets 27.295ms
[2022-07-06T16:56:57.999+0000][71][gc,start    ] GC(15) Pause Cleanup
[2022-07-06T16:56:57.999+0000][71][gc          ] GC(15) Pause Cleanup 76M->76M(512M) 0.109ms
[2022-07-06T16:56:58.000+0000][71][gc,cpu      ] GC(15) User=0.00s Sys=0.00s Real=0.00s
[2022-07-06T16:56:58.000+0000][71][safepoint   ] Safepoint "G1Concurrent", Time since last: 27508755 ns, Reaching safepoint: 80614 ns, At safepoint: 216699 ns, Total: 297313 ns
[2022-07-06T16:56:58.000+0000][71][gc,marking  ] GC(15) Concurrent Cleanup for Next Mark
[2022-07-06T16:56:58.001+0000][71][gc,marking  ] GC(15) Concurrent Cleanup for Next Mark 0.880ms
[2022-07-06T16:56:58.001+0000][71][gc          ] GC(15) Concurrent Mark Cycle 192.105ms
[2022-07-06T16:56:59.184+0000][71][safepoint   ] Safepoint "Cleanup", Time since last: 1183885114 ns, Reaching safepoint: 205199 ns, At safepoint: 9240 ns, Total: 214439 ns
[2022-07-06T16:57:01.120+0000][71][safepoint   ] Safepoint "Cleanup", Time since last: 1030354863 ns, Reaching safepoint: 905886942 ns, At safepoint: 34086 ns, Total: 905921028 ns
[2022-07-06T16:57:02.121+0000][71][safepoint   ] Safepoint "Cleanup", Time since last: 1001082619 ns, Reaching safepoint: 59504 ns, At safepoint: 17393 ns, Total: 76897 ns
[2022-07-06T16:57:05.745+0000][71][safepoint   ] Safepoint "Cleanup", Time since last: 3228275214 ns, Reaching safepoint: 395426550 ns, At safepoint: 21139 ns, Total: 395447689 ns
[2022-07-06T16:57:06.745+0000][71][safepoint   ] Safepoint "Cleanup", Time since last: 1000426767 ns, Reaching safepoint: 77178 ns, At safepoint: 3317 ns, Total: 80495 ns
[2022-07-06T16:57:07.746+0000][71][safepoint   ] Safepoint "Cleanup", Time since last: 1000754247 ns, Reaching safepoint: 138316 ns, At safepoint: 9508 ns, Total: 147824 ns
[2022-07-06T16:57:08.759+0000][71][safepoint   ] Safepoint "Cleanup", Time since last: 1012210349 ns, Reaching safepoint: 215448 ns, At safepoint: 17634 ns, Total: 233082 ns
[2022-07-06T16:57:09.795+0000][71][safepoint   ] Safepoint "Cleanup", Time since last: 1036495136 ns, Reaching safepoint: 114467 ns, At safepoint: 14792 ns, Total: 129259 ns
[2022-07-06T16:57:11.357+0000][71][safepoint   ] Safepoint "Cleanup", Time since last: 1046614643 ns, Reaching safepoint: 515253034 ns, At safepoint: 24897 ns, Total: 515277931 ns
[2022-07-06T16:57:14.874+0000][71][safepoint   ] Safepoint "Cleanup", Time since last: 1350916518 ns, Reaching safepoint: 2165532925 ns, At safepoint: 31754 ns, Total: 2165564679 ns
[2022-07-06T16:57:16.190+0000][71][safepoint   ] Safepoint "Cleanup", Time since last: 1184497640 ns, Reaching safepoint: 131286252 ns, At safepoint: 28254 ns, Total: 131314506 ns
[2022-07-06T16:57:17.518+0000][71][safepoint   ] Safepoint "Cleanup", Time since last: 1060344951 ns, Reaching safepoint: 268336277 ns, At safepoint: 77489 ns, Total: 268413766 ns
[2022-07-06T16:57:18.519+0000][71][safepoint   ] Safepoint "Cleanup", Time since last: 1000664653 ns, Reaching safepoint: 206263 ns, At safepoint: 20440 ns, Total: 226703 ns
[2022-07-06T16:57:19.553+0000][71][safepoint   ] Safepoint "Cleanup", Time since last: 1033334828 ns, Reaching safepoint: 198605 ns, At safepoint: 18460 ns, Total: 217065 ns
[2022-07-06T16:57:20.676+0000][71][safepoint   ] Safepoint "Cleanup", Time since last: 1123558714 ns, Reaching safepoint: 75335 ns, At safepoint: 9088 ns, Total: 84423 ns
[2022-07-06T16:57:23.008+0000][71][safepoint   ] Safepoint "Cleanup", Time since last: 2046551991 ns, Reaching safepoint: 284580243 ns, At safepoint: 50635 ns, Total: 284630878 ns
[2022-07-06T16:57:24.966+0000][71][safepoint   ] Safepoint "Cleanup", Time since last: 1139233522 ns, Reaching safepoint: 819041419 ns, At safepoint: 99396 ns, Total: 819140815 ns
[2022-07-06T16:57:26.168+0000][71][safepoint   ] Safepoint "Cleanup", Time since last: 1041697411 ns, Reaching safepoint: 160382522 ns, At safepoint: 32190 ns, Total: 160414712 ns
[2022-07-06T16:57:27.424+0000][71][safepoint   ] Safepoint "Cleanup", Time since last: 1028875338 ns, Reaching safepoint: 227495733 ns, At safepoint: 43396 ns, Total: 227539129 ns
[2022-07-06T16:57:28.604+0000][71][safepoint   ] Safepoint "Cleanup", Time since last: 1178103178 ns, Reaching safepoint: 1103671 ns, At safepoint: 92796 ns, Total: 1196467 ns
[2022-07-06T16:57:30.141+0000][71][safepoint   ] Safepoint "Cleanup", Time since last: 1004344493 ns, Reaching safepoint: 533345303 ns, At safepoint: 36583 ns, Total: 533381886 ns
[2022-07-06T16:57:31.142+0000][71][safepoint   ] Safepoint "Cleanup", Time since last: 1000413462 ns, Reaching safepoint: 126641 ns, At safepoint: 12293 ns, Total: 138934 ns
[2022-07-06T16:57:32.142+0000][71][safepoint   ] Safepoint "Cleanup", Time since last: 1000372931 ns, Reaching safepoint: 101906 ns, At safepoint: 5702 ns, Total: 107608 ns
[2022-07-06T16:57:33.331+0000][71][safepoint   ] Safepoint "Cleanup", Time since last: 1062697718 ns, Reaching safepoint: 125591782 ns, At safepoint: 37575 ns, Total: 125629357 ns
[2022-07-06T16:57:35.566+0000][71][safepoint   ] Safepoint "Cleanup", Time since last: 2235324265 ns, Reaching safepoint: 85429 ns, At safepoint: 5348 ns, Total: 90777 ns
[2022-07-06T16:57:37.625+0000][71][safepoint   ] Safepoint "Cleanup", Time since last: 2058267031 ns, Reaching safepoint: 121201 ns, At safepoint: 16914 ns, Total: 138115 ns
[2022-07-06T16:57:39.779+0000][71][safepoint   ] Safepoint "Cleanup", Time since last: 2153955156 ns, Reaching safepoint: 72587 ns, At safepoint: 4498 ns, Total: 77085 ns
[2022-07-06T16:57:41.682+0000][71][safepoint   ] Safepoint "Cleanup", Time since last: 1084405642 ns, Reaching safepoint: 819125921 ns, At safepoint: 75806 ns, Total: 819201727 ns
[2022-07-06T16:57:42.875+0000][71][safepoint   ] Safepoint "Cleanup", Time since last: 1002091095 ns, Reaching safepoint: 190994904 ns, At safepoint: 115668 ns, Total: 191110572 ns
[2022-07-06T16:57:44.114+0000][71][safepoint   ] Safepoint "Cleanup", Time since last: 1036750536 ns, Reaching safepoint: 201509499 ns, At safepoint: 72999 ns, Total: 201582498 ns
[2022-07-06T16:57:51.289+0000][71][safepoint   ] Safepoint "Cleanup", Time since last: 4766897779 ns, Reaching safepoint: 2408302913 ns, At safepoint: 26678 ns, Total: 2408329591 ns
[2022-07-06T16:57:52.289+0000][71][safepoint   ] Safepoint "Cleanup", Time since last: 1000308588 ns, Reaching safepoint: 110232 ns, At safepoint: 14395 ns, Total: 124627 ns
[2022-07-06T16:57:53.323+0000][71][safepoint   ] Safepoint "Cleanup", Time since last: 1033793077 ns, Reaching safepoint: 87020 ns, At safepoint: 4263 ns, Total: 91283 ns
[2022-07-06T16:57:54.682+0000][71][safepoint   ] Safepoint "Cleanup", Time since last: 1073770368 ns, Reaching safepoint: 284457518 ns, At safepoint: 50040 ns, Total: 284507558 ns
[2022-07-06T16:57:55.698+0000][71][safepoint   ] Safepoint "Cleanup", Time since last: 1016168655 ns, Reaching safepoint: 98934 ns, At safepoint: 5697 ns, Total: 104631 ns
[2022-07-06T16:57:57.064+0000][71][safepoint   ] Safepoint "Cleanup", Time since last: 1139088131 ns, Reaching safepoint: 226903755 ns, At safepoint: 62029 ns, Total: 226965784 ns
[2022-07-06T16:57:58.066+0000][71][safepoint   ] Safepoint "Cleanup", Time since last: 1001398943 ns, Reaching safepoint: 96850 ns, At safepoint: 39558 ns, Total: 136408 ns
[2022-07-06T16:57:59.198+0000][71][safepoint   ] Safepoint "Cleanup", Time since last: 1000347502 ns, Reaching safepoint: 131849726 ns, At safepoint: 53670 ns, Total: 131903396 ns
[2022-07-06T16:58:00.228+0000][71][safepoint   ] Safepoint "Cleanup", Time since last: 1028464231 ns, Reaching safepoint: 1884031 ns, At safepoint: 22272 ns, Total: 1906303 ns
[2022-07-06T16:58:01.782+0000][71][safepoint   ] Safepoint "Cleanup", Time since last: 1038584178 ns, Reaching safepoint: 515159514 ns, At safepoint: 104493 ns, Total: 515264007 ns
[2022-07-06T16:58:03.243+0000][71][safepoint   ] Safepoint "Cleanup", Time since last: 1096333934 ns, Reaching safepoint: 364581375 ns, At safepoint: 60967 ns, Total: 364642342 ns
[2022-07-06T16:58:05.100+0000][71][safepoint   ] Safepoint "Cleanup", Time since last: 1026301944 ns, Reaching safepoint: 830324431 ns, At safepoint: 44026 ns, Total: 830368457 ns
[2022-07-06T16:58:06.411+0000][71][safepoint   ] Safepoint "Cleanup", Time since last: 1017491057 ns, Reaching safepoint: 293524940 ns, At safepoint: 75935 ns, Total: 293600875 ns
[2022-07-06T16:58:07.530+0000][71][safepoint   ] Safepoint "Cleanup", Time since last: 1093642503 ns, Reaching safepoint: 26116515 ns, At safepoint: 24690 ns, Total: 26141205 ns
[2022-07-06T16:58:09.556+0000][71][safepoint   ] Safepoint "Cleanup", Time since last: 2013068032 ns, Reaching safepoint: 12867581 ns, At safepoint: 16434 ns, Total: 12884015 ns
[2022-07-06T16:58:10.557+0000][71][safepoint   ] Safepoint "Cleanup", Time since last: 1000966113 ns, Reaching safepoint: 56768 ns, At safepoint: 19022 ns, Total: 75790 ns
[2022-07-06T16:58:11.589+0000][71][safepoint   ] Safepoint "Cleanup", Time since last: 1030993744 ns, Reaching safepoint: 121403 ns, At safepoint: 8370 ns, Total: 129773 ns
[2022-07-06T16:58:12.714+0000][71][safepoint   ] Safepoint "Cleanup", Time since last: 1125390752 ns, Reaching safepoint: 99617 ns, At safepoint: 4454 ns, Total: 104071 ns
[2022-07-06T16:58:13.830+0000][71][safepoint   ] Safepoint "Cleanup", Time since last: 1070584608 ns, Reaching safepoint: 45048274 ns, At safepoint: 75019 ns, Total: 45123293 ns
[2022-07-06T16:58:14.831+0000][71][safepoint   ] Safepoint "Cleanup", Time since last: 1000798008 ns, Reaching safepoint: 95143 ns, At safepoint: 7016 ns, Total: 102159 ns
[2022-07-06T16:58:16.158+0000][71][safepoint   ] Safepoint "Cleanup", Time since last: 1327201360 ns, Reaching safepoint: 478109 ns, At safepoint: 19988 ns, Total: 498097 ns
[2022-07-06T16:58:18.095+0000][71][safepoint   ] Safepoint "Cleanup", Time since last: 1936518891 ns, Reaching safepoint: 128251 ns, At safepoint: 8986 ns, Total: 137237 ns
[2022-07-06T16:58:19.189+0000][71][safepoint   ] Safepoint "Cleanup", Time since last: 1000303444 ns, Reaching safepoint: 93638375 ns, At safepoint: 25320 ns, Total: 93663695 ns
[2022-07-06T16:58:20.198+0000][71][safepoint   ] Safepoint "Cleanup", Time since last: 1008791405 ns, Reaching safepoint: 120905 ns, At safepoint: 13364 ns, Total: 134269 ns
[2022-07-06T16:58:21.209+0000][71][safepoint   ] Safepoint "Cleanup", Time since last: 1010781257 ns, Reaching safepoint: 363148 ns, At safepoint: 56696 ns, Total: 419844 ns
[2022-07-06T16:58:23.204+0000][71][safepoint   ] Safepoint "Cleanup", Time since last: 1994465590 ns, Reaching safepoint: 110529 ns, At safepoint: 10092 ns, Total: 120621 ns
[2022-07-06T16:58:24.204+0000][71][safepoint   ] Safepoint "Cleanup", Time since last: 1000221621 ns, Reaching safepoint: 81944 ns, At safepoint: 9450 ns, Total: 91394 ns
[2022-07-06T16:58:25.325+0000][71][safepoint   ] Safepoint "Cleanup", Time since last: 1120882764 ns, Reaching safepoint: 104454 ns, At safepoint: 6283 ns, Total: 110737 ns
[2022-07-06T16:58:26.416+0000][71][safepoint   ] Safepoint "Cleanup", Time since last: 1005176270 ns, Reaching safepoint: 86161868 ns, At safepoint: 27827 ns, Total: 86189695 ns
[2022-07-06T16:58:27.582+0000][71][safepoint   ] Safepoint "Cleanup", Time since last: 1008197605 ns, Reaching safepoint: 157610751 ns, At safepoint: 21297 ns, Total: 157632048 ns
[2022-07-06T16:58:28.610+0000][71][safepoint   ] Safepoint "Cleanup", Time since last: 1027437060 ns, Reaching safepoint: 159064 ns, At safepoint: 31710 ns, Total: 190774 ns
[2022-07-06T16:58:29.771+0000][71][safepoint   ] Safepoint "Cleanup", Time since last: 1161137503 ns, Reaching safepoint: 178751 ns, At safepoint: 9947 ns, Total: 188698 ns
[2022-07-06T16:58:30.772+0000][71][safepoint   ] Safepoint "Cleanup", Time since last: 1000422697 ns, Reaching safepoint: 92648 ns, At safepoint: 8185 ns, Total: 100833 ns
[2022-07-06T16:58:31.773+0000][71][safepoint   ] Safepoint "Cleanup", Time since last: 1000869970 ns, Reaching safepoint: 87834 ns, At safepoint: 6450 ns, Total: 94284 ns
[2022-07-06T16:58:37.952+0000][71][safepoint   ] Safepoint "Cleanup", Time since last: 6179014495 ns, Reaching safepoint: 81969 ns, At safepoint: 3399 ns, Total: 85368 ns
[2022-07-06T16:58:38.952+0000][71][safepoint   ] Safepoint "Cleanup", Time since last: 1000232625 ns, Reaching safepoint: 137764 ns, At safepoint: 6239 ns, Total: 144003 ns
[2022-07-06T16:58:41.000+0000][71][safepoint   ] Safepoint "Cleanup", Time since last: 2047700082 ns, Reaching safepoint: 74000 ns, At safepoint: 6641 ns, Total: 80641 ns
[2022-07-06T16:58:42.001+0000][71][safepoint   ] Safepoint "Cleanup", Time since last: 1000625791 ns, Reaching safepoint: 94128 ns, At safepoint: 7037 ns, Total: 101165 ns
[2022-07-06T16:58:44.479+0000][71][safepoint   ] Safepoint "Cleanup", Time since last: 2000806410 ns, Reaching safepoint: 477343646 ns, At safepoint: 30052 ns, Total: 477373698 ns
[2022-07-06T16:58:45.518+0000][71][safepoint   ] Safepoint "Cleanup", Time since last: 1038373997 ns, Reaching safepoint: 625423 ns, At safepoint: 8148 ns, Total: 633571 ns
[2022-07-06T16:58:47.707+0000][71][safepoint   ] Safepoint "Cleanup", Time since last: 2189286283 ns, Reaching safepoint: 85497 ns, At safepoint: 6972 ns, Total: 92469 ns
[2022-07-06T16:58:48.790+0000][71][safepoint   ] Safepoint "Cleanup", Time since last: 1082238659 ns, Reaching safepoint: 69067 ns, At safepoint: 35334 ns, Total: 104401 ns
[2022-07-06T16:58:51.088+0000][71][safepoint   ] Safepoint "Cleanup", Time since last: 1853152415 ns, Reaching safepoint: 445470307 ns, At safepoint: 58616 ns, Total: 445528923 ns
[2022-07-06T16:58:53.421+0000][71][safepoint   ] Safepoint "Cleanup", Time since last: 2073240066 ns, Reaching safepoint: 259246296 ns, At safepoint: 46612 ns, Total: 259292908 ns
[2022-07-06T16:58:54.422+0000][71][safepoint   ] Safepoint "Cleanup", Time since last: 1000401396 ns, Reaching safepoint: 1093871 ns, At safepoint: 7514 ns, Total: 1101385 ns
[2022-07-06T16:58:55.597+0000][71][safepoint   ] Safepoint "Cleanup", Time since last: 1105268261 ns, Reaching safepoint: 69138898 ns, At safepoint: 48938 ns, Total: 69187836 ns
[2022-07-06T16:58:56.655+0000][71][safepoint   ] Safepoint "Cleanup", Time since last: 1058018014 ns, Reaching safepoint: 63762 ns, At safepoint: 2797 ns, Total: 66559 ns
[2022-07-06T16:58:59.110+0000][71][safepoint   ] Safepoint "Cleanup", Time since last: 2062591361 ns, Reaching safepoint: 392566352 ns, At safepoint: 25451 ns, Total: 392591803 ns
[2022-07-06T16:59:00.364+0000][71][safepoint   ] Safepoint "Cleanup", Time since last: 1019041230 ns, Reaching safepoint: 234806308 ns, At safepoint: 45157 ns, Total: 234851465 ns
[2022-07-06T16:59:01.451+0000][71][safepoint   ] Safepoint "Cleanup", Time since last: 1031035074 ns, Reaching safepoint: 55593734 ns, At safepoint: 138863 ns, Total: 55732597 ns
[2022-07-06T16:59:03.512+0000][71][safepoint   ] Safepoint "Cleanup", Time since last: 2061462754 ns, Reaching safepoint: 85228 ns, At safepoint: 8893 ns, Total: 94121 ns
[2022-07-06T16:59:04.538+0000][71][safepoint   ] Safepoint "Cleanup", Time since last: 1025896295 ns, Reaching safepoint: 111153 ns, At safepoint: 7823 ns, Total: 118976 ns
[2022-07-06T16:59:05.908+0000][71][safepoint   ] Safepoint "ICBufferFull", Time since last: 1368614238 ns, Reaching safepoint: 1000053 ns, At safepoint: 33123 ns, Total: 1033176 ns
[2022-07-06T16:59:06.909+0000][71][safepoint   ] Safepoint "Cleanup", Time since last: 1000569714 ns, Reaching safepoint: 828606 ns, At safepoint: 9074 ns, Total: 837680 ns
[2022-07-06T16:59:08.280+0000][71][safepoint   ] Safepoint "Cleanup", Time since last: 1029477589 ns, Reaching safepoint: 341077789 ns, At safepoint: 29088 ns, Total: 341106877 ns
[2022-07-06T16:59:09.299+0000][71][safepoint   ] Safepoint "Cleanup", Time since last: 1018973691 ns, Reaching safepoint: 69713 ns, At safepoint: 9756 ns, Total: 79469 ns
[2022-07-06T16:59:10.300+0000][71][safepoint   ] Safepoint "Cleanup", Time since last: 1000517066 ns, Reaching safepoint: 83184 ns, At safepoint: 11321 ns, Total: 94505 ns
[2022-07-06T16:59:11.497+0000][71][safepoint   ] Safepoint "Cleanup", Time since last: 1113526567 ns, Reaching safepoint: 83744059 ns, At safepoint: 49451 ns, Total: 83793510 ns
[2022-07-06T16:59:12.885+0000][71][safepoint   ] Safepoint "Cleanup", Time since last: 1387886097 ns, Reaching safepoint: 118804 ns, At safepoint: 23478 ns, Total: 142282 ns
[2022-07-06T16:59:13.983+0000][71][safepoint   ] Safepoint "Cleanup", Time since last: 1097684087 ns, Reaching safepoint: 257443 ns, At safepoint: 8079 ns, Total: 265522 ns
[2022-07-06T16:59:15.999+0000][71][safepoint   ] Safepoint "Cleanup", Time since last: 2015349267 ns, Reaching safepoint: 828273 ns, At safepoint: 22815 ns, Total: 851088 ns
[2022-07-06T16:59:17.610+0000][71][safepoint   ] Safepoint "Cleanup", Time since last: 1610660033 ns, Reaching safepoint: 123971 ns, At safepoint: 5819 ns, Total: 129790 ns
[2022-07-06T16:59:18.617+0000][71][safepoint   ] Safepoint "Cleanup", Time since last: 1007187237 ns, Reaching safepoint: 102786 ns, At safepoint: 10409 ns, Total: 113195 ns
[2022-07-06T16:59:19.618+0000][71][safepoint   ] Safepoint "Cleanup", Time since last: 1000895557 ns, Reaching safepoint: 79392 ns, At safepoint: 31706 ns, Total: 111098 ns
[2022-07-06T16:59:21.576+0000][71][safepoint   ] Safepoint "Cleanup", Time since last: 1830055747 ns, Reaching safepoint: 128171175 ns, At safepoint: 102127 ns, Total: 128273302 ns
[2022-07-06T16:59:22.754+0000][71][safepoint   ] Safepoint "Cleanup", Time since last: 1006706490 ns, Reaching safepoint: 170340426 ns, At safepoint: 51953 ns, Total: 170392379 ns
[2022-07-06T16:59:23.804+0000][71][safepoint   ] Safepoint "Cleanup", Time since last: 1037477140 ns, Reaching safepoint: 12396337 ns, At safepoint: 33272 ns, Total: 12429609 ns
[2022-07-06T16:59:24.809+0000][71][safepoint   ] Safepoint "Cleanup", Time since last: 1000471245 ns, Reaching safepoint: 5171863 ns, At safepoint: 44266 ns, Total: 5216129 ns
[2022-07-06T16:59:25.889+0000][71][safepoint   ] Safepoint "Cleanup", Time since last: 1079928994 ns, Reaching safepoint: 66552 ns, At safepoint: 9062 ns, Total: 75614 ns
[2022-07-06T16:59:26.890+0000][71][safepoint   ] Safepoint "Cleanup", Time since last: 1000617389 ns, Reaching safepoint: 98023 ns, At safepoint: 6048 ns, Total: 104071 ns
[2022-07-06T16:59:28.103+0000][71][safepoint   ] Safepoint "Cleanup", Time since last: 1038608514 ns, Reaching safepoint: 174254327 ns, At safepoint: 36302 ns, Total: 174290629 ns
[2022-07-06T16:59:29.255+0000][71][safepoint   ] Safepoint "Cleanup", Time since last: 1041115018 ns, Reaching safepoint: 110654518 ns, At safepoint: 52954 ns, Total: 110707472 ns
[2022-07-06T16:59:30.814+0000][71][safepoint   ] Safepoint "Cleanup", Time since last: 1342498828 ns, Reaching safepoint: 217076061 ns, At safepoint: 91410 ns, Total: 217167471 ns
[2022-07-06T16:59:31.825+0000][71][safepoint   ] Safepoint "Cleanup", Time since last: 1010819507 ns, Reaching safepoint: 70595 ns, At safepoint: 4477 ns, Total: 75072 ns
[2022-07-06T16:59:32.858+0000][71][safepoint   ] Safepoint "Cleanup", Time since last: 1032033218 ns, Reaching safepoint: 357467 ns, At safepoint: 32952 ns, Total: 390419 ns
[2022-07-06T16:59:34.337+0000][71][safepoint   ] Safepoint "Cleanup", Time since last: 1002171718 ns, Reaching safepoint: 477407595 ns, At safepoint: 50961 ns, Total: 477458556 ns
[2022-07-06T16:59:35.783+0000][71][safepoint   ] Safepoint "Cleanup", Time since last: 1029400600 ns, Reaching safepoint: 415942622 ns, At safepoint: 51020 ns, Total: 415993642 ns
[2022-07-06T16:59:36.831+0000][71][safepoint   ] Safepoint "Cleanup", Time since last: 1048090843 ns, Reaching safepoint: 132469 ns, At safepoint: 11646 ns, Total: 144115 ns
[2022-07-06T16:59:41.987+0000][71][safepoint   ] Safepoint "Cleanup", Time since last: 5155884115 ns, Reaching safepoint: 203117 ns, At safepoint: 33532 ns, Total: 236649 ns
[2022-07-06T16:59:43.991+0000][71][safepoint   ] Safepoint "Cleanup", Time since last: 2003874845 ns, Reaching safepoint: 149175 ns, At safepoint: 15085 ns, Total: 164260 ns
[2022-07-06T16:59:48.038+0000][71][safepoint   ] Safepoint "Cleanup", Time since last: 4047229983 ns, Reaching safepoint: 116781 ns, At safepoint: 12671 ns, Total: 129452 ns
[2022-07-06T16:59:49.039+0000][71][safepoint   ] Safepoint "Cleanup", Time since last: 1000176652 ns, Reaching safepoint: 106012 ns, At safepoint: 10036 ns, Total: 116048 ns
[2022-07-06T16:59:50.040+0000][71][safepoint   ] Safepoint "Cleanup", Time since last: 1000739922 ns, Reaching safepoint: 136284 ns, At safepoint: 10527 ns, Total: 146811 ns
[2022-07-06T16:59:51.067+0000][71][safepoint   ] Safepoint "Cleanup", Time since last: 1027794898 ns, Reaching safepoint: 83130 ns, At safepoint: 10077 ns, Total: 93207 ns
[2022-07-06T16:59:53.609+0000][71][safepoint   ] Safepoint "Cleanup", Time since last: 2022859725 ns, Reaching safepoint: 518815133 ns, At safepoint: 26937 ns, Total: 518842070 ns
[2022-07-06T16:59:54.676+0000][71][safepoint   ] Safepoint "Cleanup", Time since last: 1002050999 ns, Reaching safepoint: 64996401 ns, At safepoint: 59150 ns, Total: 65055551 ns
[2022-07-06T16:59:55.677+0000][71][safepoint   ] Safepoint "Cleanup", Time since last: 1000914455 ns, Reaching safepoint: 115679 ns, At safepoint: 15504 ns, Total: 131183 ns
[2022-07-06T16:59:56.678+0000][71][safepoint   ] Safepoint "Cleanup", Time since last: 1000544255 ns, Reaching safepoint: 94962 ns, At safepoint: 9658 ns, Total: 104620 ns
[2022-07-06T16:59:57.678+0000][71][safepoint   ] Safepoint "Cleanup", Time since last: 1000194592 ns, Reaching safepoint: 105512 ns, At safepoint: 29242 ns, Total: 134754 ns
[2022-07-06T16:59:58.683+0000][71][safepoint   ] Safepoint "Cleanup", Time since last: 1004815255 ns, Reaching safepoint: 96690 ns, At safepoint: 11520 ns, Total: 108210 ns
[2022-07-06T16:59:59.697+0000][71][safepoint   ] Safepoint "Cleanup", Time since last: 1013675539 ns, Reaching safepoint: 95033 ns, At safepoint: 47587 ns, Total: 142620 ns
[2022-07-06T17:00:01.712+0000][71][safepoint   ] Safepoint "Cleanup", Time since last: 2014862462 ns, Reaching safepoint: 130567 ns, At safepoint: 19420 ns, Total: 149987 ns
[2022-07-06T17:00:03.895+0000][71][safepoint   ] Safepoint "Cleanup", Time since last: 2182461068 ns, Reaching safepoint: 95376 ns, At safepoint: 3915 ns, Total: 99291 ns
[2022-07-06T17:00:04.919+0000][71][safepoint   ] Safepoint "Cleanup", Time since last: 1023958728 ns, Reaching safepoint: 114293 ns, At safepoint: 12189 ns, Total: 126482 ns
[2022-07-06T17:00:06.077+0000][71][gc,start    ] GC(16) Pause Young (Normal) (G1 Evacuation Pause)
[2022-07-06T17:00:06.077+0000][71][gc,task     ] GC(16) Using 8 workers of 8 for evacuation
[2022-07-06T17:00:06.077+0000][71][gc,age      ] GC(16) Desired survivor size 20971520 bytes, new threshold 3 (max threshold 15)
[2022-07-06T17:00:06.256+0000][71][gc,phases   ] GC(16)   Pre Evacuate Collection Set: 0.1ms
[2022-07-06T17:00:06.256+0000][71][gc,phases   ] GC(16)   Merge Heap Roots: 0.1ms
[2022-07-06T17:00:06.256+0000][71][gc,phases   ] GC(16)   Evacuate Collection Set: 163.7ms
[2022-07-06T17:00:06.256+0000][71][gc,phases   ] GC(16)   Post Evacuate Collection Set: 15.5ms
[2022-07-06T17:00:06.256+0000][71][gc,phases   ] GC(16)   Other: 0.1ms
[2022-07-06T17:00:06.256+0000][71][gc,age      ] GC(16) Age table with threshold 3 (max threshold 15)
[2022-07-06T17:00:06.256+0000][71][gc,age      ] GC(16) - age   1:   16531376 bytes,   16531376 total
[2022-07-06T17:00:06.256+0000][71][gc,age      ] GC(16) - age   2:   11305664 bytes,   27837040 total
[2022-07-06T17:00:06.256+0000][71][gc,age      ] GC(16) - age   3:    5251616 bytes,   33088656 total
[2022-07-06T17:00:06.256+0000][71][gc,heap     ] GC(16) Eden regions: 70->0(67)
[2022-07-06T17:00:06.256+0000][71][gc,heap     ] GC(16) Survivor regions: 6->9(10)
[2022-07-06T17:00:06.256+0000][71][gc,heap     ] GC(16) Old regions: 12->13
[2022-07-06T17:00:06.256+0000][71][gc,heap     ] GC(16) Archive regions: 2->2
[2022-07-06T17:00:06.256+0000][71][gc,heap     ] GC(16) Humongous regions: 0->0
[2022-07-06T17:00:06.256+0000][71][gc,metaspace] GC(16) Metaspace: 113073K(116160K)->113073K(116160K) NonClass: 97691K(99328K)->97691K(99328K) Class: 15382K(16832K)->15382K(16832K)
[2022-07-06T17:00:06.256+0000][71][gc          ] GC(16) Pause Young (Normal) (G1 Evacuation Pause) 351M->88M(512M) 179.742ms
[2022-07-06T17:00:06.256+0000][71][gc,cpu      ] GC(16) User=0.56s Sys=0.05s Real=0.18s
[2022-07-06T17:00:06.256+0000][71][safepoint   ] Safepoint "G1CollectForAllocation", Time since last: 1157852848 ns, Reaching safepoint: 88564 ns, At safepoint: 179863396 ns, Total: 179951960 ns
[2022-07-06T17:00:07.782+0000][71][safepoint   ] Safepoint "Cleanup", Time since last: 1129406518 ns, Reaching safepoint: 396040832 ns, At safepoint: 36428 ns, Total: 396077260 ns
[2022-07-06T17:00:08.831+0000][71][safepoint   ] Safepoint "Cleanup", Time since last: 1048541125 ns, Reaching safepoint: 127806 ns, At safepoint: 9298 ns, Total: 137104 ns
[2022-07-06T17:00:10.328+0000][71][safepoint   ] Safepoint "Cleanup", Time since last: 1497726762 ns, Reaching safepoint: 92712 ns, At safepoint: 4001 ns, Total: 96713 ns
[2022-07-06T17:00:11.351+0000][71][safepoint   ] Safepoint "Cleanup", Time since last: 1022104883 ns, Reaching safepoint: 183929 ns, At safepoint: 17780 ns, Total: 201709 ns
[2022-07-06T17:00:12.370+0000][71][safepoint   ] Safepoint "Cleanup", Time since last: 1019549714 ns, Reaching safepoint: 96218 ns, At safepoint: 7908 ns, Total: 104126 ns
[2022-07-06T17:00:19.396+0000][71][safepoint   ] Safepoint "Cleanup", Time since last: 7025601091 ns, Reaching safepoint: 116938 ns, At safepoint: 6874 ns, Total: 123812 ns
[2022-07-06T17:00:20.689+0000][71][safepoint   ] Safepoint "Cleanup", Time since last: 1271647508 ns, Reaching safepoint: 20720767 ns, At safepoint: 39697 ns, Total: 20760464 ns
[2022-07-06T17:00:21.722+0000][71][safepoint   ] Safepoint "Cleanup", Time since last: 1033206560 ns, Reaching safepoint: 226683 ns, At safepoint: 37021 ns, Total: 263704 ns
[2022-07-06T17:00:22.732+0000][71][safepoint   ] Safepoint "Cleanup", Time since last: 1009385890 ns, Reaching safepoint: 561660 ns, At safepoint: 20424 ns, Total: 582084 ns
[2022-07-06T17:00:23.744+0000][71][safepoint   ] Safepoint "Cleanup", Time since last: 1000624224 ns, Reaching safepoint: 11474775 ns, At safepoint: 56219 ns, Total: 11530994 ns
[2022-07-06T17:00:24.748+0000][71][safepoint   ] Safepoint "Cleanup", Time since last: 1004138417 ns, Reaching safepoint: 168031 ns, At safepoint: 21106 ns, Total: 189137 ns
[2022-07-06T17:00:26.001+0000][71][safepoint   ] Safepoint "Cleanup", Time since last: 1188258634 ns, Reaching safepoint: 63768940 ns, At safepoint: 97821 ns, Total: 63866761 ns
[2022-07-06T17:00:27.027+0000][71][safepoint   ] Safepoint "Cleanup", Time since last: 1025912269 ns, Reaching safepoint: 135995 ns, At safepoint: 11717 ns, Total: 147712 ns
[2022-07-06T17:00:27.848+0000][71][safepoint   ] Safepoint "ICBufferFull", Time since last: 821023666 ns, Reaching safepoint: 265589 ns, At safepoint: 77851 ns, Total: 343440 ns
[2022-07-06T17:00:29.580+0000][71][safepoint   ] Safepoint "Cleanup", Time since last: 1000205010 ns, Reaching safepoint: 731585140 ns, At safepoint: 114345 ns, Total: 731699485 ns
[2022-07-06T17:00:30.715+0000][71][safepoint   ] Safepoint "Cleanup", Time since last: 1021999710 ns, Reaching safepoint: 112525750 ns, At safepoint: 40677 ns, Total: 112566427 ns
[2022-07-06T17:00:32.035+0000][71][safepoint   ] Safepoint "Cleanup", Time since last: 1041793722 ns, Reaching safepoint: 278580822 ns, At safepoint: 35671 ns, Total: 278616493 ns
[2022-07-06T17:00:33.711+0000][71][safepoint   ] Safepoint "Cleanup", Time since last: 1556399238 ns, Reaching safepoint: 119642410 ns, At safepoint: 27131 ns, Total: 119669541 ns
[2022-07-06T17:00:34.715+0000][71][safepoint   ] Safepoint "Cleanup", Time since last: 1003397489 ns, Reaching safepoint: 91424 ns, At safepoint: 19027 ns, Total: 110451 ns
[2022-07-06T17:00:35.716+0000][71][safepoint   ] Safepoint "Cleanup", Time since last: 1001729275 ns, Reaching safepoint: 87065 ns, At safepoint: 23973 ns, Total: 111038 ns
[2022-07-06T17:00:37.617+0000][71][safepoint   ] Safepoint "Cleanup", Time since last: 1848944867 ns, Reaching safepoint: 51909711 ns, At safepoint: 62166 ns, Total: 51971877 ns
[2022-07-06T17:00:38.639+0000][71][safepoint   ] Safepoint "Cleanup", Time since last: 1002132792 ns, Reaching safepoint: 19723466 ns, At safepoint: 98504 ns, Total: 19821970 ns
[2022-07-06T17:00:39.470+0000][71][safepoint   ] Safepoint "ICBufferFull", Time since last: 830112633 ns, Reaching safepoint: 256349 ns, At safepoint: 53070 ns, Total: 309419 ns
[2022-07-06T17:00:40.771+0000][71][safepoint   ] Safepoint "Cleanup", Time since last: 1001259869 ns, Reaching safepoint: 299585177 ns, At safepoint: 36312 ns, Total: 299621489 ns
[2022-07-06T17:00:41.136+0000][71][gc,start    ] GC(17) Pause Young (Normal) (G1 Evacuation Pause)
[2022-07-06T17:00:41.136+0000][71][gc,task     ] GC(17) Using 8 workers of 8 for evacuation
[2022-07-06T17:00:41.136+0000][71][gc,age      ] GC(17) Desired survivor size 20971520 bytes, new threshold 2 (max threshold 15)
[2022-07-06T17:00:41.162+0000][71][gc,phases   ] GC(17)   Pre Evacuate Collection Set: 0.2ms
[2022-07-06T17:00:41.162+0000][71][gc,phases   ] GC(17)   Merge Heap Roots: 0.1ms
[2022-07-06T17:00:41.162+0000][71][gc,phases   ] GC(17)   Evacuate Collection Set: 23.5ms
[2022-07-06T17:00:41.162+0000][71][gc,phases   ] GC(17)   Post Evacuate Collection Set: 2.5ms
[2022-07-06T17:00:41.162+0000][71][gc,phases   ] GC(17)   Other: 0.1ms
[2022-07-06T17:00:41.162+0000][71][gc,age      ] GC(17) Age table with threshold 2 (max threshold 15)
[2022-07-06T17:00:41.162+0000][71][gc,age      ] GC(17) - age   1:   14944576 bytes,   14944576 total
[2022-07-06T17:00:41.162+0000][71][gc,age      ] GC(17) - age   2:   13402776 bytes,   28347352 total
[2022-07-06T17:00:41.162+0000][71][gc,heap     ] GC(17) Eden regions: 67->0(68)
[2022-07-06T17:00:41.162+0000][71][gc,heap     ] GC(17) Survivor regions: 9->8(10)
[2022-07-06T17:00:41.162+0000][71][gc,heap     ] GC(17) Old regions: 13->17
[2022-07-06T17:00:41.162+0000][71][gc,heap     ] GC(17) Archive regions: 2->2
[2022-07-06T17:00:41.162+0000][71][gc,heap     ] GC(17) Humongous regions: 0->0
[2022-07-06T17:00:41.162+0000][71][gc,metaspace] GC(17) Metaspace: 119943K(123264K)->119943K(123264K) NonClass: 103584K(105344K)->103584K(105344K) Class: 16358K(17920K)->16358K(17920K)
[2022-07-06T17:00:41.162+0000][71][gc          ] GC(17) Pause Young (Normal) (G1 Evacuation Pause) 356M->100M(512M) 26.801ms
[2022-07-06T17:00:41.162+0000][71][gc,cpu      ] GC(17) User=0.11s Sys=0.00s Real=0.03s
[2022-07-06T17:00:41.163+0000][71][safepoint   ] Safepoint "G1CollectForAllocation", Time since last: 321234715 ns, Reaching safepoint: 43804817 ns, At safepoint: 26983611 ns, Total: 70788428 ns
[2022-07-06T17:00:42.169+0000][71][safepoint   ] Safepoint "Cleanup", Time since last: 1005952132 ns, Reaching safepoint: 156417 ns, At safepoint: 12680 ns, Total: 169097 ns
[2022-07-06T17:00:43.450+0000][71][safepoint   ] Safepoint "Cleanup", Time since last: 1055416638 ns, Reaching safepoint: 226347179 ns, At safepoint: 38615 ns, Total: 226385794 ns
[2022-07-06T17:00:44.898+0000][71][safepoint   ] Safepoint "Cleanup", Time since last: 1021345606 ns, Reaching safepoint: 426326584 ns, At safepoint: 63448 ns, Total: 426390032 ns
[2022-07-06T17:00:45.918+0000][71][safepoint   ] Safepoint "Cleanup", Time since last: 1019663878 ns, Reaching safepoint: 286461 ns, At safepoint: 32303 ns, Total: 318764 ns
[2022-07-06T17:00:46.919+0000][71][safepoint   ] Safepoint "Cleanup", Time since last: 1000269942 ns, Reaching safepoint: 175796 ns, At safepoint: 14866 ns, Total: 190662 ns
[2022-07-06T17:00:47.919+0000][71][safepoint   ] Safepoint "Cleanup", Time since last: 1000603923 ns, Reaching safepoint: 80613 ns, At safepoint: 16486 ns, Total: 97099 ns
[2022-07-06T17:00:48.920+0000][71][safepoint   ] Safepoint "Cleanup", Time since last: 1000328360 ns, Reaching safepoint: 255688 ns, At safepoint: 21197 ns, Total: 276885 ns
[2022-07-06T17:00:50.140+0000][71][safepoint   ] Safepoint "Cleanup", Time since last: 1220216168 ns, Reaching safepoint: 313056 ns, At safepoint: 11610 ns, Total: 324666 ns
[2022-07-06T17:00:51.141+0000][71][safepoint   ] Safepoint "Cleanup", Time since last: 1000433934 ns, Reaching safepoint: 187523 ns, At safepoint: 13497 ns, Total: 201020 ns
[2022-07-06T17:00:52.143+0000][71][safepoint   ] Safepoint "Cleanup", Time since last: 1001031829 ns, Reaching safepoint: 366580 ns, At safepoint: 10983 ns, Total: 377563 ns
[2022-07-06T17:00:54.144+0000][71][safepoint   ] Safepoint "Cleanup", Time since last: 2001443649 ns, Reaching safepoint: 177601 ns, At safepoint: 16240 ns, Total: 193841 ns
[2022-07-06T17:00:56.145+0000][71][safepoint   ] Safepoint "Cleanup", Time since last: 2000885599 ns, Reaching safepoint: 376721 ns, At safepoint: 46436 ns, Total: 423157 ns
[2022-07-06T17:00:57.146+0000][71][safepoint   ] Safepoint "Cleanup", Time since last: 1000232086 ns, Reaching safepoint: 278588 ns, At safepoint: 66272 ns, Total: 344860 ns
[2022-07-06T17:00:58.147+0000][71][safepoint   ] Safepoint "Cleanup", Time since last: 1001055041 ns, Reaching safepoint: 318682 ns, At safepoint: 25142 ns, Total: 343824 ns
[2022-07-06T17:00:59.149+0000][71][safepoint   ] Safepoint "Cleanup", Time since last: 1001123799 ns, Reaching safepoint: 215618 ns, At safepoint: 7477 ns, Total: 223095 ns
[2022-07-06T17:01:00.152+0000][71][safepoint   ] Safepoint "Cleanup", Time since last: 1003305970 ns, Reaching safepoint: 212377 ns, At safepoint: 11261 ns, Total: 223638 ns
[2022-07-06T17:01:02.154+0000][71][safepoint   ] Safepoint "Cleanup", Time since last: 2001825814 ns, Reaching safepoint: 154232 ns, At safepoint: 8567 ns, Total: 162799 ns
[2022-07-06T17:01:03.967+0000][71][safepoint   ] Safepoint "Cleanup", Time since last: 1812247407 ns, Reaching safepoint: 425054 ns, At safepoint: 8550 ns, Total: 433604 ns
[2022-07-06T17:01:04.968+0000][71][safepoint   ] Safepoint "Cleanup", Time since last: 1001281345 ns, Reaching safepoint: 178133 ns, At safepoint: 14135 ns, Total: 192268 ns
[2022-07-06T17:01:05.969+0000][71][safepoint   ] Safepoint "Cleanup", Time since last: 1000202198 ns, Reaching safepoint: 152872 ns, At safepoint: 10053 ns, Total: 162925 ns
[2022-07-06T17:01:06.970+0000][71][safepoint   ] Safepoint "Cleanup", Time since last: 1000876991 ns, Reaching safepoint: 184024 ns, At safepoint: 13098 ns, Total: 197122 ns
[2022-07-06T17:01:08.926+0000][71][safepoint   ] Safepoint "Cleanup", Time since last: 1954120160 ns, Reaching safepoint: 1512088 ns, At safepoint: 42886 ns, Total: 1554974 ns
[2022-07-06T17:01:09.926+0000][71][safepoint   ] Safepoint "Cleanup", Time since last: 1000478736 ns, Reaching safepoint: 300888 ns, At safepoint: 79492 ns, Total: 380380 ns
[2022-07-06T17:01:10.928+0000][71][safepoint   ] Safepoint "Cleanup", Time since last: 1001071148 ns, Reaching safepoint: 189437 ns, At safepoint: 20006 ns, Total: 209443 ns
[2022-07-06T17:01:11.929+0000][71][safepoint   ] Safepoint "Cleanup", Time since last: 1000690843 ns, Reaching safepoint: 177620 ns, At safepoint: 30746 ns, Total: 208366 ns
[2022-07-06T17:01:12.930+0000][71][safepoint   ] Safepoint "Cleanup", Time since last: 1000753996 ns, Reaching safepoint: 233522 ns, At safepoint: 8302 ns, Total: 241824 ns
[2022-07-06T17:01:13.930+0000][71][safepoint   ] Safepoint "Cleanup", Time since last: 1000526303 ns, Reaching safepoint: 186672 ns, At safepoint: 26920 ns, Total: 213592 ns
[2022-07-06T17:01:14.931+0000][71][safepoint   ] Safepoint "Cleanup", Time since last: 1000868165 ns, Reaching safepoint: 110125 ns, At safepoint: 9659 ns, Total: 119784 ns
[2022-07-06T17:01:15.932+0000][71][safepoint   ] Safepoint "Cleanup", Time since last: 1000444757 ns, Reaching safepoint: 481925 ns, At safepoint: 9665 ns, Total: 491590 ns
[2022-07-06T17:01:16.934+0000][71][safepoint   ] Safepoint "Cleanup", Time since last: 1000901611 ns, Reaching safepoint: 347526 ns, At safepoint: 35260 ns, Total: 382786 ns
[2022-07-06T17:01:17.934+0000][71][safepoint   ] Safepoint "Cleanup", Time since last: 1000674310 ns, Reaching safepoint: 144930 ns, At safepoint: 15393 ns, Total: 160323 ns
[2022-07-06T17:01:18.936+0000][71][safepoint   ] Safepoint "Cleanup", Time since last: 1000900197 ns, Reaching safepoint: 179180 ns, At safepoint: 15196 ns, Total: 194376 ns
[2022-07-06T17:01:19.937+0000][71][safepoint   ] Safepoint "Cleanup", Time since last: 1001099409 ns, Reaching safepoint: 185535 ns, At safepoint: 12767 ns, Total: 198302 ns
[2022-07-06T17:01:20.937+0000][71][safepoint   ] Safepoint "Cleanup", Time since last: 1000455311 ns, Reaching safepoint: 131545 ns, At safepoint: 13875 ns, Total: 145420 ns
[2022-07-06T17:01:21.938+0000][71][safepoint   ] Safepoint "Cleanup", Time since last: 1000304353 ns, Reaching safepoint: 196992 ns, At safepoint: 13772 ns, Total: 210764 ns
[2022-07-06T17:01:23.941+0000][71][safepoint   ] Safepoint "Cleanup", Time since last: 2002535661 ns, Reaching safepoint: 236087 ns, At safepoint: 45472 ns, Total: 281559 ns
[2022-07-06T17:01:24.943+0000][71][safepoint   ] Safepoint "Cleanup", Time since last: 1001510509 ns, Reaching safepoint: 257732 ns, At safepoint: 16820 ns, Total: 274552 ns
[2022-07-06T17:01:26.946+0000][71][safepoint   ] Safepoint "Cleanup", Time since last: 2002876513 ns, Reaching safepoint: 159464 ns, At safepoint: 29726 ns, Total: 189190 ns
[2022-07-06T17:01:27.946+0000][71][safepoint   ] Safepoint "Cleanup", Time since last: 1000361020 ns, Reaching safepoint: 204915 ns, At safepoint: 33470 ns, Total: 238385 ns
[2022-07-06T17:01:28.948+0000][71][safepoint   ] Safepoint "Cleanup", Time since last: 1001661348 ns, Reaching safepoint: 276112 ns, At safepoint: 32169 ns, Total: 308281 ns
[2022-07-06T17:01:29.949+0000][71][safepoint   ] Safepoint "Cleanup", Time since last: 1000608098 ns, Reaching safepoint: 199896 ns, At safepoint: 12210 ns, Total: 212106 ns
[2022-07-06T17:01:32.952+0000][71][safepoint   ] Safepoint "Cleanup", Time since last: 3002860497 ns, Reaching safepoint: 210030 ns, At safepoint: 36042 ns, Total: 246072 ns
[2022-07-06T17:01:33.954+0000][71][safepoint   ] Safepoint "Cleanup", Time since last: 1000758920 ns, Reaching safepoint: 775644 ns, At safepoint: 62162 ns, Total: 837806 ns
[2022-07-06T17:01:35.956+0000][71][safepoint   ] Safepoint "Cleanup", Time since last: 2002161639 ns, Reaching safepoint: 503014 ns, At safepoint: 22676 ns, Total: 525690 ns
[2022-07-06T17:01:36.958+0000][71][safepoint   ] Safepoint "Cleanup", Time since last: 1001389619 ns, Reaching safepoint: 203450 ns, At safepoint: 24552 ns, Total: 228002 ns
[2022-07-06T17:01:37.959+0000][71][safepoint   ] Safepoint "Cleanup", Time since last: 1000304701 ns, Reaching safepoint: 186113 ns, At safepoint: 24722 ns, Total: 210835 ns
[2022-07-06T17:01:38.959+0000][71][safepoint   ] Safepoint "Cleanup", Time since last: 1000209680 ns, Reaching safepoint: 170616 ns, At safepoint: 23250 ns, Total: 193866 ns
[2022-07-06T17:01:39.961+0000][71][safepoint   ] Safepoint "Cleanup", Time since last: 1001575820 ns, Reaching safepoint: 236755 ns, At safepoint: 21343 ns, Total: 258098 ns
[2022-07-06T17:01:40.963+0000][71][safepoint   ] Safepoint "Cleanup", Time since last: 1002165422 ns, Reaching safepoint: 191536 ns, At safepoint: 21869 ns, Total: 213405 ns
[2022-07-06T17:01:41.981+0000][71][safepoint   ] Safepoint "Cleanup", Time since last: 1017634758 ns, Reaching safepoint: 239908 ns, At safepoint: 27140 ns, Total: 267048 ns
[2022-07-06T17:01:42.985+0000][71][safepoint   ] Safepoint "Cleanup", Time since last: 1002168136 ns, Reaching safepoint: 1425870 ns, At safepoint: 51316 ns, Total: 1477186 ns
[2022-07-06T17:01:44.986+0000][71][safepoint   ] Safepoint "Cleanup", Time since last: 2000855308 ns, Reaching safepoint: 89591 ns, At safepoint: 33384 ns, Total: 122975 ns
[2022-07-06T17:01:45.900+0000][71][gc,start    ] GC(18) Pause Young (Normal) (G1 Evacuation Pause)
[2022-07-06T17:01:45.901+0000][71][gc,task     ] GC(18) Using 8 workers of 8 for evacuation
[2022-07-06T17:01:45.901+0000][71][gc,age      ] GC(18) Desired survivor size 20971520 bytes, new threshold 2 (max threshold 15)
[2022-07-06T17:01:45.915+0000][71][gc,phases   ] GC(18)   Pre Evacuate Collection Set: 0.2ms
[2022-07-06T17:01:45.915+0000][71][gc,phases   ] GC(18)   Merge Heap Roots: 1.2ms
[2022-07-06T17:01:45.915+0000][71][gc,phases   ] GC(18)   Evacuate Collection Set: 9.9ms
[2022-07-06T17:01:45.915+0000][71][gc,phases   ] GC(18)   Post Evacuate Collection Set: 2.7ms
[2022-07-06T17:01:45.915+0000][71][gc,phases   ] GC(18)   Other: 0.1ms
[2022-07-06T17:01:45.915+0000][71][gc,age      ] GC(18) Age table with threshold 2 (max threshold 15)
[2022-07-06T17:01:45.915+0000][71][gc,age      ] GC(18) - age   1:    3884176 bytes,    3884176 total
[2022-07-06T17:01:45.915+0000][71][gc,age      ] GC(18) - age   2:   10814624 bytes,   14698800 total
[2022-07-06T17:01:45.915+0000][71][gc,heap     ] GC(18) Eden regions: 68->0(70)
[2022-07-06T17:01:45.915+0000][71][gc,heap     ] GC(18) Survivor regions: 8->4(10)
[2022-07-06T17:01:45.915+0000][71][gc,heap     ] GC(18) Old regions: 17->21
[2022-07-06T17:01:45.915+0000][71][gc,heap     ] GC(18) Archive regions: 2->2
[2022-07-06T17:01:45.915+0000][71][gc,heap     ] GC(18) Humongous regions: 0->0
[2022-07-06T17:01:45.915+0000][71][gc,metaspace] GC(18) Metaspace: 122883K(126272K)->122883K(126272K) NonClass: 106236K(108032K)->106236K(108032K) Class: 16646K(18240K)->16646K(18240K)
[2022-07-06T17:01:45.915+0000][71][gc          ] GC(18) Pause Young (Normal) (G1 Evacuation Pause) 372M->100M(512M) 14.320ms
[2022-07-06T17:01:45.915+0000][71][gc,cpu      ] GC(18) User=0.07s Sys=0.00s Real=0.01s
[2022-07-06T17:01:45.915+0000][71][safepoint   ] Safepoint "G1CollectForAllocation", Time since last: 914611933 ns, Reaching safepoint: 195533 ns, At safepoint: 14472757 ns, Total: 14668290 ns
[2022-07-06T17:01:46.915+0000][71][safepoint   ] Safepoint "Cleanup", Time since last: 1000383007 ns, Reaching safepoint: 132770 ns, At safepoint: 12815 ns, Total: 145585 ns
[2022-07-06T17:01:48.917+0000][71][safepoint   ] Safepoint "Cleanup", Time since last: 2001162525 ns, Reaching safepoint: 194956 ns, At safepoint: 52257 ns, Total: 247213 ns
[2022-07-06T17:01:49.918+0000][71][safepoint   ] Safepoint "Cleanup", Time since last: 1000680775 ns, Reaching safepoint: 191960 ns, At safepoint: 11830 ns, Total: 203790 ns
[2022-07-06T17:01:50.920+0000][71][safepoint   ] Safepoint "Cleanup", Time since last: 1001951213 ns, Reaching safepoint: 237014 ns, At safepoint: 9977 ns, Total: 246991 ns
[2022-07-06T17:01:51.923+0000][71][safepoint   ] Safepoint "Cleanup", Time since last: 1002881634 ns, Reaching safepoint: 199783 ns, At safepoint: 26190 ns, Total: 225973 ns
[2022-07-06T17:01:52.926+0000][71][safepoint   ] Safepoint "Cleanup", Time since last: 1002842850 ns, Reaching safepoint: 205814 ns, At safepoint: 32020 ns, Total: 237834 ns
[2022-07-06T17:01:53.927+0000][71][safepoint   ] Safepoint "Cleanup", Time since last: 1000963711 ns, Reaching safepoint: 210382 ns, At safepoint: 27237 ns, Total: 237619 ns
[2022-07-06T17:01:57.932+0000][71][safepoint   ] Safepoint "Cleanup", Time since last: 4004023549 ns, Reaching safepoint: 231272 ns, At safepoint: 16227 ns, Total: 247499 ns
[2022-07-06T17:01:58.932+0000][71][safepoint   ] Safepoint "Cleanup", Time since last: 1000296267 ns, Reaching safepoint: 171484 ns, At safepoint: 14089 ns, Total: 185573 ns
[2022-07-06T17:02:00.936+0000][71][safepoint   ] Safepoint "Cleanup", Time since last: 2003172237 ns, Reaching safepoint: 264565 ns, At safepoint: 15646 ns, Total: 280211 ns
[2022-07-06T17:02:01.936+0000][71][safepoint   ] Safepoint "Cleanup", Time since last: 1000597329 ns, Reaching safepoint: 153602 ns, At safepoint: 12680 ns, Total: 166282 ns
[2022-07-06T17:02:03.938+0000][71][safepoint   ] Safepoint "Cleanup", Time since last: 2001061857 ns, Reaching safepoint: 189619 ns, At safepoint: 14260 ns, Total: 203879 ns
[2022-07-06T17:02:04.939+0000][71][safepoint   ] Safepoint "Cleanup", Time since last: 1000917734 ns, Reaching safepoint: 142574 ns, At safepoint: 14364 ns, Total: 156938 ns
[2022-07-06T17:02:06.942+0000][71][safepoint   ] Safepoint "Cleanup", Time since last: 2002497538 ns, Reaching safepoint: 303806 ns, At safepoint: 43891 ns, Total: 347697 ns
[2022-07-06T17:02:09.945+0000][71][safepoint   ] Safepoint "Cleanup", Time since last: 3003761716 ns, Reaching safepoint: 167637 ns, At safepoint: 20067 ns, Total: 187704 ns
[2022-07-06T17:02:10.946+0000][71][safepoint   ] Safepoint "Cleanup", Time since last: 1000240056 ns, Reaching safepoint: 180213 ns, At safepoint: 26376 ns, Total: 206589 ns
[2022-07-06T17:02:11.947+0000][71][safepoint   ] Safepoint "Cleanup", Time since last: 1000390283 ns, Reaching safepoint: 1104536 ns, At safepoint: 23270 ns, Total: 1127806 ns
[2022-07-06T17:02:12.949+0000][71][safepoint   ] Safepoint "Cleanup", Time since last: 1000664495 ns, Reaching safepoint: 372166 ns, At safepoint: 83307 ns, Total: 455473 ns
[2022-07-06T17:02:14.951+0000][71][safepoint   ] Safepoint "Cleanup", Time since last: 2001587301 ns, Reaching safepoint: 653292 ns, At safepoint: 20666 ns, Total: 673958 ns
[2022-07-06T17:02:15.952+0000][71][safepoint   ] Safepoint "Cleanup", Time since last: 1000537715 ns, Reaching safepoint: 206812 ns, At safepoint: 46858 ns, Total: 253670 ns
[2022-07-06T17:02:16.954+0000][71][safepoint   ] Safepoint "Cleanup", Time since last: 1001847144 ns, Reaching safepoint: 178816 ns, At safepoint: 9733 ns, Total: 188549 ns
[2022-07-06T17:02:18.955+0000][71][safepoint   ] Safepoint "Cleanup", Time since last: 2001595967 ns, Reaching safepoint: 153323 ns, At safepoint: 10767 ns, Total: 164090 ns
[2022-07-06T17:02:19.957+0000][71][safepoint   ] Safepoint "Cleanup", Time since last: 1000521204 ns, Reaching safepoint: 903131 ns, At safepoint: 13075 ns, Total: 916206 ns
[2022-07-06T17:02:20.959+0000][71][safepoint   ] Safepoint "Cleanup", Time since last: 1002222043 ns, Reaching safepoint: 73745 ns, At safepoint: 6590 ns, Total: 80335 ns
[2022-07-06T17:02:21.961+0000][71][safepoint   ] Safepoint "Cleanup", Time since last: 1001052271 ns, Reaching safepoint: 492112 ns, At safepoint: 22356 ns, Total: 514468 ns
[2022-07-06T17:02:22.962+0000][71][safepoint   ] Safepoint "Cleanup", Time since last: 1000993610 ns, Reaching safepoint: 152956 ns, At safepoint: 7504 ns, Total: 160460 ns
[2022-07-06T17:02:24.964+0000][71][safepoint   ] Safepoint "Cleanup", Time since last: 2002129091 ns, Reaching safepoint: 241528 ns, At safepoint: 13906 ns, Total: 255434 ns
[2022-07-06T17:02:25.965+0000][71][safepoint   ] Safepoint "Cleanup", Time since last: 1000639781 ns, Reaching safepoint: 301903 ns, At safepoint: 8254 ns, Total: 310157 ns
[2022-07-06T17:02:26.966+0000][71][safepoint   ] Safepoint "Cleanup", Time since last: 1000303010 ns, Reaching safepoint: 155187 ns, At safepoint: 33532 ns, Total: 188719 ns
[2022-07-06T17:02:27.966+0000][71][safepoint   ] Safepoint "Cleanup", Time since last: 1000242984 ns, Reaching safepoint: 146749 ns, At safepoint: 14660 ns, Total: 161409 ns
[2022-07-06T17:02:28.967+0000][71][safepoint   ] Safepoint "Cleanup", Time since last: 1000617472 ns, Reaching safepoint: 122063 ns, At safepoint: 11216 ns, Total: 133279 ns
[2022-07-06T17:02:29.968+0000][71][safepoint   ] Safepoint "Cleanup", Time since last: 1001068760 ns, Reaching safepoint: 176138 ns, At safepoint: 10722 ns, Total: 186860 ns
[2022-07-06T17:02:32.970+0000][71][safepoint   ] Safepoint "Cleanup", Time since last: 3001486701 ns, Reaching safepoint: 126249 ns, At safepoint: 11775 ns, Total: 138024 ns
[2022-07-06T17:02:33.970+0000][71][safepoint   ] Safepoint "Cleanup", Time since last: 1000630021 ns, Reaching safepoint: 136158 ns, At safepoint: 9791 ns, Total: 145949 ns
[2022-07-06T17:02:34.971+0000][71][safepoint   ] Safepoint "Cleanup", Time since last: 1000213263 ns, Reaching safepoint: 127148 ns, At safepoint: 10021 ns, Total: 137169 ns
[2022-07-06T17:02:35.972+0000][71][safepoint   ] Safepoint "Cleanup", Time since last: 1000756693 ns, Reaching safepoint: 113750 ns, At safepoint: 7166 ns, Total: 120916 ns
[2022-07-06T17:02:38.978+0000][71][safepoint   ] Safepoint "Cleanup", Time since last: 3005078688 ns, Reaching safepoint: 1587915 ns, At safepoint: 29428 ns, Total: 1617343 ns
[2022-07-06T17:02:39.979+0000][71][safepoint   ] Safepoint "Cleanup", Time since last: 1000894714 ns, Reaching safepoint: 193380 ns, At safepoint: 12013 ns, Total: 205393 ns
[2022-07-06T17:02:40.981+0000][71][safepoint   ] Safepoint "Cleanup", Time since last: 1000740769 ns, Reaching safepoint: 330820 ns, At safepoint: 17127 ns, Total: 347947 ns
[2022-07-06T17:02:41.981+0000][71][safepoint   ] Safepoint "Cleanup", Time since last: 1000490724 ns, Reaching safepoint: 119958 ns, At safepoint: 16328 ns, Total: 136286 ns
[2022-07-06T17:02:44.551+0000][71][safepoint   ] Safepoint "Cleanup", Time since last: 2569300000 ns, Reaching safepoint: 178855 ns, At safepoint: 30852 ns, Total: 209707 ns
[2022-07-06T17:02:46.344+0000][71][safepoint   ] Safepoint "Cleanup", Time since last: 1793227752 ns, Reaching safepoint: 96091 ns, At safepoint: 4693 ns, Total: 100784 ns
[2022-07-06T17:02:47.345+0000][71][safepoint   ] Safepoint "Cleanup", Time since last: 1000793194 ns, Reaching safepoint: 417187 ns, At safepoint: 59907 ns, Total: 477094 ns
[2022-07-06T17:02:48.347+0000][71][safepoint   ] Safepoint "Cleanup", Time since last: 1001342651 ns, Reaching safepoint: 160869 ns, At safepoint: 33730 ns, Total: 194599 ns
[2022-07-06T17:02:49.364+0000][71][safepoint   ] Safepoint "Cleanup", Time since last: 1017018126 ns, Reaching safepoint: 113864 ns, At safepoint: 14381 ns, Total: 128245 ns
[2022-07-06T17:02:50.397+0000][71][safepoint   ] Safepoint "Cleanup", Time since last: 1032525161 ns, Reaching safepoint: 94283 ns, At safepoint: 4563 ns, Total: 98846 ns
[2022-07-06T17:02:51.410+0000][71][safepoint   ] Safepoint "Cleanup", Time since last: 1013194172 ns, Reaching safepoint: 82609 ns, At safepoint: 10127 ns, Total: 92736 ns
[2022-07-06T17:02:52.411+0000][71][safepoint   ] Safepoint "Cleanup", Time since last: 1000377006 ns, Reaching safepoint: 249235 ns, At safepoint: 75075 ns, Total: 324310 ns
[2022-07-06T17:02:53.412+0000][71][safepoint   ] Safepoint "Cleanup", Time since last: 1000710766 ns, Reaching safepoint: 226059 ns, At safepoint: 34937 ns, Total: 260996 ns
[2022-07-06T17:02:55.414+0000][71][safepoint   ] Safepoint "Cleanup", Time since last: 2002053089 ns, Reaching safepoint: 161977 ns, At safepoint: 12796 ns, Total: 174773 ns
[2022-07-06T17:02:57.416+0000][71][safepoint   ] Safepoint "Cleanup", Time since last: 2001870610 ns, Reaching safepoint: 167550 ns, At safepoint: 23293 ns, Total: 190843 ns
[2022-07-06T17:02:58.417+0000][71][safepoint   ] Safepoint "Cleanup", Time since last: 1001255639 ns, Reaching safepoint: 95485 ns, At safepoint: 8943 ns, Total: 104428 ns
[2022-07-06T17:02:59.418+0000][71][safepoint   ] Safepoint "Cleanup", Time since last: 1000195793 ns, Reaching safepoint: 102954 ns, At safepoint: 14712 ns, Total: 117666 ns
[2022-07-06T17:03:00.418+0000][71][safepoint   ] Safepoint "Cleanup", Time since last: 1000290329 ns, Reaching safepoint: 142798 ns, At safepoint: 10438 ns, Total: 153236 ns
[2022-07-06T17:03:01.419+0000][71][safepoint   ] Safepoint "Cleanup", Time since last: 1000788212 ns, Reaching safepoint: 227056 ns, At safepoint: 35604 ns, Total: 262660 ns
[2022-07-06T17:03:04.420+0000][71][safepoint   ] Safepoint "Cleanup", Time since last: 3001096151 ns, Reaching safepoint: 182291 ns, At safepoint: 10994 ns, Total: 193285 ns
[2022-07-06T17:03:05.785+0000][71][safepoint   ] Safepoint "Cleanup", Time since last: 1364457063 ns, Reaching safepoint: 256945 ns, At safepoint: 12060 ns, Total: 269005 ns
[2022-07-06T17:03:05.807+0000][71][gc,start    ] GC(19) Pause Young (Normal) (G1 Evacuation Pause)
[2022-07-06T17:03:05.807+0000][71][gc,task     ] GC(19) Using 8 workers of 8 for evacuation
[2022-07-06T17:03:05.807+0000][71][gc,age      ] GC(19) Desired survivor size 20971520 bytes, new threshold 15 (max threshold 15)
[2022-07-06T17:03:05.862+0000][71][gc,phases   ] GC(19)   Pre Evacuate Collection Set: 0.1ms
[2022-07-06T17:03:05.862+0000][71][gc,phases   ] GC(19)   Merge Heap Roots: 0.1ms
[2022-07-06T17:03:05.862+0000][71][gc,phases   ] GC(19)   Evacuate Collection Set: 53.6ms
[2022-07-06T17:03:05.862+0000][71][gc,phases   ] GC(19)   Post Evacuate Collection Set: 1.5ms
[2022-07-06T17:03:05.862+0000][71][gc,phases   ] GC(19)   Other: 0.1ms
[2022-07-06T17:03:05.862+0000][71][gc,age      ] GC(19) Age table with threshold 15 (max threshold 15)
[2022-07-06T17:03:05.862+0000][71][gc,age      ] GC(19) - age   1:    1960256 bytes,    1960256 total
[2022-07-06T17:03:05.862+0000][71][gc,age      ] GC(19) - age   2:    2389176 bytes,    4349432 total
[2022-07-06T17:03:05.862+0000][71][gc,age      ] GC(19) - age   3:   10778992 bytes,   15128424 total
[2022-07-06T17:03:05.862+0000][71][gc,heap     ] GC(19) Eden regions: 70->0(71)
[2022-07-06T17:03:05.862+0000][71][gc,heap     ] GC(19) Survivor regions: 4->5(10)
[2022-07-06T17:03:05.862+0000][71][gc,heap     ] GC(19) Old regions: 21->21
[2022-07-06T17:03:05.862+0000][71][gc,heap     ] GC(19) Archive regions: 2->2
[2022-07-06T17:03:05.862+0000][71][gc,heap     ] GC(19) Humongous regions: 0->0
[2022-07-06T17:03:05.862+0000][71][gc,metaspace] GC(19) Metaspace: 123795K(127232K)->123795K(127232K) NonClass: 107105K(108928K)->107105K(108928K) Class: 16690K(18304K)->16690K(18304K)
[2022-07-06T17:03:05.862+0000][71][gc          ] GC(19) Pause Young (Normal) (G1 Evacuation Pause) 380M->101M(512M) 55.591ms
[2022-07-06T17:03:05.862+0000][71][gc,cpu      ] GC(19) User=0.28s Sys=0.03s Real=0.06s
[2022-07-06T17:03:05.862+0000][71][safepoint   ] Safepoint "G1CollectForAllocation", Time since last: 21562283 ns, Reaching safepoint: 136337 ns, At safepoint: 55719227 ns, Total: 55855564 ns
[2022-07-06T17:03:06.863+0000][71][safepoint   ] Safepoint "Cleanup", Time since last: 1000122895 ns, Reaching safepoint: 151253 ns, At safepoint: 11708 ns, Total: 162961 ns
[2022-07-06T17:03:07.863+0000][71][safepoint   ] Safepoint "Cleanup", Time since last: 1000372371 ns, Reaching safepoint: 183236 ns, At safepoint: 11594 ns, Total: 194830 ns
[2022-07-06T17:03:09.866+0000][71][safepoint   ] Safepoint "Cleanup", Time since last: 2001421874 ns, Reaching safepoint: 1412391 ns, At safepoint: 35806 ns, Total: 1448197 ns
[2022-07-06T17:03:10.914+0000][71][safepoint   ] Safepoint "Cleanup", Time since last: 1002876938 ns, Reaching safepoint: 44605412 ns, At safepoint: 45155 ns, Total: 44650567 ns
[2022-07-06T17:03:11.916+0000][71][safepoint   ] Safepoint "Cleanup", Time since last: 1002066836 ns, Reaching safepoint: 114355 ns, At safepoint: 8722 ns, Total: 123077 ns
[2022-07-06T17:03:13.916+0000][71][safepoint   ] Safepoint "Cleanup", Time since last: 2000468500 ns, Reaching safepoint: 89053 ns, At safepoint: 8599 ns, Total: 97652 ns
[2022-07-06T17:03:18.963+0000][71][safepoint   ] Safepoint "Cleanup", Time since last: 5045907024 ns, Reaching safepoint: 231045 ns, At safepoint: 25321 ns, Total: 256366 ns
[2022-07-06T17:03:20.225+0000][71][safepoint   ] Safepoint "Cleanup", Time since last: 1262373777 ns, Reaching safepoint: 147159 ns, At safepoint: 17656 ns, Total: 164815 ns
[2022-07-06T17:03:21.226+0000][71][safepoint   ] Safepoint "Cleanup", Time since last: 1000813542 ns, Reaching safepoint: 135807 ns, At safepoint: 11732 ns, Total: 147539 ns
[2022-07-06T17:03:22.264+0000][71][safepoint   ] Safepoint "Cleanup", Time since last: 1038219764 ns, Reaching safepoint: 93307 ns, At safepoint: 7304 ns, Total: 100611 ns
[2022-07-06T17:03:23.265+0000][71][safepoint   ] Safepoint "Cleanup", Time since last: 1000578579 ns, Reaching safepoint: 102824 ns, At safepoint: 7348 ns, Total: 110172 ns
[2022-07-06T17:03:25.266+0000][71][safepoint   ] Safepoint "Cleanup", Time since last: 2000956801 ns, Reaching safepoint: 223282 ns, At safepoint: 12460 ns, Total: 235742 ns
[2022-07-06T17:03:28.269+0000][71][safepoint   ] Safepoint "Cleanup", Time since last: 3002696548 ns, Reaching safepoint: 237233 ns, At safepoint: 14956 ns, Total: 252189 ns
[2022-07-06T17:03:31.273+0000][71][safepoint   ] Safepoint "Cleanup", Time since last: 3003837483 ns, Reaching safepoint: 217639 ns, At safepoint: 27873 ns, Total: 245512 ns
[2022-07-06T17:03:33.276+0000][71][safepoint   ] Safepoint "Cleanup", Time since last: 2002707936 ns, Reaching safepoint: 140836 ns, At safepoint: 22190 ns, Total: 163026 ns
[2022-07-06T17:03:34.277+0000][71][safepoint   ] Safepoint "Cleanup", Time since last: 1000956599 ns, Reaching safepoint: 161525 ns, At safepoint: 8633 ns, Total: 170158 ns
[2022-07-06T17:03:36.281+0000][71][safepoint   ] Safepoint "Cleanup", Time since last: 2003233201 ns, Reaching safepoint: 126507 ns, At safepoint: 8589 ns, Total: 135096 ns
[2022-07-06T17:03:37.283+0000][71][safepoint   ] Safepoint "Cleanup", Time since last: 1002398794 ns, Reaching safepoint: 184872 ns, At safepoint: 10178 ns, Total: 195050 ns
[2022-07-06T17:03:38.285+0000][71][safepoint   ] Safepoint "Cleanup", Time since last: 1000853699 ns, Reaching safepoint: 339143 ns, At safepoint: 31689 ns, Total: 370832 ns
[2022-07-06T17:03:40.287+0000][71][safepoint   ] Safepoint "Cleanup", Time since last: 2002372366 ns, Reaching safepoint: 169454 ns, At safepoint: 30698 ns, Total: 200152 ns
[2022-07-06T17:03:41.288+0000][71][safepoint   ] Safepoint "Cleanup", Time since last: 1000835607 ns, Reaching safepoint: 215580 ns, At safepoint: 13073 ns, Total: 228653 ns
[2022-07-06T17:03:43.290+0000][71][safepoint   ] Safepoint "Cleanup", Time since last: 2001534698 ns, Reaching safepoint: 142768 ns, At safepoint: 26240 ns, Total: 169008 ns
[2022-07-06T17:03:49.293+0000][71][safepoint   ] Safepoint "Cleanup", Time since last: 6002729971 ns, Reaching safepoint: 275655 ns, At safepoint: 23709 ns, Total: 299364 ns
[2022-07-06T17:03:50.294+0000][71][safepoint   ] Safepoint "Cleanup", Time since last: 1000418456 ns, Reaching safepoint: 145231 ns, At safepoint: 12684 ns, Total: 157915 ns
[2022-07-06T17:03:53.297+0000][71][safepoint   ] Safepoint "Cleanup", Time since last: 3003634081 ns, Reaching safepoint: 153824 ns, At safepoint: 20676 ns, Total: 174500 ns
[2022-07-06T17:03:55.299+0000][71][safepoint   ] Safepoint "Cleanup", Time since last: 2001087673 ns, Reaching safepoint: 237086 ns, At safepoint: 12993 ns, Total: 250079 ns
[2022-07-06T17:03:56.299+0000][71][safepoint   ] Safepoint "Cleanup", Time since last: 1000521475 ns, Reaching safepoint: 208358 ns, At safepoint: 26919 ns, Total: 235277 ns
[2022-07-06T17:03:58.301+0000][71][safepoint   ] Safepoint "Cleanup", Time since last: 2001534451 ns, Reaching safepoint: 391826 ns, At safepoint: 43173 ns, Total: 434999 ns
[2022-07-06T17:04:01.304+0000][71][safepoint   ] Safepoint "Cleanup", Time since last: 3002323832 ns, Reaching safepoint: 124731 ns, At safepoint: 35012 ns, Total: 159743 ns
[2022-07-06T17:04:04.309+0000][71][safepoint   ] Safepoint "Cleanup", Time since last: 3005358249 ns, Reaching safepoint: 175052 ns, At safepoint: 20654 ns, Total: 195706 ns
[2022-07-06T17:04:07.317+0000][71][safepoint   ] Safepoint "Cleanup", Time since last: 3007335604 ns, Reaching safepoint: 324139 ns, At safepoint: 50048 ns, Total: 374187 ns
[2022-07-06T17:04:08.319+0000][71][safepoint   ] Safepoint "Cleanup", Time since last: 1001349520 ns, Reaching safepoint: 142012 ns, At safepoint: 17955 ns, Total: 159967 ns
[2022-07-06T17:04:09.321+0000][71][safepoint   ] Safepoint "Cleanup", Time since last: 1002015820 ns, Reaching safepoint: 433384 ns, At safepoint: 25682 ns, Total: 459066 ns
[2022-07-06T17:04:10.959+0000][71][safepoint   ] Safepoint "Cleanup", Time since last: 1023333313 ns, Reaching safepoint: 614246801 ns, At safepoint: 84780 ns, Total: 614331581 ns
[2022-07-06T17:04:12.644+0000][71][safepoint   ] Safepoint "Cleanup", Time since last: 1001884096 ns, Reaching safepoint: 682553060 ns, At safepoint: 485347 ns, Total: 683038407 ns
[2022-07-06T17:04:13.814+0000][71][safepoint   ] Safepoint "Cleanup", Time since last: 1025106194 ns, Reaching safepoint: 144695378 ns, At safepoint: 32728 ns, Total: 144728106 ns
[2022-07-06T17:04:15.880+0000][71][safepoint   ] Safepoint "Cleanup", Time since last: 1151451020 ns, Reaching safepoint: 915107745 ns, At safepoint: 58246 ns, Total: 915165991 ns
[2022-07-06T17:04:17.112+0000][71][safepoint   ] Safepoint "Cleanup", Time since last: 1021226364 ns, Reaching safepoint: 210312675 ns, At safepoint: 58851 ns, Total: 210371526 ns
[2022-07-06T17:04:18.155+0000][71][safepoint   ] Safepoint "Cleanup", Time since last: 1043288735 ns, Reaching safepoint: 123941 ns, At safepoint: 10741 ns, Total: 134682 ns
[2022-07-06T17:04:19.170+0000][71][safepoint   ] Safepoint "Cleanup", Time since last: 1014636674 ns, Reaching safepoint: 146099 ns, At safepoint: 11020 ns, Total: 157119 ns
[2022-07-06T17:04:21.231+0000][71][safepoint   ] Safepoint "Cleanup", Time since last: 2061315177 ns, Reaching safepoint: 152250 ns, At safepoint: 15437 ns, Total: 167687 ns
[2022-07-06T17:04:24.301+0000][71][safepoint   ] Safepoint "Cleanup", Time since last: 3068969744 ns, Reaching safepoint: 142409 ns, At safepoint: 12732 ns, Total: 155141 ns
[2022-07-06T17:04:25.301+0000][71][safepoint   ] Safepoint "Cleanup", Time since last: 1000712072 ns, Reaching safepoint: 144123 ns, At safepoint: 16888 ns, Total: 161011 ns
[2022-07-06T17:04:25.405+0000][71][gc,start    ] GC(20) Pause Young (Normal) (G1 Evacuation Pause)
[2022-07-06T17:04:25.405+0000][71][gc,task     ] GC(20) Using 8 workers of 8 for evacuation
[2022-07-06T17:04:25.405+0000][71][gc,age      ] GC(20) Desired survivor size 20971520 bytes, new threshold 15 (max threshold 15)
[2022-07-06T17:04:25.446+0000][71][gc,phases   ] GC(20)   Pre Evacuate Collection Set: 0.1ms
[2022-07-06T17:04:25.446+0000][71][gc,phases   ] GC(20)   Merge Heap Roots: 0.1ms
[2022-07-06T17:04:25.446+0000][71][gc,phases   ] GC(20)   Evacuate Collection Set: 39.4ms
[2022-07-06T17:04:25.446+0000][71][gc,phases   ] GC(20)   Post Evacuate Collection Set: 1.5ms
[2022-07-06T17:04:25.447+0000][71][gc,phases   ] GC(20)   Other: 0.1ms
[2022-07-06T17:04:25.447+0000][71][gc,age      ] GC(20) Age table with threshold 15 (max threshold 15)
[2022-07-06T17:04:25.447+0000][71][gc,age      ] GC(20) - age   1:    3084864 bytes,    3084864 total
[2022-07-06T17:04:25.447+0000][71][gc,age      ] GC(20) - age   2:     451944 bytes,    3536808 total
[2022-07-06T17:04:25.447+0000][71][gc,age      ] GC(20) - age   3:    2387208 bytes,    5924016 total
[2022-07-06T17:04:25.447+0000][71][gc,age      ] GC(20) - age   4:   10757440 bytes,   16681456 total
[2022-07-06T17:04:25.447+0000][71][gc,heap     ] GC(20) Eden regions: 71->0(71)
[2022-07-06T17:04:25.447+0000][71][gc,heap     ] GC(20) Survivor regions: 5->5(10)
[2022-07-06T17:04:25.447+0000][71][gc,heap     ] GC(20) Old regions: 21->21
[2022-07-06T17:04:25.447+0000][71][gc,heap     ] GC(20) Archive regions: 2->2
[2022-07-06T17:04:25.447+0000][71][gc,heap     ] GC(20) Humongous regions: 0->0
[2022-07-06T17:04:25.447+0000][71][gc,metaspace] GC(20) Metaspace: 124879K(128256K)->124879K(128256K) NonClass: 108073K(109824K)->108073K(109824K) Class: 16805K(18432K)->16805K(18432K)
[2022-07-06T17:04:25.447+0000][71][gc          ] GC(20) Pause Young (Normal) (G1 Evacuation Pause) 385M->100M(512M) 41.580ms
[2022-07-06T17:04:25.447+0000][71][gc,cpu      ] GC(20) User=0.05s Sys=0.00s Real=0.28s
[2022-07-06T17:04:25.447+0000][71][safepoint   ] Safepoint "G1CollectForAllocation", Time since last: 103474838 ns, Reaching safepoint: 85260 ns, At safepoint: 41778090 ns, Total: 41863350 ns
[2022-07-06T17:04:26.455+0000][71][safepoint   ] Safepoint "Cleanup", Time since last: 1008386983 ns, Reaching safepoint: 86286 ns, At safepoint: 4027 ns, Total: 90313 ns
[2022-07-06T17:04:29.497+0000][71][safepoint   ] Safepoint "Cleanup", Time since last: 3041768023 ns, Reaching safepoint: 227495 ns, At safepoint: 14361 ns, Total: 241856 ns
[2022-07-06T17:04:30.593+0000][71][safepoint   ] Safepoint "Cleanup", Time since last: 1095875438 ns, Reaching safepoint: 178515 ns, At safepoint: 20203 ns, Total: 198718 ns
[2022-07-06T17:04:32.675+0000][71][safepoint   ] Safepoint "Cleanup", Time since last: 2009371197 ns, Reaching safepoint: 72216509 ns, At safepoint: 46486 ns, Total: 72262995 ns
[2022-07-06T17:04:36.039+0000][71][safepoint   ] Safepoint "Cleanup", Time since last: 3364239566 ns, Reaching safepoint: 201728 ns, At safepoint: 14466 ns, Total: 216194 ns
[2022-07-06T17:04:37.040+0000][71][safepoint   ] Safepoint "Cleanup", Time since last: 1000596485 ns, Reaching safepoint: 89336 ns, At safepoint: 4449 ns, Total: 93785 ns
[2022-07-06T17:04:38.149+0000][71][safepoint   ] Safepoint "Cleanup", Time since last: 1015861151 ns, Reaching safepoint: 92750612 ns, At safepoint: 33278 ns, Total: 92783890 ns
[2022-07-06T17:04:39.184+0000][71][safepoint   ] Safepoint "Cleanup", Time since last: 1034896578 ns, Reaching safepoint: 97283 ns, At safepoint: 9834 ns, Total: 107117 ns
[2022-07-06T17:04:40.199+0000][71][safepoint   ] Safepoint "Cleanup", Time since last: 1014946101 ns, Reaching safepoint: 90239 ns, At safepoint: 4880 ns, Total: 95119 ns
[2022-07-06T17:04:41.403+0000][71][safepoint   ] Safepoint "Cleanup", Time since last: 1204225257 ns, Reaching safepoint: 111485 ns, At safepoint: 18723 ns, Total: 130208 ns
[2022-07-06T17:04:42.404+0000][71][safepoint   ] Safepoint "Cleanup", Time since last: 1000196941 ns, Reaching safepoint: 149574 ns, At safepoint: 14360 ns, Total: 163934 ns
[2022-07-06T17:04:43.404+0000][71][safepoint   ] Safepoint "Cleanup", Time since last: 1000737997 ns, Reaching safepoint: 163145 ns, At safepoint: 14856 ns, Total: 178001 ns
[2022-07-06T17:04:45.406+0000][71][safepoint   ] Safepoint "Cleanup", Time since last: 2001299559 ns, Reaching safepoint: 156736 ns, At safepoint: 11991 ns, Total: 168727 ns
[2022-07-06T17:04:48.410+0000][71][safepoint   ] Safepoint "Cleanup", Time since last: 3004008524 ns, Reaching safepoint: 250251 ns, At safepoint: 15412 ns, Total: 265663 ns
[2022-07-06T17:04:49.412+0000][71][safepoint   ] Safepoint "Cleanup", Time since last: 1001149474 ns, Reaching safepoint: 162119 ns, At safepoint: 12412 ns, Total: 174531 ns
[2022-07-06T17:04:53.417+0000][71][safepoint   ] Safepoint "Cleanup", Time since last: 4005457278 ns, Reaching safepoint: 280818 ns, At safepoint: 35144 ns, Total: 315962 ns
[2022-07-06T17:04:54.419+0000][71][safepoint   ] Safepoint "Cleanup", Time since last: 1001799387 ns, Reaching safepoint: 164588 ns, At safepoint: 10008 ns, Total: 174596 ns
[2022-07-06T17:04:55.420+0000][71][safepoint   ] Safepoint "Cleanup", Time since last: 1000164578 ns, Reaching safepoint: 185535 ns, At safepoint: 20381 ns, Total: 205916 ns
[2022-07-06T17:04:56.420+0000][71][safepoint   ] Safepoint "Cleanup", Time since last: 1000446684 ns, Reaching safepoint: 156101 ns, At safepoint: 27509 ns, Total: 183610 ns
[2022-07-06T17:04:57.423+0000][71][safepoint   ] Safepoint "Cleanup", Time since last: 1000775665 ns, Reaching safepoint: 1513094 ns, At safepoint: 36674 ns, Total: 1549768 ns
[2022-07-06T17:04:58.423+0000][71][safepoint   ] Safepoint "Cleanup", Time since last: 1000517218 ns, Reaching safepoint: 269204 ns, At safepoint: 25716 ns, Total: 294920 ns
[2022-07-06T17:05:00.427+0000][71][safepoint   ] Safepoint "Cleanup", Time since last: 2003096084 ns, Reaching safepoint: 230986 ns, At safepoint: 76200 ns, Total: 307186 ns
[2022-07-06T17:05:01.429+0000][71][safepoint   ] Safepoint "Cleanup", Time since last: 1001543519 ns, Reaching safepoint: 137086 ns, At safepoint: 10848 ns, Total: 147934 ns
[2022-07-06T17:05:03.432+0000][71][safepoint   ] Safepoint "Cleanup", Time since last: 2003019187 ns, Reaching safepoint: 237228 ns, At safepoint: 40292 ns, Total: 277520 ns
[2022-07-06T17:05:04.433+0000][71][safepoint   ] Safepoint "Cleanup", Time since last: 1000618455 ns, Reaching safepoint: 217847 ns, At safepoint: 13517 ns, Total: 231364 ns
[2022-07-06T17:05:05.433+0000][71][safepoint   ] Safepoint "Cleanup", Time since last: 1000415564 ns, Reaching safepoint: 210748 ns, At safepoint: 21283 ns, Total: 232031 ns
[2022-07-06T17:05:07.435+0000][71][safepoint   ] Safepoint "Cleanup", Time since last: 2001548299 ns, Reaching safepoint: 265719 ns, At safepoint: 11113 ns, Total: 276832 ns
[2022-07-06T17:05:08.436+0000][71][safepoint   ] Safepoint "Cleanup", Time since last: 1000547223 ns, Reaching safepoint: 162435 ns, At safepoint: 11559 ns, Total: 173994 ns
[2022-07-06T17:05:09.437+0000][71][safepoint   ] Safepoint "Cleanup", Time since last: 1001341517 ns, Reaching safepoint: 185532 ns, At safepoint: 23993 ns, Total: 209525 ns
[2022-07-06T17:05:15.443+0000][71][safepoint   ] Safepoint "Cleanup", Time since last: 6005405983 ns, Reaching safepoint: 202900 ns, At safepoint: 10680 ns, Total: 213580 ns
[2022-07-06T17:05:16.443+0000][71][safepoint   ] Safepoint "Cleanup", Time since last: 1000175619 ns, Reaching safepoint: 144925 ns, At safepoint: 22227 ns, Total: 167152 ns
[2022-07-06T17:05:18.446+0000][71][safepoint   ] Safepoint "Cleanup", Time since last: 2002356812 ns, Reaching safepoint: 172846 ns, At safepoint: 12076 ns, Total: 184922 ns
[2022-07-06T17:05:19.447+0000][71][safepoint   ] Safepoint "Cleanup", Time since last: 1000939200 ns, Reaching safepoint: 439552 ns, At safepoint: 46132 ns, Total: 485684 ns
[2022-07-06T17:05:20.448+0000][71][safepoint   ] Safepoint "Cleanup", Time since last: 1000443904 ns, Reaching safepoint: 200348 ns, At safepoint: 12996 ns, Total: 213344 ns
[2022-07-06T17:05:21.878+0000][71][safepoint   ] Safepoint "Cleanup", Time since last: 1429833834 ns, Reaching safepoint: 332965 ns, At safepoint: 12938 ns, Total: 345903 ns
[2022-07-06T17:05:23.880+0000][71][safepoint   ] Safepoint "Cleanup", Time since last: 2001813642 ns, Reaching safepoint: 351129 ns, At safepoint: 16020 ns, Total: 367149 ns
[2022-07-06T17:05:24.881+0000][71][safepoint   ] Safepoint "Cleanup", Time since last: 1000736021 ns, Reaching safepoint: 229094 ns, At safepoint: 24540 ns, Total: 253634 ns
[2022-07-06T17:05:25.882+0000][71][safepoint   ] Safepoint "Cleanup", Time since last: 1000975379 ns, Reaching safepoint: 138502 ns, At safepoint: 12869 ns, Total: 151371 ns
[2022-07-06T17:05:30.718+0000][71][safepoint   ] Safepoint "Cleanup", Time since last: 4833426270 ns, Reaching safepoint: 1913979 ns, At safepoint: 84318 ns, Total: 1998297 ns
[2022-07-06T17:05:32.393+0000][71][safepoint   ] Safepoint "Cleanup", Time since last: 1674622165 ns, Reaching safepoint: 238215 ns, At safepoint: 19191 ns, Total: 257406 ns
[2022-07-06T17:05:36.397+0000][71][safepoint   ] Safepoint "Cleanup", Time since last: 4004278131 ns, Reaching safepoint: 205676 ns, At safepoint: 10554 ns, Total: 216230 ns
[2022-07-06T17:05:37.399+0000][71][safepoint   ] Safepoint "Cleanup", Time since last: 1001354527 ns, Reaching safepoint: 195661 ns, At safepoint: 22213 ns, Total: 217874 ns
[2022-07-06T17:05:38.421+0000][71][safepoint   ] Safepoint "Cleanup", Time since last: 1022071414 ns, Reaching safepoint: 73893 ns, At safepoint: 47988 ns, Total: 121881 ns
[2022-07-06T17:05:39.422+0000][71][safepoint   ] Safepoint "Cleanup", Time since last: 1001135216 ns, Reaching safepoint: 215943 ns, At safepoint: 13186 ns, Total: 229129 ns
[2022-07-06T17:05:40.423+0000][71][safepoint   ] Safepoint "Cleanup", Time since last: 1000919734 ns, Reaching safepoint: 102125 ns, At safepoint: 10557 ns, Total: 112682 ns
[2022-07-06T17:05:41.424+0000][71][safepoint   ] Safepoint "Cleanup", Time since last: 1000558440 ns, Reaching safepoint: 134607 ns, At safepoint: 10839 ns, Total: 145446 ns
[2022-07-06T17:05:41.528+0000][71][gc,start    ] GC(21) Pause Young (Normal) (G1 Evacuation Pause)
[2022-07-06T17:05:41.528+0000][71][gc,task     ] GC(21) Using 8 workers of 8 for evacuation
[2022-07-06T17:05:41.528+0000][71][gc,age      ] GC(21) Desired survivor size 20971520 bytes, new threshold 15 (max threshold 15)
[2022-07-06T17:05:41.728+0000][71][gc,phases   ] GC(21)   Pre Evacuate Collection Set: 0.2ms
[2022-07-06T17:05:41.728+0000][71][gc,phases   ] GC(21)   Merge Heap Roots: 0.1ms
[2022-07-06T17:05:41.728+0000][71][gc,phases   ] GC(21)   Evacuate Collection Set: 132.6ms
[2022-07-06T17:05:41.728+0000][71][gc,phases   ] GC(21)   Post Evacuate Collection Set: 66.7ms
[2022-07-06T17:05:41.728+0000][71][gc,phases   ] GC(21)   Other: 0.2ms
[2022-07-06T17:05:41.728+0000][71][gc,age      ] GC(21) Age table with threshold 15 (max threshold 15)
[2022-07-06T17:05:41.728+0000][71][gc,age      ] GC(21) - age   1:     944480 bytes,     944480 total
[2022-07-06T17:05:41.728+0000][71][gc,age      ] GC(21) - age   2:     929776 bytes,    1874256 total
[2022-07-06T17:05:41.728+0000][71][gc,age      ] GC(21) - age   3:     421112 bytes,    2295368 total
[2022-07-06T17:05:41.728+0000][71][gc,age      ] GC(21) - age   4:    2387008 bytes,    4682376 total
[2022-07-06T17:05:41.728+0000][71][gc,age      ] GC(21) - age   5:   10739776 bytes,   15422152 total
[2022-07-06T17:05:41.728+0000][71][gc,heap     ] GC(21) Eden regions: 71->0(72)
[2022-07-06T17:05:41.728+0000][71][gc,heap     ] GC(21) Survivor regions: 5->4(10)
[2022-07-06T17:05:41.728+0000][71][gc,heap     ] GC(21) Old regions: 21->21
[2022-07-06T17:05:41.728+0000][71][gc,heap     ] GC(21) Archive regions: 2->2
[2022-07-06T17:05:41.728+0000][71][gc,heap     ] GC(21) Humongous regions: 0->0
[2022-07-06T17:05:41.728+0000][71][gc,metaspace] GC(21) Metaspace: 125446K(128832K)->125446K(128832K) NonClass: 108620K(110400K)->108620K(110400K) Class: 16826K(18432K)->16826K(18432K)
[2022-07-06T17:05:41.728+0000][71][gc          ] GC(21) Pause Young (Normal) (G1 Evacuation Pause) 384M->100M(512M) 200.158ms
[2022-07-06T17:05:41.728+0000][71][gc,cpu      ] GC(21) User=0.55s Sys=0.08s Real=0.20s
[2022-07-06T17:05:41.728+0000][71][safepoint   ] Safepoint "G1CollectForAllocation", Time since last: 103374742 ns, Reaching safepoint: 82879 ns, At safepoint: 200341619 ns, Total: 200424498 ns
[2022-07-06T17:05:42.729+0000][71][safepoint   ] Safepoint "Cleanup", Time since last: 1000345243 ns, Reaching safepoint: 254563 ns, At safepoint: 32624 ns, Total: 287187 ns
[2022-07-06T17:05:43.731+0000][71][safepoint   ] Safepoint "Cleanup", Time since last: 1002234969 ns, Reaching safepoint: 327221 ns, At safepoint: 32151 ns, Total: 359372 ns
[2022-07-06T17:05:46.190+0000][71][safepoint   ] Safepoint "Cleanup", Time since last: 2458624836 ns, Reaching safepoint: 55343 ns, At safepoint: 3914 ns, Total: 59257 ns
[2022-07-06T17:05:47.412+0000][71][safepoint   ] Safepoint "Cleanup", Time since last: 1222294487 ns, Reaching safepoint: 60453 ns, At safepoint: 4168 ns, Total: 64621 ns
[2022-07-06T17:05:48.422+0000][71][safepoint   ] Safepoint "Cleanup", Time since last: 1010114056 ns, Reaching safepoint: 87058 ns, At safepoint: 4838 ns, Total: 91896 ns
[2022-07-06T17:05:49.574+0000][71][safepoint   ] Safepoint "Cleanup", Time since last: 1019621942 ns, Reaching safepoint: 131445845 ns, At safepoint: 59252 ns, Total: 131505097 ns
[2022-07-06T17:05:51.726+0000][71][safepoint   ] Safepoint "Cleanup", Time since last: 2000375499 ns, Reaching safepoint: 152020032 ns, At safepoint: 229095 ns, Total: 152249127 ns
[2022-07-06T17:05:53.034+0000][71][safepoint   ] Safepoint "Cleanup", Time since last: 1307600091 ns, Reaching safepoint: 169080 ns, At safepoint: 18629 ns, Total: 187709 ns
[2022-07-06T17:05:55.207+0000][71][safepoint   ] Safepoint "Cleanup", Time since last: 2173097113 ns, Reaching safepoint: 105050 ns, At safepoint: 11037 ns, Total: 116087 ns
[2022-07-06T17:05:56.662+0000][71][safepoint   ] Safepoint "Cleanup", Time since last: 1047684260 ns, Reaching safepoint: 407018967 ns, At safepoint: 133399 ns, Total: 407152366 ns
[2022-07-06T17:05:57.738+0000][71][safepoint   ] Safepoint "Cleanup", Time since last: 1076012747 ns, Reaching safepoint: 106955 ns, At safepoint: 9965 ns, Total: 116920 ns
[2022-07-06T17:06:02.165+0000][71][safepoint   ] Safepoint "Cleanup", Time since last: 4427192376 ns, Reaching safepoint: 101380 ns, At safepoint: 15716 ns, Total: 117096 ns
[2022-07-06T17:06:19.757+0000][71][safepoint   ] Safepoint "Cleanup", Time since last: 17591379040 ns, Reaching safepoint: 180564 ns, At safepoint: 20864 ns, Total: 201428 ns
[2022-07-06T17:06:31.499+0000][71][safepoint   ] Safepoint "Cleanup", Time since last: 5188215587 ns, Reaching safepoint: 6553426665 ns, At safepoint: 44823 ns, Total: 6553471488 ns
[2022-07-06T17:06:34.459+0000][71][safepoint   ] Safepoint "Cleanup", Time since last: 1071312353 ns, Reaching safepoint: 756895669 ns, At safepoint: 44409 ns, Total: 756940078 ns
[2022-07-06T17:06:34.459+0000][71][safepoint   ] Safepoint "Cleanup", Time since last: 1131776382 ns, Reaching safepoint: 142724 ns, At safepoint: 17901 ns, Total: 160625 ns
[2022-07-06T17:06:36.496+0000][71][safepoint   ] Safepoint "Cleanup", Time since last: 2036575769 ns, Reaching safepoint: 79956 ns, At safepoint: 8956 ns, Total: 88912 ns
[2022-07-06T17:06:46.129+0000][71][safepoint   ] Safepoint "Cleanup", Time since last: 9633577236 ns, Reaching safepoint: 87470 ns, At safepoint: 4757 ns, Total: 92227 ns
[2022-07-06T17:06:48.625+0000][71][safepoint   ] Safepoint "Cleanup", Time since last: 2087181280 ns, Reaching safepoint: 408571973 ns, At safepoint: 37078 ns, Total: 408609051 ns
[2022-07-06T17:06:56.871+0000][71][safepoint   ] Safepoint "Cleanup", Time since last: 8235183406 ns, Reaching safepoint: 10334520 ns, At safepoint: 41807 ns, Total: 10376327 ns
[2022-07-06T17:06:58.306+0000][71][safepoint   ] Safepoint "Cleanup", Time since last: 1396679044 ns, Reaching safepoint: 38784199 ns, At safepoint: 85270 ns, Total: 38869469 ns
[2022-07-06T17:07:00.308+0000][71][safepoint   ] Safepoint "Cleanup", Time since last: 2001722290 ns, Reaching safepoint: 104756 ns, At safepoint: 9338 ns, Total: 114094 ns
[2022-07-06T17:07:01.349+0000][71][safepoint   ] Safepoint "Cleanup", Time since last: 1040868528 ns, Reaching safepoint: 73623 ns, At safepoint: 4985 ns, Total: 78608 ns
[2022-07-06T17:07:03.350+0000][71][safepoint   ] Safepoint "Cleanup", Time since last: 2001165422 ns, Reaching safepoint: 138317 ns, At safepoint: 16250 ns, Total: 154567 ns
[2022-07-06T17:07:04.351+0000][71][safepoint   ] Safepoint "Cleanup", Time since last: 1000359044 ns, Reaching safepoint: 165846 ns, At safepoint: 14095 ns, Total: 179941 ns
[2022-07-06T17:07:05.351+0000][71][safepoint   ] Safepoint "Cleanup", Time since last: 1000148957 ns, Reaching safepoint: 474561 ns, At safepoint: 14536 ns, Total: 489097 ns
[2022-07-06T17:07:05.510+0000][71][gc,start    ] GC(22) Pause Young (Normal) (G1 Evacuation Pause)
[2022-07-06T17:07:05.510+0000][71][gc,task     ] GC(22) Using 8 workers of 8 for evacuation
[2022-07-06T17:07:05.510+0000][71][gc,age      ] GC(22) Desired survivor size 20971520 bytes, new threshold 15 (max threshold 15)
[2022-07-06T17:07:05.541+0000][71][gc,phases   ] GC(22)   Pre Evacuate Collection Set: 0.2ms
[2022-07-06T17:07:05.541+0000][71][gc,phases   ] GC(22)   Merge Heap Roots: 0.9ms
[2022-07-06T17:07:05.541+0000][71][gc,phases   ] GC(22)   Evacuate Collection Set: 27.7ms
[2022-07-06T17:07:05.541+0000][71][gc,phases   ] GC(22)   Post Evacuate Collection Set: 1.9ms
[2022-07-06T17:07:05.541+0000][71][gc,phases   ] GC(22)   Other: 0.4ms
[2022-07-06T17:07:05.541+0000][71][gc,age      ] GC(22) Age table with threshold 15 (max threshold 15)
[2022-07-06T17:07:05.541+0000][71][gc,age      ] GC(22) - age   1:    2774192 bytes,    2774192 total
[2022-07-06T17:07:05.541+0000][71][gc,age      ] GC(22) - age   2:     412400 bytes,    3186592 total
[2022-07-06T17:07:05.541+0000][71][gc,age      ] GC(22) - age   3:     896952 bytes,    4083544 total
[2022-07-06T17:07:05.541+0000][71][gc,age      ] GC(22) - age   4:     420440 bytes,    4503984 total
[2022-07-06T17:07:05.541+0000][71][gc,age      ] GC(22) - age   5:    1133696 bytes,    5637680 total
[2022-07-06T17:07:05.541+0000][71][gc,age      ] GC(22) - age   6:   10577440 bytes,   16215120 total
[2022-07-06T17:07:05.541+0000][71][gc,heap     ] GC(22) Eden regions: 72->0(71)
[2022-07-06T17:07:05.541+0000][71][gc,heap     ] GC(22) Survivor regions: 4->5(10)
[2022-07-06T17:07:05.541+0000][71][gc,heap     ] GC(22) Old regions: 21->21
[2022-07-06T17:07:05.541+0000][71][gc,heap     ] GC(22) Archive regions: 2->2
[2022-07-06T17:07:05.541+0000][71][gc,heap     ] GC(22) Humongous regions: 0->0
[2022-07-06T17:07:05.541+0000][71][gc,metaspace] GC(22) Metaspace: 125620K(129088K)->125620K(129088K) NonClass: 108791K(110656K)->108791K(110656K) Class: 16829K(18432K)->16829K(18432K)
[2022-07-06T17:07:05.541+0000][71][gc          ] GC(22) Pause Young (Normal) (G1 Evacuation Pause) 388M->100M(512M) 31.250ms
[2022-07-06T17:07:05.541+0000][71][gc,cpu      ] GC(22) User=0.04s Sys=0.01s Real=0.04s
[2022-07-06T17:07:05.541+0000][71][safepoint   ] Safepoint "G1CollectForAllocation", Time since last: 157853640 ns, Reaching safepoint: 378984 ns, At safepoint: 31406330 ns, Total: 31785314 ns
[2022-07-06T17:07:06.542+0000][71][safepoint   ] Safepoint "Cleanup", Time since last: 1001008136 ns, Reaching safepoint: 160860 ns, At safepoint: 18531 ns, Total: 179391 ns
[2022-07-06T17:07:08.544+0000][71][safepoint   ] Safepoint "Cleanup", Time since last: 2000824790 ns, Reaching safepoint: 793288 ns, At safepoint: 20289 ns, Total: 813577 ns
[2022-07-06T17:07:09.545+0000][71][safepoint   ] Safepoint "Cleanup", Time since last: 1000734768 ns, Reaching safepoint: 199760 ns, At safepoint: 13411 ns, Total: 213171 ns
[2022-07-06T17:07:13.547+0000][71][safepoint   ] Safepoint "Cleanup", Time since last: 4001936731 ns, Reaching safepoint: 216155 ns, At safepoint: 9921 ns, Total: 226076 ns
[2022-07-06T17:07:15.549+0000][71][safepoint   ] Safepoint "Cleanup", Time since last: 2001607363 ns, Reaching safepoint: 221360 ns, At safepoint: 14654 ns, Total: 236014 ns
[2022-07-06T17:07:19.552+0000][71][safepoint   ] Safepoint "Cleanup", Time since last: 4003463107 ns, Reaching safepoint: 151530 ns, At safepoint: 11288 ns, Total: 162818 ns
[2022-07-06T17:07:20.672+0000][71][safepoint   ] Safepoint "Cleanup", Time since last: 1119844685 ns, Reaching safepoint: 95392 ns, At safepoint: 4969 ns, Total: 100361 ns
[2022-07-06T17:07:24.174+0000][71][safepoint   ] Safepoint "Cleanup", Time since last: 3501843327 ns, Reaching safepoint: 83999 ns, At safepoint: 8255 ns, Total: 92254 ns
[2022-07-06T17:07:26.719+0000][71][safepoint   ] Safepoint "Cleanup", Time since last: 2544362119 ns, Reaching safepoint: 57515 ns, At safepoint: 3296 ns, Total: 60811 ns
[2022-07-06T17:07:32.490+0000][71][safepoint   ] Safepoint "Cleanup", Time since last: 5771298718 ns, Reaching safepoint: 104767 ns, At safepoint: 11332 ns, Total: 116099 ns
[2022-07-06T17:07:33.708+0000][71][safepoint   ] Safepoint "Cleanup", Time since last: 1217336333 ns, Reaching safepoint: 98458 ns, At safepoint: 17489 ns, Total: 115947 ns
[2022-07-06T17:07:34.715+0000][71][safepoint   ] Safepoint "Cleanup", Time since last: 1006816182 ns, Reaching safepoint: 80610 ns, At safepoint: 4688 ns, Total: 85298 ns
[2022-07-06T17:07:38.921+0000][71][safepoint   ] Safepoint "Cleanup", Time since last: 4206084521 ns, Reaching safepoint: 428107 ns, At safepoint: 21006 ns, Total: 449113 ns
[2022-07-06T17:07:40.924+0000][71][safepoint   ] Safepoint "Cleanup", Time since last: 2002897587 ns, Reaching safepoint: 196979 ns, At safepoint: 17915 ns, Total: 214894 ns
[2022-07-06T17:07:41.925+0000][71][safepoint   ] Safepoint "Cleanup", Time since last: 1000893622 ns, Reaching safepoint: 349766 ns, At safepoint: 35664 ns, Total: 385430 ns
[2022-07-06T17:07:42.926+0000][71][safepoint   ] Safepoint "Cleanup", Time since last: 1000644595 ns, Reaching safepoint: 118554 ns, At safepoint: 9282 ns, Total: 127836 ns
[2022-07-06T17:07:47.929+0000][71][safepoint   ] Safepoint "Cleanup", Time since last: 5003074901 ns, Reaching safepoint: 171134 ns, At safepoint: 8735 ns, Total: 179869 ns
[2022-07-06T17:07:48.930+0000][71][safepoint   ] Safepoint "Cleanup", Time since last: 1000516626 ns, Reaching safepoint: 190409 ns, At safepoint: 12809 ns, Total: 203218 ns
[2022-07-06T17:07:49.932+0000][71][safepoint   ] Safepoint "Cleanup", Time since last: 1001285356 ns, Reaching safepoint: 211408 ns, At safepoint: 36417 ns, Total: 247825 ns
[2022-07-06T17:07:53.937+0000][71][safepoint   ] Safepoint "Cleanup", Time since last: 4005108361 ns, Reaching safepoint: 419755 ns, At safepoint: 9115 ns, Total: 428870 ns
[2022-07-06T17:07:54.938+0000][71][safepoint   ] Safepoint "Cleanup", Time since last: 1000568935 ns, Reaching safepoint: 280347 ns, At safepoint: 25207 ns, Total: 305554 ns
[2022-07-06T17:07:55.939+0000][71][safepoint   ] Safepoint "Cleanup", Time since last: 1000496795 ns, Reaching safepoint: 149934 ns, At safepoint: 13698 ns, Total: 163632 ns
[2022-07-06T17:07:56.940+0000][71][safepoint   ] Safepoint "Cleanup", Time since last: 1000763395 ns, Reaching safepoint: 171037 ns, At safepoint: 7822 ns, Total: 178859 ns
[2022-07-06T17:07:59.942+0000][71][safepoint   ] Safepoint "Cleanup", Time since last: 3001749259 ns, Reaching safepoint: 138032 ns, At safepoint: 11898 ns, Total: 149930 ns
[2022-07-06T17:08:00.942+0000][71][safepoint   ] Safepoint "Cleanup", Time since last: 1000127519 ns, Reaching safepoint: 144354 ns, At safepoint: 9396 ns, Total: 153750 ns
[2022-07-06T17:08:02.943+0000][71][safepoint   ] Safepoint "Cleanup", Time since last: 2000936175 ns, Reaching safepoint: 196122 ns, At safepoint: 16267 ns, Total: 212389 ns
[2022-07-06T17:08:05.945+0000][71][safepoint   ] Safepoint "Cleanup", Time since last: 3001519369 ns, Reaching safepoint: 127196 ns, At safepoint: 11759 ns, Total: 138955 ns
[2022-07-06T17:08:06.946+0000][71][safepoint   ] Safepoint "Cleanup", Time since last: 1000726757 ns, Reaching safepoint: 159030 ns, At safepoint: 9900 ns, Total: 168930 ns
[2022-07-06T17:08:11.949+0000][71][safepoint   ] Safepoint "Cleanup", Time since last: 5003475566 ns, Reaching safepoint: 162963 ns, At safepoint: 15332 ns, Total: 178295 ns
[2022-07-06T17:08:14.954+0000][71][safepoint   ] Safepoint "Cleanup", Time since last: 3004576656 ns, Reaching safepoint: 242250 ns, At safepoint: 12370 ns, Total: 254620 ns
[2022-07-06T17:08:16.956+0000][71][safepoint   ] Safepoint "Cleanup", Time since last: 2001890492 ns, Reaching safepoint: 434246 ns, At safepoint: 12608 ns, Total: 446854 ns
[2022-07-06T17:08:17.958+0000][71][safepoint   ] Safepoint "Cleanup", Time since last: 1001882510 ns, Reaching safepoint: 168855 ns, At safepoint: 12362 ns, Total: 181217 ns
[2022-07-06T17:08:18.960+0000][71][safepoint   ] Safepoint "Cleanup", Time since last: 1001015330 ns, Reaching safepoint: 182783 ns, At safepoint: 20972 ns, Total: 203755 ns
[2022-07-06T17:08:20.964+0000][71][safepoint   ] Safepoint "Cleanup", Time since last: 2004241007 ns, Reaching safepoint: 294975 ns, At safepoint: 16814 ns, Total: 311789 ns
[2022-07-06T17:08:23.971+0000][71][safepoint   ] Safepoint "Cleanup", Time since last: 3006025172 ns, Reaching safepoint: 309920 ns, At safepoint: 37436 ns, Total: 347356 ns
[2022-07-06T17:08:29.983+0000][71][safepoint   ] Safepoint "Cleanup", Time since last: 6011736915 ns, Reaching safepoint: 110280 ns, At safepoint: 14433 ns, Total: 124713 ns
[2022-07-06T17:08:30.985+0000][71][safepoint   ] Safepoint "Cleanup", Time since last: 1002290659 ns, Reaching safepoint: 152889 ns, At safepoint: 60036 ns, Total: 212925 ns
[2022-07-06T17:08:35.992+0000][71][safepoint   ] Safepoint "Cleanup", Time since last: 5007072938 ns, Reaching safepoint: 182011 ns, At safepoint: 12462 ns, Total: 194473 ns
[2022-07-06T17:08:36.993+0000][71][safepoint   ] Safepoint "Cleanup", Time since last: 1000508568 ns, Reaching safepoint: 211707 ns, At safepoint: 28686 ns, Total: 240393 ns
[2022-07-06T17:08:37.994+0000][71][safepoint   ] Safepoint "Cleanup", Time since last: 1000546634 ns, Reaching safepoint: 179892 ns, At safepoint: 11204 ns, Total: 191096 ns
[2022-07-06T17:08:43.000+0000][71][safepoint   ] Safepoint "Cleanup", Time since last: 5005958814 ns, Reaching safepoint: 185159 ns, At safepoint: 20992 ns, Total: 206151 ns
[2022-07-06T17:08:45.053+0000][71][safepoint   ] Safepoint "Cleanup", Time since last: 2052749393 ns, Reaching safepoint: 150279 ns, At safepoint: 31885 ns, Total: 182164 ns
[2022-07-06T17:08:46.054+0000][71][safepoint   ] Safepoint "Cleanup", Time since last: 1000818738 ns, Reaching safepoint: 191165 ns, At safepoint: 9501 ns, Total: 200666 ns
[2022-07-06T17:08:50.630+0000][71][gc,start    ] GC(23) Pause Young (Normal) (G1 Evacuation Pause)
[2022-07-06T17:08:50.630+0000][71][gc,task     ] GC(23) Using 8 workers of 8 for evacuation
[2022-07-06T17:08:50.630+0000][71][gc,age      ] GC(23) Desired survivor size 20971520 bytes, new threshold 15 (max threshold 15)
[2022-07-06T17:08:50.637+0000][71][gc,phases   ] GC(23)   Pre Evacuate Collection Set: 0.2ms
[2022-07-06T17:08:50.638+0000][71][gc,phases   ] GC(23)   Merge Heap Roots: 0.1ms
[2022-07-06T17:08:50.638+0000][71][gc,phases   ] GC(23)   Evacuate Collection Set: 5.8ms
[2022-07-06T17:08:50.638+0000][71][gc,phases   ] GC(23)   Post Evacuate Collection Set: 1.4ms
[2022-07-06T17:08:50.638+0000][71][gc,phases   ] GC(23)   Other: 0.1ms
[2022-07-06T17:08:50.638+0000][71][gc,age      ] GC(23) Age table with threshold 15 (max threshold 15)
[2022-07-06T17:08:50.638+0000][71][gc,age      ] GC(23) - age   1:     877408 bytes,     877408 total
[2022-07-06T17:08:50.638+0000][71][gc,age      ] GC(23) - age   2:     210376 bytes,    1087784 total
[2022-07-06T17:08:50.638+0000][71][gc,age      ] GC(23) - age   3:     301776 bytes,    1389560 total
[2022-07-06T17:08:50.638+0000][71][gc,age      ] GC(23) - age   4:     896832 bytes,    2286392 total
[2022-07-06T17:08:50.638+0000][71][gc,age      ] GC(23) - age   5:     405288 bytes,    2691680 total
[2022-07-06T17:08:50.638+0000][71][gc,age      ] GC(23) - age   6:    1110480 bytes,    3802160 total
[2022-07-06T17:08:50.638+0000][71][gc,age      ] GC(23) - age   7:   10517768 bytes,   14319928 total
[2022-07-06T17:08:50.638+0000][71][gc,heap     ] GC(23) Eden regions: 71->0(72)
[2022-07-06T17:08:50.638+0000][71][gc,heap     ] GC(23) Survivor regions: 5->4(10)
[2022-07-06T17:08:50.638+0000][71][gc,heap     ] GC(23) Old regions: 21->21
[2022-07-06T17:08:50.638+0000][71][gc,heap     ] GC(23) Archive regions: 2->2
[2022-07-06T17:08:50.638+0000][71][gc,heap     ] GC(23) Humongous regions: 0->0
[2022-07-06T17:08:50.638+0000][71][gc,metaspace] GC(23) Metaspace: 125909K(129344K)->125909K(129344K) NonClass: 109080K(110912K)->109080K(110912K) Class: 16829K(18432K)->16829K(18432K)
[2022-07-06T17:08:50.638+0000][71][gc          ] GC(23) Pause Young (Normal) (G1 Evacuation Pause) 384M->100M(512M) 7.812ms
[2022-07-06T17:08:50.638+0000][71][gc,cpu      ] GC(23) User=0.04s Sys=0.00s Real=0.01s
[2022-07-06T17:08:50.638+0000][71][safepoint   ] Safepoint "G1CollectForAllocation", Time since last: 4575745709 ns, Reaching safepoint: 136997 ns, At safepoint: 7916544 ns, Total: 8053541 ns
[2022-07-06T17:08:51.640+0000][71][safepoint   ] Safepoint "Cleanup", Time since last: 1001810003 ns, Reaching safepoint: 176957 ns, At safepoint: 49778 ns, Total: 226735 ns
[2022-07-06T17:08:57.664+0000][71][safepoint   ] Safepoint "Cleanup", Time since last: 6024253725 ns, Reaching safepoint: 267554 ns, At safepoint: 23795 ns, Total: 291349 ns
[2022-07-06T17:09:01.671+0000][71][safepoint   ] Safepoint "Cleanup", Time since last: 4006814848 ns, Reaching safepoint: 270025 ns, At safepoint: 25566 ns, Total: 295591 ns
[2022-07-06T17:09:03.674+0000][71][safepoint   ] Safepoint "Cleanup", Time since last: 2002322975 ns, Reaching safepoint: 178925 ns, At safepoint: 23452 ns, Total: 202377 ns
[2022-07-06T17:09:04.676+0000][71][safepoint   ] Safepoint "Cleanup", Time since last: 1002020057 ns, Reaching safepoint: 246912 ns, At safepoint: 130493 ns, Total: 377405 ns
[2022-07-06T17:09:09.684+0000][71][safepoint   ] Safepoint "Cleanup", Time since last: 5007205786 ns, Reaching safepoint: 214239 ns, At safepoint: 14223 ns, Total: 228462 ns
[2022-07-06T17:09:12.689+0000][71][safepoint   ] Safepoint "Cleanup", Time since last: 3004763536 ns, Reaching safepoint: 167032 ns, At safepoint: 7469 ns, Total: 174501 ns
[2022-07-06T17:09:15.692+0000][71][safepoint   ] Safepoint "Cleanup", Time since last: 3003500872 ns, Reaching safepoint: 160439 ns, At safepoint: 10760 ns, Total: 171199 ns
[2022-07-06T17:09:17.695+0000][71][safepoint   ] Safepoint "Cleanup", Time since last: 2002106415 ns, Reaching safepoint: 200323 ns, At safepoint: 24553 ns, Total: 224876 ns
[2022-07-06T17:09:21.699+0000][71][safepoint   ] Safepoint "Cleanup", Time since last: 4004416483 ns, Reaching safepoint: 157152 ns, At safepoint: 10372 ns, Total: 167524 ns
[2022-07-06T17:09:33.725+0000][71][safepoint   ] Safepoint "Cleanup", Time since last: 12025391276 ns, Reaching safepoint: 154576 ns, At safepoint: 10633 ns, Total: 165209 ns
[2022-07-06T17:09:35.727+0000][71][safepoint   ] Safepoint "Cleanup", Time since last: 2001862473 ns, Reaching safepoint: 166326 ns, At safepoint: 15377 ns, Total: 181703 ns
[2022-07-06T17:09:36.730+0000][71][safepoint   ] Safepoint "Cleanup", Time since last: 1002930405 ns, Reaching safepoint: 181178 ns, At safepoint: 12887 ns, Total: 194065 ns
[2022-07-06T17:09:37.731+0000][71][safepoint   ] Safepoint "Cleanup", Time since last: 1000836863 ns, Reaching safepoint: 292111 ns, At safepoint: 51643 ns, Total: 343754 ns
[2022-07-06T17:09:39.732+0000][71][safepoint   ] Safepoint "Cleanup", Time since last: 2000780612 ns, Reaching safepoint: 410922 ns, At safepoint: 35011 ns, Total: 445933 ns
[2022-07-06T17:09:42.736+0000][71][safepoint   ] Safepoint "Cleanup", Time since last: 3002742053 ns, Reaching safepoint: 566043 ns, At safepoint: 49675 ns, Total: 615718 ns
[2022-07-06T17:09:43.737+0000][71][safepoint   ] Safepoint "Cleanup", Time since last: 1001130259 ns, Reaching safepoint: 181025 ns, At safepoint: 11193 ns, Total: 192218 ns
[2022-07-06T17:09:45.738+0000][71][safepoint   ] Safepoint "Cleanup", Time since last: 2000819956 ns, Reaching safepoint: 186651 ns, At safepoint: 228922 ns, Total: 415573 ns
[2022-07-06T17:09:50.766+0000][71][safepoint   ] Safepoint "Cleanup", Time since last: 5027389525 ns, Reaching safepoint: 134611 ns, At safepoint: 21766 ns, Total: 156377 ns
[2022-07-06T17:09:51.768+0000][71][safepoint   ] Safepoint "Cleanup", Time since last: 1001835727 ns, Reaching safepoint: 316509 ns, At safepoint: 10792 ns, Total: 327301 ns
[2022-07-06T17:09:53.775+0000][71][safepoint   ] Safepoint "Cleanup", Time since last: 2006935939 ns, Reaching safepoint: 167126 ns, At safepoint: 57613 ns, Total: 224739 ns
[2022-07-06T17:09:54.777+0000][71][safepoint   ] Safepoint "Cleanup", Time since last: 1002130623 ns, Reaching safepoint: 170385 ns, At safepoint: 6943 ns, Total: 177328 ns
[2022-07-06T17:09:56.781+0000][71][safepoint   ] Safepoint "Cleanup", Time since last: 2000899393 ns, Reaching safepoint: 2148836 ns, At safepoint: 80298 ns, Total: 2229134 ns
[2022-07-06T17:09:57.783+0000][71][safepoint   ] Safepoint "Cleanup", Time since last: 1001969411 ns, Reaching safepoint: 265749 ns, At safepoint: 34134 ns, Total: 299883 ns
[2022-07-06T17:09:59.787+0000][71][safepoint   ] Safepoint "Cleanup", Time since last: 2004249234 ns, Reaching safepoint: 170610 ns, At safepoint: 21586 ns, Total: 192196 ns
[2022-07-06T17:10:02.790+0000][71][safepoint   ] Safepoint "Cleanup", Time since last: 3002664836 ns, Reaching safepoint: 208640 ns, At safepoint: 16648 ns, Total: 225288 ns
[2022-07-06T17:10:03.791+0000][71][safepoint   ] Safepoint "Cleanup", Time since last: 1000244015 ns, Reaching safepoint: 109916 ns, At safepoint: 8750 ns, Total: 118666 ns
[2022-07-06T17:10:04.792+0000][71][safepoint   ] Safepoint "Cleanup", Time since last: 1001158731 ns, Reaching safepoint: 239445 ns, At safepoint: 69069 ns, Total: 308514 ns
[2022-07-06T17:10:08.796+0000][71][safepoint   ] Safepoint "Cleanup", Time since last: 4002407376 ns, Reaching safepoint: 1169274 ns, At safepoint: 50180 ns, Total: 1219454 ns
[2022-07-06T17:10:14.800+0000][71][safepoint   ] Safepoint "Cleanup", Time since last: 6003909852 ns, Reaching safepoint: 123205 ns, At safepoint: 14798 ns, Total: 138003 ns
[2022-07-06T17:10:15.801+0000][71][safepoint   ] Safepoint "Cleanup", Time since last: 1001121833 ns, Reaching safepoint: 163068 ns, At safepoint: 11526 ns, Total: 174594 ns
[2022-07-06T17:10:19.803+0000][71][safepoint   ] Safepoint "Cleanup", Time since last: 4001789688 ns, Reaching safepoint: 183672 ns, At safepoint: 15389 ns, Total: 199061 ns
[2022-07-06T17:10:21.804+0000][71][safepoint   ] Safepoint "Cleanup", Time since last: 2001189104 ns, Reaching safepoint: 141529 ns, At safepoint: 28933 ns, Total: 170462 ns
[2022-07-06T17:10:26.807+0000][71][safepoint   ] Safepoint "Cleanup", Time since last: 5002897103 ns, Reaching safepoint: 145935 ns, At safepoint: 29773 ns, Total: 175708 ns
[2022-07-06T17:10:27.809+0000][71][safepoint   ] Safepoint "Cleanup", Time since last: 1001206193 ns, Reaching safepoint: 201783 ns, At safepoint: 22713 ns, Total: 224496 ns
[2022-07-06T17:10:33.165+0000][71][gc,start    ] GC(24) Pause Young (Normal) (G1 Evacuation Pause)
[2022-07-06T17:10:33.165+0000][71][gc,task     ] GC(24) Using 8 workers of 8 for evacuation
[2022-07-06T17:10:33.165+0000][71][gc,age      ] GC(24) Desired survivor size 20971520 bytes, new threshold 15 (max threshold 15)
[2022-07-06T17:10:33.173+0000][71][gc,phases   ] GC(24)   Pre Evacuate Collection Set: 0.1ms
[2022-07-06T17:10:33.173+0000][71][gc,phases   ] GC(24)   Merge Heap Roots: 0.1ms
[2022-07-06T17:10:33.173+0000][71][gc,phases   ] GC(24)   Evacuate Collection Set: 5.6ms
[2022-07-06T17:10:33.173+0000][71][gc,phases   ] GC(24)   Post Evacuate Collection Set: 1.5ms
[2022-07-06T17:10:33.173+0000][71][gc,phases   ] GC(24)   Other: 0.1ms
[2022-07-06T17:10:33.173+0000][71][gc,age      ] GC(24) Age table with threshold 15 (max threshold 15)
[2022-07-06T17:10:33.173+0000][71][gc,age      ] GC(24) - age   1:    1092048 bytes,    1092048 total
[2022-07-06T17:10:33.173+0000][71][gc,age      ] GC(24) - age   2:     157952 bytes,    1250000 total
[2022-07-06T17:10:33.173+0000][71][gc,age      ] GC(24) - age   3:     209728 bytes,    1459728 total
[2022-07-06T17:10:33.173+0000][71][gc,age      ] GC(24) - age   4:     301680 bytes,    1761408 total
[2022-07-06T17:10:33.173+0000][71][gc,age      ] GC(24) - age   5:     896736 bytes,    2658144 total
[2022-07-06T17:10:33.173+0000][71][gc,age      ] GC(24) - age   6:     405032 bytes,    3063176 total
[2022-07-06T17:10:33.173+0000][71][gc,age      ] GC(24) - age   7:     978128 bytes,    4041304 total
[2022-07-06T17:10:33.173+0000][71][gc,age      ] GC(24) - age   8:   10510976 bytes,   14552280 total
[2022-07-06T17:10:33.173+0000][71][gc,heap     ] GC(24) Eden regions: 72->0(72)
[2022-07-06T17:10:33.173+0000][71][gc,heap     ] GC(24) Survivor regions: 4->4(10)
[2022-07-06T17:10:33.173+0000][71][gc,heap     ] GC(24) Old regions: 21->21
[2022-07-06T17:10:33.173+0000][71][gc,heap     ] GC(24) Archive regions: 2->2
[2022-07-06T17:10:33.173+0000][71][gc,heap     ] GC(24) Humongous regions: 0->0
[2022-07-06T17:10:33.173+0000][71][gc,metaspace] GC(24) Metaspace: 126131K(129536K)->126131K(129536K) NonClass: 109301K(111104K)->109301K(111104K) Class: 16829K(18432K)->16829K(18432K)
[2022-07-06T17:10:33.173+0000][71][gc          ] GC(24) Pause Young (Normal) (G1 Evacuation Pause) 388M->100M(512M) 7.627ms
[2022-07-06T17:10:33.173+0000][71][gc,cpu      ] GC(24) User=0.03s Sys=0.00s Real=0.01s
[2022-07-06T17:10:33.173+0000][71][safepoint   ] Safepoint "G1CollectForAllocation", Time since last: 5356161552 ns, Reaching safepoint: 185025 ns, At safepoint: 7725666 ns, Total: 7910691 ns
[2022-07-06T17:10:34.174+0000][71][safepoint   ] Safepoint "Cleanup", Time since last: 1001061533 ns, Reaching safepoint: 255606 ns, At safepoint: 34527 ns, Total: 290133 ns
[2022-07-06T17:10:36.177+0000][71][safepoint   ] Safepoint "Cleanup", Time since last: 2002137207 ns, Reaching safepoint: 207994 ns, At safepoint: 27641 ns, Total: 235635 ns
[2022-07-06T17:10:37.177+0000][71][safepoint   ] Safepoint "Cleanup", Time since last: 1000260834 ns, Reaching safepoint: 427802 ns, At safepoint: 31679 ns, Total: 459481 ns
[2022-07-06T17:10:39.180+0000][71][safepoint   ] Safepoint "Cleanup", Time since last: 2002033554 ns, Reaching safepoint: 169518 ns, At safepoint: 9823 ns, Total: 179341 ns
[2022-07-06T17:10:40.182+0000][71][safepoint   ] Safepoint "Cleanup", Time since last: 1001202232 ns, Reaching safepoint: 1069173 ns, At safepoint: 41740 ns, Total: 1110913 ns
[2022-07-06T17:10:46.193+0000][71][safepoint   ] Safepoint "Cleanup", Time since last: 6010180373 ns, Reaching safepoint: 748986 ns, At safepoint: 8550 ns, Total: 757536 ns
[2022-07-06T17:10:48.196+0000][71][safepoint   ] Safepoint "Cleanup", Time since last: 2002849885 ns, Reaching safepoint: 147662 ns, At safepoint: 8460 ns, Total: 156122 ns
[2022-07-06T17:10:54.206+0000][71][safepoint   ] Safepoint "Cleanup", Time since last: 6010063907 ns, Reaching safepoint: 186649 ns, At safepoint: 16710 ns, Total: 203359 ns
[2022-07-06T17:10:57.208+0000][71][safepoint   ] Safepoint "Cleanup", Time since last: 3001413240 ns, Reaching safepoint: 261614 ns, At safepoint: 25221 ns, Total: 286835 ns
[2022-07-06T17:11:00.209+0000][71][safepoint   ] Safepoint "Cleanup", Time since last: 3001260170 ns, Reaching safepoint: 189088 ns, At safepoint: 19127 ns, Total: 208215 ns
[2022-07-06T17:11:01.210+0000][71][safepoint   ] Safepoint "Cleanup", Time since last: 1000368544 ns, Reaching safepoint: 188067 ns, At safepoint: 13367 ns, Total: 201434 ns
[2022-07-06T17:11:03.212+0000][71][safepoint   ] Safepoint "Cleanup", Time since last: 2001737998 ns, Reaching safepoint: 261570 ns, At safepoint: 38311 ns, Total: 299881 ns
[2022-07-06T17:11:05.213+0000][71][safepoint   ] Safepoint "Cleanup", Time since last: 2001107562 ns, Reaching safepoint: 209722 ns, At safepoint: 24451 ns, Total: 234173 ns
[2022-07-06T17:11:06.214+0000][71][safepoint   ] Safepoint "Cleanup", Time since last: 1000356211 ns, Reaching safepoint: 137750 ns, At safepoint: 8965 ns, Total: 146715 ns
[2022-07-06T17:11:07.215+0000][71][safepoint   ] Safepoint "Cleanup", Time since last: 1001507585 ns, Reaching safepoint: 220503 ns, At safepoint: 18319 ns, Total: 238822 ns
[2022-07-06T17:11:12.221+0000][71][safepoint   ] Safepoint "Cleanup", Time since last: 5005831541 ns, Reaching safepoint: 139941 ns, At safepoint: 9391 ns, Total: 149332 ns
[2022-07-06T17:11:16.229+0000][71][safepoint   ] Safepoint "Cleanup", Time since last: 4006838570 ns, Reaching safepoint: 213626 ns, At safepoint: 28398 ns, Total: 242024 ns
[2022-07-06T17:11:19.234+0000][71][safepoint   ] Safepoint "Cleanup", Time since last: 3005015111 ns, Reaching safepoint: 192222 ns, At safepoint: 41384 ns, Total: 233606 ns
[2022-07-06T17:11:20.234+0000][71][safepoint   ] Safepoint "Cleanup", Time since last: 1000406471 ns, Reaching safepoint: 123993 ns, At safepoint: 13152 ns, Total: 137145 ns
[2022-07-06T17:11:21.235+0000][71][safepoint   ] Safepoint "Cleanup", Time since last: 1000633274 ns, Reaching safepoint: 195697 ns, At safepoint: 22198 ns, Total: 217895 ns
[2022-07-06T17:11:26.243+0000][71][safepoint   ] Safepoint "Cleanup", Time since last: 5007253855 ns, Reaching safepoint: 254906 ns, At safepoint: 19138 ns, Total: 274044 ns
[2022-07-06T17:11:27.245+0000][71][safepoint   ] Safepoint "Cleanup", Time since last: 1002196048 ns, Reaching safepoint: 318613 ns, At safepoint: 46247 ns, Total: 364860 ns
[2022-07-06T17:11:30.248+0000][71][safepoint   ] Safepoint "Cleanup", Time since last: 3002750868 ns, Reaching safepoint: 201631 ns, At safepoint: 10116 ns, Total: 211747 ns
[2022-07-06T17:11:31.249+0000][71][safepoint   ] Safepoint "Cleanup", Time since last: 1000946524 ns, Reaching safepoint: 203611 ns, At safepoint: 9588 ns, Total: 213199 ns
[2022-07-06T17:11:32.250+0000][71][safepoint   ] Safepoint "Cleanup", Time since last: 1000868515 ns, Reaching safepoint: 164211 ns, At safepoint: 8279 ns, Total: 172490 ns
[2022-07-06T17:11:36.258+0000][71][safepoint   ] Safepoint "Cleanup", Time since last: 4006894215 ns, Reaching safepoint: 224612 ns, At safepoint: 28342 ns, Total: 252954 ns
[2022-07-06T17:11:37.259+0000][71][safepoint   ] Safepoint "Cleanup", Time since last: 1000930933 ns, Reaching safepoint: 314441 ns, At safepoint: 19071 ns, Total: 333512 ns
[2022-07-06T17:11:39.262+0000][71][safepoint   ] Safepoint "Cleanup", Time since last: 2002731877 ns, Reaching safepoint: 172494 ns, At safepoint: 10873 ns, Total: 183367 ns
[2022-07-06T17:11:41.264+0000][71][safepoint   ] Safepoint "Cleanup", Time since last: 2001520853 ns, Reaching safepoint: 217816 ns, At safepoint: 28116 ns, Total: 245932 ns
[2022-07-06T17:11:42.265+0000][71][safepoint   ] Safepoint "Cleanup", Time since last: 1001356003 ns, Reaching safepoint: 162016 ns, At safepoint: 12202 ns, Total: 174218 ns
[2022-07-06T17:11:46.270+0000][71][safepoint   ] Safepoint "Cleanup", Time since last: 4004752675 ns, Reaching safepoint: 197349 ns, At safepoint: 16016 ns, Total: 213365 ns
[2022-07-06T17:11:48.276+0000][71][safepoint   ] Safepoint "Cleanup", Time since last: 2005555963 ns, Reaching safepoint: 165530 ns, At safepoint: 9259 ns, Total: 174789 ns
[2022-07-06T17:11:51.291+0000][71][safepoint   ] Safepoint "Cleanup", Time since last: 3015363488 ns, Reaching safepoint: 208285 ns, At safepoint: 10015 ns, Total: 218300 ns
[2022-07-06T17:11:54.295+0000][71][safepoint   ] Safepoint "Cleanup", Time since last: 3003086575 ns, Reaching safepoint: 153634 ns, At safepoint: 13543 ns, Total: 167177 ns
[2022-07-06T17:11:55.296+0000][71][safepoint   ] Safepoint "Cleanup", Time since last: 1000769834 ns, Reaching safepoint: 173116 ns, At safepoint: 11628 ns, Total: 184744 ns
[2022-07-06T17:12:00.302+0000][71][safepoint   ] Safepoint "Cleanup", Time since last: 5005807945 ns, Reaching safepoint: 194200 ns, At safepoint: 25492 ns, Total: 219692 ns
[2022-07-06T17:12:01.304+0000][71][safepoint   ] Safepoint "Cleanup", Time since last: 1002001714 ns, Reaching safepoint: 140106 ns, At safepoint: 13960 ns, Total: 154066 ns
[2022-07-06T17:12:06.309+0000][71][safepoint   ] Safepoint "Cleanup", Time since last: 5005539618 ns, Reaching safepoint: 207409 ns, At safepoint: 7319 ns, Total: 214728 ns
[2022-07-06T17:12:07.310+0000][71][safepoint   ] Safepoint "Cleanup", Time since last: 1000359655 ns, Reaching safepoint: 226479 ns, At safepoint: 36912 ns, Total: 263391 ns
[2022-07-06T17:12:12.314+0000][71][safepoint   ] Safepoint "Cleanup", Time since last: 5003813543 ns, Reaching safepoint: 177055 ns, At safepoint: 17502 ns, Total: 194557 ns
[2022-07-06T17:12:15.878+0000][71][gc,start    ] GC(25) Pause Young (Normal) (G1 Evacuation Pause)
[2022-07-06T17:12:15.878+0000][71][gc,task     ] GC(25) Using 8 workers of 8 for evacuation
[2022-07-06T17:12:15.878+0000][71][gc,age      ] GC(25) Desired survivor size 20971520 bytes, new threshold 15 (max threshold 15)
[2022-07-06T17:12:15.886+0000][71][gc,phases   ] GC(25)   Pre Evacuate Collection Set: 0.3ms
[2022-07-06T17:12:15.886+0000][71][gc,phases   ] GC(25)   Merge Heap Roots: 0.1ms
[2022-07-06T17:12:15.886+0000][71][gc,phases   ] GC(25)   Evacuate Collection Set: 5.8ms
[2022-07-06T17:12:15.886+0000][71][gc,phases   ] GC(25)   Post Evacuate Collection Set: 1.4ms
[2022-07-06T17:12:15.886+0000][71][gc,phases   ] GC(25)   Other: 0.2ms
[2022-07-06T17:12:15.886+0000][71][gc,age      ] GC(25) Age table with threshold 15 (max threshold 15)
[2022-07-06T17:12:15.886+0000][71][gc,age      ] GC(25) - age   1:     927488 bytes,     927488 total
[2022-07-06T17:12:15.886+0000][71][gc,age      ] GC(25) - age   2:      34304 bytes,     961792 total
[2022-07-06T17:12:15.886+0000][71][gc,age      ] GC(25) - age   3:     157800 bytes,    1119592 total
[2022-07-06T17:12:15.886+0000][71][gc,age      ] GC(25) - age   4:     202808 bytes,    1322400 total
[2022-07-06T17:12:15.886+0000][71][gc,age      ] GC(25) - age   5:     300592 bytes,    1622992 total
[2022-07-06T17:12:15.886+0000][71][gc,age      ] GC(25) - age   6:     895152 bytes,    2518144 total
[2022-07-06T17:12:15.886+0000][71][gc,age      ] GC(25) - age   7:     405032 bytes,    2923176 total
[2022-07-06T17:12:15.886+0000][71][gc,age      ] GC(25) - age   8:     977936 bytes,    3901112 total
[2022-07-06T17:12:15.886+0000][71][gc,age      ] GC(25) - age   9:   10510976 bytes,   14412088 total
[2022-07-06T17:12:15.886+0000][71][gc,heap     ] GC(25) Eden regions: 72->0(72)
[2022-07-06T17:12:15.886+0000][71][gc,heap     ] GC(25) Survivor regions: 4->4(10)
[2022-07-06T17:12:15.886+0000][71][gc,heap     ] GC(25) Old regions: 21->21
[2022-07-06T17:12:15.886+0000][71][gc,heap     ] GC(25) Archive regions: 2->2
[2022-07-06T17:12:15.886+0000][71][gc,heap     ] GC(25) Humongous regions: 0->0
[2022-07-06T17:12:15.886+0000][71][gc,metaspace] GC(25) Metaspace: 126360K(129728K)->126360K(129728K) NonClass: 109530K(111296K)->109530K(111296K) Class: 16829K(18432K)->16829K(18432K)
[2022-07-06T17:12:15.886+0000][71][gc          ] GC(25) Pause Young (Normal) (G1 Evacuation Pause) 388M->100M(512M) 7.922ms
[2022-07-06T17:12:15.886+0000][71][gc,cpu      ] GC(25) User=0.04s Sys=0.01s Real=0.01s
[2022-07-06T17:12:15.886+0000][71][safepoint   ] Safepoint "G1CollectForAllocation", Time since last: 3563855486 ns, Reaching safepoint: 286561 ns, At safepoint: 8049160 ns, Total: 8335721 ns
[2022-07-06T17:12:18.889+0000][71][safepoint   ] Safepoint "Cleanup", Time since last: 3002270020 ns, Reaching safepoint: 124348 ns, At safepoint: 40697 ns, Total: 165045 ns
[2022-07-06T17:12:19.889+0000][71][safepoint   ] Safepoint "Cleanup", Time since last: 1000328710 ns, Reaching safepoint: 198554 ns, At safepoint: 22829 ns, Total: 221383 ns
[2022-07-06T17:12:23.895+0000][71][safepoint   ] Safepoint "Cleanup", Time since last: 4005712318 ns, Reaching safepoint: 96561 ns, At safepoint: 9085 ns, Total: 105646 ns
[2022-07-06T17:12:24.896+0000][71][safepoint   ] Safepoint "Cleanup", Time since last: 1001085311 ns, Reaching safepoint: 177545 ns, At safepoint: 20876 ns, Total: 198421 ns
[2022-07-06T17:12:25.900+0000][71][safepoint   ] Safepoint "Cleanup", Time since last: 1002987552 ns, Reaching safepoint: 518145 ns, At safepoint: 22890 ns, Total: 541035 ns
[2022-07-06T17:12:26.902+0000][71][safepoint   ] Safepoint "Cleanup", Time since last: 1001603353 ns, Reaching safepoint: 144186 ns, At safepoint: 12324 ns, Total: 156510 ns
[2022-07-06T17:12:28.904+0000][71][safepoint   ] Safepoint "Cleanup", Time since last: 2001607716 ns, Reaching safepoint: 209619 ns, At safepoint: 21827 ns, Total: 231446 ns
[2022-07-06T17:12:29.904+0000][71][safepoint   ] Safepoint "Cleanup", Time since last: 1000321458 ns, Reaching safepoint: 228729 ns, At safepoint: 15718 ns, Total: 244447 ns
[2022-07-06T17:12:32.909+0000][71][safepoint   ] Safepoint "Cleanup", Time since last: 3005007469 ns, Reaching safepoint: 143816 ns, At safepoint: 7929 ns, Total: 151745 ns
[2022-07-06T17:12:33.911+0000][71][safepoint   ] Safepoint "Cleanup", Time since last: 1001096283 ns, Reaching safepoint: 150745 ns, At safepoint: 10319 ns, Total: 161064 ns
[2022-07-06T17:12:34.912+0000][71][safepoint   ] Safepoint "Cleanup", Time since last: 1001063151 ns, Reaching safepoint: 233271 ns, At safepoint: 7209 ns, Total: 240480 ns
[2022-07-06T17:12:37.913+0000][71][safepoint   ] Safepoint "Cleanup", Time since last: 3001035819 ns, Reaching safepoint: 256781 ns, At safepoint: 16433 ns, Total: 273214 ns
[2022-07-06T17:12:38.914+0000][71][safepoint   ] Safepoint "Cleanup", Time since last: 1000659597 ns, Reaching safepoint: 162317 ns, At safepoint: 18010 ns, Total: 180327 ns
[2022-07-06T17:12:39.915+0000][71][safepoint   ] Safepoint "Cleanup", Time since last: 1000761870 ns, Reaching safepoint: 219920 ns, At safepoint: 17629 ns, Total: 237549 ns
[2022-07-06T17:12:44.923+0000][71][safepoint   ] Safepoint "Cleanup", Time since last: 5007995426 ns, Reaching safepoint: 154223 ns, At safepoint: 17876 ns, Total: 172099 ns
[2022-07-06T17:12:45.924+0000][71][safepoint   ] Safepoint "Cleanup", Time since last: 1000557138 ns, Reaching safepoint: 226474 ns, At safepoint: 9455 ns, Total: 235929 ns
[2022-07-06T17:12:47.926+0000][71][safepoint   ] Safepoint "Cleanup", Time since last: 2002147003 ns, Reaching safepoint: 164020 ns, At safepoint: 10917 ns, Total: 174937 ns
[2022-07-06T17:12:49.929+0000][71][safepoint   ] Safepoint "Cleanup", Time since last: 2002053986 ns, Reaching safepoint: 751825 ns, At safepoint: 26674 ns, Total: 778499 ns
[2022-07-06T17:12:50.929+0000][71][safepoint   ] Safepoint "Cleanup", Time since last: 1000149556 ns, Reaching safepoint: 116135 ns, At safepoint: 8900 ns, Total: 125035 ns
[2022-07-06T17:12:51.932+0000][71][safepoint   ] Safepoint "Cleanup", Time since last: 1002095879 ns, Reaching safepoint: 154483 ns, At safepoint: 17541 ns, Total: 172024 ns
[2022-07-06T17:12:57.940+0000][71][safepoint   ] Safepoint "Cleanup", Time since last: 6006645091 ns, Reaching safepoint: 1888057 ns, At safepoint: 27183 ns, Total: 1915240 ns
[2022-07-06T17:13:02.946+0000][71][safepoint   ] Safepoint "Cleanup", Time since last: 5005237093 ns, Reaching safepoint: 312587 ns, At safepoint: 18068 ns, Total: 330655 ns
[2022-07-06T17:13:03.947+0000][71][safepoint   ] Safepoint "Cleanup", Time since last: 1001050045 ns, Reaching safepoint: 286474 ns, At safepoint: 13695 ns, Total: 300169 ns
[2022-07-06T17:13:05.950+0000][71][safepoint   ] Safepoint "Cleanup", Time since last: 2003064043 ns, Reaching safepoint: 168323 ns, At safepoint: 16036 ns, Total: 184359 ns
[2022-07-06T17:13:06.952+0000][71][safepoint   ] Safepoint "Cleanup", Time since last: 1001321165 ns, Reaching safepoint: 229002 ns, At safepoint: 31488 ns, Total: 260490 ns
[2022-07-06T17:13:08.955+0000][71][safepoint   ] Safepoint "Cleanup", Time since last: 2003188531 ns, Reaching safepoint: 208194 ns, At safepoint: 16655 ns, Total: 224849 ns
[2022-07-06T17:13:14.963+0000][71][safepoint   ] Safepoint "Cleanup", Time since last: 6006684630 ns, Reaching safepoint: 578124 ns, At safepoint: 29576 ns, Total: 607700 ns
[2022-07-06T17:13:15.963+0000][71][safepoint   ] Safepoint "Cleanup", Time since last: 1000634653 ns, Reaching safepoint: 155363 ns, At safepoint: 19894 ns, Total: 175257 ns
[2022-07-06T17:13:18.966+0000][71][safepoint   ] Safepoint "Cleanup", Time since last: 3001814835 ns, Reaching safepoint: 539399 ns, At safepoint: 13420 ns, Total: 552819 ns
[2022-07-06T17:13:20.968+0000][71][safepoint   ] Safepoint "Cleanup", Time since last: 2001931391 ns, Reaching safepoint: 159379 ns, At safepoint: 23719 ns, Total: 183098 ns
[2022-07-06T17:13:21.971+0000][71][safepoint   ] Safepoint "Cleanup", Time since last: 1002929032 ns, Reaching safepoint: 312470 ns, At safepoint: 10599 ns, Total: 323069 ns
[2022-07-06T17:13:27.982+0000][71][safepoint   ] Safepoint "Cleanup", Time since last: 6010628316 ns, Reaching safepoint: 230951 ns, At safepoint: 52780 ns, Total: 283731 ns
[2022-07-06T17:13:32.985+0000][71][safepoint   ] Safepoint "Cleanup", Time since last: 5002393989 ns, Reaching safepoint: 256695 ns, At safepoint: 26920 ns, Total: 283615 ns
[2022-07-06T17:13:33.987+0000][71][safepoint   ] Safepoint "Cleanup", Time since last: 1002069018 ns, Reaching safepoint: 232462 ns, At safepoint: 29249 ns, Total: 261711 ns
[2022-07-06T17:13:34.987+0000][71][safepoint   ] Safepoint "Cleanup", Time since last: 1000167111 ns, Reaching safepoint: 72145 ns, At safepoint: 17578 ns, Total: 89723 ns
[2022-07-06T17:13:35.989+0000][71][safepoint   ] Safepoint "Cleanup", Time since last: 1000823048 ns, Reaching safepoint: 335478 ns, At safepoint: 60331 ns, Total: 395809 ns
[2022-07-06T17:13:36.989+0000][71][safepoint   ] Safepoint "Cleanup", Time since last: 1000303286 ns, Reaching safepoint: 309779 ns, At safepoint: 49991 ns, Total: 359770 ns
[2022-07-06T17:13:37.990+0000][71][safepoint   ] Safepoint "Cleanup", Time since last: 1001049085 ns, Reaching safepoint: 80457 ns, At safepoint: 18776 ns, Total: 99233 ns
[2022-07-06T17:13:38.991+0000][71][safepoint   ] Safepoint "Cleanup", Time since last: 1000579329 ns, Reaching safepoint: 59615 ns, At safepoint: 7841 ns, Total: 67456 ns
[2022-07-06T17:13:39.994+0000][71][safepoint   ] Safepoint "Cleanup", Time since last: 1002887546 ns, Reaching safepoint: 129364 ns, At safepoint: 68011 ns, Total: 197375 ns
[2022-07-06T17:13:48.001+0000][71][safepoint   ] Safepoint "Cleanup", Time since last: 8006666546 ns, Reaching safepoint: 234168 ns, At safepoint: 20211 ns, Total: 254379 ns
[2022-07-06T17:14:02.891+0000][71][gc,start    ] GC(26) Pause Young (Normal) (G1 Evacuation Pause)
[2022-07-06T17:14:02.891+0000][71][gc,task     ] GC(26) Using 8 workers of 8 for evacuation
[2022-07-06T17:14:02.891+0000][71][gc,age      ] GC(26) Desired survivor size 20971520 bytes, new threshold 15 (max threshold 15)
[2022-07-06T17:14:02.899+0000][71][gc,phases   ] GC(26)   Pre Evacuate Collection Set: 0.2ms
[2022-07-06T17:14:02.899+0000][71][gc,phases   ] GC(26)   Merge Heap Roots: 0.1ms
[2022-07-06T17:14:02.899+0000][71][gc,phases   ] GC(26)   Evacuate Collection Set: 5.8ms
[2022-07-06T17:14:02.899+0000][71][gc,phases   ] GC(26)   Post Evacuate Collection Set: 1.4ms
[2022-07-06T17:14:02.899+0000][71][gc,phases   ] GC(26)   Other: 0.1ms
[2022-07-06T17:14:02.899+0000][71][gc,age      ] GC(26) Age table with threshold 15 (max threshold 15)
[2022-07-06T17:14:02.899+0000][71][gc,age      ] GC(26) - age   1:    1168968 bytes,    1168968 total
[2022-07-06T17:14:02.899+0000][71][gc,age      ] GC(26) - age   2:      18576 bytes,    1187544 total
[2022-07-06T17:14:02.899+0000][71][gc,age      ] GC(26) - age   3:      33128 bytes,    1220672 total
[2022-07-06T17:14:02.899+0000][71][gc,age      ] GC(26) - age   4:     157768 bytes,    1378440 total
[2022-07-06T17:14:02.899+0000][71][gc,age      ] GC(26) - age   5:     202160 bytes,    1580600 total
[2022-07-06T17:14:02.899+0000][71][gc,age      ] GC(26) - age   6:     300592 bytes,    1881192 total
[2022-07-06T17:14:02.899+0000][71][gc,age      ] GC(26) - age   7:     895152 bytes,    2776344 total
[2022-07-06T17:14:02.899+0000][71][gc,age      ] GC(26) - age   8:     405032 bytes,    3181376 total
[2022-07-06T17:14:02.899+0000][71][gc,age      ] GC(26) - age   9:     977936 bytes,    4159312 total
[2022-07-06T17:14:02.899+0000][71][gc,age      ] GC(26) - age  10:   10510976 bytes,   14670288 total
[2022-07-06T17:14:02.899+0000][71][gc,heap     ] GC(26) Eden regions: 72->0(72)
[2022-07-06T17:14:02.899+0000][71][gc,heap     ] GC(26) Survivor regions: 4->4(10)
[2022-07-06T17:14:02.899+0000][71][gc,heap     ] GC(26) Old regions: 21->21
[2022-07-06T17:14:02.899+0000][71][gc,heap     ] GC(26) Archive regions: 2->2
[2022-07-06T17:14:02.899+0000][71][gc,heap     ] GC(26) Humongous regions: 0->0
[2022-07-06T17:14:02.899+0000][71][gc,metaspace] GC(26) Metaspace: 126498K(129920K)->126498K(129920K) NonClass: 109669K(111488K)->109669K(111488K) Class: 16829K(18432K)->16829K(18432K)
[2022-07-06T17:14:02.899+0000][71][gc          ] GC(26) Pause Young (Normal) (G1 Evacuation Pause) 388M->99M(512M) 7.673ms
[2022-07-06T17:14:02.899+0000][71][gc,cpu      ] GC(26) User=0.04s Sys=0.00s Real=0.00s
[2022-07-06T17:14:02.899+0000][71][safepoint   ] Safepoint "G1CollectForAllocation", Time since last: 14889867104 ns, Reaching safepoint: 135146 ns, At safepoint: 7775303 ns, Total: 7910449 ns
[2022-07-06T17:14:06.901+0000][71][safepoint   ] Safepoint "Cleanup", Time since last: 4001846712 ns, Reaching safepoint: 211753 ns, At safepoint: 11839 ns, Total: 223592 ns
[2022-07-06T17:14:08.904+0000][71][safepoint   ] Safepoint "Cleanup", Time since last: 2002830976 ns, Reaching safepoint: 240525 ns, At safepoint: 59308 ns, Total: 299833 ns
[2022-07-06T17:14:09.906+0000][71][safepoint   ] Safepoint "Cleanup", Time since last: 1001871564 ns, Reaching safepoint: 246641 ns, At safepoint: 11924 ns, Total: 258565 ns
[2022-07-06T17:14:16.915+0000][71][safepoint   ] Safepoint "Cleanup", Time since last: 7008794137 ns, Reaching safepoint: 135476 ns, At safepoint: 12425 ns, Total: 147901 ns
[2022-07-06T17:14:17.919+0000][71][safepoint   ] Safepoint "Cleanup", Time since last: 1004021098 ns, Reaching safepoint: 115866 ns, At safepoint: 20735 ns, Total: 136601 ns
[2022-07-06T17:14:18.921+0000][71][safepoint   ] Safepoint "Cleanup", Time since last: 1001390870 ns, Reaching safepoint: 168330 ns, At safepoint: 17760 ns, Total: 186090 ns
[2022-07-06T17:14:19.922+0000][71][safepoint   ] Safepoint "Cleanup", Time since last: 1001285458 ns, Reaching safepoint: 171948 ns, At safepoint: 15974 ns, Total: 187922 ns
[2022-07-06T17:14:24.929+0000][71][safepoint   ] Safepoint "Cleanup", Time since last: 5006435591 ns, Reaching safepoint: 714067 ns, At safepoint: 51238 ns, Total: 765305 ns
[2022-07-06T17:14:26.932+0000][71][safepoint   ] Safepoint "Cleanup", Time since last: 2001699353 ns, Reaching safepoint: 265980 ns, At safepoint: 40740 ns, Total: 306720 ns
[2022-07-06T17:14:31.986+0000][71][safepoint   ] Safepoint "Cleanup", Time since last: 5053412528 ns, Reaching safepoint: 657898 ns, At safepoint: 21714 ns, Total: 679612 ns
[2022-07-06T17:14:32.986+0000][71][safepoint   ] Safepoint "Cleanup", Time since last: 1000554168 ns, Reaching safepoint: 238423 ns, At safepoint: 11898 ns, Total: 250321 ns
[2022-07-06T17:14:33.988+0000][71][safepoint   ] Safepoint "Cleanup", Time since last: 1001125586 ns, Reaching safepoint: 148799 ns, At safepoint: 11282 ns, Total: 160081 ns
[2022-07-06T17:14:38.102+0000][71][safepoint   ] Safepoint "Cleanup", Time since last: 4113904703 ns, Reaching safepoint: 137192 ns, At safepoint: 24499 ns, Total: 161691 ns
[2022-07-06T17:14:39.103+0000][71][safepoint   ] Safepoint "Cleanup", Time since last: 1000808119 ns, Reaching safepoint: 133354 ns, At safepoint: 31056 ns, Total: 164410 ns
[2022-07-06T17:14:48.106+0000][71][safepoint   ] Safepoint "Cleanup", Time since last: 9003502348 ns, Reaching safepoint: 137459 ns, At safepoint: 13266 ns, Total: 150725 ns
[2022-07-06T17:14:55.117+0000][71][safepoint   ] Safepoint "Cleanup", Time since last: 7009765135 ns, Reaching safepoint: 281204 ns, At safepoint: 78291 ns, Total: 359495 ns
[2022-07-06T17:15:01.123+0000][71][safepoint   ] Safepoint "Cleanup", Time since last: 6006391596 ns, Reaching safepoint: 209474 ns, At safepoint: 31330 ns, Total: 240804 ns
[2022-07-06T17:15:07.133+0000][71][safepoint   ] Safepoint "Cleanup", Time since last: 6009191359 ns, Reaching safepoint: 198478 ns, At safepoint: 11674 ns, Total: 210152 ns
[2022-07-06T17:15:08.134+0000][71][safepoint   ] Safepoint "Cleanup", Time since last: 1001115422 ns, Reaching safepoint: 204075 ns, At safepoint: 13120 ns, Total: 217195 ns
[2022-07-06T17:15:17.408+0000][71][safepoint   ] Safepoint "Cleanup", Time since last: 9274014850 ns, Reaching safepoint: 124605 ns, At safepoint: 31035 ns, Total: 155640 ns
[2022-07-06T17:15:18.450+0000][71][safepoint   ] Safepoint "Cleanup", Time since last: 1040297688 ns, Reaching safepoint: 1930705 ns, At safepoint: 32022 ns, Total: 1962727 ns
