[2022-07-06T16:50:57.495+0000][70][gc,init] CardTable entry size: 512
[2022-07-06T16:50:57.496+0000][70][gc     ] Using G1
[2022-07-06T16:50:57.695+0000][70][gc,init] Version: 18.0.1.1+2-6 (release)
[2022-07-06T16:50:57.695+0000][70][gc,init] CPUs: 8 total, 8 available
[2022-07-06T16:50:57.695+0000][70][gc,init] Memory: 7736M
[2022-07-06T16:50:57.695+0000][70][gc,init] Large Page Support: Disabled
[2022-07-06T16:50:57.695+0000][70][gc,init] NUMA Support: Disabled
[2022-07-06T16:50:57.695+0000][70][gc,init] Compressed Oops: Enabled (32-bit)
[2022-07-06T16:50:57.695+0000][70][gc,init] Heap Region Size: 4M
[2022-07-06T16:50:57.695+0000][70][gc,init] Heap Min Capacity: 512M
[2022-07-06T16:50:57.695+0000][70][gc,init] Heap Initial Capacity: 512M
[2022-07-06T16:50:57.695+0000][70][gc,init] Heap Max Capacity: 512M
[2022-07-06T16:50:57.695+0000][70][gc,init] Pre-touch: Enabled
[2022-07-06T16:50:57.695+0000][70][gc,init] Parallel Workers: 8
[2022-07-06T16:50:57.695+0000][70][gc,init] Concurrent Workers: 2
[2022-07-06T16:50:57.695+0000][70][gc,init] Concurrent Refinement Workers: 8
[2022-07-06T16:50:57.695+0000][70][gc,init] Periodic GC: Disabled
[2022-07-06T16:50:57.695+0000][70][gc,metaspace] CDS archive(s) mapped at: [0x0000000800000000-0x0000000800baf000-0x0000000800baf000), size 12251136, SharedBaseAddress: 0x0000000800000000, ArchiveRelocationMode: 0.
[2022-07-06T16:50:57.695+0000][70][gc,metaspace] Compressed class space mapped at: 0x0000000800c00000-0x0000000840c00000, reserved size: 1073741824
[2022-07-06T16:50:57.695+0000][70][gc,metaspace] Narrow klass base: 0x0000000800000000, Narrow klass shift: 0, Narrow klass range: 0x100000000
[2022-07-06T16:50:58.716+0000][70][safepoint   ] Safepoint "Cleanup", Time since last: 1011707399 ns, Reaching safepoint: 140140 ns, At safepoint: 6378 ns, Total: 146518 ns
[2022-07-06T16:50:58.762+0000][70][gc,start    ] GC(0) Pause Young (Normal) (G1 Evacuation Pause)
[2022-07-06T16:50:58.763+0000][70][gc,task     ] GC(0) Using 8 workers of 8 for evacuation
[2022-07-06T16:50:58.763+0000][70][gc,age      ] GC(0) Desired survivor size 2097152 bytes, new threshold 15 (max threshold 15)
[2022-07-06T16:50:58.766+0000][70][gc,phases   ] GC(0)   Pre Evacuate Collection Set: 0.1ms
[2022-07-06T16:50:58.766+0000][70][gc,phases   ] GC(0)   Merge Heap Roots: 0.1ms
[2022-07-06T16:50:58.766+0000][70][gc,phases   ] GC(0)   Evacuate Collection Set: 2.0ms
[2022-07-06T16:50:58.766+0000][70][gc,phases   ] GC(0)   Post Evacuate Collection Set: 0.9ms
[2022-07-06T16:50:58.766+0000][70][gc,phases   ] GC(0)   Other: 0.1ms
[2022-07-06T16:50:58.766+0000][70][gc,age      ] GC(0) Age table with threshold 15 (max threshold 15)
[2022-07-06T16:50:58.766+0000][70][gc,age      ] GC(0) - age   1:    3192640 bytes,    3192640 total
[2022-07-06T16:50:58.766+0000][70][gc,heap     ] GC(0) Eden regions: 6->0(15)
[2022-07-06T16:50:58.766+0000][70][gc,heap     ] GC(0) Survivor regions: 0->1(1)
[2022-07-06T16:50:58.766+0000][70][gc,heap     ] GC(0) Old regions: 0->0
[2022-07-06T16:50:58.766+0000][70][gc,heap     ] GC(0) Archive regions: 2->2
[2022-07-06T16:50:58.766+0000][70][gc,heap     ] GC(0) Humongous regions: 0->0
[2022-07-06T16:50:58.766+0000][70][gc,metaspace] GC(0) Metaspace: 3388K(3584K)->3388K(3584K) NonClass: 3044K(3136K)->3044K(3136K) Class: 343K(448K)->343K(448K)
[2022-07-06T16:50:58.766+0000][70][gc          ] GC(0) Pause Young (Normal) (G1 Evacuation Pause) 27M->7M(512M) 3.453ms
[2022-07-06T16:50:58.766+0000][70][gc,cpu      ] GC(0) User=0.01s Sys=0.00s Real=0.00s
[2022-07-06T16:50:58.766+0000][70][safepoint   ] Safepoint "G1CollectForAllocation", Time since last: 45798471 ns, Reaching safepoint: 112319 ns, At safepoint: 3538154 ns, Total: 3650473 ns
[2022-07-06T16:51:00.428+0000][70][safepoint   ] Safepoint "ICBufferFull", Time since last: 1662235891 ns, Reaching safepoint: 232805 ns, At safepoint: 11866 ns, Total: 244671 ns
[2022-07-06T16:51:01.555+0000][70][safepoint   ] Safepoint "Cleanup", Time since last: 1126314213 ns, Reaching safepoint: 755012 ns, At safepoint: 17390 ns, Total: 772402 ns
[2022-07-06T16:51:02.023+0000][70][gc,start    ] GC(1) Pause Young (Normal) (G1 Evacuation Pause)
[2022-07-06T16:51:02.023+0000][70][gc,task     ] GC(1) Using 8 workers of 8 for evacuation
[2022-07-06T16:51:02.023+0000][70][gc,age      ] GC(1) Desired survivor size 4194304 bytes, new threshold 15 (max threshold 15)
[2022-07-06T16:51:02.075+0000][70][gc,phases   ] GC(1)   Pre Evacuate Collection Set: 0.1ms
[2022-07-06T16:51:02.075+0000][70][gc,phases   ] GC(1)   Merge Heap Roots: 0.0ms
[2022-07-06T16:51:02.075+0000][70][gc,phases   ] GC(1)   Evacuate Collection Set: 22.8ms
[2022-07-06T16:51:02.075+0000][70][gc,phases   ] GC(1)   Post Evacuate Collection Set: 28.4ms
[2022-07-06T16:51:02.075+0000][70][gc,phases   ] GC(1)   Other: 0.1ms
[2022-07-06T16:51:02.075+0000][70][gc,age      ] GC(1) Age table with threshold 15 (max threshold 15)
[2022-07-06T16:51:02.075+0000][70][gc,age      ] GC(1) - age   1:    5301400 bytes,    5301400 total
[2022-07-06T16:51:02.075+0000][70][gc,age      ] GC(1) - age   2:    3051272 bytes,    8352672 total
[2022-07-06T16:51:02.075+0000][70][gc,heap     ] GC(1) Eden regions: 15->0(20)
[2022-07-06T16:51:02.075+0000][70][gc,heap     ] GC(1) Survivor regions: 1->2(2)
[2022-07-06T16:51:02.075+0000][70][gc,heap     ] GC(1) Old regions: 0->1
[2022-07-06T16:51:02.075+0000][70][gc,heap     ] GC(1) Archive regions: 2->2
[2022-07-06T16:51:02.075+0000][70][gc,heap     ] GC(1) Humongous regions: 0->0
[2022-07-06T16:51:02.075+0000][70][gc,metaspace] GC(1) Metaspace: 14047K(14464K)->14047K(14464K) NonClass: 12376K(12608K)->12376K(12608K) Class: 1671K(1856K)->1671K(1856K)
[2022-07-06T16:51:02.075+0000][70][gc          ] GC(1) Pause Young (Normal) (G1 Evacuation Pause) 67M->12M(512M) 51.704ms
[2022-07-06T16:51:02.075+0000][70][gc,cpu      ] GC(1) User=0.04s Sys=0.00s Real=0.05s
[2022-07-06T16:51:02.075+0000][70][safepoint   ] Safepoint "G1CollectForAllocation", Time since last: 467377271 ns, Reaching safepoint: 143093 ns, At safepoint: 51840861 ns, Total: 51983954 ns
[2022-07-06T16:51:04.059+0000][70][safepoint   ] Safepoint "Cleanup", Time since last: 1935049609 ns, Reaching safepoint: 49281019 ns, At safepoint: 19330 ns, Total: 49300349 ns
[2022-07-06T16:51:05.224+0000][70][gc,start    ] GC(2) Pause Young (Normal) (G1 Evacuation Pause)
[2022-07-06T16:51:05.224+0000][70][gc,task     ] GC(2) Using 8 workers of 8 for evacuation
[2022-07-06T16:51:05.224+0000][70][gc,age      ] GC(2) Desired survivor size 6291456 bytes, new threshold 2 (max threshold 15)
[2022-07-06T16:51:05.256+0000][70][gc,phases   ] GC(2)   Pre Evacuate Collection Set: 0.1ms
[2022-07-06T16:51:05.256+0000][70][gc,phases   ] GC(2)   Merge Heap Roots: 0.1ms
[2022-07-06T16:51:05.256+0000][70][gc,phases   ] GC(2)   Evacuate Collection Set: 29.4ms
[2022-07-06T16:51:05.256+0000][70][gc,phases   ] GC(2)   Post Evacuate Collection Set: 3.0ms
[2022-07-06T16:51:05.256+0000][70][gc,phases   ] GC(2)   Other: 0.1ms
[2022-07-06T16:51:05.256+0000][70][gc,age      ] GC(2) Age table with threshold 2 (max threshold 15)
[2022-07-06T16:51:05.256+0000][70][gc,age      ] GC(2) - age   1:    3174456 bytes,    3174456 total
[2022-07-06T16:51:05.257+0000][70][gc,age      ] GC(2) - age   2:    5217376 bytes,    8391832 total
[2022-07-06T16:51:05.257+0000][70][gc,heap     ] GC(2) Eden regions: 20->0(46)
[2022-07-06T16:51:05.257+0000][70][gc,heap     ] GC(2) Survivor regions: 2->3(3)
[2022-07-06T16:51:05.257+0000][70][gc,heap     ] GC(2) Old regions: 1->1
[2022-07-06T16:51:05.257+0000][70][gc,heap     ] GC(2) Archive regions: 2->2
[2022-07-06T16:51:05.257+0000][70][gc,heap     ] GC(2) Humongous regions: 0->0
[2022-07-06T16:51:05.257+0000][70][gc,metaspace] GC(2) Metaspace: 17138K(17600K)->17138K(17600K) NonClass: 15141K(15424K)->15141K(15424K) Class: 1997K(2176K)->1997K(2176K)
[2022-07-06T16:51:05.257+0000][70][gc          ] GC(2) Pause Young (Normal) (G1 Evacuation Pause) 92M->15M(512M) 33.071ms
[2022-07-06T16:51:05.257+0000][70][gc,cpu      ] GC(2) User=0.08s Sys=0.00s Real=0.03s
[2022-07-06T16:51:05.257+0000][70][safepoint   ] Safepoint "G1CollectForAllocation", Time since last: 1163901635 ns, Reaching safepoint: 436144 ns, At safepoint: 33212224 ns, Total: 33648368 ns
[2022-07-06T16:51:06.426+0000][70][gc,start    ] GC(3) Pause Young (Concurrent Start) (Metadata GC Threshold)
[2022-07-06T16:51:06.426+0000][70][gc,task     ] GC(3) Using 8 workers of 8 for evacuation
[2022-07-06T16:51:06.426+0000][70][gc,age      ] GC(3) Desired survivor size 14680064 bytes, new threshold 15 (max threshold 15)
[2022-07-06T16:51:06.451+0000][70][gc,phases   ] GC(3)   Pre Evacuate Collection Set: 0.2ms
[2022-07-06T16:51:06.451+0000][70][gc,phases   ] GC(3)   Merge Heap Roots: 0.1ms
[2022-07-06T16:51:06.451+0000][70][gc,phases   ] GC(3)   Evacuate Collection Set: 22.9ms
[2022-07-06T16:51:06.451+0000][70][gc,phases   ] GC(3)   Post Evacuate Collection Set: 1.9ms
[2022-07-06T16:51:06.451+0000][70][gc,phases   ] GC(3)   Other: 0.1ms
[2022-07-06T16:51:06.451+0000][70][gc,age      ] GC(3) Age table with threshold 15 (max threshold 15)
[2022-07-06T16:51:06.451+0000][70][gc,age      ] GC(3) - age   1:    2138280 bytes,    2138280 total
[2022-07-06T16:51:06.451+0000][70][gc,age      ] GC(3) - age   2:    1916280 bytes,    4054560 total
[2022-07-06T16:51:06.451+0000][70][gc,age      ] GC(3) - age   3:    5213528 bytes,    9268088 total
[2022-07-06T16:51:06.451+0000][70][gc,heap     ] GC(3) Eden regions: 19->0(71)
[2022-07-06T16:51:06.451+0000][70][gc,heap     ] GC(3) Survivor regions: 3->3(7)
[2022-07-06T16:51:06.451+0000][70][gc,heap     ] GC(3) Old regions: 1->1
[2022-07-06T16:51:06.451+0000][70][gc,heap     ] GC(3) Archive regions: 2->2
[2022-07-06T16:51:06.451+0000][70][gc,heap     ] GC(3) Humongous regions: 0->0
[2022-07-06T16:51:06.451+0000][70][gc,metaspace] GC(3) Metaspace: 21097K(21504K)->21097K(21504K) NonClass: 18704K(18944K)->18704K(18944K) Class: 2392K(2560K)->2392K(2560K)
[2022-07-06T16:51:06.451+0000][70][gc          ] GC(3) Pause Young (Concurrent Start) (Metadata GC Threshold) 91M->16M(512M) 25.657ms
[2022-07-06T16:51:06.451+0000][70][gc,cpu      ] GC(3) User=0.03s Sys=0.00s Real=0.03s
[2022-07-06T16:51:06.451+0000][70][safepoint   ] Safepoint "CollectForMetadataAllocation", Time since last: 1168614622 ns, Reaching safepoint: 204859 ns, At safepoint: 25899529 ns, Total: 26104388 ns
[2022-07-06T16:51:06.452+0000][70][gc          ] GC(4) Concurrent Mark Cycle
[2022-07-06T16:51:06.452+0000][70][gc,marking  ] GC(4) Concurrent Clear Claimed Marks
[2022-07-06T16:51:06.452+0000][70][gc,marking  ] GC(4) Concurrent Clear Claimed Marks 0.050ms
[2022-07-06T16:51:06.452+0000][70][gc,marking  ] GC(4) Concurrent Scan Root Regions
[2022-07-06T16:51:06.477+0000][70][gc,marking  ] GC(4) Concurrent Scan Root Regions 25.539ms
[2022-07-06T16:51:06.477+0000][70][gc,marking  ] GC(4) Concurrent Mark
[2022-07-06T16:51:06.477+0000][70][gc,marking  ] GC(4) Concurrent Mark From Roots
[2022-07-06T16:51:06.477+0000][70][gc,task     ] GC(4) Using 2 workers of 2 for marking
[2022-07-06T16:51:06.502+0000][70][gc,marking  ] GC(4) Concurrent Mark From Roots 24.625ms
[2022-07-06T16:51:06.502+0000][70][gc,marking  ] GC(4) Concurrent Preclean
[2022-07-06T16:51:06.502+0000][70][gc,marking  ] GC(4) Concurrent Preclean 0.042ms
[2022-07-06T16:51:06.503+0000][70][gc,start    ] GC(4) Pause Remark
[2022-07-06T16:51:06.509+0000][70][gc          ] GC(4) Pause Remark 18M->18M(512M) 5.908ms
[2022-07-06T16:51:06.509+0000][70][gc,cpu      ] GC(4) User=0.01s Sys=0.00s Real=0.00s
[2022-07-06T16:51:06.509+0000][70][safepoint   ] Safepoint "G1Concurrent", Time since last: 50804029 ns, Reaching safepoint: 305896 ns, At safepoint: 6107416 ns, Total: 6413312 ns
[2022-07-06T16:51:06.509+0000][70][gc,marking  ] GC(4) Concurrent Mark 31.544ms
[2022-07-06T16:51:06.509+0000][70][gc,marking  ] GC(4) Concurrent Rebuild Remembered Sets
[2022-07-06T16:51:06.513+0000][70][gc,marking  ] GC(4) Concurrent Rebuild Remembered Sets 4.169ms
[2022-07-06T16:51:06.513+0000][70][gc,start    ] GC(4) Pause Cleanup
[2022-07-06T16:51:06.513+0000][70][gc          ] GC(4) Pause Cleanup 18M->18M(512M) 0.097ms
[2022-07-06T16:51:06.513+0000][70][gc,cpu      ] GC(4) User=0.00s Sys=0.00s Real=0.00s
[2022-07-06T16:51:06.513+0000][70][safepoint   ] Safepoint "G1Concurrent", Time since last: 4338339 ns, Reaching safepoint: 71874 ns, At safepoint: 144426 ns, Total: 216300 ns
[2022-07-06T16:51:06.513+0000][70][gc,marking  ] GC(4) Concurrent Cleanup for Next Mark
[2022-07-06T16:51:06.514+0000][70][gc,marking  ] GC(4) Concurrent Cleanup for Next Mark 0.700ms
[2022-07-06T16:51:06.514+0000][70][gc          ] GC(4) Concurrent Mark Cycle 62.535ms
[2022-07-06T16:51:06.514+0000][70][safepoint   ] Safepoint "CollectForMetadataAllocation", Time since last: 945083 ns, Reaching safepoint: 67685 ns, At safepoint: 10483 ns, Total: 78168 ns
[2022-07-06T16:51:07.847+0000][70][safepoint   ] Safepoint "Cleanup", Time since last: 1321873156 ns, Reaching safepoint: 11288872 ns, At safepoint: 20166 ns, Total: 11309038 ns
[2022-07-06T16:51:08.774+0000][70][gc,start    ] GC(5) Pause Young (Normal) (G1 Evacuation Pause)
[2022-07-06T16:51:08.774+0000][70][gc,task     ] GC(5) Using 8 workers of 8 for evacuation
[2022-07-06T16:51:08.775+0000][70][gc,age      ] GC(5) Desired survivor size 20971520 bytes, new threshold 15 (max threshold 15)
[2022-07-06T16:51:08.795+0000][70][gc,phases   ] GC(5)   Pre Evacuate Collection Set: 0.1ms
[2022-07-06T16:51:08.795+0000][70][gc,phases   ] GC(5)   Merge Heap Roots: 0.1ms
[2022-07-06T16:51:08.795+0000][70][gc,phases   ] GC(5)   Evacuate Collection Set: 18.4ms
[2022-07-06T16:51:08.795+0000][70][gc,phases   ] GC(5)   Post Evacuate Collection Set: 1.4ms
[2022-07-06T16:51:08.795+0000][70][gc,phases   ] GC(5)   Other: 0.2ms
[2022-07-06T16:51:08.795+0000][70][gc,age      ] GC(5) Age table with threshold 15 (max threshold 15)
[2022-07-06T16:51:08.795+0000][70][gc,age      ] GC(5) - age   1:    7517392 bytes,    7517392 total
[2022-07-06T16:51:08.795+0000][70][gc,age      ] GC(5) - age   2:    2103912 bytes,    9621304 total
[2022-07-06T16:51:08.795+0000][70][gc,age      ] GC(5) - age   3:    1914112 bytes,   11535416 total
[2022-07-06T16:51:08.795+0000][70][gc,age      ] GC(5) - age   4:    5211944 bytes,   16747360 total
[2022-07-06T16:51:08.795+0000][70][gc,heap     ] GC(5) Eden regions: 73->0(71)
[2022-07-06T16:51:08.795+0000][70][gc,heap     ] GC(5) Survivor regions: 3->5(10)
[2022-07-06T16:51:08.795+0000][70][gc,heap     ] GC(5) Old regions: 1->1
[2022-07-06T16:51:08.795+0000][70][gc,heap     ] GC(5) Archive regions: 2->2
[2022-07-06T16:51:08.795+0000][70][gc,heap     ] GC(5) Humongous regions: 0->0
[2022-07-06T16:51:08.795+0000][70][gc,metaspace] GC(5) Metaspace: 24725K(25280K)->24725K(25280K) NonClass: 21821K(22144K)->21821K(22144K) Class: 2904K(3136K)->2904K(3136K)
[2022-07-06T16:51:08.795+0000][70][gc          ] GC(5) Pause Young (Normal) (G1 Evacuation Pause) 308M->23M(512M) 20.439ms
[2022-07-06T16:51:08.795+0000][70][gc,cpu      ] GC(5) User=0.04s Sys=0.00s Real=0.02s
[2022-07-06T16:51:08.795+0000][70][safepoint   ] Safepoint "G1CollectForAllocation", Time since last: 926701508 ns, Reaching safepoint: 193721 ns, At safepoint: 20537570 ns, Total: 20731291 ns
[2022-07-06T16:51:10.374+0000][70][safepoint   ] Safepoint "Cleanup", Time since last: 1577971517 ns, Reaching safepoint: 874997 ns, At safepoint: 40353 ns, Total: 915350 ns
[2022-07-06T16:51:10.393+0000][70][gc,start    ] GC(6) Pause Young (Normal) (G1 Evacuation Pause)
[2022-07-06T16:51:10.393+0000][70][gc,task     ] GC(6) Using 8 workers of 8 for evacuation
[2022-07-06T16:51:10.393+0000][70][gc,age      ] GC(6) Desired survivor size 20971520 bytes, new threshold 15 (max threshold 15)
[2022-07-06T16:51:10.422+0000][70][gc,phases   ] GC(6)   Pre Evacuate Collection Set: 0.3ms
[2022-07-06T16:51:10.422+0000][70][gc,phases   ] GC(6)   Merge Heap Roots: 0.3ms
[2022-07-06T16:51:10.422+0000][70][gc,phases   ] GC(6)   Evacuate Collection Set: 26.5ms
[2022-07-06T16:51:10.422+0000][70][gc,phases   ] GC(6)   Post Evacuate Collection Set: 2.4ms
[2022-07-06T16:51:10.422+0000][70][gc,phases   ] GC(6)   Other: 0.1ms
[2022-07-06T16:51:10.422+0000][70][gc,age      ] GC(6) Age table with threshold 15 (max threshold 15)
[2022-07-06T16:51:10.422+0000][70][gc,age      ] GC(6) - age   1:    5478168 bytes,    5478168 total
[2022-07-06T16:51:10.422+0000][70][gc,age      ] GC(6) - age   2:    6298648 bytes,   11776816 total
[2022-07-06T16:51:10.422+0000][70][gc,age      ] GC(6) - age   3:    2100920 bytes,   13877736 total
[2022-07-06T16:51:10.422+0000][70][gc,age      ] GC(6) - age   4:    1891720 bytes,   15769456 total
[2022-07-06T16:51:10.422+0000][70][gc,age      ] GC(6) - age   5:    5203632 bytes,   20973088 total
[2022-07-06T16:51:10.422+0000][70][gc,heap     ] GC(6) Eden regions: 71->0(70)
[2022-07-06T16:51:10.422+0000][70][gc,heap     ] GC(6) Survivor regions: 5->6(10)
[2022-07-06T16:51:10.422+0000][70][gc,heap     ] GC(6) Old regions: 1->1
[2022-07-06T16:51:10.422+0000][70][gc,heap     ] GC(6) Archive regions: 2->2
[2022-07-06T16:51:10.422+0000][70][gc,heap     ] GC(6) Humongous regions: 0->0
[2022-07-06T16:51:10.422+0000][70][gc,metaspace] GC(6) Metaspace: 31194K(31872K)->31194K(31872K) NonClass: 27563K(27968K)->27563K(27968K) Class: 3630K(3904K)->3630K(3904K)
[2022-07-06T16:51:10.422+0000][70][gc          ] GC(6) Pause Young (Normal) (G1 Evacuation Pause) 307M->28M(512M) 29.998ms
[2022-07-06T16:51:10.423+0000][70][gc,cpu      ] GC(6) User=0.06s Sys=0.00s Real=0.03s
[2022-07-06T16:51:10.423+0000][70][safepoint   ] Safepoint "G1CollectForAllocation", Time since last: 18321893 ns, Reaching safepoint: 390053 ns, At safepoint: 30104975 ns, Total: 30495028 ns
[2022-07-06T16:51:11.424+0000][70][safepoint   ] Safepoint "Cleanup", Time since last: 1000597895 ns, Reaching safepoint: 909323 ns, At safepoint: 28339 ns, Total: 937662 ns
[2022-07-06T16:51:11.923+0000][70][gc,start    ] GC(7) Pause Young (Normal) (G1 Evacuation Pause)
[2022-07-06T16:51:11.923+0000][70][gc,task     ] GC(7) Using 8 workers of 8 for evacuation
[2022-07-06T16:51:11.923+0000][70][gc,age      ] GC(7) Desired survivor size 20971520 bytes, new threshold 5 (max threshold 15)
[2022-07-06T16:51:11.945+0000][70][gc,phases   ] GC(7)   Pre Evacuate Collection Set: 0.1ms
[2022-07-06T16:51:11.945+0000][70][gc,phases   ] GC(7)   Merge Heap Roots: 0.1ms
[2022-07-06T16:51:11.945+0000][70][gc,phases   ] GC(7)   Evacuate Collection Set: 20.2ms
[2022-07-06T16:51:11.945+0000][70][gc,phases   ] GC(7)   Post Evacuate Collection Set: 1.4ms
[2022-07-06T16:51:11.945+0000][70][gc,phases   ] GC(7)   Other: 0.1ms
[2022-07-06T16:51:11.945+0000][70][gc,age      ] GC(7) Age table with threshold 5 (max threshold 15)
[2022-07-06T16:51:11.945+0000][70][gc,age      ] GC(7) - age   1:    6060992 bytes,    6060992 total
[2022-07-06T16:51:11.945+0000][70][gc,age      ] GC(7) - age   2:    3639256 bytes,    9700248 total
[2022-07-06T16:51:11.945+0000][70][gc,age      ] GC(7) - age   3:    6293408 bytes,   15993656 total
[2022-07-06T16:51:11.945+0000][70][gc,age      ] GC(7) - age   4:    2100216 bytes,   18093872 total
[2022-07-06T16:51:11.945+0000][70][gc,age      ] GC(7) - age   5:    1889568 bytes,   19983440 total
[2022-07-06T16:51:11.945+0000][70][gc,heap     ] GC(7) Eden regions: 70->0(71)
[2022-07-06T16:51:11.945+0000][70][gc,heap     ] GC(7) Survivor regions: 6->5(10)
[2022-07-06T16:51:11.945+0000][70][gc,heap     ] GC(7) Old regions: 1->3
[2022-07-06T16:51:11.945+0000][70][gc,heap     ] GC(7) Archive regions: 2->2
[2022-07-06T16:51:11.945+0000][70][gc,heap     ] GC(7) Humongous regions: 0->0
[2022-07-06T16:51:11.945+0000][70][gc,metaspace] GC(7) Metaspace: 33632K(34432K)->33632K(34432K) NonClass: 29666K(30144K)->29666K(30144K) Class: 3965K(4288K)->3965K(4288K)
[2022-07-06T16:51:11.945+0000][70][gc          ] GC(7) Pause Young (Normal) (G1 Evacuation Pause) 308M->32M(512M) 22.111ms
[2022-07-06T16:51:11.945+0000][70][gc,cpu      ] GC(7) User=0.07s Sys=0.00s Real=0.02s
[2022-07-06T16:51:11.945+0000][70][safepoint   ] Safepoint "G1CollectForAllocation", Time since last: 498443712 ns, Reaching safepoint: 132706 ns, At safepoint: 22218117 ns, Total: 22350823 ns
[2022-07-06T16:51:12.733+0000][70][gc,start    ] GC(8) Pause Young (Concurrent Start) (Metadata GC Threshold)
[2022-07-06T16:51:12.733+0000][70][gc,task     ] GC(8) Using 8 workers of 8 for evacuation
[2022-07-06T16:51:12.734+0000][70][gc,age      ] GC(8) Desired survivor size 20971520 bytes, new threshold 15 (max threshold 15)
[2022-07-06T16:51:12.751+0000][70][gc,phases   ] GC(8)   Pre Evacuate Collection Set: 0.3ms
[2022-07-06T16:51:12.751+0000][70][gc,phases   ] GC(8)   Merge Heap Roots: 0.2ms
[2022-07-06T16:51:12.751+0000][70][gc,phases   ] GC(8)   Evacuate Collection Set: 15.5ms
[2022-07-06T16:51:12.751+0000][70][gc,phases   ] GC(8)   Post Evacuate Collection Set: 1.5ms
[2022-07-06T16:51:12.751+0000][70][gc,phases   ] GC(8)   Other: 0.4ms
[2022-07-06T16:51:12.751+0000][70][gc,age      ] GC(8) Age table with threshold 15 (max threshold 15)
[2022-07-06T16:51:12.751+0000][70][gc,age      ] GC(8) - age   1:    1536512 bytes,    1536512 total
[2022-07-06T16:51:12.751+0000][70][gc,age      ] GC(8) - age   2:    4113720 bytes,    5650232 total
[2022-07-06T16:51:12.751+0000][70][gc,age      ] GC(8) - age   3:    3618056 bytes,    9268288 total
[2022-07-06T16:51:12.752+0000][70][gc,age      ] GC(8) - age   4:    6268984 bytes,   15537272 total
[2022-07-06T16:51:12.752+0000][70][gc,age      ] GC(8) - age   5:    2087024 bytes,   17624296 total
[2022-07-06T16:51:12.752+0000][70][gc,age      ] GC(8) - age   6:    1803416 bytes,   19427712 total
[2022-07-06T16:51:12.752+0000][70][gc,heap     ] GC(8) Eden regions: 44->0(71)
[2022-07-06T16:51:12.752+0000][70][gc,heap     ] GC(8) Survivor regions: 5->5(10)
[2022-07-06T16:51:12.752+0000][70][gc,heap     ] GC(8) Old regions: 3->3
[2022-07-06T16:51:12.752+0000][70][gc,heap     ] GC(8) Archive regions: 2->2
[2022-07-06T16:51:12.752+0000][70][gc,heap     ] GC(8) Humongous regions: 0->0
[2022-07-06T16:51:12.752+0000][70][gc,metaspace] GC(8) Metaspace: 35560K(36416K)->35560K(36416K) NonClass: 31321K(31808K)->31321K(31808K) Class: 4238K(4608K)->4238K(4608K)
[2022-07-06T16:51:12.752+0000][70][gc          ] GC(8) Pause Young (Concurrent Start) (Metadata GC Threshold) 206M->32M(512M) 18.227ms
[2022-07-06T16:51:12.752+0000][70][gc          ] GC(9) Concurrent Mark Cycle
[2022-07-06T16:51:12.752+0000][70][gc,marking  ] GC(9) Concurrent Clear Claimed Marks
[2022-07-06T16:51:12.752+0000][70][gc,cpu      ] GC(8) User=0.04s Sys=0.00s Real=0.02s
[2022-07-06T16:51:12.752+0000][70][gc,marking  ] GC(9) Concurrent Clear Claimed Marks 0.097ms
[2022-07-06T16:51:12.752+0000][70][gc,marking  ] GC(9) Concurrent Scan Root Regions
[2022-07-06T16:51:12.752+0000][70][safepoint   ] Safepoint "CollectForMetadataAllocation", Time since last: 788146354 ns, Reaching safepoint: 308648 ns, At safepoint: 18553625 ns, Total: 18862273 ns
[2022-07-06T16:51:12.758+0000][70][gc,marking  ] GC(9) Concurrent Scan Root Regions 6.069ms
[2022-07-06T16:51:12.758+0000][70][gc,marking  ] GC(9) Concurrent Mark
[2022-07-06T16:51:12.758+0000][70][gc,marking  ] GC(9) Concurrent Mark From Roots
[2022-07-06T16:51:12.758+0000][70][gc,task     ] GC(9) Using 2 workers of 2 for marking
[2022-07-06T16:51:12.779+0000][70][gc,marking  ] GC(9) Concurrent Mark From Roots 20.703ms
[2022-07-06T16:51:12.779+0000][70][gc,marking  ] GC(9) Concurrent Preclean
[2022-07-06T16:51:12.779+0000][70][gc,marking  ] GC(9) Concurrent Preclean 0.103ms
[2022-07-06T16:51:12.783+0000][70][gc,start    ] GC(9) Pause Remark
[2022-07-06T16:51:12.802+0000][70][gc          ] GC(9) Pause Remark 34M->34M(512M) 18.557ms
[2022-07-06T16:51:12.802+0000][70][gc,cpu      ] GC(9) User=0.05s Sys=0.00s Real=0.02s
[2022-07-06T16:51:12.802+0000][70][safepoint   ] Safepoint "G1Concurrent", Time since last: 26973483 ns, Reaching safepoint: 4466880 ns, At safepoint: 18680932 ns, Total: 23147812 ns
[2022-07-06T16:51:12.812+0000][70][gc,marking  ] GC(9) Concurrent Mark 54.197ms
[2022-07-06T16:51:12.812+0000][70][gc,marking  ] GC(9) Concurrent Rebuild Remembered Sets
[2022-07-06T16:51:12.824+0000][70][gc,marking  ] GC(9) Concurrent Rebuild Remembered Sets 11.874ms
[2022-07-06T16:51:12.824+0000][70][gc,start    ] GC(9) Pause Cleanup
[2022-07-06T16:51:12.825+0000][70][gc          ] GC(9) Pause Cleanup 36M->36M(512M) 0.143ms
[2022-07-06T16:51:12.825+0000][70][gc,cpu      ] GC(9) User=0.00s Sys=0.00s Real=0.00s
[2022-07-06T16:51:12.825+0000][70][safepoint   ] Safepoint "G1Concurrent", Time since last: 22142930 ns, Reaching safepoint: 263478 ns, At safepoint: 220619 ns, Total: 484097 ns
[2022-07-06T16:51:12.825+0000][70][gc,marking  ] GC(9) Concurrent Cleanup for Next Mark
[2022-07-06T16:51:12.825+0000][70][gc,marking  ] GC(9) Concurrent Cleanup for Next Mark 0.683ms
[2022-07-06T16:51:12.825+0000][70][gc          ] GC(9) Concurrent Mark Cycle 73.749ms
[2022-07-06T16:51:14.610+0000][70][safepoint   ] Safepoint "Cleanup", Time since last: 1783794094 ns, Reaching safepoint: 1033733 ns, At safepoint: 17604 ns, Total: 1051337 ns
[2022-07-06T16:51:15.334+0000][70][safepoint   ] Safepoint "ICBufferFull", Time since last: 724147149 ns, Reaching safepoint: 299567 ns, At safepoint: 53932 ns, Total: 353499 ns
[2022-07-06T16:51:16.347+0000][70][safepoint   ] Safepoint "Cleanup", Time since last: 1000184692 ns, Reaching safepoint: 12516837 ns, At safepoint: 14011 ns, Total: 12530848 ns
[2022-07-06T16:51:17.348+0000][70][safepoint   ] Safepoint "Cleanup", Time since last: 1000634773 ns, Reaching safepoint: 675490 ns, At safepoint: 12667 ns, Total: 688157 ns
[2022-07-06T16:51:18.354+0000][70][safepoint   ] Safepoint "Cleanup", Time since last: 1000711233 ns, Reaching safepoint: 4877727 ns, At safepoint: 16325 ns, Total: 4894052 ns
[2022-07-06T16:51:18.614+0000][70][gc,start    ] GC(10) Pause Young (Normal) (G1 Evacuation Pause)
[2022-07-06T16:51:18.614+0000][70][gc,task     ] GC(10) Using 8 workers of 8 for evacuation
[2022-07-06T16:51:18.614+0000][70][gc,age      ] GC(10) Desired survivor size 20971520 bytes, new threshold 15 (max threshold 15)
[2022-07-06T16:51:18.715+0000][70][gc,phases   ] GC(10)   Pre Evacuate Collection Set: 0.1ms
[2022-07-06T16:51:18.715+0000][70][gc,phases   ] GC(10)   Merge Heap Roots: 0.2ms
[2022-07-06T16:51:18.715+0000][70][gc,phases   ] GC(10)   Evacuate Collection Set: 84.6ms
[2022-07-06T16:51:18.715+0000][70][gc,phases   ] GC(10)   Post Evacuate Collection Set: 15.4ms
[2022-07-06T16:51:18.715+0000][70][gc,phases   ] GC(10)   Other: 0.1ms
[2022-07-06T16:51:18.715+0000][70][gc,age      ] GC(10) Age table with threshold 15 (max threshold 15)
[2022-07-06T16:51:18.715+0000][70][gc,age      ] GC(10) - age   1:   19736288 bytes,   19736288 total
[2022-07-06T16:51:18.715+0000][70][gc,age      ] GC(10) - age   2:    1469744 bytes,   21206032 total
[2022-07-06T16:51:18.715+0000][70][gc,age      ] GC(10) - age   3:    4089760 bytes,   25295792 total
[2022-07-06T16:51:18.715+0000][70][gc,age      ] GC(10) - age   4:    3607800 bytes,   28903592 total
[2022-07-06T16:51:18.715+0000][70][gc,age      ] GC(10) - age   5:    6256624 bytes,   35160216 total
[2022-07-06T16:51:18.715+0000][70][gc,age      ] GC(10) - age   6:    2083912 bytes,   37244128 total
[2022-07-06T16:51:18.715+0000][70][gc,age      ] GC(10) - age   7:    1788224 bytes,   39032352 total
[2022-07-06T16:51:18.715+0000][70][gc,heap     ] GC(10) Eden regions: 71->0(66)
[2022-07-06T16:51:18.715+0000][70][gc,heap     ] GC(10) Survivor regions: 5->10(10)
[2022-07-06T16:51:18.715+0000][70][gc,heap     ] GC(10) Old regions: 3->3
[2022-07-06T16:51:18.715+0000][70][gc,heap     ] GC(10) Archive regions: 2->2
[2022-07-06T16:51:18.715+0000][70][gc,heap     ] GC(10) Humongous regions: 0->0
[2022-07-06T16:51:18.715+0000][70][gc,metaspace] GC(10) Metaspace: 46042K(47296K)->46042K(47296K) NonClass: 40288K(41024K)->40288K(41024K) Class: 5753K(6272K)->5753K(6272K)
[2022-07-06T16:51:18.715+0000][70][gc          ] GC(10) Pause Young (Normal) (G1 Evacuation Pause) 316M->50M(512M) 100.679ms
[2022-07-06T16:51:18.715+0000][70][gc,cpu      ] GC(10) User=0.15s Sys=0.00s Real=0.10s
[2022-07-06T16:51:18.715+0000][70][safepoint   ] Safepoint "G1CollectForAllocation", Time since last: 260382596 ns, Reaching safepoint: 84744 ns, At safepoint: 100760274 ns, Total: 100845018 ns
[2022-07-06T16:51:19.716+0000][70][safepoint   ] Safepoint "Cleanup", Time since last: 1000147664 ns, Reaching safepoint: 1062611 ns, At safepoint: 15450 ns, Total: 1078061 ns
[2022-07-06T16:51:20.895+0000][70][gc,start    ] GC(11) Pause Young (Concurrent Start) (Metadata GC Threshold)
[2022-07-06T16:51:20.895+0000][70][gc,task     ] GC(11) Using 8 workers of 8 for evacuation
[2022-07-06T16:51:20.895+0000][70][gc,age      ] GC(11) Desired survivor size 20971520 bytes, new threshold 2 (max threshold 15)
[2022-07-06T16:51:20.936+0000][70][gc,phases   ] GC(11)   Pre Evacuate Collection Set: 0.2ms
[2022-07-06T16:51:20.936+0000][70][gc,phases   ] GC(11)   Merge Heap Roots: 0.1ms
[2022-07-06T16:51:20.936+0000][70][gc,phases   ] GC(11)   Evacuate Collection Set: 36.7ms
[2022-07-06T16:51:20.936+0000][70][gc,phases   ] GC(11)   Post Evacuate Collection Set: 3.1ms
[2022-07-06T16:51:20.936+0000][70][gc,phases   ] GC(11)   Other: 0.2ms
[2022-07-06T16:51:20.936+0000][70][gc,age      ] GC(11) Age table with threshold 2 (max threshold 15)
[2022-07-06T16:51:20.936+0000][70][gc,age      ] GC(11) - age   1:    4931040 bytes,    4931040 total
[2022-07-06T16:51:20.936+0000][70][gc,age      ] GC(11) - age   2:   19553152 bytes,   24484192 total
[2022-07-06T16:51:20.936+0000][70][gc,heap     ] GC(11) Eden regions: 35->0(69)
[2022-07-06T16:51:20.936+0000][70][gc,heap     ] GC(11) Survivor regions: 10->7(10)
[2022-07-06T16:51:20.936+0000][70][gc,heap     ] GC(11) Old regions: 3->7
[2022-07-06T16:51:20.936+0000][70][gc,heap     ] GC(11) Archive regions: 2->2
[2022-07-06T16:51:20.936+0000][70][gc,heap     ] GC(11) Humongous regions: 0->0
[2022-07-06T16:51:20.936+0000][70][gc,metaspace] GC(11) Metaspace: 59585K(60928K)->59585K(60928K) NonClass: 51948K(52736K)->51948K(52736K) Class: 7637K(8192K)->7637K(8192K)
[2022-07-06T16:51:20.936+0000][70][gc          ] GC(11) Pause Young (Concurrent Start) (Metadata GC Threshold) 190M->57M(512M) 40.567ms
[2022-07-06T16:51:20.936+0000][70][gc,cpu      ] GC(11) User=0.14s Sys=0.00s Real=0.04s
[2022-07-06T16:51:20.936+0000][70][gc          ] GC(12) Concurrent Mark Cycle
[2022-07-06T16:51:20.936+0000][70][gc,marking  ] GC(12) Concurrent Clear Claimed Marks
[2022-07-06T16:51:20.936+0000][70][gc,marking  ] GC(12) Concurrent Clear Claimed Marks 0.101ms
[2022-07-06T16:51:20.936+0000][70][gc,marking  ] GC(12) Concurrent Scan Root Regions
[2022-07-06T16:51:20.936+0000][70][safepoint   ] Safepoint "CollectForMetadataAllocation", Time since last: 1179033586 ns, Reaching safepoint: 178525 ns, At safepoint: 40826671 ns, Total: 41005196 ns
[2022-07-06T16:51:20.985+0000][70][safepoint   ] Safepoint "CollectForMetadataAllocation", Time since last: 48983943 ns, Reaching safepoint: 163005 ns, At safepoint: 79224 ns, Total: 242229 ns
[2022-07-06T16:51:20.988+0000][70][gc,marking  ] GC(12) Concurrent Scan Root Regions 51.964ms
[2022-07-06T16:51:20.988+0000][70][gc,marking  ] GC(12) Concurrent Mark
[2022-07-06T16:51:20.988+0000][70][gc,marking  ] GC(12) Concurrent Mark From Roots
[2022-07-06T16:51:20.988+0000][70][gc,task     ] GC(12) Using 2 workers of 2 for marking
[2022-07-06T16:51:21.004+0000][70][gc,marking  ] GC(12) Concurrent Mark From Roots 15.927ms
[2022-07-06T16:51:21.004+0000][70][gc,marking  ] GC(12) Concurrent Preclean
[2022-07-06T16:51:21.004+0000][70][gc,marking  ] GC(12) Concurrent Preclean 0.108ms
[2022-07-06T16:51:21.005+0000][70][gc,start    ] GC(12) Pause Remark
[2022-07-06T16:51:21.011+0000][70][gc          ] GC(12) Pause Remark 59M->59M(512M) 5.371ms
[2022-07-06T16:51:21.011+0000][70][gc,cpu      ] GC(12) User=0.01s Sys=0.00s Real=0.01s
[2022-07-06T16:51:21.011+0000][70][safepoint   ] Safepoint "G1Concurrent", Time since last: 19167667 ns, Reaching safepoint: 578107 ns, At safepoint: 5605846 ns, Total: 6183953 ns
[2022-07-06T16:51:21.011+0000][70][gc,marking  ] GC(12) Concurrent Mark 22.554ms
[2022-07-06T16:51:21.011+0000][70][gc,marking  ] GC(12) Concurrent Rebuild Remembered Sets
[2022-07-06T16:51:21.022+0000][70][gc,marking  ] GC(12) Concurrent Rebuild Remembered Sets 10.697ms
[2022-07-06T16:51:21.023+0000][70][gc,start    ] GC(12) Pause Cleanup
[2022-07-06T16:51:21.023+0000][70][gc          ] GC(12) Pause Cleanup 61M->61M(512M) 0.129ms
[2022-07-06T16:51:21.023+0000][70][gc,cpu      ] GC(12) User=0.00s Sys=0.00s Real=0.00s
[2022-07-06T16:51:21.023+0000][70][safepoint   ] Safepoint "G1Concurrent", Time since last: 10907811 ns, Reaching safepoint: 900535 ns, At safepoint: 206716 ns, Total: 1107251 ns
[2022-07-06T16:51:21.023+0000][70][gc,marking  ] GC(12) Concurrent Cleanup for Next Mark
[2022-07-06T16:51:21.023+0000][70][gc,marking  ] GC(12) Concurrent Cleanup for Next Mark 0.641ms
[2022-07-06T16:51:21.023+0000][70][gc          ] GC(12) Concurrent Mark Cycle 87.462ms
[2022-07-06T16:51:22.024+0000][70][safepoint   ] Safepoint "Cleanup", Time since last: 1000579577 ns, Reaching safepoint: 738638 ns, At safepoint: 37269 ns, Total: 775907 ns
[2022-07-06T16:51:23.614+0000][70][safepoint   ] Safepoint "Cleanup", Time since last: 1589360934 ns, Reaching safepoint: 180916 ns, At safepoint: 59273 ns, Total: 240189 ns
[2022-07-06T16:51:24.308+0000][70][gc,start    ] GC(13) Pause Young (Normal) (G1 Evacuation Pause)
[2022-07-06T16:51:24.308+0000][70][gc,task     ] GC(13) Using 8 workers of 8 for evacuation
[2022-07-06T16:51:24.308+0000][70][gc,age      ] GC(13) Desired survivor size 20971520 bytes, new threshold 2 (max threshold 15)
[2022-07-06T16:51:24.358+0000][70][gc,phases   ] GC(13)   Pre Evacuate Collection Set: 0.2ms
[2022-07-06T16:51:24.358+0000][70][gc,phases   ] GC(13)   Merge Heap Roots: 0.2ms
[2022-07-06T16:51:24.358+0000][70][gc,phases   ] GC(13)   Evacuate Collection Set: 47.4ms
[2022-07-06T16:51:24.358+0000][70][gc,phases   ] GC(13)   Post Evacuate Collection Set: 2.3ms
[2022-07-06T16:51:24.358+0000][70][gc,phases   ] GC(13)   Other: 0.1ms
[2022-07-06T16:51:24.358+0000][70][gc,age      ] GC(13) Age table with threshold 2 (max threshold 15)
[2022-07-06T16:51:24.358+0000][70][gc,age      ] GC(13) - age   1:    5506128 bytes,    5506128 total
[2022-07-06T16:51:24.358+0000][70][gc,age      ] GC(13) - age   2:    4705648 bytes,   10211776 total
[2022-07-06T16:51:24.358+0000][70][gc,heap     ] GC(13) Eden regions: 69->0(72)
[2022-07-06T16:51:24.358+0000][70][gc,heap     ] GC(13) Survivor regions: 7->4(10)
[2022-07-06T16:51:24.358+0000][70][gc,heap     ] GC(13) Old regions: 7->12
[2022-07-06T16:51:24.358+0000][70][gc,heap     ] GC(13) Archive regions: 2->2
[2022-07-06T16:51:24.358+0000][70][gc,heap     ] GC(13) Humongous regions: 0->0
[2022-07-06T16:51:24.358+0000][70][gc,metaspace] GC(13) Metaspace: 72385K(73856K)->72385K(73856K) NonClass: 62939K(63808K)->62939K(63808K) Class: 9445K(10048K)->9445K(10048K)
[2022-07-06T16:51:24.358+0000][70][gc          ] GC(13) Pause Young (Normal) (G1 Evacuation Pause) 333M->63M(512M) 50.497ms
[2022-07-06T16:51:24.358+0000][70][gc,cpu      ] GC(13) User=0.14s Sys=0.01s Real=0.05s
[2022-07-06T16:51:24.358+0000][70][safepoint   ] Safepoint "G1CollectForAllocation", Time since last: 692928073 ns, Reaching safepoint: 1164654 ns, At safepoint: 50622936 ns, Total: 51787590 ns
[2022-07-06T16:51:25.359+0000][70][safepoint   ] Safepoint "Cleanup", Time since last: 1000635163 ns, Reaching safepoint: 306588 ns, At safepoint: 12895 ns, Total: 319483 ns
[2022-07-06T16:51:27.187+0000][70][safepoint   ] Safepoint "Cleanup", Time since last: 1827035261 ns, Reaching safepoint: 982075 ns, At safepoint: 22054 ns, Total: 1004129 ns
[2022-07-06T16:51:28.189+0000][70][safepoint   ] Safepoint "Cleanup", Time since last: 1000835365 ns, Reaching safepoint: 1007097 ns, At safepoint: 35163 ns, Total: 1042260 ns
[2022-07-06T16:51:29.651+0000][70][safepoint   ] Safepoint "ICBufferFull", Time since last: 1460186378 ns, Reaching safepoint: 1413580 ns, At safepoint: 26155 ns, Total: 1439735 ns
[2022-07-06T16:51:30.659+0000][70][safepoint   ] Safepoint "Cleanup", Time since last: 1002267876 ns, Reaching safepoint: 5422630 ns, At safepoint: 44317 ns, Total: 5466947 ns
[2022-07-06T16:51:31.684+0000][70][safepoint   ] Safepoint "Cleanup", Time since last: 1024707054 ns, Reaching safepoint: 176381 ns, At safepoint: 35793 ns, Total: 212174 ns
[2022-07-06T16:51:31.998+0000][70][gc,start    ] GC(14) Pause Young (Concurrent Start) (Metadata GC Threshold)
[2022-07-06T16:51:31.998+0000][70][gc,task     ] GC(14) Using 8 workers of 8 for evacuation
[2022-07-06T16:51:31.998+0000][70][gc,age      ] GC(14) Desired survivor size 20971520 bytes, new threshold 15 (max threshold 15)
[2022-07-06T16:51:32.034+0000][70][gc,phases   ] GC(14)   Pre Evacuate Collection Set: 0.4ms
[2022-07-06T16:51:32.034+0000][70][gc,phases   ] GC(14)   Merge Heap Roots: 0.1ms
[2022-07-06T16:51:32.034+0000][70][gc,phases   ] GC(14)   Evacuate Collection Set: 31.4ms
[2022-07-06T16:51:32.034+0000][70][gc,phases   ] GC(14)   Post Evacuate Collection Set: 3.6ms
[2022-07-06T16:51:32.034+0000][70][gc,phases   ] GC(14)   Other: 0.2ms
[2022-07-06T16:51:32.034+0000][70][gc,age      ] GC(14) Age table with threshold 15 (max threshold 15)
[2022-07-06T16:51:32.034+0000][70][gc,age      ] GC(14) - age   1:   13499864 bytes,   13499864 total
[2022-07-06T16:51:32.034+0000][70][gc,age      ] GC(14) - age   2:    5194240 bytes,   18694104 total
[2022-07-06T16:51:32.034+0000][70][gc,age      ] GC(14) - age   3:    4612544 bytes,   23306648 total
[2022-07-06T16:51:32.034+0000][70][gc,heap     ] GC(14) Eden regions: 68->0(70)
[2022-07-06T16:51:32.034+0000][70][gc,heap     ] GC(14) Survivor regions: 4->6(10)
[2022-07-06T16:51:32.034+0000][70][gc,heap     ] GC(14) Old regions: 12->12
[2022-07-06T16:51:32.034+0000][70][gc,heap     ] GC(14) Archive regions: 2->2
[2022-07-06T16:51:32.034+0000][70][gc,heap     ] GC(14) Humongous regions: 0->0
[2022-07-06T16:51:32.034+0000][70][gc,metaspace] GC(14) Metaspace: 99447K(102400K)->99447K(102400K) NonClass: 86015K(87552K)->86015K(87552K) Class: 13431K(14848K)->13431K(14848K)
[2022-07-06T16:51:32.034+0000][70][gc          ] GC(14) Pause Young (Concurrent Start) (Metadata GC Threshold) 333M->73M(512M) 35.892ms
[2022-07-06T16:51:32.034+0000][70][gc,cpu      ] GC(14) User=0.09s Sys=0.01s Real=0.04s
[2022-07-06T16:51:32.034+0000][70][gc          ] GC(15) Concurrent Mark Cycle
[2022-07-06T16:51:32.034+0000][70][gc,marking  ] GC(15) Concurrent Clear Claimed Marks
[2022-07-06T16:51:32.034+0000][70][gc,marking  ] GC(15) Concurrent Clear Claimed Marks 0.248ms
[2022-07-06T16:51:32.034+0000][70][gc,marking  ] GC(15) Concurrent Scan Root Regions
[2022-07-06T16:51:32.045+0000][70][safepoint   ] Safepoint "CollectForMetadataAllocation", Time since last: 314350162 ns, Reaching safepoint: 100865 ns, At safepoint: 47008724 ns, Total: 47109589 ns
[2022-07-06T16:51:32.052+0000][70][gc,marking  ] GC(15) Concurrent Scan Root Regions 17.775ms
[2022-07-06T16:51:32.052+0000][70][gc,marking  ] GC(15) Concurrent Mark
[2022-07-06T16:51:32.052+0000][70][gc,marking  ] GC(15) Concurrent Mark From Roots
[2022-07-06T16:51:32.052+0000][70][gc,task     ] GC(15) Using 2 workers of 2 for marking
[2022-07-06T16:51:32.101+0000][70][gc,marking  ] GC(15) Concurrent Mark From Roots 49.132ms
[2022-07-06T16:51:32.101+0000][70][gc,marking  ] GC(15) Concurrent Preclean
[2022-07-06T16:51:32.102+0000][70][gc,marking  ] GC(15) Concurrent Preclean 0.260ms
[2022-07-06T16:51:32.102+0000][70][gc,start    ] GC(15) Pause Remark
[2022-07-06T16:51:32.110+0000][70][gc          ] GC(15) Pause Remark 76M->76M(512M) 7.427ms
[2022-07-06T16:51:32.110+0000][70][gc,cpu      ] GC(15) User=0.02s Sys=0.00s Real=0.00s
[2022-07-06T16:51:32.110+0000][70][safepoint   ] Safepoint "G1Concurrent", Time since last: 56720339 ns, Reaching safepoint: 317994 ns, At safepoint: 7559506 ns, Total: 7877500 ns
[2022-07-06T16:51:32.110+0000][70][gc,marking  ] GC(15) Concurrent Mark 57.494ms
[2022-07-06T16:51:32.110+0000][70][gc,marking  ] GC(15) Concurrent Rebuild Remembered Sets
[2022-07-06T16:51:32.172+0000][70][gc,marking  ] GC(15) Concurrent Rebuild Remembered Sets 62.092ms
[2022-07-06T16:51:32.207+0000][70][gc,start    ] GC(15) Pause Cleanup
[2022-07-06T16:51:32.208+0000][70][gc          ] GC(15) Pause Cleanup 77M->77M(512M) 0.185ms
[2022-07-06T16:51:32.208+0000][70][gc,cpu      ] GC(15) User=0.00s Sys=0.00s Real=0.00s
[2022-07-06T16:51:32.208+0000][70][safepoint   ] Safepoint "G1Concurrent", Time since last: 80277457 ns, Reaching safepoint: 17487847 ns, At safepoint: 267101 ns, Total: 17754948 ns
[2022-07-06T16:51:32.208+0000][70][gc,marking  ] GC(15) Concurrent Cleanup for Next Mark
[2022-07-06T16:51:32.208+0000][70][gc,marking  ] GC(15) Concurrent Cleanup for Next Mark 0.739ms
[2022-07-06T16:51:32.209+0000][70][gc          ] GC(15) Concurrent Mark Cycle 174.477ms
[2022-07-06T16:51:33.402+0000][70][safepoint   ] Safepoint "Cleanup", Time since last: 1194441786 ns, Reaching safepoint: 128009 ns, At safepoint: 8604 ns, Total: 136613 ns
[2022-07-06T16:51:35.513+0000][70][safepoint   ] Safepoint "Cleanup", Time since last: 1894535599 ns, Reaching safepoint: 216123682 ns, At safepoint: 60311 ns, Total: 216183993 ns
[2022-07-06T16:51:36.538+0000][70][safepoint   ] Safepoint "Cleanup", Time since last: 1025173167 ns, Reaching safepoint: 69741 ns, At safepoint: 3311 ns, Total: 73052 ns
[2022-07-06T16:51:41.598+0000][70][safepoint   ] Safepoint "Cleanup", Time since last: 4989235054 ns, Reaching safepoint: 70931021 ns, At safepoint: 51200 ns, Total: 70982221 ns
[2022-07-06T16:51:43.631+0000][70][gc,heap,exit] Heap
[2022-07-06T16:51:43.736+0000][70][gc,heap,exit]  garbage-first heap   total 524288K, used 127730K [0x00000000e0000000, 0x0000000100000000)
[2022-07-06T16:51:43.736+0000][70][gc,heap,exit]   region size 4096K, 19 young (77824K), 6 survivors (24576K)
[2022-07-06T16:51:43.736+0000][70][gc,heap,exit]  Metaspace       used 105091K, committed 108096K, reserved 1179648K
[2022-07-06T16:51:43.736+0000][70][gc,heap,exit]   class space    used 14251K, committed 15680K, reserved 1048576K
