[2022-07-06T16:20:10.577+0000][69][gc,init] CardTable entry size: 512
[2022-07-06T16:20:10.577+0000][69][gc     ] Using G1
[2022-07-06T16:20:10.682+0000][69][gc,init] Version: 18.0.1.1+2-6 (release)
[2022-07-06T16:20:10.682+0000][69][gc,init] CPUs: 8 total, 8 available
[2022-07-06T16:20:10.683+0000][69][gc,init] Memory: 7736M
[2022-07-06T16:20:10.683+0000][69][gc,init] Large Page Support: Disabled
[2022-07-06T16:20:10.683+0000][69][gc,init] NUMA Support: Disabled
[2022-07-06T16:20:10.683+0000][69][gc,init] Compressed Oops: Enabled (32-bit)
[2022-07-06T16:20:10.683+0000][69][gc,init] Heap Region Size: 4M
[2022-07-06T16:20:10.683+0000][69][gc,init] Heap Min Capacity: 512M
[2022-07-06T16:20:10.683+0000][69][gc,init] Heap Initial Capacity: 512M
[2022-07-06T16:20:10.683+0000][69][gc,init] Heap Max Capacity: 512M
[2022-07-06T16:20:10.683+0000][69][gc,init] Pre-touch: Enabled
[2022-07-06T16:20:10.683+0000][69][gc,init] Parallel Workers: 8
[2022-07-06T16:20:10.683+0000][69][gc,init] Concurrent Workers: 2
[2022-07-06T16:20:10.683+0000][69][gc,init] Concurrent Refinement Workers: 8
[2022-07-06T16:20:10.683+0000][69][gc,init] Periodic GC: Disabled
[2022-07-06T16:20:10.683+0000][69][gc,metaspace] CDS archive(s) mapped at: [0x0000000800000000-0x0000000800baf000-0x0000000800baf000), size 12251136, SharedBaseAddress: 0x0000000800000000, ArchiveRelocationMode: 0.
[2022-07-06T16:20:10.683+0000][69][gc,metaspace] Compressed class space mapped at: 0x0000000800c00000-0x0000000840c00000, reserved size: 1073741824
[2022-07-06T16:20:10.683+0000][69][gc,metaspace] Narrow klass base: 0x0000000800000000, Narrow klass shift: 0, Narrow klass range: 0x100000000
[2022-07-06T16:20:11.560+0000][69][gc,start    ] GC(0) Pause Young (Normal) (G1 Evacuation Pause)
[2022-07-06T16:20:11.560+0000][69][gc,task     ] GC(0) Using 8 workers of 8 for evacuation
[2022-07-06T16:20:11.560+0000][69][gc,age      ] GC(0) Desired survivor size 2097152 bytes, new threshold 15 (max threshold 15)
[2022-07-06T16:20:11.569+0000][69][gc,phases   ] GC(0)   Pre Evacuate Collection Set: 0.8ms
[2022-07-06T16:20:11.569+0000][69][gc,phases   ] GC(0)   Merge Heap Roots: 0.1ms
[2022-07-06T16:20:11.569+0000][69][gc,phases   ] GC(0)   Evacuate Collection Set: 8.0ms
[2022-07-06T16:20:11.569+0000][69][gc,phases   ] GC(0)   Post Evacuate Collection Set: 0.6ms
[2022-07-06T16:20:11.569+0000][69][gc,phases   ] GC(0)   Other: 0.1ms
[2022-07-06T16:20:11.569+0000][69][gc,age      ] GC(0) Age table with threshold 15 (max threshold 15)
[2022-07-06T16:20:11.569+0000][69][gc,age      ] GC(0) - age   1:    3192168 bytes,    3192168 total
[2022-07-06T16:20:11.569+0000][69][gc,heap     ] GC(0) Eden regions: 6->0(15)
[2022-07-06T16:20:11.569+0000][69][gc,heap     ] GC(0) Survivor regions: 0->1(1)
[2022-07-06T16:20:11.569+0000][69][gc,heap     ] GC(0) Old regions: 0->0
[2022-07-06T16:20:11.570+0000][69][gc,heap     ] GC(0) Archive regions: 2->2
[2022-07-06T16:20:11.570+0000][69][gc,heap     ] GC(0) Humongous regions: 0->0
[2022-07-06T16:20:11.570+0000][69][gc,metaspace] GC(0) Metaspace: 3343K(3584K)->3343K(3584K) NonClass: 2999K(3136K)->2999K(3136K) Class: 343K(448K)->343K(448K)
[2022-07-06T16:20:11.570+0000][69][gc          ] GC(0) Pause Young (Normal) (G1 Evacuation Pause) 27M->7M(512M) 9.882ms
[2022-07-06T16:20:11.570+0000][69][gc,cpu      ] GC(0) User=0.02s Sys=0.01s Real=0.01s
[2022-07-06T16:20:11.570+0000][69][safepoint   ] Safepoint "G1CollectForAllocation", Time since last: 868991844 ns, Reaching safepoint: 123963 ns, At safepoint: 9946412 ns, Total: 10070375 ns
[2022-07-06T16:20:12.531+0000][69][safepoint   ] Safepoint "ICBufferFull", Time since last: 960734042 ns, Reaching safepoint: 415957 ns, At safepoint: 48450 ns, Total: 464407 ns
[2022-07-06T16:20:13.544+0000][69][safepoint   ] Safepoint "Cleanup", Time since last: 1013375862 ns, Reaching safepoint: 151242 ns, At safepoint: 4935 ns, Total: 156177 ns
[2022-07-06T16:20:14.443+0000][69][gc,start    ] GC(1) Pause Young (Normal) (G1 Evacuation Pause)
[2022-07-06T16:20:14.444+0000][69][gc,task     ] GC(1) Using 8 workers of 8 for evacuation
[2022-07-06T16:20:14.444+0000][69][gc,age      ] GC(1) Desired survivor size 4194304 bytes, new threshold 15 (max threshold 15)
[2022-07-06T16:20:14.476+0000][69][gc,phases   ] GC(1)   Pre Evacuate Collection Set: 0.0ms
[2022-07-06T16:20:14.476+0000][69][gc,phases   ] GC(1)   Merge Heap Roots: 0.0ms
[2022-07-06T16:20:14.476+0000][69][gc,phases   ] GC(1)   Evacuate Collection Set: 25.5ms
[2022-07-06T16:20:14.476+0000][69][gc,phases   ] GC(1)   Post Evacuate Collection Set: 6.7ms
[2022-07-06T16:20:14.476+0000][69][gc,phases   ] GC(1)   Other: 0.1ms
[2022-07-06T16:20:14.476+0000][69][gc,age      ] GC(1) Age table with threshold 15 (max threshold 15)
[2022-07-06T16:20:14.476+0000][69][gc,age      ] GC(1) - age   1:    5214016 bytes,    5214016 total
[2022-07-06T16:20:14.476+0000][69][gc,age      ] GC(1) - age   2:    3140712 bytes,    8354728 total
[2022-07-06T16:20:14.476+0000][69][gc,heap     ] GC(1) Eden regions: 15->0(22)
[2022-07-06T16:20:14.476+0000][69][gc,heap     ] GC(1) Survivor regions: 1->2(2)
[2022-07-06T16:20:14.476+0000][69][gc,heap     ] GC(1) Old regions: 0->1
[2022-07-06T16:20:14.476+0000][69][gc,heap     ] GC(1) Archive regions: 2->2
[2022-07-06T16:20:14.476+0000][69][gc,heap     ] GC(1) Humongous regions: 0->0
[2022-07-06T16:20:14.476+0000][69][gc,metaspace] GC(1) Metaspace: 14784K(15104K)->14784K(15104K) NonClass: 13008K(13184K)->13008K(13184K) Class: 1775K(1920K)->1775K(1920K)
[2022-07-06T16:20:14.476+0000][69][gc          ] GC(1) Pause Young (Normal) (G1 Evacuation Pause) 67M->12M(512M) 32.734ms
[2022-07-06T16:20:14.476+0000][69][gc,cpu      ] GC(1) User=0.08s Sys=0.00s Real=0.03s
[2022-07-06T16:20:14.476+0000][69][safepoint   ] Safepoint "G1CollectForAllocation", Time since last: 897353393 ns, Reaching safepoint: 1750917 ns, At safepoint: 32817317 ns, Total: 34568234 ns
[2022-07-06T16:20:15.531+0000][69][safepoint   ] Safepoint "ICBufferFull", Time since last: 1054334130 ns, Reaching safepoint: 360754 ns, At safepoint: 5407 ns, Total: 366161 ns
[2022-07-06T16:20:16.241+0000][69][gc,start    ] GC(2) Pause Young (Normal) (G1 Evacuation Pause)
[2022-07-06T16:20:16.241+0000][69][gc,task     ] GC(2) Using 8 workers of 8 for evacuation
[2022-07-06T16:20:16.241+0000][69][gc,age      ] GC(2) Desired survivor size 6291456 bytes, new threshold 2 (max threshold 15)
[2022-07-06T16:20:16.301+0000][69][gc,phases   ] GC(2)   Pre Evacuate Collection Set: 0.1ms
[2022-07-06T16:20:16.301+0000][69][gc,phases   ] GC(2)   Merge Heap Roots: 0.1ms
[2022-07-06T16:20:16.301+0000][69][gc,phases   ] GC(2)   Evacuate Collection Set: 58.4ms
[2022-07-06T16:20:16.301+0000][69][gc,phases   ] GC(2)   Post Evacuate Collection Set: 1.8ms
[2022-07-06T16:20:16.301+0000][69][gc,phases   ] GC(2)   Other: 0.1ms
[2022-07-06T16:20:16.301+0000][69][gc,age      ] GC(2) Age table with threshold 2 (max threshold 15)
[2022-07-06T16:20:16.301+0000][69][gc,age      ] GC(2) - age   1:    1839680 bytes,    1839680 total
[2022-07-06T16:20:16.301+0000][69][gc,age      ] GC(2) - age   2:    5116576 bytes,    6956256 total
[2022-07-06T16:20:16.301+0000][69][gc,heap     ] GC(2) Eden regions: 22->0(53)
[2022-07-06T16:20:16.301+0000][69][gc,heap     ] GC(2) Survivor regions: 2->2(3)
[2022-07-06T16:20:16.301+0000][69][gc,heap     ] GC(2) Old regions: 1->1
[2022-07-06T16:20:16.301+0000][69][gc,heap     ] GC(2) Archive regions: 2->2
[2022-07-06T16:20:16.301+0000][69][gc,heap     ] GC(2) Humongous regions: 0->0
[2022-07-06T16:20:16.301+0000][69][gc,metaspace] GC(2) Metaspace: 17116K(17600K)->17116K(17600K) NonClass: 15125K(15360K)->15125K(15360K) Class: 1991K(2240K)->1991K(2240K)
[2022-07-06T16:20:16.301+0000][69][gc          ] GC(2) Pause Young (Normal) (G1 Evacuation Pause) 100M->14M(512M) 60.884ms
[2022-07-06T16:20:16.301+0000][69][gc,cpu      ] GC(2) User=0.13s Sys=0.00s Real=0.07s
[2022-07-06T16:20:16.301+0000][69][safepoint   ] Safepoint "G1CollectForAllocation", Time since last: 709375735 ns, Reaching safepoint: 191993 ns, At safepoint: 60963878 ns, Total: 61155871 ns
[2022-07-06T16:20:17.062+0000][69][gc,start    ] GC(3) Pause Young (Concurrent Start) (Metadata GC Threshold)
[2022-07-06T16:20:17.062+0000][69][gc,task     ] GC(3) Using 8 workers of 8 for evacuation
[2022-07-06T16:20:17.062+0000][69][gc,age      ] GC(3) Desired survivor size 14680064 bytes, new threshold 15 (max threshold 15)
[2022-07-06T16:20:17.086+0000][69][gc,phases   ] GC(3)   Pre Evacuate Collection Set: 0.2ms
[2022-07-06T16:20:17.086+0000][69][gc,phases   ] GC(3)   Merge Heap Roots: 0.1ms
[2022-07-06T16:20:17.086+0000][69][gc,phases   ] GC(3)   Evacuate Collection Set: 21.8ms
[2022-07-06T16:20:17.086+0000][69][gc,phases   ] GC(3)   Post Evacuate Collection Set: 1.0ms
[2022-07-06T16:20:17.086+0000][69][gc,phases   ] GC(3)   Other: 0.1ms
[2022-07-06T16:20:17.086+0000][69][gc,age      ] GC(3) Age table with threshold 15 (max threshold 15)
[2022-07-06T16:20:17.086+0000][69][gc,age      ] GC(3) - age   1:    2104336 bytes,    2104336 total
[2022-07-06T16:20:17.086+0000][69][gc,age      ] GC(3) - age   2:    1671808 bytes,    3776144 total
[2022-07-06T16:20:17.086+0000][69][gc,age      ] GC(3) - age   3:    5112792 bytes,    8888936 total
[2022-07-06T16:20:17.086+0000][69][gc,heap     ] GC(3) Eden regions: 17->0(73)
[2022-07-06T16:20:17.086+0000][69][gc,heap     ] GC(3) Survivor regions: 2->3(7)
[2022-07-06T16:20:17.086+0000][69][gc,heap     ] GC(3) Old regions: 1->1
[2022-07-06T16:20:17.086+0000][69][gc,heap     ] GC(3) Archive regions: 2->2
[2022-07-06T16:20:17.086+0000][69][gc,heap     ] GC(3) Humongous regions: 0->0
[2022-07-06T16:20:17.086+0000][69][gc,metaspace] GC(3) Metaspace: 21022K(21504K)->21022K(21504K) NonClass: 18640K(18880K)->18640K(18880K) Class: 2381K(2624K)->2381K(2624K)
[2022-07-06T16:20:17.086+0000][69][gc          ] GC(3) Pause Young (Concurrent Start) (Metadata GC Threshold) 81M->15M(512M) 23.517ms
[2022-07-06T16:20:17.086+0000][69][gc,cpu      ] GC(3) User=0.03s Sys=0.00s Real=0.02s
[2022-07-06T16:20:17.086+0000][69][safepoint   ] Safepoint "CollectForMetadataAllocation", Time since last: 760617156 ns, Reaching safepoint: 243154 ns, At safepoint: 23727082 ns, Total: 23970236 ns
[2022-07-06T16:20:17.094+0000][69][gc          ] GC(4) Concurrent Mark Cycle
[2022-07-06T16:20:17.094+0000][69][gc,marking  ] GC(4) Concurrent Clear Claimed Marks
[2022-07-06T16:20:17.094+0000][69][gc,marking  ] GC(4) Concurrent Clear Claimed Marks 0.038ms
[2022-07-06T16:20:17.094+0000][69][gc,marking  ] GC(4) Concurrent Scan Root Regions
[2022-07-06T16:20:17.179+0000][69][safepoint   ] Safepoint "CollectForMetadataAllocation", Time since last: 92555304 ns, Reaching safepoint: 280837 ns, At safepoint: 78644 ns, Total: 359481 ns
[2022-07-06T16:20:17.197+0000][69][gc,marking  ] GC(4) Concurrent Scan Root Regions 103.062ms
[2022-07-06T16:20:17.197+0000][69][gc,marking  ] GC(4) Concurrent Mark
[2022-07-06T16:20:17.197+0000][69][gc,marking  ] GC(4) Concurrent Mark From Roots
[2022-07-06T16:20:17.197+0000][69][gc,task     ] GC(4) Using 2 workers of 2 for marking
[2022-07-06T16:20:17.215+0000][69][gc,marking  ] GC(4) Concurrent Mark From Roots 17.531ms
[2022-07-06T16:20:17.215+0000][69][gc,marking  ] GC(4) Concurrent Preclean
[2022-07-06T16:20:17.215+0000][69][gc,marking  ] GC(4) Concurrent Preclean 0.036ms
[2022-07-06T16:20:17.224+0000][69][gc,start    ] GC(4) Pause Remark
[2022-07-06T16:20:17.239+0000][69][gc          ] GC(4) Pause Remark 17M->17M(512M) 14.978ms
[2022-07-06T16:20:17.239+0000][69][gc,cpu      ] GC(4) User=0.03s Sys=0.00s Real=0.01s
[2022-07-06T16:20:17.239+0000][69][safepoint   ] Safepoint "G1Concurrent", Time since last: 35928625 ns, Reaching safepoint: 9306900 ns, At safepoint: 15167550 ns, Total: 24474450 ns
[2022-07-06T16:20:17.243+0000][69][gc,marking  ] GC(4) Concurrent Mark 46.066ms
[2022-07-06T16:20:17.243+0000][69][gc,marking  ] GC(4) Concurrent Rebuild Remembered Sets
[2022-07-06T16:20:17.246+0000][69][gc,marking  ] GC(4) Concurrent Rebuild Remembered Sets 3.122ms
[2022-07-06T16:20:17.257+0000][69][gc,start    ] GC(4) Pause Cleanup
[2022-07-06T16:20:17.257+0000][69][gc          ] GC(4) Pause Cleanup 17M->17M(512M) 0.125ms
[2022-07-06T16:20:17.257+0000][69][gc,cpu      ] GC(4) User=0.00s Sys=0.00s Real=0.00s
[2022-07-06T16:20:17.257+0000][69][safepoint   ] Safepoint "G1Concurrent", Time since last: 7587249 ns, Reaching safepoint: 10302214 ns, At safepoint: 195836 ns, Total: 10498050 ns
[2022-07-06T16:20:17.257+0000][69][gc,marking  ] GC(4) Concurrent Cleanup for Next Mark
[2022-07-06T16:20:17.258+0000][69][gc,marking  ] GC(4) Concurrent Cleanup for Next Mark 0.630ms
[2022-07-06T16:20:17.258+0000][69][gc          ] GC(4) Concurrent Mark Cycle 164.254ms
[2022-07-06T16:20:18.139+0000][69][safepoint   ] Safepoint "ICBufferFull", Time since last: 881068032 ns, Reaching safepoint: 218593 ns, At safepoint: 4591 ns, Total: 223184 ns
[2022-07-06T16:20:18.907+0000][69][gc,start    ] GC(5) Pause Young (Normal) (G1 Evacuation Pause)
[2022-07-06T16:20:18.908+0000][69][gc,task     ] GC(5) Using 8 workers of 8 for evacuation
[2022-07-06T16:20:18.908+0000][69][gc,age      ] GC(5) Desired survivor size 20971520 bytes, new threshold 15 (max threshold 15)
[2022-07-06T16:20:18.933+0000][69][gc,phases   ] GC(5)   Pre Evacuate Collection Set: 0.1ms
[2022-07-06T16:20:18.933+0000][69][gc,phases   ] GC(5)   Merge Heap Roots: 0.1ms
[2022-07-06T16:20:18.933+0000][69][gc,phases   ] GC(5)   Evacuate Collection Set: 22.8ms
[2022-07-06T16:20:18.933+0000][69][gc,phases   ] GC(5)   Post Evacuate Collection Set: 1.9ms
[2022-07-06T16:20:18.933+0000][69][gc,phases   ] GC(5)   Other: 0.2ms
[2022-07-06T16:20:18.933+0000][69][gc,age      ] GC(5) Age table with threshold 15 (max threshold 15)
[2022-07-06T16:20:18.933+0000][69][gc,age      ] GC(5) - age   1:    7689528 bytes,    7689528 total
[2022-07-06T16:20:18.933+0000][69][gc,age      ] GC(5) - age   2:    2081192 bytes,    9770720 total
[2022-07-06T16:20:18.933+0000][69][gc,age      ] GC(5) - age   3:    1671320 bytes,   11442040 total
[2022-07-06T16:20:18.933+0000][69][gc,age      ] GC(5) - age   4:    5109592 bytes,   16551632 total
[2022-07-06T16:20:18.933+0000][69][gc,heap     ] GC(5) Eden regions: 73->0(71)
[2022-07-06T16:20:18.933+0000][69][gc,heap     ] GC(5) Survivor regions: 3->5(10)
[2022-07-06T16:20:18.933+0000][69][gc,heap     ] GC(5) Old regions: 1->1
[2022-07-06T16:20:18.933+0000][69][gc,heap     ] GC(5) Archive regions: 2->2
[2022-07-06T16:20:18.933+0000][69][gc,heap     ] GC(5) Humongous regions: 0->0
[2022-07-06T16:20:18.933+0000][69][gc,metaspace] GC(5) Metaspace: 24672K(25280K)->24672K(25280K) NonClass: 21775K(22144K)->21775K(22144K) Class: 2896K(3136K)->2896K(3136K)
[2022-07-06T16:20:18.933+0000][69][gc          ] GC(5) Pause Young (Normal) (G1 Evacuation Pause) 307M->23M(512M) 25.263ms
[2022-07-06T16:20:18.933+0000][69][gc,cpu      ] GC(5) User=0.05s Sys=0.00s Real=0.03s
[2022-07-06T16:20:18.933+0000][69][safepoint   ] Safepoint "G1CollectForAllocation", Time since last: 768531965 ns, Reaching safepoint: 159694 ns, At safepoint: 25342551 ns, Total: 25502245 ns
[2022-07-06T16:20:20.329+0000][69][safepoint   ] Safepoint "ICBufferFull", Time since last: 1395568307 ns, Reaching safepoint: 349277 ns, At safepoint: 10628 ns, Total: 359905 ns
[2022-07-06T16:20:20.625+0000][69][gc,start    ] GC(6) Pause Young (Normal) (G1 Evacuation Pause)
[2022-07-06T16:20:20.625+0000][69][gc,task     ] GC(6) Using 8 workers of 8 for evacuation
[2022-07-06T16:20:20.625+0000][69][gc,age      ] GC(6) Desired survivor size 20971520 bytes, new threshold 15 (max threshold 15)
[2022-07-06T16:20:20.656+0000][69][gc,phases   ] GC(6)   Pre Evacuate Collection Set: 0.1ms
[2022-07-06T16:20:20.656+0000][69][gc,phases   ] GC(6)   Merge Heap Roots: 0.1ms
[2022-07-06T16:20:20.656+0000][69][gc,phases   ] GC(6)   Evacuate Collection Set: 20.3ms
[2022-07-06T16:20:20.656+0000][69][gc,phases   ] GC(6)   Post Evacuate Collection Set: 9.7ms
[2022-07-06T16:20:20.656+0000][69][gc,phases   ] GC(6)   Other: 0.1ms
[2022-07-06T16:20:20.656+0000][69][gc,age      ] GC(6) Age table with threshold 15 (max threshold 15)
[2022-07-06T16:20:20.656+0000][69][gc,age      ] GC(6) - age   1:    5733000 bytes,    5733000 total
[2022-07-06T16:20:20.656+0000][69][gc,age      ] GC(6) - age   2:    6299376 bytes,   12032376 total
[2022-07-06T16:20:20.656+0000][69][gc,age      ] GC(6) - age   3:    2078200 bytes,   14110576 total
[2022-07-06T16:20:20.656+0000][69][gc,age      ] GC(6) - age   4:    1649280 bytes,   15759856 total
[2022-07-06T16:20:20.656+0000][69][gc,age      ] GC(6) - age   5:    5100928 bytes,   20860784 total
[2022-07-06T16:20:20.656+0000][69][gc,heap     ] GC(6) Eden regions: 71->0(70)
[2022-07-06T16:20:20.656+0000][69][gc,heap     ] GC(6) Survivor regions: 5->6(10)
[2022-07-06T16:20:20.656+0000][69][gc,heap     ] GC(6) Old regions: 1->1
[2022-07-06T16:20:20.656+0000][69][gc,heap     ] GC(6) Archive regions: 2->2
[2022-07-06T16:20:20.656+0000][69][gc,heap     ] GC(6) Humongous regions: 0->0
[2022-07-06T16:20:20.656+0000][69][gc,metaspace] GC(6) Metaspace: 31128K(31808K)->31128K(31808K) NonClass: 27506K(27904K)->27506K(27904K) Class: 3621K(3904K)->3621K(3904K)
[2022-07-06T16:20:20.656+0000][69][gc          ] GC(6) Pause Young (Normal) (G1 Evacuation Pause) 307M->28M(512M) 30.547ms
[2022-07-06T16:20:20.656+0000][69][gc,cpu      ] GC(6) User=0.06s Sys=0.00s Real=0.03s
[2022-07-06T16:20:20.656+0000][69][safepoint   ] Safepoint "G1CollectForAllocation", Time since last: 296294466 ns, Reaching safepoint: 137962 ns, At safepoint: 30645191 ns, Total: 30783153 ns
[2022-07-06T16:20:21.659+0000][69][safepoint   ] Safepoint "Cleanup", Time since last: 1000254006 ns, Reaching safepoint: 2801793 ns, At safepoint: 36159 ns, Total: 2837952 ns
[2022-07-06T16:20:22.137+0000][69][gc,start    ] GC(7) Pause Young (Normal) (G1 Evacuation Pause)
[2022-07-06T16:20:22.137+0000][69][gc,task     ] GC(7) Using 8 workers of 8 for evacuation
[2022-07-06T16:20:22.137+0000][69][gc,age      ] GC(7) Desired survivor size 20971520 bytes, new threshold 15 (max threshold 15)
[2022-07-06T16:20:22.168+0000][69][gc,phases   ] GC(7)   Pre Evacuate Collection Set: 0.1ms
[2022-07-06T16:20:22.168+0000][69][gc,phases   ] GC(7)   Merge Heap Roots: 0.1ms
[2022-07-06T16:20:22.168+0000][69][gc,phases   ] GC(7)   Evacuate Collection Set: 27.7ms
[2022-07-06T16:20:22.168+0000][69][gc,phases   ] GC(7)   Post Evacuate Collection Set: 2.6ms
[2022-07-06T16:20:22.168+0000][69][gc,phases   ] GC(7)   Other: 0.1ms
[2022-07-06T16:20:22.168+0000][69][gc,age      ] GC(7) Age table with threshold 15 (max threshold 15)
[2022-07-06T16:20:22.168+0000][69][gc,age      ] GC(7) - age   1:    3869000 bytes,    3869000 total
[2022-07-06T16:20:22.168+0000][69][gc,age      ] GC(7) - age   2:    3641368 bytes,    7510368 total
[2022-07-06T16:20:22.168+0000][69][gc,age      ] GC(7) - age   3:    6294200 bytes,   13804568 total
[2022-07-06T16:20:22.168+0000][69][gc,age      ] GC(7) - age   4:    2077560 bytes,   15882128 total
[2022-07-06T16:20:22.168+0000][69][gc,age      ] GC(7) - age   5:    1648360 bytes,   17530488 total
[2022-07-06T16:20:22.168+0000][69][gc,age      ] GC(7) - age   6:    5096448 bytes,   22626936 total
[2022-07-06T16:20:22.168+0000][69][gc,heap     ] GC(7) Eden regions: 70->0(70)
[2022-07-06T16:20:22.168+0000][69][gc,heap     ] GC(7) Survivor regions: 6->6(10)
[2022-07-06T16:20:22.168+0000][69][gc,heap     ] GC(7) Old regions: 1->1
[2022-07-06T16:20:22.168+0000][69][gc,heap     ] GC(7) Archive regions: 2->2
[2022-07-06T16:20:22.168+0000][69][gc,heap     ] GC(7) Humongous regions: 0->0
[2022-07-06T16:20:22.168+0000][69][gc,metaspace] GC(7) Metaspace: 33570K(34304K)->33570K(34304K) NonClass: 29615K(30016K)->29615K(30016K) Class: 3955K(4288K)->3955K(4288K)
[2022-07-06T16:20:22.168+0000][69][gc          ] GC(7) Pause Young (Normal) (G1 Evacuation Pause) 308M->30M(512M) 30.873ms
[2022-07-06T16:20:22.168+0000][69][gc,cpu      ] GC(7) User=0.07s Sys=0.00s Real=0.03s
[2022-07-06T16:20:22.168+0000][69][safepoint   ] Safepoint "G1CollectForAllocation", Time since last: 478208246 ns, Reaching safepoint: 105249 ns, At safepoint: 30938246 ns, Total: 31043495 ns
[2022-07-06T16:20:22.938+0000][69][gc,start    ] GC(8) Pause Young (Concurrent Start) (Metadata GC Threshold)
[2022-07-06T16:20:22.938+0000][69][gc,task     ] GC(8) Using 8 workers of 8 for evacuation
[2022-07-06T16:20:22.938+0000][69][gc,age      ] GC(8) Desired survivor size 20971520 bytes, new threshold 6 (max threshold 15)
[2022-07-06T16:20:22.972+0000][69][gc,phases   ] GC(8)   Pre Evacuate Collection Set: 0.2ms
[2022-07-06T16:20:22.972+0000][69][gc,phases   ] GC(8)   Merge Heap Roots: 0.1ms
[2022-07-06T16:20:22.972+0000][69][gc,phases   ] GC(8)   Evacuate Collection Set: 31.2ms
[2022-07-06T16:20:22.972+0000][69][gc,phases   ] GC(8)   Post Evacuate Collection Set: 2.3ms
[2022-07-06T16:20:22.972+0000][69][gc,phases   ] GC(8)   Other: 0.1ms
[2022-07-06T16:20:22.972+0000][69][gc,age      ] GC(8) Age table with threshold 6 (max threshold 15)
[2022-07-06T16:20:22.972+0000][69][gc,age      ] GC(8) - age   1:    1624904 bytes,    1624904 total
[2022-07-06T16:20:22.972+0000][69][gc,age      ] GC(8) - age   2:    3824520 bytes,    5449424 total
[2022-07-06T16:20:22.972+0000][69][gc,age      ] GC(8) - age   3:    3620032 bytes,    9069456 total
[2022-07-06T16:20:22.972+0000][69][gc,age      ] GC(8) - age   4:    6269248 bytes,   15338704 total
[2022-07-06T16:20:22.972+0000][69][gc,age      ] GC(8) - age   5:    2064128 bytes,   17402832 total
[2022-07-06T16:20:22.972+0000][69][gc,age      ] GC(8) - age   6:    1562880 bytes,   18965712 total
[2022-07-06T16:20:22.972+0000][69][gc,heap     ] GC(8) Eden regions: 45->0(71)
[2022-07-06T16:20:22.972+0000][69][gc,heap     ] GC(8) Survivor regions: 6->5(10)
[2022-07-06T16:20:22.972+0000][69][gc,heap     ] GC(8) Old regions: 1->3
[2022-07-06T16:20:22.972+0000][69][gc,heap     ] GC(8) Archive regions: 2->2
[2022-07-06T16:20:22.972+0000][69][gc,heap     ] GC(8) Humongous regions: 0->0
[2022-07-06T16:20:22.972+0000][69][gc,metaspace] GC(8) Metaspace: 35864K(36736K)->35864K(36736K) NonClass: 31572K(32064K)->31572K(32064K) Class: 4292K(4672K)->4292K(4672K)
[2022-07-06T16:20:22.972+0000][69][gc          ] GC(8) Pause Young (Concurrent Start) (Metadata GC Threshold) 208M->30M(512M) 34.136ms
[2022-07-06T16:20:22.972+0000][69][gc,cpu      ] GC(8) User=0.08s Sys=0.01s Real=0.04s
[2022-07-06T16:20:22.972+0000][69][safepoint   ] Safepoint "CollectForMetadataAllocation", Time since last: 769431401 ns, Reaching safepoint: 202292 ns, At safepoint: 34284558 ns, Total: 34486850 ns
[2022-07-06T16:20:22.972+0000][69][gc          ] GC(9) Concurrent Mark Cycle
[2022-07-06T16:20:22.972+0000][69][gc,marking  ] GC(9) Concurrent Clear Claimed Marks
[2022-07-06T16:20:22.972+0000][69][gc,marking  ] GC(9) Concurrent Clear Claimed Marks 0.062ms
[2022-07-06T16:20:22.972+0000][69][gc,marking  ] GC(9) Concurrent Scan Root Regions
[2022-07-06T16:20:22.987+0000][69][gc,marking  ] GC(9) Concurrent Scan Root Regions 14.892ms
[2022-07-06T16:20:22.987+0000][69][gc,marking  ] GC(9) Concurrent Mark
[2022-07-06T16:20:22.987+0000][69][gc,marking  ] GC(9) Concurrent Mark From Roots
[2022-07-06T16:20:22.987+0000][69][gc,task     ] GC(9) Using 2 workers of 2 for marking
[2022-07-06T16:20:22.995+0000][69][gc,marking  ] GC(9) Concurrent Mark From Roots 7.445ms
[2022-07-06T16:20:22.995+0000][69][gc,marking  ] GC(9) Concurrent Preclean
[2022-07-06T16:20:22.995+0000][69][gc,marking  ] GC(9) Concurrent Preclean 0.037ms
[2022-07-06T16:20:22.995+0000][69][gc,start    ] GC(9) Pause Remark
[2022-07-06T16:20:23.007+0000][69][gc          ] GC(9) Pause Remark 32M->32M(512M) 11.119ms
[2022-07-06T16:20:23.007+0000][69][gc,cpu      ] GC(9) User=0.02s Sys=0.00s Real=0.01s
[2022-07-06T16:20:23.007+0000][69][safepoint   ] Safepoint "G1Concurrent", Time since last: 22652585 ns, Reaching safepoint: 769726 ns, At safepoint: 11264285 ns, Total: 12034011 ns
[2022-07-06T16:20:23.007+0000][69][gc,marking  ] GC(9) Concurrent Mark 19.668ms
[2022-07-06T16:20:23.007+0000][69][gc,marking  ] GC(9) Concurrent Rebuild Remembered Sets
[2022-07-06T16:20:23.013+0000][69][gc,marking  ] GC(9) Concurrent Rebuild Remembered Sets 6.547ms
[2022-07-06T16:20:23.014+0000][69][gc,start    ] GC(9) Pause Cleanup
[2022-07-06T16:20:23.014+0000][69][gc          ] GC(9) Pause Cleanup 32M->32M(512M) 0.111ms
[2022-07-06T16:20:23.014+0000][69][gc,cpu      ] GC(9) User=0.00s Sys=0.00s Real=0.00s
[2022-07-06T16:20:23.014+0000][69][safepoint   ] Safepoint "G1Concurrent", Time since last: 6700119 ns, Reaching safepoint: 490313 ns, At safepoint: 217193 ns, Total: 707506 ns
[2022-07-06T16:20:23.014+0000][69][gc,marking  ] GC(9) Concurrent Cleanup for Next Mark
[2022-07-06T16:20:23.015+0000][69][gc,marking  ] GC(9) Concurrent Cleanup for Next Mark 0.951ms
[2022-07-06T16:20:23.015+0000][69][gc          ] GC(9) Concurrent Mark Cycle 43.172ms
[2022-07-06T16:20:24.788+0000][69][safepoint   ] Safepoint "ICBufferFull", Time since last: 1773076359 ns, Reaching safepoint: 600646 ns, At safepoint: 39741 ns, Total: 640387 ns
[2022-07-06T16:20:25.796+0000][69][safepoint   ] Safepoint "Cleanup", Time since last: 1007206858 ns, Reaching safepoint: 910465 ns, At safepoint: 32753 ns, Total: 943218 ns
[2022-07-06T16:20:26.799+0000][69][safepoint   ] Safepoint "Cleanup", Time since last: 1002432365 ns, Reaching safepoint: 767695 ns, At safepoint: 10066 ns, Total: 777761 ns
[2022-07-06T16:20:27.743+0000][69][gc,start    ] GC(10) Pause Young (Normal) (G1 Evacuation Pause)
[2022-07-06T16:20:27.743+0000][69][gc,task     ] GC(10) Using 8 workers of 8 for evacuation
[2022-07-06T16:20:27.743+0000][69][gc,age      ] GC(10) Desired survivor size 20971520 bytes, new threshold 15 (max threshold 15)
[2022-07-06T16:20:27.798+0000][69][gc,phases   ] GC(10)   Pre Evacuate Collection Set: 0.1ms
[2022-07-06T16:20:27.799+0000][69][gc,phases   ] GC(10)   Merge Heap Roots: 0.1ms
[2022-07-06T16:20:27.799+0000][69][gc,phases   ] GC(10)   Evacuate Collection Set: 49.8ms
[2022-07-06T16:20:27.799+0000][69][gc,phases   ] GC(10)   Post Evacuate Collection Set: 5.0ms
[2022-07-06T16:20:27.799+0000][69][gc,phases   ] GC(10)   Other: 0.1ms
[2022-07-06T16:20:27.799+0000][69][gc,age      ] GC(10) Age table with threshold 15 (max threshold 15)
[2022-07-06T16:20:27.799+0000][69][gc,age      ] GC(10) - age   1:   19855520 bytes,   19855520 total
[2022-07-06T16:20:27.799+0000][69][gc,age      ] GC(10) - age   2:    1556176 bytes,   21411696 total
[2022-07-06T16:20:27.799+0000][69][gc,age      ] GC(10) - age   3:    3802960 bytes,   25214656 total
[2022-07-06T16:20:27.799+0000][69][gc,age      ] GC(10) - age   4:    3609808 bytes,   28824464 total
[2022-07-06T16:20:27.799+0000][69][gc,age      ] GC(10) - age   5:    6257352 bytes,   35081816 total
[2022-07-06T16:20:27.799+0000][69][gc,age      ] GC(10) - age   6:    2060904 bytes,   37142720 total
[2022-07-06T16:20:27.799+0000][69][gc,age      ] GC(10) - age   7:    1550248 bytes,   38692968 total
[2022-07-06T16:20:27.799+0000][69][gc,heap     ] GC(10) Eden regions: 71->0(66)
[2022-07-06T16:20:27.799+0000][69][gc,heap     ] GC(10) Survivor regions: 5->10(10)
[2022-07-06T16:20:27.799+0000][69][gc,heap     ] GC(10) Old regions: 3->3
[2022-07-06T16:20:27.799+0000][69][gc,heap     ] GC(10) Archive regions: 2->2
[2022-07-06T16:20:27.799+0000][69][gc,heap     ] GC(10) Humongous regions: 0->0
[2022-07-06T16:20:27.799+0000][69][gc,metaspace] GC(10) Metaspace: 47124K(48384K)->47124K(48384K) NonClass: 41262K(41984K)->41262K(41984K) Class: 5862K(6400K)->5862K(6400K)
[2022-07-06T16:20:27.799+0000][69][gc          ] GC(10) Pause Young (Normal) (G1 Evacuation Pause) 314M->50M(512M) 55.427ms
[2022-07-06T16:20:27.799+0000][69][gc,cpu      ] GC(10) User=0.16s Sys=0.00s Real=0.05s
[2022-07-06T16:20:27.799+0000][69][safepoint   ] Safepoint "G1CollectForAllocation", Time since last: 943900857 ns, Reaching safepoint: 127251 ns, At safepoint: 55497308 ns, Total: 55624559 ns
[2022-07-06T16:20:28.212+0000][69][gc,heap,exit] Heap
[2022-07-06T16:20:28.212+0000][69][gc,heap,exit]  garbage-first heap   total 524288K, used 129639K [0x00000000e0000000, 0x0000000100000000)
[2022-07-06T16:20:28.212+0000][69][gc,heap,exit]   region size 4096K, 30 young (122880K), 10 survivors (40960K)
[2022-07-06T16:20:28.212+0000][69][gc,heap,exit]  Metaspace       used 48499K, committed 49728K, reserved 1114112K
[2022-07-06T16:20:28.212+0000][69][gc,heap,exit]   class space    used 5998K, committed 6528K, reserved 1048576K
