[2022-07-06T16:22:51.051+0000][69][gc,init] CardTable entry size: 512
[2022-07-06T16:22:51.051+0000][69][gc     ] Using G1
[2022-07-06T16:22:51.184+0000][69][gc,init] Version: 18.0.1.1+2-6 (release)
[2022-07-06T16:22:51.184+0000][69][gc,init] CPUs: 8 total, 8 available
[2022-07-06T16:22:51.184+0000][69][gc,init] Memory: 7736M
[2022-07-06T16:22:51.184+0000][69][gc,init] Large Page Support: Disabled
[2022-07-06T16:22:51.184+0000][69][gc,init] NUMA Support: Disabled
[2022-07-06T16:22:51.184+0000][69][gc,init] Compressed Oops: Enabled (32-bit)
[2022-07-06T16:22:51.184+0000][69][gc,init] Heap Region Size: 4M
[2022-07-06T16:22:51.184+0000][69][gc,init] Heap Min Capacity: 512M
[2022-07-06T16:22:51.184+0000][69][gc,init] Heap Initial Capacity: 512M
[2022-07-06T16:22:51.184+0000][69][gc,init] Heap Max Capacity: 512M
[2022-07-06T16:22:51.184+0000][69][gc,init] Pre-touch: Enabled
[2022-07-06T16:22:51.184+0000][69][gc,init] Parallel Workers: 8
[2022-07-06T16:22:51.184+0000][69][gc,init] Concurrent Workers: 2
[2022-07-06T16:22:51.184+0000][69][gc,init] Concurrent Refinement Workers: 8
[2022-07-06T16:22:51.184+0000][69][gc,init] Periodic GC: Disabled
[2022-07-06T16:22:51.185+0000][69][gc,metaspace] CDS archive(s) mapped at: [0x0000000800000000-0x0000000800baf000-0x0000000800baf000), size 12251136, SharedBaseAddress: 0x0000000800000000, ArchiveRelocationMode: 0.
[2022-07-06T16:22:51.185+0000][69][gc,metaspace] Compressed class space mapped at: 0x0000000800c00000-0x0000000840c00000, reserved size: 1073741824
[2022-07-06T16:22:51.185+0000][69][gc,metaspace] Narrow klass base: 0x0000000800000000, Narrow klass shift: 0, Narrow klass range: 0x100000000
[2022-07-06T16:22:52.084+0000][69][safepoint   ] Safepoint "ICBufferFull", Time since last: 885734783 ns, Reaching safepoint: 504802 ns, At safepoint: 8876 ns, Total: 513678 ns
[2022-07-06T16:22:52.246+0000][69][gc,start    ] GC(0) Pause Young (Normal) (G1 Evacuation Pause)
[2022-07-06T16:22:52.246+0000][69][gc,task     ] GC(0) Using 8 workers of 8 for evacuation
[2022-07-06T16:22:52.246+0000][69][gc,age      ] GC(0) Desired survivor size 2097152 bytes, new threshold 15 (max threshold 15)
[2022-07-06T16:22:52.252+0000][69][gc,phases   ] GC(0)   Pre Evacuate Collection Set: 0.1ms
[2022-07-06T16:22:52.252+0000][69][gc,phases   ] GC(0)   Merge Heap Roots: 0.1ms
[2022-07-06T16:22:52.252+0000][69][gc,phases   ] GC(0)   Evacuate Collection Set: 4.9ms
[2022-07-06T16:22:52.252+0000][69][gc,phases   ] GC(0)   Post Evacuate Collection Set: 1.0ms
[2022-07-06T16:22:52.252+0000][69][gc,phases   ] GC(0)   Other: 0.1ms
[2022-07-06T16:22:52.252+0000][69][gc,age      ] GC(0) Age table with threshold 15 (max threshold 15)
[2022-07-06T16:22:52.252+0000][69][gc,age      ] GC(0) - age   1:    3229848 bytes,    3229848 total
[2022-07-06T16:22:52.252+0000][69][gc,heap     ] GC(0) Eden regions: 6->0(14)
[2022-07-06T16:22:52.252+0000][69][gc,heap     ] GC(0) Survivor regions: 0->1(1)
[2022-07-06T16:22:52.252+0000][69][gc,heap     ] GC(0) Old regions: 0->0
[2022-07-06T16:22:52.252+0000][69][gc,heap     ] GC(0) Archive regions: 2->2
[2022-07-06T16:22:52.252+0000][69][gc,heap     ] GC(0) Humongous regions: 0->0
[2022-07-06T16:22:52.252+0000][69][gc,metaspace] GC(0) Metaspace: 3623K(3840K)->3623K(3840K) NonClass: 3250K(3392K)->3250K(3392K) Class: 372K(448K)->372K(448K)
[2022-07-06T16:22:52.252+0000][69][gc          ] GC(0) Pause Young (Normal) (G1 Evacuation Pause) 27M->7M(512M) 6.463ms
[2022-07-06T16:22:52.252+0000][69][gc,cpu      ] GC(0) User=0.01s Sys=0.01s Real=0.01s
[2022-07-06T16:22:52.252+0000][69][safepoint   ] Safepoint "G1CollectForAllocation", Time since last: 161843773 ns, Reaching safepoint: 114346 ns, At safepoint: 6556184 ns, Total: 6670530 ns
[2022-07-06T16:22:53.307+0000][69][safepoint   ] Safepoint "ICBufferFull", Time since last: 1054935612 ns, Reaching safepoint: 196556 ns, At safepoint: 5636 ns, Total: 202192 ns
[2022-07-06T16:22:54.490+0000][69][safepoint   ] Safepoint "Cleanup", Time since last: 1181981082 ns, Reaching safepoint: 155680 ns, At safepoint: 53902 ns, Total: 209582 ns
[2022-07-06T16:22:54.828+0000][69][gc,start    ] GC(1) Pause Young (Normal) (G1 Evacuation Pause)
[2022-07-06T16:22:54.828+0000][69][gc,task     ] GC(1) Using 8 workers of 8 for evacuation
[2022-07-06T16:22:54.828+0000][69][gc,age      ] GC(1) Desired survivor size 4194304 bytes, new threshold 15 (max threshold 15)
[2022-07-06T16:22:54.855+0000][69][gc,phases   ] GC(1)   Pre Evacuate Collection Set: 0.1ms
[2022-07-06T16:22:54.856+0000][69][gc,phases   ] GC(1)   Merge Heap Roots: 0.1ms
[2022-07-06T16:22:54.856+0000][69][gc,phases   ] GC(1)   Evacuate Collection Set: 24.9ms
[2022-07-06T16:22:54.856+0000][69][gc,phases   ] GC(1)   Post Evacuate Collection Set: 1.8ms
[2022-07-06T16:22:54.856+0000][69][gc,phases   ] GC(1)   Other: 0.1ms
[2022-07-06T16:22:54.856+0000][69][gc,age      ] GC(1) Age table with threshold 15 (max threshold 15)
[2022-07-06T16:22:54.856+0000][69][gc,age      ] GC(1) - age   1:    5244160 bytes,    5244160 total
[2022-07-06T16:22:54.856+0000][69][gc,age      ] GC(1) - age   2:    3099024 bytes,    8343184 total
[2022-07-06T16:22:54.856+0000][69][gc,heap     ] GC(1) Eden regions: 14->0(21)
[2022-07-06T16:22:54.856+0000][69][gc,heap     ] GC(1) Survivor regions: 1->2(2)
[2022-07-06T16:22:54.856+0000][69][gc,heap     ] GC(1) Old regions: 0->1
[2022-07-06T16:22:54.856+0000][69][gc,heap     ] GC(1) Archive regions: 2->2
[2022-07-06T16:22:54.856+0000][69][gc,heap     ] GC(1) Humongous regions: 0->0
[2022-07-06T16:22:54.856+0000][69][gc,metaspace] GC(1) Metaspace: 13516K(13952K)->13516K(13952K) NonClass: 11905K(12160K)->11905K(12160K) Class: 1611K(1792K)->1611K(1792K)
[2022-07-06T16:22:54.856+0000][69][gc          ] GC(1) Pause Young (Normal) (G1 Evacuation Pause) 63M->12M(512M) 27.311ms
[2022-07-06T16:22:54.856+0000][69][gc,cpu      ] GC(1) User=0.02s Sys=0.00s Real=0.03s
[2022-07-06T16:22:54.856+0000][69][safepoint   ] Safepoint "G1CollectForAllocation", Time since last: 338705743 ns, Reaching safepoint: 178639 ns, At safepoint: 27385728 ns, Total: 27564367 ns
[2022-07-06T16:22:56.005+0000][69][safepoint   ] Safepoint "ICBufferFull", Time since last: 1148580127 ns, Reaching safepoint: 217155 ns, At safepoint: 4777 ns, Total: 221932 ns
[2022-07-06T16:22:56.889+0000][69][gc,start    ] GC(2) Pause Young (Normal) (G1 Evacuation Pause)
[2022-07-06T16:22:56.889+0000][69][gc,task     ] GC(2) Using 8 workers of 8 for evacuation
[2022-07-06T16:22:56.889+0000][69][gc,age      ] GC(2) Desired survivor size 6291456 bytes, new threshold 2 (max threshold 15)
[2022-07-06T16:22:56.913+0000][69][gc,phases   ] GC(2)   Pre Evacuate Collection Set: 0.1ms
[2022-07-06T16:22:56.913+0000][69][gc,phases   ] GC(2)   Merge Heap Roots: 0.1ms
[2022-07-06T16:22:56.913+0000][69][gc,phases   ] GC(2)   Evacuate Collection Set: 22.5ms
[2022-07-06T16:22:56.914+0000][69][gc,phases   ] GC(2)   Post Evacuate Collection Set: 1.7ms
[2022-07-06T16:22:56.914+0000][69][gc,phases   ] GC(2)   Other: 0.1ms
[2022-07-06T16:22:56.914+0000][69][gc,age      ] GC(2) Age table with threshold 2 (max threshold 15)
[2022-07-06T16:22:56.914+0000][69][gc,age      ] GC(2) - age   1:    3625384 bytes,    3625384 total
[2022-07-06T16:22:56.914+0000][69][gc,age      ] GC(2) - age   2:    5166312 bytes,    8791696 total
[2022-07-06T16:22:56.914+0000][69][gc,heap     ] GC(2) Eden regions: 21->0(47)
[2022-07-06T16:22:56.914+0000][69][gc,heap     ] GC(2) Survivor regions: 2->3(3)
[2022-07-06T16:22:56.914+0000][69][gc,heap     ] GC(2) Old regions: 1->1
[2022-07-06T16:22:56.914+0000][69][gc,heap     ] GC(2) Archive regions: 2->2
[2022-07-06T16:22:56.914+0000][69][gc,heap     ] GC(2) Humongous regions: 0->0
[2022-07-06T16:22:56.914+0000][69][gc,metaspace] GC(2) Metaspace: 17093K(17472K)->17093K(17472K) NonClass: 15096K(15296K)->15096K(15296K) Class: 1996K(2176K)->1996K(2176K)
[2022-07-06T16:22:56.914+0000][69][gc          ] GC(2) Pause Young (Normal) (G1 Evacuation Pause) 96M->16M(512M) 24.771ms
[2022-07-06T16:22:56.914+0000][69][gc,cpu      ] GC(2) User=0.04s Sys=0.00s Real=0.03s
[2022-07-06T16:22:56.914+0000][69][safepoint   ] Safepoint "G1CollectForAllocation", Time since last: 884120613 ns, Reaching safepoint: 142533 ns, At safepoint: 24849531 ns, Total: 24992064 ns
[2022-07-06T16:22:57.744+0000][69][gc,start    ] GC(3) Pause Young (Concurrent Start) (Metadata GC Threshold)
[2022-07-06T16:22:57.744+0000][69][gc,task     ] GC(3) Using 8 workers of 8 for evacuation
[2022-07-06T16:22:57.744+0000][69][gc,age      ] GC(3) Desired survivor size 14680064 bytes, new threshold 15 (max threshold 15)
[2022-07-06T16:22:57.761+0000][69][gc,phases   ] GC(3)   Pre Evacuate Collection Set: 0.2ms
[2022-07-06T16:22:57.761+0000][69][gc,phases   ] GC(3)   Merge Heap Roots: 0.1ms
[2022-07-06T16:22:57.761+0000][69][gc,phases   ] GC(3)   Evacuate Collection Set: 13.5ms
[2022-07-06T16:22:57.761+0000][69][gc,phases   ] GC(3)   Post Evacuate Collection Set: 3.3ms
[2022-07-06T16:22:57.761+0000][69][gc,phases   ] GC(3)   Other: 0.2ms
[2022-07-06T16:22:57.761+0000][69][gc,age      ] GC(3) Age table with threshold 15 (max threshold 15)
[2022-07-06T16:22:57.761+0000][69][gc,age      ] GC(3) - age   1:    2128256 bytes,    2128256 total
[2022-07-06T16:22:57.761+0000][69][gc,age      ] GC(3) - age   2:    2038992 bytes,    4167248 total
[2022-07-06T16:22:57.761+0000][69][gc,age      ] GC(3) - age   3:    5162672 bytes,    9329920 total
[2022-07-06T16:22:57.761+0000][69][gc,heap     ] GC(3) Eden regions: 19->0(73)
[2022-07-06T16:22:57.761+0000][69][gc,heap     ] GC(3) Survivor regions: 3->3(7)
[2022-07-06T16:22:57.761+0000][69][gc,heap     ] GC(3) Old regions: 1->1
[2022-07-06T16:22:57.761+0000][69][gc,heap     ] GC(3) Archive regions: 2->2
[2022-07-06T16:22:57.761+0000][69][gc,heap     ] GC(3) Humongous regions: 0->0
[2022-07-06T16:22:57.761+0000][69][gc,metaspace] GC(3) Metaspace: 21071K(21504K)->21071K(21504K) NonClass: 18676K(18880K)->18676K(18880K) Class: 2394K(2624K)->2394K(2624K)
[2022-07-06T16:22:57.761+0000][69][gc          ] GC(3) Pause Young (Concurrent Start) (Metadata GC Threshold) 92M->16M(512M) 17.546ms
[2022-07-06T16:22:57.761+0000][69][gc,cpu      ] GC(3) User=0.05s Sys=0.00s Real=0.02s
[2022-07-06T16:22:57.761+0000][69][safepoint   ] Safepoint "CollectForMetadataAllocation", Time since last: 829812386 ns, Reaching safepoint: 130761 ns, At safepoint: 17704638 ns, Total: 17835399 ns
[2022-07-06T16:22:57.761+0000][69][gc          ] GC(4) Concurrent Mark Cycle
[2022-07-06T16:22:57.761+0000][69][gc,marking  ] GC(4) Concurrent Clear Claimed Marks
[2022-07-06T16:22:57.761+0000][69][gc,marking  ] GC(4) Concurrent Clear Claimed Marks 0.039ms
[2022-07-06T16:22:57.761+0000][69][gc,marking  ] GC(4) Concurrent Scan Root Regions
[2022-07-06T16:22:57.787+0000][69][gc,marking  ] GC(4) Concurrent Scan Root Regions 25.947ms
[2022-07-06T16:22:57.787+0000][69][gc,marking  ] GC(4) Concurrent Mark
[2022-07-06T16:22:57.787+0000][69][gc,marking  ] GC(4) Concurrent Mark From Roots
[2022-07-06T16:22:57.787+0000][69][gc,task     ] GC(4) Using 2 workers of 2 for marking
[2022-07-06T16:22:57.792+0000][69][gc,marking  ] GC(4) Concurrent Mark From Roots 4.118ms
[2022-07-06T16:22:57.792+0000][69][gc,marking  ] GC(4) Concurrent Preclean
[2022-07-06T16:22:57.792+0000][69][gc,marking  ] GC(4) Concurrent Preclean 0.022ms
[2022-07-06T16:22:57.792+0000][69][gc,start    ] GC(4) Pause Remark
[2022-07-06T16:22:57.796+0000][69][gc          ] GC(4) Pause Remark 18M->18M(512M) 3.776ms
[2022-07-06T16:22:57.796+0000][69][gc,cpu      ] GC(4) User=0.01s Sys=0.00s Real=0.00s
[2022-07-06T16:22:57.796+0000][69][safepoint   ] Safepoint "G1Concurrent", Time since last: 30363577 ns, Reaching safepoint: 317340 ns, At safepoint: 3928285 ns, Total: 4245625 ns
[2022-07-06T16:22:57.797+0000][69][gc,marking  ] GC(4) Concurrent Mark 9.097ms
[2022-07-06T16:22:57.797+0000][69][gc,marking  ] GC(4) Concurrent Rebuild Remembered Sets
[2022-07-06T16:22:57.799+0000][69][gc,marking  ] GC(4) Concurrent Rebuild Remembered Sets 2.818ms
[2022-07-06T16:22:57.803+0000][69][gc,start    ] GC(4) Pause Cleanup
[2022-07-06T16:22:57.803+0000][69][gc          ] GC(4) Pause Cleanup 18M->18M(512M) 0.150ms
[2022-07-06T16:22:57.803+0000][69][gc,cpu      ] GC(4) User=0.00s Sys=0.00s Real=0.00s
[2022-07-06T16:22:57.803+0000][69][safepoint   ] Safepoint "G1Concurrent", Time since last: 3598905 ns, Reaching safepoint: 3044287 ns, At safepoint: 246501 ns, Total: 3290788 ns
[2022-07-06T16:22:57.803+0000][69][gc,marking  ] GC(4) Concurrent Cleanup for Next Mark
[2022-07-06T16:22:57.804+0000][69][gc,marking  ] GC(4) Concurrent Cleanup for Next Mark 0.744ms
[2022-07-06T16:22:57.804+0000][69][gc          ] GC(4) Concurrent Mark Cycle 42.349ms
[2022-07-06T16:22:59.078+0000][69][safepoint   ] Safepoint "Cleanup", Time since last: 1270273500 ns, Reaching safepoint: 5054155 ns, At safepoint: 11138 ns, Total: 5065293 ns
[2022-07-06T16:22:59.483+0000][69][gc,start    ] GC(5) Pause Young (Normal) (G1 Evacuation Pause)
[2022-07-06T16:22:59.483+0000][69][gc,task     ] GC(5) Using 8 workers of 8 for evacuation
[2022-07-06T16:22:59.483+0000][69][gc,age      ] GC(5) Desired survivor size 20971520 bytes, new threshold 15 (max threshold 15)
[2022-07-06T16:22:59.534+0000][69][gc,phases   ] GC(5)   Pre Evacuate Collection Set: 0.1ms
[2022-07-06T16:22:59.534+0000][69][gc,phases   ] GC(5)   Merge Heap Roots: 0.1ms
[2022-07-06T16:22:59.534+0000][69][gc,phases   ] GC(5)   Evacuate Collection Set: 38.4ms
[2022-07-06T16:22:59.534+0000][69][gc,phases   ] GC(5)   Post Evacuate Collection Set: 12.2ms
[2022-07-06T16:22:59.534+0000][69][gc,phases   ] GC(5)   Other: 0.1ms
[2022-07-06T16:22:59.534+0000][69][gc,age      ] GC(5) Age table with threshold 15 (max threshold 15)
[2022-07-06T16:22:59.534+0000][69][gc,age      ] GC(5) - age   1:    7297648 bytes,    7297648 total
[2022-07-06T16:22:59.534+0000][69][gc,age      ] GC(5) - age   2:    2104488 bytes,    9402136 total
[2022-07-06T16:22:59.534+0000][69][gc,age      ] GC(5) - age   3:    2036824 bytes,   11438960 total
[2022-07-06T16:22:59.534+0000][69][gc,age      ] GC(5) - age   4:    5161152 bytes,   16600112 total
[2022-07-06T16:22:59.534+0000][69][gc,heap     ] GC(5) Eden regions: 73->0(71)
[2022-07-06T16:22:59.534+0000][69][gc,heap     ] GC(5) Survivor regions: 3->5(10)
[2022-07-06T16:22:59.534+0000][69][gc,heap     ] GC(5) Old regions: 1->1
[2022-07-06T16:22:59.534+0000][69][gc,heap     ] GC(5) Archive regions: 2->2
[2022-07-06T16:22:59.534+0000][69][gc,heap     ] GC(5) Humongous regions: 0->0
[2022-07-06T16:22:59.534+0000][69][gc,metaspace] GC(5) Metaspace: 24715K(25280K)->24715K(25280K) NonClass: 21812K(22144K)->21812K(22144K) Class: 2903K(3136K)->2903K(3136K)
[2022-07-06T16:22:59.534+0000][69][gc          ] GC(5) Pause Young (Normal) (G1 Evacuation Pause) 308M->23M(512M) 51.158ms
[2022-07-06T16:22:59.534+0000][69][gc,cpu      ] GC(5) User=0.07s Sys=0.00s Real=0.05s
[2022-07-06T16:22:59.534+0000][69][safepoint   ] Safepoint "G1CollectForAllocation", Time since last: 404516034 ns, Reaching safepoint: 136862 ns, At safepoint: 51223147 ns, Total: 51360009 ns
[2022-07-06T16:23:00.575+0000][69][safepoint   ] Safepoint "ICBufferFull", Time since last: 1040694940 ns, Reaching safepoint: 391352 ns, At safepoint: 12398 ns, Total: 403750 ns
[2022-07-06T16:23:01.003+0000][69][gc,start    ] GC(6) Pause Young (Normal) (G1 Evacuation Pause)
[2022-07-06T16:23:01.003+0000][69][gc,task     ] GC(6) Using 8 workers of 8 for evacuation
[2022-07-06T16:23:01.003+0000][69][gc,age      ] GC(6) Desired survivor size 20971520 bytes, new threshold 15 (max threshold 15)
[2022-07-06T16:23:01.028+0000][69][gc,phases   ] GC(6)   Pre Evacuate Collection Set: 0.1ms
[2022-07-06T16:23:01.028+0000][69][gc,phases   ] GC(6)   Merge Heap Roots: 0.1ms
[2022-07-06T16:23:01.028+0000][69][gc,phases   ] GC(6)   Evacuate Collection Set: 23.3ms
[2022-07-06T16:23:01.028+0000][69][gc,phases   ] GC(6)   Post Evacuate Collection Set: 1.6ms
[2022-07-06T16:23:01.028+0000][69][gc,phases   ] GC(6)   Other: 0.1ms
[2022-07-06T16:23:01.028+0000][69][gc,age      ] GC(6) Age table with threshold 15 (max threshold 15)
[2022-07-06T16:23:01.028+0000][69][gc,age      ] GC(6) - age   1:    5039976 bytes,    5039976 total
[2022-07-06T16:23:01.028+0000][69][gc,age      ] GC(6) - age   2:    6297952 bytes,   11337928 total
[2022-07-06T16:23:01.028+0000][69][gc,age      ] GC(6) - age   3:    2101496 bytes,   13439424 total
[2022-07-06T16:23:01.028+0000][69][gc,age      ] GC(6) - age   4:    2014144 bytes,   15453568 total
[2022-07-06T16:23:01.028+0000][69][gc,age      ] GC(6) - age   5:    5153288 bytes,   20606856 total
[2022-07-06T16:23:01.028+0000][69][gc,heap     ] GC(6) Eden regions: 71->0(70)
[2022-07-06T16:23:01.028+0000][69][gc,heap     ] GC(6) Survivor regions: 5->6(10)
[2022-07-06T16:23:01.028+0000][69][gc,heap     ] GC(6) Old regions: 1->1
[2022-07-06T16:23:01.028+0000][69][gc,heap     ] GC(6) Archive regions: 2->2
[2022-07-06T16:23:01.028+0000][69][gc,heap     ] GC(6) Humongous regions: 0->0
[2022-07-06T16:23:01.028+0000][69][gc,metaspace] GC(6) Metaspace: 31178K(31872K)->31178K(31872K) NonClass: 27548K(27968K)->27548K(27968K) Class: 3630K(3904K)->3630K(3904K)
[2022-07-06T16:23:01.028+0000][69][gc          ] GC(6) Pause Young (Normal) (G1 Evacuation Pause) 307M->27M(512M) 25.427ms
[2022-07-06T16:23:01.028+0000][69][gc,cpu      ] GC(6) User=0.07s Sys=0.00s Real=0.02s
[2022-07-06T16:23:01.029+0000][69][safepoint   ] Safepoint "G1CollectForAllocation", Time since last: 427634775 ns, Reaching safepoint: 216736 ns, At safepoint: 25530616 ns, Total: 25747352 ns
[2022-07-06T16:23:02.038+0000][69][safepoint   ] Safepoint "Cleanup", Time since last: 1000645347 ns, Reaching safepoint: 8705450 ns, At safepoint: 14385 ns, Total: 8719835 ns
[2022-07-06T16:23:02.485+0000][69][gc,start    ] GC(7) Pause Young (Normal) (G1 Evacuation Pause)
[2022-07-06T16:23:02.485+0000][69][gc,task     ] GC(7) Using 8 workers of 8 for evacuation
[2022-07-06T16:23:02.485+0000][69][gc,age      ] GC(7) Desired survivor size 20971520 bytes, new threshold 15 (max threshold 15)
[2022-07-06T16:23:02.517+0000][69][gc,phases   ] GC(7)   Pre Evacuate Collection Set: 0.1ms
[2022-07-06T16:23:02.517+0000][69][gc,phases   ] GC(7)   Merge Heap Roots: 0.1ms
[2022-07-06T16:23:02.517+0000][69][gc,phases   ] GC(7)   Evacuate Collection Set: 26.9ms
[2022-07-06T16:23:02.517+0000][69][gc,phases   ] GC(7)   Post Evacuate Collection Set: 4.9ms
[2022-07-06T16:23:02.517+0000][69][gc,phases   ] GC(7)   Other: 0.1ms
[2022-07-06T16:23:02.517+0000][69][gc,age      ] GC(7) Age table with threshold 15 (max threshold 15)
[2022-07-06T16:23:02.517+0000][69][gc,age      ] GC(7) - age   1:    5367008 bytes,    5367008 total
[2022-07-06T16:23:02.517+0000][69][gc,age      ] GC(7) - age   2:    3639584 bytes,    9006592 total
[2022-07-06T16:23:02.517+0000][69][gc,age      ] GC(7) - age   3:    6292776 bytes,   15299368 total
[2022-07-06T16:23:02.517+0000][69][gc,age      ] GC(7) - age   4:    2100824 bytes,   17400192 total
[2022-07-06T16:23:02.517+0000][69][gc,age      ] GC(7) - age   5:    2011960 bytes,   19412152 total
[2022-07-06T16:23:02.517+0000][69][gc,age      ] GC(7) - age   6:    4954872 bytes,   24367024 total
[2022-07-06T16:23:02.517+0000][69][gc,heap     ] GC(7) Eden regions: 70->0(69)
[2022-07-06T16:23:02.517+0000][69][gc,heap     ] GC(7) Survivor regions: 6->7(10)
[2022-07-06T16:23:02.517+0000][69][gc,heap     ] GC(7) Old regions: 1->1
[2022-07-06T16:23:02.517+0000][69][gc,heap     ] GC(7) Archive regions: 2->2
[2022-07-06T16:23:02.517+0000][69][gc,heap     ] GC(7) Humongous regions: 0->0
[2022-07-06T16:23:02.517+0000][69][gc,metaspace] GC(7) Metaspace: 33599K(34432K)->33599K(34432K) NonClass: 29634K(30144K)->29634K(30144K) Class: 3964K(4288K)->3964K(4288K)
[2022-07-06T16:23:02.517+0000][69][gc          ] GC(7) Pause Young (Normal) (G1 Evacuation Pause) 307M->32M(512M) 32.357ms
[2022-07-06T16:23:02.517+0000][69][gc,cpu      ] GC(7) User=0.08s Sys=0.00s Real=0.03s
[2022-07-06T16:23:02.517+0000][69][safepoint   ] Safepoint "G1CollectForAllocation", Time since last: 446781195 ns, Reaching safepoint: 145791 ns, At safepoint: 32427420 ns, Total: 32573211 ns
[2022-07-06T16:23:03.233+0000][69][gc,start    ] GC(8) Pause Young (Concurrent Start) (Metadata GC Threshold)
[2022-07-06T16:23:03.233+0000][69][gc,task     ] GC(8) Using 8 workers of 8 for evacuation
[2022-07-06T16:23:03.233+0000][69][gc,age      ] GC(8) Desired survivor size 20971520 bytes, new threshold 6 (max threshold 15)
[2022-07-06T16:23:03.253+0000][69][gc,phases   ] GC(8)   Pre Evacuate Collection Set: 0.2ms
[2022-07-06T16:23:03.253+0000][69][gc,phases   ] GC(8)   Merge Heap Roots: 0.1ms
[2022-07-06T16:23:03.253+0000][69][gc,phases   ] GC(8)   Evacuate Collection Set: 17.5ms
[2022-07-06T16:23:03.253+0000][69][gc,phases   ] GC(8)   Post Evacuate Collection Set: 1.8ms
[2022-07-06T16:23:03.253+0000][69][gc,phases   ] GC(8)   Other: 0.2ms
[2022-07-06T16:23:03.253+0000][69][gc,age      ] GC(8) Age table with threshold 6 (max threshold 15)
[2022-07-06T16:23:03.253+0000][69][gc,age      ] GC(8) - age   1:    1357960 bytes,    1357960 total
[2022-07-06T16:23:03.253+0000][69][gc,age      ] GC(8) - age   2:    4114088 bytes,    5472048 total
[2022-07-06T16:23:03.253+0000][69][gc,age      ] GC(8) - age   3:    3619048 bytes,    9091096 total
[2022-07-06T16:23:03.253+0000][69][gc,age      ] GC(8) - age   4:    6279632 bytes,   15370728 total
[2022-07-06T16:23:03.253+0000][69][gc,age      ] GC(8) - age   5:    2090416 bytes,   17461144 total
[2022-07-06T16:23:03.253+0000][69][gc,age      ] GC(8) - age   6:    1925808 bytes,   19386952 total
[2022-07-06T16:23:03.253+0000][69][gc,heap     ] GC(8) Eden regions: 45->0(71)
[2022-07-06T16:23:03.253+0000][69][gc,heap     ] GC(8) Survivor regions: 7->5(10)
[2022-07-06T16:23:03.253+0000][69][gc,heap     ] GC(8) Old regions: 1->2
[2022-07-06T16:23:03.253+0000][69][gc,heap     ] GC(8) Archive regions: 2->2
[2022-07-06T16:23:03.253+0000][69][gc,heap     ] GC(8) Humongous regions: 0->0
[2022-07-06T16:23:03.253+0000][69][gc,metaspace] GC(8) Metaspace: 35235K(36160K)->35235K(36160K) NonClass: 31039K(31552K)->31039K(31552K) Class: 4196K(4608K)->4196K(4608K)
[2022-07-06T16:23:03.253+0000][69][gc          ] GC(8) Pause Young (Concurrent Start) (Metadata GC Threshold) 210M->31M(512M) 20.052ms
[2022-07-06T16:23:03.253+0000][69][gc,cpu      ] GC(8) User=0.05s Sys=0.00s Real=0.02s
[2022-07-06T16:23:03.253+0000][69][gc          ] GC(9) Concurrent Mark Cycle
[2022-07-06T16:23:03.253+0000][69][gc,marking  ] GC(9) Concurrent Clear Claimed Marks
[2022-07-06T16:23:03.253+0000][69][safepoint   ] Safepoint "CollectForMetadataAllocation", Time since last: 715459568 ns, Reaching safepoint: 169460 ns, At safepoint: 20335740 ns, Total: 20505200 ns
[2022-07-06T16:23:03.253+0000][69][gc,marking  ] GC(9) Concurrent Clear Claimed Marks 0.115ms
[2022-07-06T16:23:03.253+0000][69][gc,marking  ] GC(9) Concurrent Scan Root Regions
[2022-07-06T16:23:03.262+0000][69][gc,marking  ] GC(9) Concurrent Scan Root Regions 8.717ms
[2022-07-06T16:23:03.262+0000][69][gc,marking  ] GC(9) Concurrent Mark
[2022-07-06T16:23:03.262+0000][69][gc,marking  ] GC(9) Concurrent Mark From Roots
[2022-07-06T16:23:03.262+0000][69][gc,task     ] GC(9) Using 2 workers of 2 for marking
[2022-07-06T16:23:03.271+0000][69][gc,marking  ] GC(9) Concurrent Mark From Roots 8.811ms
[2022-07-06T16:23:03.271+0000][69][gc,marking  ] GC(9) Concurrent Preclean
[2022-07-06T16:23:03.271+0000][69][gc,marking  ] GC(9) Concurrent Preclean 0.181ms
[2022-07-06T16:23:03.272+0000][69][gc,start    ] GC(9) Pause Remark
[2022-07-06T16:23:03.276+0000][69][gc          ] GC(9) Pause Remark 33M->33M(512M) 3.764ms
[2022-07-06T16:23:03.276+0000][69][gc,cpu      ] GC(9) User=0.01s Sys=0.00s Real=0.00s
[2022-07-06T16:23:03.276+0000][69][safepoint   ] Safepoint "G1Concurrent", Time since last: 17936757 ns, Reaching safepoint: 693910 ns, At safepoint: 3924621 ns, Total: 4618531 ns
[2022-07-06T16:23:03.276+0000][69][gc,marking  ] GC(9) Concurrent Mark 13.747ms
[2022-07-06T16:23:03.276+0000][69][gc,marking  ] GC(9) Concurrent Rebuild Remembered Sets
[2022-07-06T16:23:03.276+0000][69][gc,marking  ] GC(9) Concurrent Rebuild Remembered Sets 0.007ms
[2022-07-06T16:23:03.276+0000][69][gc,start    ] GC(9) Pause Cleanup
[2022-07-06T16:23:03.276+0000][69][gc          ] GC(9) Pause Cleanup 33M->33M(512M) 0.044ms
[2022-07-06T16:23:03.276+0000][69][gc,cpu      ] GC(9) User=0.00s Sys=0.00s Real=0.00s
[2022-07-06T16:23:03.276+0000][69][safepoint   ] Safepoint "G1Concurrent", Time since last: 83451 ns, Reaching safepoint: 481651 ns, At safepoint: 140764 ns, Total: 622415 ns
[2022-07-06T16:23:03.277+0000][69][gc,marking  ] GC(9) Concurrent Cleanup for Next Mark
[2022-07-06T16:23:03.278+0000][69][gc,marking  ] GC(9) Concurrent Cleanup for Next Mark 0.957ms
[2022-07-06T16:23:03.278+0000][69][gc          ] GC(9) Concurrent Mark Cycle 24.644ms
[2022-07-06T16:23:04.903+0000][69][safepoint   ] Safepoint "ICBufferFull", Time since last: 1625347145 ns, Reaching safepoint: 1636309 ns, At safepoint: 19274 ns, Total: 1655583 ns
[2022-07-06T16:23:05.746+0000][69][safepoint   ] Safepoint "ICBufferFull", Time since last: 840425345 ns, Reaching safepoint: 1832845 ns, At safepoint: 12242 ns, Total: 1845087 ns
[2022-07-06T16:23:06.750+0000][69][safepoint   ] Safepoint "Cleanup", Time since last: 1003885455 ns, Reaching safepoint: 402862 ns, At safepoint: 10137 ns, Total: 412999 ns
[2022-07-06T16:23:07.771+0000][69][gc,start    ] GC(10) Pause Young (Normal) (G1 Evacuation Pause)
[2022-07-06T16:23:07.772+0000][69][gc,task     ] GC(10) Using 8 workers of 8 for evacuation
[2022-07-06T16:23:07.772+0000][69][gc,age      ] GC(10) Desired survivor size 20971520 bytes, new threshold 15 (max threshold 15)
[2022-07-06T16:23:07.819+0000][69][gc,phases   ] GC(10)   Pre Evacuate Collection Set: 0.1ms
[2022-07-06T16:23:07.819+0000][69][gc,phases   ] GC(10)   Merge Heap Roots: 0.1ms
[2022-07-06T16:23:07.819+0000][69][gc,phases   ] GC(10)   Evacuate Collection Set: 43.3ms
[2022-07-06T16:23:07.819+0000][69][gc,phases   ] GC(10)   Post Evacuate Collection Set: 3.7ms
[2022-07-06T16:23:07.819+0000][69][gc,phases   ] GC(10)   Other: 0.1ms
[2022-07-06T16:23:07.819+0000][69][gc,age      ] GC(10) Age table with threshold 15 (max threshold 15)
[2022-07-06T16:23:07.819+0000][69][gc,age      ] GC(10) - age   1:   20002080 bytes,   20002080 total
[2022-07-06T16:23:07.819+0000][69][gc,age      ] GC(10) - age   2:    1305072 bytes,   21307152 total
[2022-07-06T16:23:07.819+0000][69][gc,age      ] GC(10) - age   3:    4089824 bytes,   25396976 total
[2022-07-06T16:23:07.819+0000][69][gc,age      ] GC(10) - age   4:    3608376 bytes,   29005352 total
[2022-07-06T16:23:07.819+0000][69][gc,age      ] GC(10) - age   5:    6256152 bytes,   35261504 total
[2022-07-06T16:23:07.819+0000][69][gc,age      ] GC(10) - age   6:    2084616 bytes,   37346120 total
[2022-07-06T16:23:07.819+0000][69][gc,age      ] GC(10) - age   7:    1910328 bytes,   39256448 total
[2022-07-06T16:23:07.819+0000][69][gc,heap     ] GC(10) Eden regions: 71->0(66)
[2022-07-06T16:23:07.819+0000][69][gc,heap     ] GC(10) Survivor regions: 5->10(10)
[2022-07-06T16:23:07.819+0000][69][gc,heap     ] GC(10) Old regions: 2->2
[2022-07-06T16:23:07.819+0000][69][gc,heap     ] GC(10) Archive regions: 2->2
[2022-07-06T16:23:07.819+0000][69][gc,heap     ] GC(10) Humongous regions: 0->0
[2022-07-06T16:23:07.819+0000][69][gc,metaspace] GC(10) Metaspace: 46239K(47552K)->46239K(47552K) NonClass: 40450K(41216K)->40450K(41216K) Class: 5789K(6336K)->5789K(6336K)
[2022-07-06T16:23:07.819+0000][69][gc          ] GC(10) Pause Young (Normal) (G1 Evacuation Pause) 315M->51M(512M) 47.756ms
[2022-07-06T16:23:07.819+0000][69][gc,cpu      ] GC(10) User=0.12s Sys=0.01s Real=0.04s
[2022-07-06T16:23:07.819+0000][69][safepoint   ] Safepoint "G1CollectForAllocation", Time since last: 1021288999 ns, Reaching safepoint: 130241 ns, At safepoint: 47870182 ns, Total: 48000423 ns
[2022-07-06T16:23:08.820+0000][69][safepoint   ] Safepoint "Cleanup", Time since last: 1000346659 ns, Reaching safepoint: 259715 ns, At safepoint: 33396 ns, Total: 293111 ns
[2022-07-06T16:23:10.313+0000][69][safepoint   ] Safepoint "Cleanup", Time since last: 1493152250 ns, Reaching safepoint: 149711 ns, At safepoint: 7452 ns, Total: 157163 ns
[2022-07-06T16:23:10.540+0000][69][gc,start    ] GC(11) Pause Young (Concurrent Start) (Metadata GC Threshold)
[2022-07-06T16:23:10.540+0000][69][gc,task     ] GC(11) Using 8 workers of 8 for evacuation
[2022-07-06T16:23:10.540+0000][69][gc,age      ] GC(11) Desired survivor size 20971520 bytes, new threshold 2 (max threshold 15)
[2022-07-06T16:23:10.619+0000][69][gc,phases   ] GC(11)   Pre Evacuate Collection Set: 0.3ms
[2022-07-06T16:23:10.620+0000][69][gc,phases   ] GC(11)   Merge Heap Roots: 0.1ms
[2022-07-06T16:23:10.620+0000][69][gc,phases   ] GC(11)   Evacuate Collection Set: 72.2ms
[2022-07-06T16:23:10.620+0000][69][gc,phases   ] GC(11)   Post Evacuate Collection Set: 7.0ms
[2022-07-06T16:23:10.620+0000][69][gc,phases   ] GC(11)   Other: 0.2ms
[2022-07-06T16:23:10.620+0000][69][gc,age      ] GC(11) Age table with threshold 2 (max threshold 15)
[2022-07-06T16:23:10.620+0000][69][gc,age      ] GC(11) - age   1:    4757576 bytes,    4757576 total
[2022-07-06T16:23:10.620+0000][69][gc,age      ] GC(11) - age   2:   19825424 bytes,   24583000 total
[2022-07-06T16:23:10.620+0000][69][gc,heap     ] GC(11) Eden regions: 35->0(69)
[2022-07-06T16:23:10.620+0000][69][gc,heap     ] GC(11) Survivor regions: 10->7(10)
[2022-07-06T16:23:10.620+0000][69][gc,heap     ] GC(11) Old regions: 2->7
[2022-07-06T16:23:10.620+0000][69][gc,heap     ] GC(11) Archive regions: 2->2
[2022-07-06T16:23:10.620+0000][69][gc,heap     ] GC(11) Humongous regions: 0->0
[2022-07-06T16:23:10.620+0000][69][gc,metaspace] GC(11) Metaspace: 58982K(60416K)->58982K(60416K) NonClass: 51394K(52288K)->51394K(52288K) Class: 7587K(8128K)->7587K(8128K)
[2022-07-06T16:23:10.620+0000][69][gc          ] GC(11) Pause Young (Concurrent Start) (Metadata GC Threshold) 189M->57M(512M) 79.963ms
[2022-07-06T16:23:10.620+0000][69][gc,cpu      ] GC(11) User=0.14s Sys=0.00s Real=0.08s
[2022-07-06T16:23:10.620+0000][69][gc          ] GC(12) Concurrent Mark Cycle
[2022-07-06T16:23:10.620+0000][69][gc,marking  ] GC(12) Concurrent Clear Claimed Marks
[2022-07-06T16:23:10.620+0000][69][safepoint   ] Safepoint "CollectForMetadataAllocation", Time since last: 226304101 ns, Reaching safepoint: 66481 ns, At safepoint: 80192576 ns, Total: 80259057 ns
[2022-07-06T16:23:10.620+0000][69][gc,marking  ] GC(12) Concurrent Clear Claimed Marks 0.111ms
[2022-07-06T16:23:10.620+0000][69][gc,marking  ] GC(12) Concurrent Scan Root Regions
[2022-07-06T16:23:10.657+0000][69][gc,marking  ] GC(12) Concurrent Scan Root Regions 37.293ms
[2022-07-06T16:23:10.657+0000][69][gc,marking  ] GC(12) Concurrent Mark
[2022-07-06T16:23:10.657+0000][69][gc,marking  ] GC(12) Concurrent Mark From Roots
[2022-07-06T16:23:10.657+0000][69][gc,task     ] GC(12) Using 2 workers of 2 for marking
[2022-07-06T16:23:10.672+0000][69][gc,marking  ] GC(12) Concurrent Mark From Roots 14.814ms
[2022-07-06T16:23:10.672+0000][69][gc,marking  ] GC(12) Concurrent Preclean
[2022-07-06T16:23:10.672+0000][69][gc,marking  ] GC(12) Concurrent Preclean 0.068ms
[2022-07-06T16:23:10.680+0000][69][gc,start    ] GC(12) Pause Remark
[2022-07-06T16:23:10.699+0000][69][gc          ] GC(12) Pause Remark 59M->59M(512M) 18.901ms
[2022-07-06T16:23:10.699+0000][69][gc,cpu      ] GC(12) User=0.03s Sys=0.00s Real=0.01s
[2022-07-06T16:23:10.699+0000][69][safepoint   ] Safepoint "G1Concurrent", Time since last: 52438602 ns, Reaching safepoint: 7828151 ns, At safepoint: 19028173 ns, Total: 26856324 ns
[2022-07-06T16:23:10.710+0000][69][gc,marking  ] GC(12) Concurrent Mark 52.304ms
[2022-07-06T16:23:10.710+0000][69][gc,marking  ] GC(12) Concurrent Rebuild Remembered Sets
[2022-07-06T16:23:10.724+0000][69][gc,marking  ] GC(12) Concurrent Rebuild Remembered Sets 14.509ms
[2022-07-06T16:23:10.726+0000][69][gc,start    ] GC(12) Pause Cleanup
[2022-07-06T16:23:10.726+0000][69][gc          ] GC(12) Pause Cleanup 59M->59M(512M) 0.109ms
[2022-07-06T16:23:10.726+0000][69][gc,cpu      ] GC(12) User=0.00s Sys=0.00s Real=0.00s
[2022-07-06T16:23:10.726+0000][69][safepoint   ] Safepoint "G1Concurrent", Time since last: 26964549 ns, Reaching safepoint: 77447 ns, At safepoint: 179302 ns, Total: 256749 ns
[2022-07-06T16:23:10.727+0000][69][gc,marking  ] GC(12) Concurrent Cleanup for Next Mark
[2022-07-06T16:23:10.727+0000][69][gc,marking  ] GC(12) Concurrent Cleanup for Next Mark 0.617ms
[2022-07-06T16:23:10.727+0000][69][gc          ] GC(12) Concurrent Mark Cycle 107.729ms
[2022-07-06T16:23:11.727+0000][69][safepoint   ] Safepoint "Cleanup", Time since last: 1000208420 ns, Reaching safepoint: 175252 ns, At safepoint: 27769 ns, Total: 203021 ns
[2022-07-06T16:23:12.769+0000][69][safepoint   ] Safepoint "Cleanup", Time since last: 1042000673 ns, Reaching safepoint: 405039 ns, At safepoint: 52280 ns, Total: 457319 ns
[2022-07-06T16:23:13.770+0000][69][safepoint   ] Safepoint "Cleanup", Time since last: 1000405146 ns, Reaching safepoint: 221381 ns, At safepoint: 7532 ns, Total: 228913 ns
[2022-07-06T16:23:14.867+0000][69][safepoint   ] Safepoint "Cleanup", Time since last: 1045797050 ns, Reaching safepoint: 50949634 ns, At safepoint: 12997 ns, Total: 50962631 ns
[2022-07-06T16:23:15.898+0000][69][safepoint   ] Safepoint "Cleanup", Time since last: 1031507499 ns, Reaching safepoint: 69746 ns, At safepoint: 20228 ns, Total: 89974 ns
[2022-07-06T16:23:17.928+0000][69][safepoint   ] Safepoint "Cleanup", Time since last: 2029222154 ns, Reaching safepoint: 662704 ns, At safepoint: 7957 ns, Total: 670661 ns
[2022-07-06T16:23:19.999+0000][69][safepoint   ] Safepoint "Cleanup", Time since last: 2070362728 ns, Reaching safepoint: 182476 ns, At safepoint: 7220 ns, Total: 189696 ns
[2022-07-06T16:23:21.006+0000][69][safepoint   ] Safepoint "Cleanup", Time since last: 1005327143 ns, Reaching safepoint: 1888082 ns, At safepoint: 9424 ns, Total: 1897506 ns
[2022-07-06T16:23:22.320+0000][69][safepoint   ] Safepoint "Cleanup", Time since last: 1313468087 ns, Reaching safepoint: 267607 ns, At safepoint: 30097 ns, Total: 297704 ns
[2022-07-06T16:23:23.522+0000][69][safepoint   ] Safepoint "Cleanup", Time since last: 1201805501 ns, Reaching safepoint: 156875 ns, At safepoint: 15725 ns, Total: 172600 ns
[2022-07-06T16:23:24.522+0000][69][safepoint   ] Safepoint "Cleanup", Time since last: 1000534416 ns, Reaching safepoint: 78751 ns, At safepoint: 3482 ns, Total: 82233 ns
[2022-07-06T16:23:26.226+0000][69][safepoint   ] Safepoint "Cleanup", Time since last: 1545104249 ns, Reaching safepoint: 159000386 ns, At safepoint: 28241 ns, Total: 159028627 ns
[2022-07-06T16:23:27.228+0000][69][safepoint   ] Safepoint "Cleanup", Time since last: 1001102324 ns, Reaching safepoint: 151040 ns, At safepoint: 7552 ns, Total: 158592 ns
[2022-07-06T16:23:28.228+0000][69][safepoint   ] Safepoint "Cleanup", Time since last: 1000224459 ns, Reaching safepoint: 101431 ns, At safepoint: 4395 ns, Total: 105826 ns
[2022-07-06T16:23:32.330+0000][69][safepoint   ] Safepoint "Cleanup", Time since last: 4102243986 ns, Reaching safepoint: 85895 ns, At safepoint: 3945 ns, Total: 89840 ns
[2022-07-06T16:23:40.973+0000][69][safepoint   ] Safepoint "Cleanup", Time since last: 8642731169 ns, Reaching safepoint: 92768 ns, At safepoint: 5725 ns, Total: 98493 ns
[2022-07-06T16:23:51.540+0000][69][safepoint   ] Safepoint "Cleanup", Time since last: 10566543939 ns, Reaching safepoint: 137780 ns, At safepoint: 6415 ns, Total: 144195 ns
[2022-07-06T16:23:54.332+0000][69][safepoint   ] Safepoint "Cleanup", Time since last: 2093002049 ns, Reaching safepoint: 699468533 ns, At safepoint: 42693 ns, Total: 699511226 ns
[2022-07-06T16:23:55.722+0000][69][safepoint   ] Safepoint "Cleanup", Time since last: 1021937447 ns, Reaching safepoint: 368086216 ns, At safepoint: 20636 ns, Total: 368106852 ns
[2022-07-06T16:23:58.531+0000][69][safepoint   ] Safepoint "Cleanup", Time since last: 2562329146 ns, Reaching safepoint: 246473212 ns, At safepoint: 22366 ns, Total: 246495578 ns
[2022-07-06T16:24:08.876+0000][69][safepoint   ] Safepoint "Cleanup", Time since last: 10286971604 ns, Reaching safepoint: 57549092 ns, At safepoint: 20845 ns, Total: 57569937 ns
[2022-07-06T16:24:17.162+0000][69][safepoint   ] Safepoint "Cleanup", Time since last: 8242926198 ns, Reaching safepoint: 42884310 ns, At safepoint: 13455 ns, Total: 42897765 ns
[2022-07-06T16:24:24.083+0000][69][safepoint   ] Safepoint "Cleanup", Time since last: 6921583402 ns, Reaching safepoint: 105614 ns, At safepoint: 5177 ns, Total: 110791 ns
[2022-07-06T16:24:25.244+0000][69][safepoint   ] Safepoint "Cleanup", Time since last: 1024420485 ns, Reaching safepoint: 136271439 ns, At safepoint: 17347 ns, Total: 136288786 ns
[2022-07-06T16:24:26.494+0000][69][gc,start    ] GC(13) Pause Young (Normal) (G1 Evacuation Pause)
[2022-07-06T16:24:26.494+0000][69][gc,task     ] GC(13) Using 8 workers of 8 for evacuation
[2022-07-06T16:24:26.494+0000][69][gc,age      ] GC(13) Desired survivor size 20971520 bytes, new threshold 2 (max threshold 15)
[2022-07-06T16:24:27.488+0000][69][gc,mmu      ] GC(13) MMU target violated: 201.0ms (200.0ms/201.0ms)
[2022-07-06T16:24:27.488+0000][69][gc,phases   ] GC(13)   Pre Evacuate Collection Set: 0.1ms
[2022-07-06T16:24:27.488+0000][69][gc,phases   ] GC(13)   Merge Heap Roots: 0.1ms
[2022-07-06T16:24:27.488+0000][69][gc,phases   ] GC(13)   Evacuate Collection Set: 906.3ms
[2022-07-06T16:24:27.488+0000][69][gc,phases   ] GC(13)   Post Evacuate Collection Set: 87.0ms
[2022-07-06T16:24:27.488+0000][69][gc,phases   ] GC(13)   Other: 0.1ms
[2022-07-06T16:24:27.488+0000][69][gc,age      ] GC(13) Age table with threshold 2 (max threshold 15)
[2022-07-06T16:24:27.488+0000][69][gc,age      ] GC(13) - age   1:    5314904 bytes,    5314904 total
[2022-07-06T16:24:27.488+0000][69][gc,age      ] GC(13) - age   2:    4547616 bytes,    9862520 total
[2022-07-06T16:24:27.488+0000][69][gc,heap     ] GC(13) Eden regions: 69->0(72)
[2022-07-06T16:24:27.488+0000][69][gc,heap     ] GC(13) Survivor regions: 7->4(10)
[2022-07-06T16:24:27.488+0000][69][gc,heap     ] GC(13) Old regions: 7->12
[2022-07-06T16:24:27.488+0000][69][gc,heap     ] GC(13) Archive regions: 2->2
[2022-07-06T16:24:27.488+0000][69][gc,heap     ] GC(13) Humongous regions: 0->0
[2022-07-06T16:24:27.488+0000][69][gc,metaspace] GC(13) Metaspace: 71313K(72832K)->71313K(72832K) NonClass: 61987K(62848K)->61987K(62848K) Class: 9326K(9984K)->9326K(9984K)
[2022-07-06T16:24:27.488+0000][69][gc          ] GC(13) Pause Young (Normal) (G1 Evacuation Pause) 333M->63M(512M) 993.744ms
[2022-07-06T16:24:27.488+0000][69][gc,cpu      ] GC(13) User=0.74s Sys=0.06s Real=0.99s
[2022-07-06T16:24:27.488+0000][69][safepoint   ] Safepoint "G1CollectForAllocation", Time since last: 1249819742 ns, Reaching safepoint: 110486 ns, At safepoint: 993828933 ns, Total: 993939419 ns
[2022-07-06T16:24:29.513+0000][69][safepoint   ] Safepoint "Cleanup", Time since last: 2025287214 ns, Reaching safepoint: 156495 ns, At safepoint: 37636 ns, Total: 194131 ns
[2022-07-06T16:24:31.623+0000][69][safepoint   ] Safepoint "Cleanup", Time since last: 2049178956 ns, Reaching safepoint: 60349967 ns, At safepoint: 11925 ns, Total: 60361892 ns
[2022-07-06T16:24:34.718+0000][69][safepoint   ] Safepoint "Cleanup", Time since last: 3054835376 ns, Reaching safepoint: 40221041 ns, At safepoint: 14800 ns, Total: 40235841 ns
[2022-07-06T16:24:46.811+0000][69][safepoint   ] Safepoint "Cleanup", Time since last: 11113124646 ns, Reaching safepoint: 980193683 ns, At safepoint: 26528 ns, Total: 980220211 ns
[2022-07-06T16:24:52.101+0000][69][safepoint   ] Safepoint "Cleanup", Time since last: 5203545541 ns, Reaching safepoint: 86113977 ns, At safepoint: 13683 ns, Total: 86127660 ns
[2022-07-06T16:24:55.382+0000][69][safepoint   ] Safepoint "Cleanup", Time since last: 2025554227 ns, Reaching safepoint: 1255891513 ns, At safepoint: 20693 ns, Total: 1255912206 ns
[2022-07-06T16:24:56.418+0000][69][safepoint   ] Safepoint "Cleanup", Time since last: 1035580888 ns, Reaching safepoint: 346173 ns, At safepoint: 26408 ns, Total: 372581 ns
[2022-07-06T16:24:57.422+0000][69][safepoint   ] Safepoint "Cleanup", Time since last: 1000489223 ns, Reaching safepoint: 3678933 ns, At safepoint: 36137 ns, Total: 3715070 ns
[2022-07-06T16:24:58.478+0000][69][safepoint   ] Safepoint "Cleanup", Time since last: 1036928267 ns, Reaching safepoint: 18089599 ns, At safepoint: 15148 ns, Total: 18104747 ns
[2022-07-06T16:24:59.611+0000][69][safepoint   ] Safepoint "Cleanup", Time since last: 1133510937 ns, Reaching safepoint: 75992 ns, At safepoint: 2761 ns, Total: 78753 ns
[2022-07-06T16:25:00.634+0000][69][safepoint   ] Safepoint "Cleanup", Time since last: 1022601070 ns, Reaching safepoint: 122083 ns, At safepoint: 7118 ns, Total: 129201 ns
[2022-07-06T16:25:01.634+0000][69][safepoint   ] Safepoint "Cleanup", Time since last: 1000510987 ns, Reaching safepoint: 71652 ns, At safepoint: 3197 ns, Total: 74849 ns
[2022-07-06T16:25:03.687+0000][69][safepoint   ] Safepoint "Cleanup", Time since last: 2052637081 ns, Reaching safepoint: 93293 ns, At safepoint: 4311 ns, Total: 97604 ns
[2022-07-06T16:25:12.851+0000][69][safepoint   ] Safepoint "Cleanup", Time since last: 8985706145 ns, Reaching safepoint: 177979685 ns, At safepoint: 13440 ns, Total: 177993125 ns
[2022-07-06T16:25:14.029+0000][69][safepoint   ] Safepoint "Cleanup", Time since last: 1176949722 ns, Reaching safepoint: 717860 ns, At safepoint: 10626 ns, Total: 728486 ns
[2022-07-06T16:25:18.144+0000][69][safepoint   ] Safepoint "Cleanup", Time since last: 4115114734 ns, Reaching safepoint: 358374 ns, At safepoint: 7194 ns, Total: 365568 ns
[2022-07-06T16:25:19.442+0000][69][safepoint   ] Safepoint "Cleanup", Time since last: 1000272550 ns, Reaching safepoint: 298050408 ns, At safepoint: 33089 ns, Total: 298083497 ns
[2022-07-06T16:25:23.482+0000][69][safepoint   ] Safepoint "Cleanup", Time since last: 4038273544 ns, Reaching safepoint: 1112400 ns, At safepoint: 11738 ns, Total: 1124138 ns
[2022-07-06T16:25:25.106+0000][69][safepoint   ] Safepoint "Cleanup", Time since last: 1008457143 ns, Reaching safepoint: 615391906 ns, At safepoint: 101026 ns, Total: 615492932 ns
[2022-07-06T16:25:29.144+0000][69][safepoint   ] Safepoint "Cleanup", Time since last: 4037264402 ns, Reaching safepoint: 1227629 ns, At safepoint: 26808 ns, Total: 1254437 ns
[2022-07-06T16:25:32.049+0000][69][safepoint   ] Safepoint "Cleanup", Time since last: 2904822726 ns, Reaching safepoint: 262896 ns, At safepoint: 5070 ns, Total: 267966 ns
[2022-07-06T16:25:33.909+0000][69][safepoint   ] Safepoint "Cleanup", Time since last: 1858863775 ns, Reaching safepoint: 348952 ns, At safepoint: 5240 ns, Total: 354192 ns
[2022-07-06T16:25:35.984+0000][69][safepoint   ] Safepoint "Cleanup", Time since last: 2075635659 ns, Reaching safepoint: 76927 ns, At safepoint: 4833 ns, Total: 81760 ns
[2022-07-06T16:25:37.028+0000][69][safepoint   ] Safepoint "Cleanup", Time since last: 1015636225 ns, Reaching safepoint: 27744240 ns, At safepoint: 28168 ns, Total: 27772408 ns
[2022-07-06T16:25:38.189+0000][69][safepoint   ] Safepoint "Cleanup", Time since last: 1000692382 ns, Reaching safepoint: 160322688 ns, At safepoint: 39877 ns, Total: 160362565 ns
[2022-07-06T16:25:39.304+0000][69][safepoint   ] Safepoint "Cleanup", Time since last: 1021152214 ns, Reaching safepoint: 94608994 ns, At safepoint: 17941 ns, Total: 94626935 ns
[2022-07-06T16:25:40.393+0000][69][safepoint   ] Safepoint "Cleanup", Time since last: 1012235806 ns, Reaching safepoint: 76475607 ns, At safepoint: 14098 ns, Total: 76489705 ns
[2022-07-06T16:25:43.548+0000][69][safepoint   ] Safepoint "Cleanup", Time since last: 3120606805 ns, Reaching safepoint: 34426579 ns, At safepoint: 17701 ns, Total: 34444280 ns
[2022-07-06T16:25:44.504+0000][69][gc,start    ] GC(14) Pause Young (Normal) (G1 Evacuation Pause)
[2022-07-06T16:25:44.504+0000][69][gc,task     ] GC(14) Using 8 workers of 8 for evacuation
[2022-07-06T16:25:44.504+0000][69][gc,age      ] GC(14) Desired survivor size 20971520 bytes, new threshold 15 (max threshold 15)
[2022-07-06T16:25:44.872+0000][69][gc,mmu      ] GC(14) MMU target violated: 201.0ms (200.0ms/201.0ms)
[2022-07-06T16:25:44.872+0000][69][gc,phases   ] GC(14)   Pre Evacuate Collection Set: 0.1ms
[2022-07-06T16:25:44.872+0000][69][gc,phases   ] GC(14)   Merge Heap Roots: 0.1ms
[2022-07-06T16:25:44.872+0000][69][gc,phases   ] GC(14)   Evacuate Collection Set: 364.9ms
[2022-07-06T16:25:44.872+0000][69][gc,phases   ] GC(14)   Post Evacuate Collection Set: 3.1ms
[2022-07-06T16:25:44.872+0000][69][gc,phases   ] GC(14)   Other: 0.1ms
[2022-07-06T16:25:44.872+0000][69][gc,age      ] GC(14) Age table with threshold 15 (max threshold 15)
[2022-07-06T16:25:44.872+0000][69][gc,age      ] GC(14) - age   1:   13117520 bytes,   13117520 total
[2022-07-06T16:25:44.872+0000][69][gc,age      ] GC(14) - age   2:    5074624 bytes,   18192144 total
[2022-07-06T16:25:44.872+0000][69][gc,age      ] GC(14) - age   3:    4454416 bytes,   22646560 total
[2022-07-06T16:25:44.872+0000][69][gc,heap     ] GC(14) Eden regions: 72->0(1)
[2022-07-06T16:25:44.872+0000][69][gc,heap     ] GC(14) Survivor regions: 4->6(10)
[2022-07-06T16:25:44.872+0000][69][gc,heap     ] GC(14) Old regions: 12->12
[2022-07-06T16:25:44.872+0000][69][gc,heap     ] GC(14) Archive regions: 2->2
[2022-07-06T16:25:44.872+0000][69][gc,heap     ] GC(14) Humongous regions: 0->0
[2022-07-06T16:25:44.872+0000][69][gc,metaspace] GC(14) Metaspace: 97327K(100224K)->97327K(100224K) NonClass: 84159K(85632K)->84159K(85632K) Class: 13168K(14592K)->13168K(14592K)
[2022-07-06T16:25:44.872+0000][69][gc          ] GC(14) Pause Young (Normal) (G1 Evacuation Pause) 351M->72M(512M) 368.351ms
[2022-07-06T16:25:44.872+0000][69][gc,cpu      ] GC(14) User=0.24s Sys=0.01s Real=0.36s
[2022-07-06T16:25:44.872+0000][69][safepoint   ] Safepoint "G1CollectForAllocation", Time since last: 955351119 ns, Reaching safepoint: 52247 ns, At safepoint: 368403271 ns, Total: 368455518 ns
[2022-07-06T16:25:45.921+0000][69][gc,start    ] GC(15) Pause Young (Normal) (G1 Evacuation Pause)
[2022-07-06T16:25:45.922+0000][69][gc,task     ] GC(15) Using 8 workers of 8 for evacuation
[2022-07-06T16:25:45.922+0000][69][gc,age      ] GC(15) Desired survivor size 2097152 bytes, new threshold 1 (max threshold 15)
[2022-07-06T16:25:45.952+0000][69][gc,phases   ] GC(15)   Pre Evacuate Collection Set: 0.1ms
[2022-07-06T16:25:45.952+0000][69][gc,phases   ] GC(15)   Merge Heap Roots: 0.1ms
[2022-07-06T16:25:45.952+0000][69][gc,phases   ] GC(15)   Evacuate Collection Set: 28.0ms
[2022-07-06T16:25:45.952+0000][69][gc,phases   ] GC(15)   Post Evacuate Collection Set: 2.1ms
[2022-07-06T16:25:45.952+0000][69][gc,phases   ] GC(15)   Other: 0.1ms
[2022-07-06T16:25:45.952+0000][69][gc,age      ] GC(15) Age table with threshold 1 (max threshold 15)
[2022-07-06T16:25:45.952+0000][69][gc,age      ] GC(15) - age   1:     176792 bytes,     176792 total
[2022-07-06T16:25:45.952+0000][69][gc,heap     ] GC(15) Eden regions: 1->0(75)
[2022-07-06T16:25:45.952+0000][69][gc,heap     ] GC(15) Survivor regions: 6->1(1)
[2022-07-06T16:25:45.952+0000][69][gc,heap     ] GC(15) Old regions: 12->17
[2022-07-06T16:25:45.952+0000][69][gc,heap     ] GC(15) Archive regions: 2->2
[2022-07-06T16:25:45.952+0000][69][gc,heap     ] GC(15) Humongous regions: 0->0
[2022-07-06T16:25:45.952+0000][69][gc,metaspace] GC(15) Metaspace: 97550K(100416K)->97550K(100416K) NonClass: 84332K(85760K)->84332K(85760K) Class: 13218K(14656K)->13218K(14656K)
[2022-07-06T16:25:45.952+0000][69][gc          ] GC(15) Pause Young (Normal) (G1 Evacuation Pause) 76M->74M(512M) 30.623ms
[2022-07-06T16:25:45.952+0000][69][gc,cpu      ] GC(15) User=0.06s Sys=0.00s Real=0.03s
[2022-07-06T16:25:45.952+0000][69][safepoint   ] Safepoint "G1CollectForAllocation", Time since last: 1049341840 ns, Reaching safepoint: 60909 ns, At safepoint: 30673518 ns, Total: 30734427 ns
[2022-07-06T16:25:46.342+0000][69][gc,start    ] GC(16) Pause Young (Concurrent Start) (Metadata GC Threshold)
[2022-07-06T16:25:46.342+0000][69][gc,task     ] GC(16) Using 8 workers of 8 for evacuation
[2022-07-06T16:25:46.342+0000][69][gc,age      ] GC(16) Desired survivor size 20971520 bytes, new threshold 15 (max threshold 15)
[2022-07-06T16:25:46.348+0000][69][gc,phases   ] GC(16)   Pre Evacuate Collection Set: 0.3ms
[2022-07-06T16:25:46.348+0000][69][gc,phases   ] GC(16)   Merge Heap Roots: 0.1ms
[2022-07-06T16:25:46.348+0000][69][gc,phases   ] GC(16)   Evacuate Collection Set: 4.7ms
[2022-07-06T16:25:46.348+0000][69][gc,phases   ] GC(16)   Post Evacuate Collection Set: 0.7ms
[2022-07-06T16:25:46.348+0000][69][gc,phases   ] GC(16)   Other: 0.1ms
[2022-07-06T16:25:46.348+0000][69][gc,age      ] GC(16) Age table with threshold 15 (max threshold 15)
[2022-07-06T16:25:46.348+0000][69][gc,age      ] GC(16) - age   1:     553504 bytes,     553504 total
[2022-07-06T16:25:46.348+0000][69][gc,age      ] GC(16) - age   2:     142368 bytes,     695872 total
[2022-07-06T16:25:46.348+0000][69][gc,heap     ] GC(16) Eden regions: 1->0(73)
[2022-07-06T16:25:46.348+0000][69][gc,heap     ] GC(16) Survivor regions: 1->1(10)
[2022-07-06T16:25:46.348+0000][69][gc,heap     ] GC(16) Old regions: 17->17
[2022-07-06T16:25:46.348+0000][69][gc,heap     ] GC(16) Archive regions: 2->2
[2022-07-06T16:25:46.348+0000][69][gc,heap     ] GC(16) Humongous regions: 0->0
[2022-07-06T16:25:46.348+0000][69][gc,metaspace] GC(16) Metaspace: 97872K(100736K)->97872K(100736K) NonClass: 84599K(86016K)->84599K(86016K) Class: 13272K(14720K)->13272K(14720K)
[2022-07-06T16:25:46.348+0000][69][gc          ] GC(16) Pause Young (Concurrent Start) (Metadata GC Threshold) 77M->72M(512M) 6.066ms
[2022-07-06T16:25:46.348+0000][69][gc,cpu      ] GC(16) User=0.01s Sys=0.00s Real=0.00s
[2022-07-06T16:25:46.348+0000][69][safepoint   ] Safepoint "CollectForMetadataAllocation", Time since last: 389809569 ns, Reaching safepoint: 101268 ns, At safepoint: 6173839 ns, Total: 6275107 ns
[2022-07-06T16:25:46.348+0000][69][gc          ] GC(17) Concurrent Mark Cycle
[2022-07-06T16:25:46.348+0000][69][gc,marking  ] GC(17) Concurrent Clear Claimed Marks
[2022-07-06T16:25:46.348+0000][69][gc,marking  ] GC(17) Concurrent Clear Claimed Marks 0.188ms
[2022-07-06T16:25:46.348+0000][69][gc,marking  ] GC(17) Concurrent Scan Root Regions
[2022-07-06T16:25:46.351+0000][69][gc,marking  ] GC(17) Concurrent Scan Root Regions 2.098ms
[2022-07-06T16:25:46.351+0000][69][gc,marking  ] GC(17) Concurrent Mark
[2022-07-06T16:25:46.351+0000][69][gc,marking  ] GC(17) Concurrent Mark From Roots
[2022-07-06T16:25:46.351+0000][69][gc,task     ] GC(17) Using 2 workers of 2 for marking
[2022-07-06T16:25:46.389+0000][69][safepoint   ] Safepoint "CollectForMetadataAllocation", Time since last: 40418440 ns, Reaching safepoint: 159588 ns, At safepoint: 71183 ns, Total: 230771 ns
[2022-07-06T16:25:46.410+0000][69][safepoint   ] Safepoint "CollectForMetadataAllocation", Time since last: 20251519 ns, Reaching safepoint: 636800 ns, At safepoint: 11665 ns, Total: 648465 ns
[2022-07-06T16:25:46.447+0000][69][safepoint   ] Safepoint "CollectForMetadataAllocation", Time since last: 37461254 ns, Reaching safepoint: 73312 ns, At safepoint: 61967 ns, Total: 135279 ns
[2022-07-06T16:25:47.222+0000][69][safepoint   ] Safepoint "CollectForMetadataAllocation", Time since last: 536302408 ns, Reaching safepoint: 198280020 ns, At safepoint: 40217762 ns, Total: 238497782 ns
[2022-07-06T16:25:47.222+0000][69][gc,marking  ] GC(17) Concurrent Mark From Roots 871.674ms
[2022-07-06T16:25:47.222+0000][69][gc,marking  ] GC(17) Concurrent Preclean
[2022-07-06T16:25:47.223+0000][69][gc,marking  ] GC(17) Concurrent Preclean 0.312ms
[2022-07-06T16:25:47.224+0000][69][gc,start    ] GC(17) Pause Remark
[2022-07-06T16:25:47.445+0000][69][gc,mmu      ] GC(17) MMU target violated: 201.0ms (200.0ms/201.0ms)
[2022-07-06T16:25:47.445+0000][69][gc          ] GC(17) Pause Remark 79M->79M(512M) 220.858ms
[2022-07-06T16:25:47.445+0000][69][gc,cpu      ] GC(17) User=0.21s Sys=0.00s Real=0.23s
[2022-07-06T16:25:47.445+0000][69][safepoint   ] Safepoint "G1Concurrent", Time since last: 468889 ns, Reaching safepoint: 1150646 ns, At safepoint: 220928700 ns, Total: 222079346 ns
[2022-07-06T16:25:47.445+0000][69][gc,marking  ] GC(17) Concurrent Mark 1094.187ms
[2022-07-06T16:25:47.445+0000][69][gc,marking  ] GC(17) Concurrent Rebuild Remembered Sets
[2022-07-06T16:25:47.483+0000][69][gc,marking  ] GC(17) Concurrent Rebuild Remembered Sets 38.517ms
[2022-07-06T16:25:47.756+0000][69][gc,start    ] GC(17) Pause Cleanup
[2022-07-06T16:25:47.756+0000][69][gc          ] GC(17) Pause Cleanup 79M->79M(512M) 0.072ms
[2022-07-06T16:25:47.756+0000][69][gc,cpu      ] GC(17) User=0.00s Sys=0.00s Real=0.00s
[2022-07-06T16:25:47.756+0000][69][safepoint   ] Safepoint "G1Concurrent", Time since last: 38645711 ns, Reaching safepoint: 272155644 ns, At safepoint: 118198 ns, Total: 272273842 ns
[2022-07-06T16:25:47.761+0000][69][gc,marking  ] GC(17) Concurrent Cleanup for Next Mark
[2022-07-06T16:25:47.881+0000][69][gc,marking  ] GC(17) Concurrent Cleanup for Next Mark 119.716ms
[2022-07-06T16:25:47.881+0000][69][gc          ] GC(17) Concurrent Mark Cycle 1532.904ms
[2022-07-06T16:25:48.987+0000][69][safepoint   ] Safepoint "Cleanup", Time since last: 1231120756 ns, Reaching safepoint: 73772 ns, At safepoint: 5477 ns, Total: 79249 ns
[2022-07-06T16:25:51.423+0000][69][safepoint   ] Safepoint "Cleanup", Time since last: 2010341519 ns, Reaching safepoint: 425579891 ns, At safepoint: 65619 ns, Total: 425645510 ns
[2022-07-06T16:25:53.196+0000][69][safepoint   ] Safepoint "Cleanup", Time since last: 1547591092 ns, Reaching safepoint: 225534313 ns, At safepoint: 16331 ns, Total: 225550644 ns
[2022-07-06T16:25:54.977+0000][69][safepoint   ] Safepoint "Cleanup", Time since last: 1781297057 ns, Reaching safepoint: 147656 ns, At safepoint: 10090 ns, Total: 157746 ns
[2022-07-06T16:25:56.645+0000][69][safepoint   ] Safepoint "Cleanup", Time since last: 1381813370 ns, Reaching safepoint: 285765810 ns, At safepoint: 38490 ns, Total: 285804300 ns
[2022-07-06T16:25:58.648+0000][69][safepoint   ] Safepoint "Cleanup", Time since last: 2002440191 ns, Reaching safepoint: 156829 ns, At safepoint: 6768 ns, Total: 163597 ns
[2022-07-06T16:26:00.384+0000][69][gc,heap,exit] Heap
[2022-07-06T16:26:00.384+0000][69][gc,heap,exit]  garbage-first heap   total 524288K, used 133510K [0x00000000e0000000, 0x0000000100000000)
[2022-07-06T16:26:00.384+0000][69][gc,heap,exit]   region size 4096K, 16 young (65536K), 1 survivors (4096K)
[2022-07-06T16:26:00.384+0000][69][gc,heap,exit]  Metaspace       used 104456K, committed 107520K, reserved 1179648K
[2022-07-06T16:26:00.384+0000][69][gc,heap,exit]   class space    used 14189K, committed 15680K, reserved 1048576K
