[2022-07-06T16:41:29.537+0000][69][gc,init] CardTable entry size: 512
[2022-07-06T16:41:29.537+0000][69][gc     ] Using G1
[2022-07-06T16:41:31.298+0000][69][gc,init] Version: 18.0.1.1+2-6 (release)
[2022-07-06T16:41:31.298+0000][69][gc,init] CPUs: 8 total, 8 available
[2022-07-06T16:41:31.298+0000][69][gc,init] Memory: 7736M
[2022-07-06T16:41:31.298+0000][69][gc,init] Large Page Support: Disabled
[2022-07-06T16:41:31.298+0000][69][gc,init] NUMA Support: Disabled
[2022-07-06T16:41:31.298+0000][69][gc,init] Compressed Oops: Enabled (32-bit)
[2022-07-06T16:41:31.298+0000][69][gc,init] Heap Region Size: 4M
[2022-07-06T16:41:31.298+0000][69][gc,init] Heap Min Capacity: 512M
[2022-07-06T16:41:31.298+0000][69][gc,init] Heap Initial Capacity: 512M
[2022-07-06T16:41:31.298+0000][69][gc,init] Heap Max Capacity: 512M
[2022-07-06T16:41:31.298+0000][69][gc,init] Pre-touch: Enabled
[2022-07-06T16:41:31.298+0000][69][gc,init] Parallel Workers: 8
[2022-07-06T16:41:31.298+0000][69][gc,init] Concurrent Workers: 2
[2022-07-06T16:41:31.298+0000][69][gc,init] Concurrent Refinement Workers: 8
[2022-07-06T16:41:31.298+0000][69][gc,init] Periodic GC: Disabled
[2022-07-06T16:41:31.298+0000][69][gc,metaspace] CDS archive(s) mapped at: [0x0000000800000000-0x0000000800baf000-0x0000000800baf000), size 12251136, SharedBaseAddress: 0x0000000800000000, ArchiveRelocationMode: 0.
[2022-07-06T16:41:31.298+0000][69][gc,metaspace] Compressed class space mapped at: 0x0000000800c00000-0x0000000840c00000, reserved size: 1073741824
[2022-07-06T16:41:31.298+0000][69][gc,metaspace] Narrow klass base: 0x0000000800000000, Narrow klass shift: 0, Narrow klass range: 0x100000000
[2022-07-06T16:41:32.311+0000][69][gc,start    ] GC(0) Pause Young (Normal) (G1 Evacuation Pause)
[2022-07-06T16:41:32.311+0000][69][gc,task     ] GC(0) Using 8 workers of 8 for evacuation
[2022-07-06T16:41:32.311+0000][69][gc,age      ] GC(0) Desired survivor size 2097152 bytes, new threshold 15 (max threshold 15)
[2022-07-06T16:41:32.314+0000][69][gc,phases   ] GC(0)   Pre Evacuate Collection Set: 0.1ms
[2022-07-06T16:41:32.314+0000][69][gc,phases   ] GC(0)   Merge Heap Roots: 0.1ms
[2022-07-06T16:41:32.314+0000][69][gc,phases   ] GC(0)   Evacuate Collection Set: 1.9ms
[2022-07-06T16:41:32.314+0000][69][gc,phases   ] GC(0)   Post Evacuate Collection Set: 0.8ms
[2022-07-06T16:41:32.315+0000][69][gc,phases   ] GC(0)   Other: 0.1ms
[2022-07-06T16:41:32.315+0000][69][gc,age      ] GC(0) Age table with threshold 15 (max threshold 15)
[2022-07-06T16:41:32.315+0000][69][gc,age      ] GC(0) - age   1:    3192072 bytes,    3192072 total
[2022-07-06T16:41:32.315+0000][69][gc,heap     ] GC(0) Eden regions: 6->0(15)
[2022-07-06T16:41:32.315+0000][69][gc,heap     ] GC(0) Survivor regions: 0->1(1)
[2022-07-06T16:41:32.315+0000][69][gc,heap     ] GC(0) Old regions: 0->0
[2022-07-06T16:41:32.315+0000][69][gc,heap     ] GC(0) Archive regions: 2->2
[2022-07-06T16:41:32.315+0000][69][gc,heap     ] GC(0) Humongous regions: 0->0
[2022-07-06T16:41:32.315+0000][69][gc,metaspace] GC(0) Metaspace: 3381K(3584K)->3381K(3584K) NonClass: 3038K(3136K)->3038K(3136K) Class: 343K(448K)->343K(448K)
[2022-07-06T16:41:32.315+0000][69][gc          ] GC(0) Pause Young (Normal) (G1 Evacuation Pause) 27M->7M(512M) 3.374ms
[2022-07-06T16:41:32.315+0000][69][gc,cpu      ] GC(0) User=0.01s Sys=0.00s Real=0.00s
[2022-07-06T16:41:32.315+0000][69][safepoint   ] Safepoint "G1CollectForAllocation", Time since last: 991191893 ns, Reaching safepoint: 212931 ns, At safepoint: 3479491 ns, Total: 3692422 ns
[2022-07-06T16:41:33.340+0000][69][safepoint   ] Safepoint "ICBufferFull", Time since last: 1025010794 ns, Reaching safepoint: 241748 ns, At safepoint: 9541 ns, Total: 251289 ns
[2022-07-06T16:41:34.518+0000][69][safepoint   ] Safepoint "Cleanup", Time since last: 1177842790 ns, Reaching safepoint: 146984 ns, At safepoint: 2665 ns, Total: 149649 ns
[2022-07-06T16:41:35.595+0000][69][gc,start    ] GC(1) Pause Young (Normal) (G1 Evacuation Pause)
[2022-07-06T16:41:35.595+0000][69][gc,task     ] GC(1) Using 8 workers of 8 for evacuation
[2022-07-06T16:41:35.595+0000][69][gc,age      ] GC(1) Desired survivor size 4194304 bytes, new threshold 15 (max threshold 15)
[2022-07-06T16:41:35.606+0000][69][gc,phases   ] GC(1)   Pre Evacuate Collection Set: 0.1ms
[2022-07-06T16:41:35.606+0000][69][gc,phases   ] GC(1)   Merge Heap Roots: 0.0ms
[2022-07-06T16:41:35.606+0000][69][gc,phases   ] GC(1)   Evacuate Collection Set: 8.7ms
[2022-07-06T16:41:35.606+0000][69][gc,phases   ] GC(1)   Post Evacuate Collection Set: 1.7ms
[2022-07-06T16:41:35.606+0000][69][gc,phases   ] GC(1)   Other: 0.1ms
[2022-07-06T16:41:35.606+0000][69][gc,age      ] GC(1) Age table with threshold 15 (max threshold 15)
[2022-07-06T16:41:35.606+0000][69][gc,age      ] GC(1) - age   1:    5200640 bytes,    5200640 total
[2022-07-06T16:41:35.606+0000][69][gc,age      ] GC(1) - age   2:    3051128 bytes,    8251768 total
[2022-07-06T16:41:35.606+0000][69][gc,heap     ] GC(1) Eden regions: 15->0(21)
[2022-07-06T16:41:35.606+0000][69][gc,heap     ] GC(1) Survivor regions: 1->2(2)
[2022-07-06T16:41:35.606+0000][69][gc,heap     ] GC(1) Old regions: 0->1
[2022-07-06T16:41:35.606+0000][69][gc,heap     ] GC(1) Archive regions: 2->2
[2022-07-06T16:41:35.606+0000][69][gc,heap     ] GC(1) Humongous regions: 0->0
[2022-07-06T16:41:35.606+0000][69][gc,metaspace] GC(1) Metaspace: 14069K(14464K)->14069K(14464K) NonClass: 12395K(12608K)->12395K(12608K) Class: 1674K(1856K)->1674K(1856K)
[2022-07-06T16:41:35.606+0000][69][gc          ] GC(1) Pause Young (Normal) (G1 Evacuation Pause) 67M->12M(512M) 10.947ms
[2022-07-06T16:41:35.606+0000][69][gc,cpu      ] GC(1) User=0.03s Sys=0.00s Real=0.01s
[2022-07-06T16:41:35.606+0000][69][safepoint   ] Safepoint "G1CollectForAllocation", Time since last: 1077108887 ns, Reaching safepoint: 211115 ns, At safepoint: 11031461 ns, Total: 11242576 ns
[2022-07-06T16:41:36.902+0000][69][safepoint   ] Safepoint "ICBufferFull", Time since last: 1294904872 ns, Reaching safepoint: 651292 ns, At safepoint: 11927 ns, Total: 663219 ns
[2022-07-06T16:41:38.065+0000][69][gc,start    ] GC(2) Pause Young (Normal) (G1 Evacuation Pause)
[2022-07-06T16:41:38.065+0000][69][gc,task     ] GC(2) Using 8 workers of 8 for evacuation
[2022-07-06T16:41:38.065+0000][69][gc,age      ] GC(2) Desired survivor size 6291456 bytes, new threshold 2 (max threshold 15)
[2022-07-06T16:41:38.089+0000][69][gc,phases   ] GC(2)   Pre Evacuate Collection Set: 0.1ms
[2022-07-06T16:41:38.089+0000][69][gc,phases   ] GC(2)   Merge Heap Roots: 0.1ms
[2022-07-06T16:41:38.089+0000][69][gc,phases   ] GC(2)   Evacuate Collection Set: 22.2ms
[2022-07-06T16:41:38.089+0000][69][gc,phases   ] GC(2)   Post Evacuate Collection Set: 1.4ms
[2022-07-06T16:41:38.089+0000][69][gc,phases   ] GC(2)   Other: 0.1ms
[2022-07-06T16:41:38.089+0000][69][gc,age      ] GC(2) Age table with threshold 2 (max threshold 15)
[2022-07-06T16:41:38.089+0000][69][gc,age      ] GC(2) - age   1:    3869128 bytes,    3869128 total
[2022-07-06T16:41:38.089+0000][69][gc,age      ] GC(2) - age   2:    5125760 bytes,    8994888 total
[2022-07-06T16:41:38.089+0000][69][gc,heap     ] GC(2) Eden regions: 21->0(46)
[2022-07-06T16:41:38.089+0000][69][gc,heap     ] GC(2) Survivor regions: 2->3(3)
[2022-07-06T16:41:38.089+0000][69][gc,heap     ] GC(2) Old regions: 1->1
[2022-07-06T16:41:38.089+0000][69][gc,heap     ] GC(2) Archive regions: 2->2
[2022-07-06T16:41:38.089+0000][69][gc,heap     ] GC(2) Humongous regions: 0->0
[2022-07-06T16:41:38.090+0000][69][gc,metaspace] GC(2) Metaspace: 17227K(17728K)->17227K(17728K) NonClass: 15226K(15488K)->15226K(15488K) Class: 2001K(2240K)->2001K(2240K)
[2022-07-06T16:41:38.090+0000][69][gc          ] GC(2) Pause Young (Normal) (G1 Evacuation Pause) 96M->16M(512M) 24.125ms
[2022-07-06T16:41:38.090+0000][69][gc,cpu      ] GC(2) User=0.04s Sys=0.00s Real=0.02s
[2022-07-06T16:41:38.090+0000][69][safepoint   ] Safepoint "G1CollectForAllocation", Time since last: 1163383022 ns, Reaching safepoint: 154424 ns, At safepoint: 24214951 ns, Total: 24369375 ns
[2022-07-06T16:41:39.201+0000][69][safepoint   ] Safepoint "Cleanup", Time since last: 1110577159 ns, Reaching safepoint: 1038909 ns, At safepoint: 42596 ns, Total: 1081505 ns
[2022-07-06T16:41:39.280+0000][69][gc,start    ] GC(3) Pause Young (Concurrent Start) (Metadata GC Threshold)
[2022-07-06T16:41:39.280+0000][69][gc,task     ] GC(3) Using 8 workers of 8 for evacuation
[2022-07-06T16:41:39.280+0000][69][gc,age      ] GC(3) Desired survivor size 14680064 bytes, new threshold 15 (max threshold 15)
[2022-07-06T16:41:39.294+0000][69][gc,phases   ] GC(3)   Pre Evacuate Collection Set: 0.2ms
[2022-07-06T16:41:39.294+0000][69][gc,phases   ] GC(3)   Merge Heap Roots: 0.1ms
[2022-07-06T16:41:39.294+0000][69][gc,phases   ] GC(3)   Evacuate Collection Set: 7.1ms
[2022-07-06T16:41:39.294+0000][69][gc,phases   ] GC(3)   Post Evacuate Collection Set: 6.5ms
[2022-07-06T16:41:39.294+0000][69][gc,phases   ] GC(3)   Other: 0.2ms
[2022-07-06T16:41:39.294+0000][69][gc,age      ] GC(3) Age table with threshold 15 (max threshold 15)
[2022-07-06T16:41:39.294+0000][69][gc,age      ] GC(3) - age   1:    2118976 bytes,    2118976 total
[2022-07-06T16:41:39.294+0000][69][gc,age      ] GC(3) - age   2:    1880936 bytes,    3999912 total
[2022-07-06T16:41:39.294+0000][69][gc,age      ] GC(3) - age   3:    5121848 bytes,    9121760 total
[2022-07-06T16:41:39.294+0000][69][gc,heap     ] GC(3) Eden regions: 18->0(72)
[2022-07-06T16:41:39.294+0000][69][gc,heap     ] GC(3) Survivor regions: 3->3(7)
[2022-07-06T16:41:39.294+0000][69][gc,heap     ] GC(3) Old regions: 1->1
[2022-07-06T16:41:39.294+0000][69][gc,heap     ] GC(3) Archive regions: 2->2
[2022-07-06T16:41:39.294+0000][69][gc,heap     ] GC(3) Humongous regions: 0->0
[2022-07-06T16:41:39.294+0000][69][gc,metaspace] GC(3) Metaspace: 21061K(21504K)->21061K(21504K) NonClass: 18674K(18880K)->18674K(18880K) Class: 2387K(2624K)->2387K(2624K)
[2022-07-06T16:41:39.295+0000][69][gc          ] GC(3) Pause Young (Concurrent Start) (Metadata GC Threshold) 88M->16M(512M) 14.342ms
[2022-07-06T16:41:39.295+0000][69][gc,cpu      ] GC(3) User=0.03s Sys=0.00s Real=0.01s
[2022-07-06T16:41:39.295+0000][69][gc          ] GC(4) Concurrent Mark Cycle
[2022-07-06T16:41:39.295+0000][69][gc,marking  ] GC(4) Concurrent Clear Claimed Marks
[2022-07-06T16:41:39.295+0000][69][safepoint   ] Safepoint "CollectForMetadataAllocation", Time since last: 78507714 ns, Reaching safepoint: 373466 ns, At safepoint: 14612179 ns, Total: 14985645 ns
[2022-07-06T16:41:39.295+0000][69][gc,marking  ] GC(4) Concurrent Clear Claimed Marks 0.059ms
[2022-07-06T16:41:39.295+0000][69][gc,marking  ] GC(4) Concurrent Scan Root Regions
[2022-07-06T16:41:39.309+0000][69][gc,marking  ] GC(4) Concurrent Scan Root Regions 14.385ms
[2022-07-06T16:41:39.309+0000][69][gc,marking  ] GC(4) Concurrent Mark
[2022-07-06T16:41:39.309+0000][69][gc,marking  ] GC(4) Concurrent Mark From Roots
[2022-07-06T16:41:39.309+0000][69][gc,task     ] GC(4) Using 2 workers of 2 for marking
[2022-07-06T16:41:39.317+0000][69][gc,marking  ] GC(4) Concurrent Mark From Roots 7.892ms
[2022-07-06T16:41:39.317+0000][69][gc,marking  ] GC(4) Concurrent Preclean
[2022-07-06T16:41:39.317+0000][69][gc,marking  ] GC(4) Concurrent Preclean 0.033ms
[2022-07-06T16:41:39.319+0000][69][gc,start    ] GC(4) Pause Remark
[2022-07-06T16:41:39.326+0000][69][gc          ] GC(4) Pause Remark 18M->18M(512M) 6.714ms
[2022-07-06T16:41:39.326+0000][69][gc,cpu      ] GC(4) User=0.02s Sys=0.00s Real=0.01s
[2022-07-06T16:41:39.326+0000][69][safepoint   ] Safepoint "G1Concurrent", Time since last: 23673289 ns, Reaching safepoint: 655047 ns, At safepoint: 6844227 ns, Total: 7499274 ns
[2022-07-06T16:41:39.326+0000][69][gc,marking  ] GC(4) Concurrent Mark 16.723ms
[2022-07-06T16:41:39.326+0000][69][gc,marking  ] GC(4) Concurrent Rebuild Remembered Sets
[2022-07-06T16:41:39.326+0000][69][gc,marking  ] GC(4) Concurrent Rebuild Remembered Sets 0.010ms
[2022-07-06T16:41:39.331+0000][69][gc,start    ] GC(4) Pause Cleanup
[2022-07-06T16:41:39.331+0000][69][gc          ] GC(4) Pause Cleanup 18M->18M(512M) 0.042ms
[2022-07-06T16:41:39.331+0000][69][gc,cpu      ] GC(4) User=0.00s Sys=0.00s Real=0.00s
[2022-07-06T16:41:39.331+0000][69][safepoint   ] Safepoint "G1Concurrent", Time since last: 78608 ns, Reaching safepoint: 4588456 ns, At safepoint: 117990 ns, Total: 4706446 ns
[2022-07-06T16:41:39.342+0000][69][gc,marking  ] GC(4) Concurrent Cleanup for Next Mark
[2022-07-06T16:41:39.352+0000][69][gc,marking  ] GC(4) Concurrent Cleanup for Next Mark 9.462ms
[2022-07-06T16:41:39.352+0000][69][gc          ] GC(4) Concurrent Mark Cycle 57.232ms
[2022-07-06T16:41:40.406+0000][69][safepoint   ] Safepoint "ICBufferFull", Time since last: 1074392547 ns, Reaching safepoint: 423343 ns, At safepoint: 13982 ns, Total: 437325 ns
[2022-07-06T16:41:41.377+0000][69][gc,start    ] GC(5) Pause Young (Normal) (G1 Evacuation Pause)
[2022-07-06T16:41:41.377+0000][69][gc,task     ] GC(5) Using 8 workers of 8 for evacuation
[2022-07-06T16:41:41.377+0000][69][gc,age      ] GC(5) Desired survivor size 20971520 bytes, new threshold 15 (max threshold 15)
[2022-07-06T16:41:41.386+0000][69][gc,phases   ] GC(5)   Pre Evacuate Collection Set: 0.2ms
[2022-07-06T16:41:41.386+0000][69][gc,phases   ] GC(5)   Merge Heap Roots: 0.2ms
[2022-07-06T16:41:41.386+0000][69][gc,phases   ] GC(5)   Evacuate Collection Set: 7.1ms
[2022-07-06T16:41:41.386+0000][69][gc,phases   ] GC(5)   Post Evacuate Collection Set: 1.9ms
[2022-07-06T16:41:41.386+0000][69][gc,phases   ] GC(5)   Other: 0.2ms
[2022-07-06T16:41:41.386+0000][69][gc,age      ] GC(5) Age table with threshold 15 (max threshold 15)
[2022-07-06T16:41:41.386+0000][69][gc,age      ] GC(5) - age   1:    6567752 bytes,    6567752 total
[2022-07-06T16:41:41.386+0000][69][gc,age      ] GC(5) - age   2:    2096392 bytes,    8664144 total
[2022-07-06T16:41:41.386+0000][69][gc,age      ] GC(5) - age   3:    1878768 bytes,   10542912 total
[2022-07-06T16:41:41.386+0000][69][gc,age      ] GC(5) - age   4:    5120512 bytes,   15663424 total
[2022-07-06T16:41:41.386+0000][69][gc,heap     ] GC(5) Eden regions: 72->0(72)
[2022-07-06T16:41:41.386+0000][69][gc,heap     ] GC(5) Survivor regions: 3->4(10)
[2022-07-06T16:41:41.386+0000][69][gc,heap     ] GC(5) Old regions: 1->1
[2022-07-06T16:41:41.386+0000][69][gc,heap     ] GC(5) Archive regions: 2->2
[2022-07-06T16:41:41.386+0000][69][gc,heap     ] GC(5) Humongous regions: 0->0
[2022-07-06T16:41:41.386+0000][69][gc,metaspace] GC(5) Metaspace: 24806K(25344K)->24806K(25344K) NonClass: 21897K(22208K)->21897K(22208K) Class: 2909K(3136K)->2909K(3136K)
[2022-07-06T16:41:41.387+0000][69][gc          ] GC(5) Pause Young (Normal) (G1 Evacuation Pause) 304M->23M(512M) 9.810ms
[2022-07-06T16:41:41.387+0000][69][gc,cpu      ] GC(5) User=0.04s Sys=0.00s Real=0.01s
[2022-07-06T16:41:41.387+0000][69][safepoint   ] Safepoint "G1CollectForAllocation", Time since last: 970942335 ns, Reaching safepoint: 194195 ns, At safepoint: 9886120 ns, Total: 10080315 ns
[2022-07-06T16:41:42.498+0000][69][safepoint   ] Safepoint "Cleanup", Time since last: 1108120915 ns, Reaching safepoint: 2824822 ns, At safepoint: 188959 ns, Total: 3013781 ns
[2022-07-06T16:41:43.086+0000][69][gc,start    ] GC(6) Pause Young (Normal) (G1 Evacuation Pause)
[2022-07-06T16:41:43.086+0000][69][gc,task     ] GC(6) Using 8 workers of 8 for evacuation
[2022-07-06T16:41:43.086+0000][69][gc,age      ] GC(6) Desired survivor size 20971520 bytes, new threshold 15 (max threshold 15)
[2022-07-06T16:41:43.144+0000][69][gc,phases   ] GC(6)   Pre Evacuate Collection Set: 0.1ms
[2022-07-06T16:41:43.144+0000][69][gc,phases   ] GC(6)   Merge Heap Roots: 0.1ms
[2022-07-06T16:41:43.144+0000][69][gc,phases   ] GC(6)   Evacuate Collection Set: 30.7ms
[2022-07-06T16:41:43.144+0000][69][gc,phases   ] GC(6)   Post Evacuate Collection Set: 27.3ms
[2022-07-06T16:41:43.144+0000][69][gc,phases   ] GC(6)   Other: 0.1ms
[2022-07-06T16:41:43.144+0000][69][gc,age      ] GC(6) Age table with threshold 15 (max threshold 15)
[2022-07-06T16:41:43.144+0000][69][gc,age      ] GC(6) - age   1:    5774048 bytes,    5774048 total
[2022-07-06T16:41:43.144+0000][69][gc,age      ] GC(6) - age   2:    6305832 bytes,   12079880 total
[2022-07-06T16:41:43.144+0000][69][gc,age      ] GC(6) - age   3:    2093432 bytes,   14173312 total
[2022-07-06T16:41:43.144+0000][69][gc,age      ] GC(6) - age   4:    1856376 bytes,   16029688 total
[2022-07-06T16:41:43.144+0000][69][gc,age      ] GC(6) - age   5:    5112232 bytes,   21141920 total
[2022-07-06T16:41:43.144+0000][69][gc,heap     ] GC(6) Eden regions: 72->0(70)
[2022-07-06T16:41:43.144+0000][69][gc,heap     ] GC(6) Survivor regions: 4->6(10)
[2022-07-06T16:41:43.144+0000][69][gc,heap     ] GC(6) Old regions: 1->1
[2022-07-06T16:41:43.144+0000][69][gc,heap     ] GC(6) Archive regions: 2->2
[2022-07-06T16:41:43.144+0000][69][gc,heap     ] GC(6) Humongous regions: 0->0
[2022-07-06T16:41:43.144+0000][69][gc,metaspace] GC(6) Metaspace: 31270K(32000K)->31270K(32000K) NonClass: 27636K(28096K)->27636K(28096K) Class: 3633K(3904K)->3633K(3904K)
[2022-07-06T16:41:43.144+0000][69][gc          ] GC(6) Pause Young (Normal) (G1 Evacuation Pause) 311M->28M(512M) 58.669ms
[2022-07-06T16:41:43.144+0000][69][gc,cpu      ] GC(6) User=0.05s Sys=0.00s Real=0.06s
[2022-07-06T16:41:43.144+0000][69][safepoint   ] Safepoint "G1CollectForAllocation", Time since last: 587712605 ns, Reaching safepoint: 142693 ns, At safepoint: 58776606 ns, Total: 58919299 ns
[2022-07-06T16:41:44.146+0000][69][safepoint   ] Safepoint "Cleanup", Time since last: 1001132067 ns, Reaching safepoint: 945469 ns, At safepoint: 19227 ns, Total: 964696 ns
[2022-07-06T16:41:44.709+0000][69][gc,start    ] GC(7) Pause Young (Normal) (G1 Evacuation Pause)
[2022-07-06T16:41:44.709+0000][69][gc,task     ] GC(7) Using 8 workers of 8 for evacuation
[2022-07-06T16:41:44.709+0000][69][gc,age      ] GC(7) Desired survivor size 20971520 bytes, new threshold 5 (max threshold 15)
[2022-07-06T16:41:44.722+0000][69][gc,phases   ] GC(7)   Pre Evacuate Collection Set: 0.1ms
[2022-07-06T16:41:44.722+0000][69][gc,phases   ] GC(7)   Merge Heap Roots: 0.1ms
[2022-07-06T16:41:44.722+0000][69][gc,phases   ] GC(7)   Evacuate Collection Set: 11.1ms
[2022-07-06T16:41:44.722+0000][69][gc,phases   ] GC(7)   Post Evacuate Collection Set: 1.2ms
[2022-07-06T16:41:44.722+0000][69][gc,phases   ] GC(7)   Other: 0.2ms
[2022-07-06T16:41:44.722+0000][69][gc,age      ] GC(7) Age table with threshold 5 (max threshold 15)
[2022-07-06T16:41:44.722+0000][69][gc,age      ] GC(7) - age   1:    4175384 bytes,    4175384 total
[2022-07-06T16:41:44.722+0000][69][gc,age      ] GC(7) - age   2:    3641120 bytes,    7816504 total
[2022-07-06T16:41:44.722+0000][69][gc,age      ] GC(7) - age   3:    6300656 bytes,   14117160 total
[2022-07-06T16:41:44.722+0000][69][gc,age      ] GC(7) - age   4:    2092792 bytes,   16209952 total
[2022-07-06T16:41:44.722+0000][69][gc,age      ] GC(7) - age   5:    1854800 bytes,   18064752 total
[2022-07-06T16:41:44.722+0000][69][gc,heap     ] GC(7) Eden regions: 70->0(71)
[2022-07-06T16:41:44.722+0000][69][gc,heap     ] GC(7) Survivor regions: 6->5(10)
[2022-07-06T16:41:44.722+0000][69][gc,heap     ] GC(7) Old regions: 1->3
[2022-07-06T16:41:44.722+0000][69][gc,heap     ] GC(7) Archive regions: 2->2
[2022-07-06T16:41:44.722+0000][69][gc,heap     ] GC(7) Humongous regions: 0->0
[2022-07-06T16:41:44.722+0000][69][gc,metaspace] GC(7) Metaspace: 33677K(34496K)->33677K(34496K) NonClass: 29710K(30208K)->29710K(30208K) Class: 3966K(4288K)->3966K(4288K)
[2022-07-06T16:41:44.722+0000][69][gc          ] GC(7) Pause Young (Normal) (G1 Evacuation Pause) 308M->31M(512M) 13.019ms
[2022-07-06T16:41:44.722+0000][69][gc,cpu      ] GC(7) User=0.05s Sys=0.00s Real=0.02s
[2022-07-06T16:41:44.722+0000][69][safepoint   ] Safepoint "G1CollectForAllocation", Time since last: 562336043 ns, Reaching safepoint: 354697 ns, At safepoint: 13168381 ns, Total: 13523078 ns
[2022-07-06T16:41:45.482+0000][69][gc,start    ] GC(8) Pause Young (Concurrent Start) (Metadata GC Threshold)
[2022-07-06T16:41:45.482+0000][69][gc,task     ] GC(8) Using 8 workers of 8 for evacuation
[2022-07-06T16:41:45.482+0000][69][gc,age      ] GC(8) Desired survivor size 20971520 bytes, new threshold 15 (max threshold 15)
[2022-07-06T16:41:45.506+0000][69][gc,phases   ] GC(8)   Pre Evacuate Collection Set: 0.2ms
[2022-07-06T16:41:45.506+0000][69][gc,phases   ] GC(8)   Merge Heap Roots: 0.1ms
[2022-07-06T16:41:45.506+0000][69][gc,phases   ] GC(8)   Evacuate Collection Set: 21.2ms
[2022-07-06T16:41:45.506+0000][69][gc,phases   ] GC(8)   Post Evacuate Collection Set: 1.7ms
[2022-07-06T16:41:45.506+0000][69][gc,phases   ] GC(8)   Other: 0.1ms
[2022-07-06T16:41:45.506+0000][69][gc,age      ] GC(8) Age table with threshold 15 (max threshold 15)
[2022-07-06T16:41:45.506+0000][69][gc,age      ] GC(8) - age   1:    1419000 bytes,    1419000 total
[2022-07-06T16:41:45.506+0000][69][gc,age      ] GC(8) - age   2:    3832800 bytes,    5251800 total
[2022-07-06T16:41:45.506+0000][69][gc,age      ] GC(8) - age   3:    3620680 bytes,    8872480 total
[2022-07-06T16:41:45.506+0000][69][gc,age      ] GC(8) - age   4:    6287480 bytes,   15159960 total
[2022-07-06T16:41:45.506+0000][69][gc,age      ] GC(8) - age   5:    2082448 bytes,   17242408 total
[2022-07-06T16:41:45.506+0000][69][gc,age      ] GC(8) - age   6:    1768648 bytes,   19011056 total
[2022-07-06T16:41:45.506+0000][69][gc,heap     ] GC(8) Eden regions: 43->0(71)
[2022-07-06T16:41:45.506+0000][69][gc,heap     ] GC(8) Survivor regions: 5->5(10)
[2022-07-06T16:41:45.506+0000][69][gc,heap     ] GC(8) Old regions: 3->3
[2022-07-06T16:41:45.506+0000][69][gc,heap     ] GC(8) Archive regions: 2->2
[2022-07-06T16:41:45.506+0000][69][gc,heap     ] GC(8) Humongous regions: 0->0
[2022-07-06T16:41:45.506+0000][69][gc,metaspace] GC(8) Metaspace: 35370K(36160K)->35370K(36160K) NonClass: 31161K(31616K)->31161K(31616K) Class: 4208K(4544K)->4208K(4544K)
[2022-07-06T16:41:45.506+0000][69][gc          ] GC(8) Pause Young (Concurrent Start) (Metadata GC Threshold) 201M->32M(512M) 23.570ms
[2022-07-06T16:41:45.506+0000][69][gc,cpu      ] GC(8) User=0.05s Sys=0.00s Real=0.02s
[2022-07-06T16:41:45.506+0000][69][safepoint   ] Safepoint "CollectForMetadataAllocation", Time since last: 759709397 ns, Reaching safepoint: 173958 ns, At safepoint: 23737416 ns, Total: 23911374 ns
[2022-07-06T16:41:45.508+0000][69][gc          ] GC(9) Concurrent Mark Cycle
[2022-07-06T16:41:45.508+0000][69][gc,marking  ] GC(9) Concurrent Clear Claimed Marks
[2022-07-06T16:41:45.508+0000][69][gc,marking  ] GC(9) Concurrent Clear Claimed Marks 0.075ms
[2022-07-06T16:41:45.508+0000][69][gc,marking  ] GC(9) Concurrent Scan Root Regions
[2022-07-06T16:41:45.520+0000][69][gc,marking  ] GC(9) Concurrent Scan Root Regions 12.274ms
[2022-07-06T16:41:45.520+0000][69][gc,marking  ] GC(9) Concurrent Mark
[2022-07-06T16:41:45.520+0000][69][gc,marking  ] GC(9) Concurrent Mark From Roots
[2022-07-06T16:41:45.520+0000][69][gc,task     ] GC(9) Using 2 workers of 2 for marking
[2022-07-06T16:41:45.549+0000][69][gc,marking  ] GC(9) Concurrent Mark From Roots 28.564ms
[2022-07-06T16:41:45.549+0000][69][gc,marking  ] GC(9) Concurrent Preclean
[2022-07-06T16:41:45.549+0000][69][gc,marking  ] GC(9) Concurrent Preclean 0.063ms
[2022-07-06T16:41:45.552+0000][69][gc,start    ] GC(9) Pause Remark
[2022-07-06T16:41:45.568+0000][69][gc          ] GC(9) Pause Remark 34M->34M(512M) 15.810ms
[2022-07-06T16:41:45.568+0000][69][gc,cpu      ] GC(9) User=0.02s Sys=0.00s Real=0.01s
[2022-07-06T16:41:45.568+0000][69][safepoint   ] Safepoint "G1Concurrent", Time since last: 45331775 ns, Reaching safepoint: 470471 ns, At safepoint: 15951422 ns, Total: 16421893 ns
[2022-07-06T16:41:45.577+0000][69][gc,marking  ] GC(9) Concurrent Mark 57.354ms
[2022-07-06T16:41:45.577+0000][69][gc,marking  ] GC(9) Concurrent Rebuild Remembered Sets
[2022-07-06T16:41:45.588+0000][69][gc,marking  ] GC(9) Concurrent Rebuild Remembered Sets 10.147ms
[2022-07-06T16:41:45.588+0000][69][gc,start    ] GC(9) Pause Cleanup
[2022-07-06T16:41:45.588+0000][69][gc          ] GC(9) Pause Cleanup 36M->36M(512M) 0.188ms
[2022-07-06T16:41:45.588+0000][69][gc,cpu      ] GC(9) User=0.00s Sys=0.00s Real=0.00s
[2022-07-06T16:41:45.588+0000][69][safepoint   ] Safepoint "G1Concurrent", Time since last: 19961781 ns, Reaching safepoint: 124207 ns, At safepoint: 312055 ns, Total: 436262 ns
[2022-07-06T16:41:45.596+0000][69][gc,marking  ] GC(9) Concurrent Cleanup for Next Mark
[2022-07-06T16:41:45.597+0000][69][gc,marking  ] GC(9) Concurrent Cleanup for Next Mark 0.976ms
[2022-07-06T16:41:45.597+0000][69][gc          ] GC(9) Concurrent Mark Cycle 89.763ms
[2022-07-06T16:41:47.218+0000][69][safepoint   ] Safepoint "ICBufferFull", Time since last: 1629775564 ns, Reaching safepoint: 441252 ns, At safepoint: 20868 ns, Total: 462120 ns
[2022-07-06T16:41:48.231+0000][69][safepoint   ] Safepoint "Cleanup", Time since last: 1010922823 ns, Reaching safepoint: 1921212 ns, At safepoint: 20401 ns, Total: 1941613 ns
[2022-07-06T16:41:49.258+0000][69][safepoint   ] Safepoint "Cleanup", Time since last: 1024924823 ns, Reaching safepoint: 1654248 ns, At safepoint: 14198 ns, Total: 1668446 ns
[2022-07-06T16:41:50.261+0000][69][safepoint   ] Safepoint "Cleanup", Time since last: 1000632453 ns, Reaching safepoint: 2566562 ns, At safepoint: 19167 ns, Total: 2585729 ns
[2022-07-06T16:41:50.601+0000][69][gc,start    ] GC(10) Pause Young (Normal) (G1 Evacuation Pause)
[2022-07-06T16:41:50.601+0000][69][gc,task     ] GC(10) Using 8 workers of 8 for evacuation
[2022-07-06T16:41:50.601+0000][69][gc,age      ] GC(10) Desired survivor size 20971520 bytes, new threshold 15 (max threshold 15)
[2022-07-06T16:41:50.641+0000][69][gc,phases   ] GC(10)   Pre Evacuate Collection Set: 0.1ms
[2022-07-06T16:41:50.641+0000][69][gc,phases   ] GC(10)   Merge Heap Roots: 0.1ms
[2022-07-06T16:41:50.641+0000][69][gc,phases   ] GC(10)   Evacuate Collection Set: 34.4ms
[2022-07-06T16:41:50.641+0000][69][gc,phases   ] GC(10)   Post Evacuate Collection Set: 5.1ms
[2022-07-06T16:41:50.641+0000][69][gc,phases   ] GC(10)   Other: 0.1ms
[2022-07-06T16:41:50.641+0000][69][gc,age      ] GC(10) Age table with threshold 15 (max threshold 15)
[2022-07-06T16:41:50.641+0000][69][gc,age      ] GC(10) - age   1:   19588296 bytes,   19588296 total
[2022-07-06T16:41:50.641+0000][69][gc,age      ] GC(10) - age   2:    1360832 bytes,   20949128 total
[2022-07-06T16:41:50.641+0000][69][gc,age      ] GC(10) - age   3:    3808680 bytes,   24757808 total
[2022-07-06T16:41:50.641+0000][69][gc,age      ] GC(10) - age   4:    3609912 bytes,   28367720 total
[2022-07-06T16:41:50.641+0000][69][gc,age      ] GC(10) - age   5:    6264000 bytes,   34631720 total
[2022-07-06T16:41:50.641+0000][69][gc,age      ] GC(10) - age   6:    2076520 bytes,   36708240 total
[2022-07-06T16:41:50.641+0000][69][gc,age      ] GC(10) - age   7:    1753328 bytes,   38461568 total
[2022-07-06T16:41:50.641+0000][69][gc,heap     ] GC(10) Eden regions: 71->0(66)
[2022-07-06T16:41:50.641+0000][69][gc,heap     ] GC(10) Survivor regions: 5->10(10)
[2022-07-06T16:41:50.641+0000][69][gc,heap     ] GC(10) Old regions: 3->3
[2022-07-06T16:41:50.641+0000][69][gc,heap     ] GC(10) Archive regions: 2->2
[2022-07-06T16:41:50.641+0000][69][gc,heap     ] GC(10) Humongous regions: 0->0
[2022-07-06T16:41:50.641+0000][69][gc,metaspace] GC(10) Metaspace: 46043K(47232K)->46043K(47232K) NonClass: 40302K(40960K)->40302K(40960K) Class: 5740K(6272K)->5740K(6272K)
[2022-07-06T16:41:50.641+0000][69][gc          ] GC(10) Pause Young (Normal) (G1 Evacuation Pause) 316M->50M(512M) 40.211ms
[2022-07-06T16:41:50.641+0000][69][gc,cpu      ] GC(10) User=0.15s Sys=0.00s Real=0.04s
[2022-07-06T16:41:50.641+0000][69][safepoint   ] Safepoint "G1CollectForAllocation", Time since last: 339715935 ns, Reaching safepoint: 122596 ns, At safepoint: 40295485 ns, Total: 40418081 ns
[2022-07-06T16:41:51.600+0000][69][safepoint   ] Safepoint "ICBufferFull", Time since last: 952054902 ns, Reaching safepoint: 6430410 ns, At safepoint: 23373 ns, Total: 6453783 ns
[2022-07-06T16:41:52.751+0000][69][gc,start    ] GC(11) Pause Young (Concurrent Start) (Metadata GC Threshold)
[2022-07-06T16:41:52.751+0000][69][gc,task     ] GC(11) Using 8 workers of 8 for evacuation
[2022-07-06T16:41:52.751+0000][69][gc,age      ] GC(11) Desired survivor size 20971520 bytes, new threshold 3 (max threshold 15)
[2022-07-06T16:41:52.812+0000][69][gc,phases   ] GC(11)   Pre Evacuate Collection Set: 0.2ms
[2022-07-06T16:41:52.812+0000][69][gc,phases   ] GC(11)   Merge Heap Roots: 0.1ms
[2022-07-06T16:41:52.812+0000][69][gc,phases   ] GC(11)   Evacuate Collection Set: 52.2ms
[2022-07-06T16:41:52.812+0000][69][gc,phases   ] GC(11)   Post Evacuate Collection Set: 8.3ms
[2022-07-06T16:41:52.812+0000][69][gc,phases   ] GC(11)   Other: 0.5ms
[2022-07-06T16:41:52.812+0000][69][gc,age      ] GC(11) Age table with threshold 3 (max threshold 15)
[2022-07-06T16:41:52.812+0000][69][gc,age      ] GC(11) - age   1:    4934840 bytes,    4934840 total
[2022-07-06T16:41:52.812+0000][69][gc,age      ] GC(11) - age   2:   19421432 bytes,   24356272 total
[2022-07-06T16:41:52.812+0000][69][gc,age      ] GC(11) - age   3:    1345480 bytes,   25701752 total
[2022-07-06T16:41:52.812+0000][69][gc,heap     ] GC(11) Eden regions: 36->0(69)
[2022-07-06T16:41:52.812+0000][69][gc,heap     ] GC(11) Survivor regions: 10->7(10)
[2022-07-06T16:41:52.812+0000][69][gc,heap     ] GC(11) Old regions: 3->7
[2022-07-06T16:41:52.812+0000][69][gc,heap     ] GC(11) Archive regions: 2->2
[2022-07-06T16:41:52.812+0000][69][gc,heap     ] GC(11) Humongous regions: 0->0
[2022-07-06T16:41:52.812+0000][69][gc,metaspace] GC(11) Metaspace: 59182K(60608K)->59182K(60608K) NonClass: 51602K(52480K)->51602K(52480K) Class: 7580K(8128K)->7580K(8128K)
[2022-07-06T16:41:52.812+0000][69][gc          ] GC(11) Pause Young (Concurrent Start) (Metadata GC Threshold) 192M->56M(512M) 61.520ms
[2022-07-06T16:41:52.812+0000][69][gc,cpu      ] GC(11) User=0.16s Sys=0.00s Real=0.06s
[2022-07-06T16:41:52.812+0000][69][gc          ] GC(12) Concurrent Mark Cycle
[2022-07-06T16:41:52.812+0000][69][gc,marking  ] GC(12) Concurrent Clear Claimed Marks
[2022-07-06T16:41:52.812+0000][69][safepoint   ] Safepoint "CollectForMetadataAllocation", Time since last: 1142805717 ns, Reaching safepoint: 8133999 ns, At safepoint: 61766000 ns, Total: 69899999 ns
[2022-07-06T16:41:52.812+0000][69][gc,marking  ] GC(12) Concurrent Clear Claimed Marks 0.124ms
[2022-07-06T16:41:52.812+0000][69][gc,marking  ] GC(12) Concurrent Scan Root Regions
[2022-07-06T16:41:52.846+0000][69][gc,marking  ] GC(12) Concurrent Scan Root Regions 33.470ms
[2022-07-06T16:41:52.846+0000][69][gc,marking  ] GC(12) Concurrent Mark
[2022-07-06T16:41:52.846+0000][69][gc,marking  ] GC(12) Concurrent Mark From Roots
[2022-07-06T16:41:52.846+0000][69][gc,task     ] GC(12) Using 2 workers of 2 for marking
[2022-07-06T16:41:52.877+0000][69][safepoint   ] Safepoint "CollectForMetadataAllocation", Time since last: 62570630 ns, Reaching safepoint: 1501020 ns, At safepoint: 116501 ns, Total: 1617521 ns
[2022-07-06T16:41:52.888+0000][69][gc,marking  ] GC(12) Concurrent Mark From Roots 42.284ms
[2022-07-06T16:41:52.888+0000][69][gc,marking  ] GC(12) Concurrent Preclean
[2022-07-06T16:41:52.888+0000][69][gc,marking  ] GC(12) Concurrent Preclean 0.117ms
[2022-07-06T16:41:52.889+0000][69][gc,start    ] GC(12) Pause Remark
[2022-07-06T16:41:52.904+0000][69][gc          ] GC(12) Pause Remark 60M->60M(512M) 15.077ms
[2022-07-06T16:41:52.904+0000][69][gc,cpu      ] GC(12) User=0.04s Sys=0.00s Real=0.02s
[2022-07-06T16:41:52.904+0000][69][safepoint   ] Safepoint "G1Concurrent", Time since last: 12314363 ns, Reaching safepoint: 56730 ns, At safepoint: 15259572 ns, Total: 15316302 ns
[2022-07-06T16:41:52.904+0000][69][gc,marking  ] GC(12) Concurrent Mark 58.317ms
[2022-07-06T16:41:52.904+0000][69][gc,marking  ] GC(12) Concurrent Rebuild Remembered Sets
[2022-07-06T16:41:52.914+0000][69][gc,marking  ] GC(12) Concurrent Rebuild Remembered Sets 10.180ms
[2022-07-06T16:41:52.915+0000][69][gc,start    ] GC(12) Pause Cleanup
[2022-07-06T16:41:52.915+0000][69][gc          ] GC(12) Pause Cleanup 60M->60M(512M) 0.136ms
[2022-07-06T16:41:52.915+0000][69][gc,cpu      ] GC(12) User=0.00s Sys=0.00s Real=0.00s
[2022-07-06T16:41:52.915+0000][69][safepoint   ] Safepoint "G1Concurrent", Time since last: 10430935 ns, Reaching safepoint: 434197 ns, At safepoint: 234829 ns, Total: 669026 ns
[2022-07-06T16:41:52.915+0000][69][gc,marking  ] GC(12) Concurrent Cleanup for Next Mark
[2022-07-06T16:41:52.916+0000][69][gc,marking  ] GC(12) Concurrent Cleanup for Next Mark 0.746ms
[2022-07-06T16:41:52.916+0000][69][gc          ] GC(12) Concurrent Mark Cycle 103.948ms
[2022-07-06T16:41:53.920+0000][69][safepoint   ] Safepoint "Cleanup", Time since last: 1004648565 ns, Reaching safepoint: 271313 ns, At safepoint: 9935 ns, Total: 281248 ns
[2022-07-06T16:41:54.928+0000][69][safepoint   ] Safepoint "Cleanup", Time since last: 1005926706 ns, Reaching safepoint: 2315782 ns, At safepoint: 17277 ns, Total: 2333059 ns
[2022-07-06T16:41:56.136+0000][69][safepoint   ] Safepoint "Cleanup", Time since last: 1206988170 ns, Reaching safepoint: 235402 ns, At safepoint: 47361 ns, Total: 282763 ns
[2022-07-06T16:41:56.190+0000][69][gc,heap,exit] Heap
[2022-07-06T16:41:56.190+0000][69][gc,heap,exit]  garbage-first heap   total 524288K, used 311572K [0x00000000e0000000, 0x0000000100000000)
[2022-07-06T16:41:56.190+0000][69][gc,heap,exit]   region size 4096K, 70 young (286720K), 7 survivors (28672K)
[2022-07-06T16:41:56.190+0000][69][gc,heap,exit]  Metaspace       used 68757K, committed 70272K, reserved 1114112K
[2022-07-06T16:41:56.190+0000][69][gc,heap,exit]   class space    used 8957K, committed 9600K, reserved 1048576K
