[2022-07-06T16:20:10.871+0000][72][gc,init] CardTable entry size: 512
[2022-07-06T16:20:10.872+0000][72][gc     ] Using G1
[2022-07-06T16:20:10.994+0000][72][gc,init] Version: 18.0.1.1+2-6 (release)
[2022-07-06T16:20:10.994+0000][72][gc,init] CPUs: 8 total, 8 available
[2022-07-06T16:20:10.994+0000][72][gc,init] Memory: 7736M
[2022-07-06T16:20:10.994+0000][72][gc,init] Large Page Support: Disabled
[2022-07-06T16:20:10.994+0000][72][gc,init] NUMA Support: Disabled
[2022-07-06T16:20:10.994+0000][72][gc,init] Compressed Oops: Enabled (32-bit)
[2022-07-06T16:20:10.994+0000][72][gc,init] Heap Region Size: 4M
[2022-07-06T16:20:10.994+0000][72][gc,init] Heap Min Capacity: 512M
[2022-07-06T16:20:10.994+0000][72][gc,init] Heap Initial Capacity: 512M
[2022-07-06T16:20:10.994+0000][72][gc,init] Heap Max Capacity: 512M
[2022-07-06T16:20:10.994+0000][72][gc,init] Pre-touch: Enabled
[2022-07-06T16:20:10.994+0000][72][gc,init] Parallel Workers: 8
[2022-07-06T16:20:10.994+0000][72][gc,init] Concurrent Workers: 2
[2022-07-06T16:20:10.994+0000][72][gc,init] Concurrent Refinement Workers: 8
[2022-07-06T16:20:10.994+0000][72][gc,init] Periodic GC: Disabled
[2022-07-06T16:20:10.994+0000][72][gc,metaspace] CDS archive(s) mapped at: [0x0000000800000000-0x0000000800baf000-0x0000000800baf000), size 12251136, SharedBaseAddress: 0x0000000800000000, ArchiveRelocationMode: 0.
[2022-07-06T16:20:10.994+0000][72][gc,metaspace] Compressed class space mapped at: 0x0000000800c00000-0x0000000840c00000, reserved size: 1073741824
[2022-07-06T16:20:10.994+0000][72][gc,metaspace] Narrow klass base: 0x0000000800000000, Narrow klass shift: 0, Narrow klass range: 0x100000000
[2022-07-06T16:20:11.941+0000][72][gc,start    ] GC(0) Pause Young (Normal) (G1 Evacuation Pause)
[2022-07-06T16:20:11.941+0000][72][gc,task     ] GC(0) Using 8 workers of 8 for evacuation
[2022-07-06T16:20:11.942+0000][72][gc,age      ] GC(0) Desired survivor size 2097152 bytes, new threshold 15 (max threshold 15)
[2022-07-06T16:20:11.954+0000][72][gc,phases   ] GC(0)   Pre Evacuate Collection Set: 0.1ms
[2022-07-06T16:20:11.954+0000][72][gc,phases   ] GC(0)   Merge Heap Roots: 0.1ms
[2022-07-06T16:20:11.954+0000][72][gc,phases   ] GC(0)   Evacuate Collection Set: 11.1ms
[2022-07-06T16:20:11.954+0000][72][gc,phases   ] GC(0)   Post Evacuate Collection Set: 0.6ms
[2022-07-06T16:20:11.954+0000][72][gc,phases   ] GC(0)   Other: 0.1ms
[2022-07-06T16:20:11.955+0000][72][gc,age      ] GC(0) Age table with threshold 15 (max threshold 15)
[2022-07-06T16:20:11.955+0000][72][gc,age      ] GC(0) - age   1:    3281728 bytes,    3281728 total
[2022-07-06T16:20:11.955+0000][72][gc,heap     ] GC(0) Eden regions: 6->0(14)
[2022-07-06T16:20:11.955+0000][72][gc,heap     ] GC(0) Survivor regions: 0->1(1)
[2022-07-06T16:20:11.955+0000][72][gc,heap     ] GC(0) Old regions: 0->0
[2022-07-06T16:20:11.955+0000][72][gc,heap     ] GC(0) Archive regions: 2->2
[2022-07-06T16:20:11.955+0000][72][gc,heap     ] GC(0) Humongous regions: 0->0
[2022-07-06T16:20:11.955+0000][72][gc,metaspace] GC(0) Metaspace: 3290K(3520K)->3290K(3520K) NonClass: 2949K(3072K)->2949K(3072K) Class: 341K(448K)->341K(448K)
[2022-07-06T16:20:11.955+0000][72][gc          ] GC(0) Pause Young (Normal) (G1 Evacuation Pause) 27M->7M(512M) 13.600ms
[2022-07-06T16:20:11.955+0000][72][gc,cpu      ] GC(0) User=0.01s Sys=0.00s Real=0.01s
[2022-07-06T16:20:11.955+0000][72][safepoint   ] Safepoint "G1CollectForAllocation", Time since last: 935288789 ns, Reaching safepoint: 688811 ns, At safepoint: 13681582 ns, Total: 14370393 ns
[2022-07-06T16:20:12.766+0000][72][safepoint   ] Safepoint "ICBufferFull", Time since last: 810588098 ns, Reaching safepoint: 274570 ns, At safepoint: 8341 ns, Total: 282911 ns
[2022-07-06T16:20:13.768+0000][72][safepoint   ] Safepoint "Cleanup", Time since last: 1001829352 ns, Reaching safepoint: 136647 ns, At safepoint: 3198 ns, Total: 139845 ns
[2022-07-06T16:20:14.838+0000][72][gc,start    ] GC(1) Pause Young (Normal) (G1 Evacuation Pause)
[2022-07-06T16:20:14.838+0000][72][gc,task     ] GC(1) Using 8 workers of 8 for evacuation
[2022-07-06T16:20:14.838+0000][72][gc,age      ] GC(1) Desired survivor size 4194304 bytes, new threshold 15 (max threshold 15)
[2022-07-06T16:20:14.881+0000][72][gc,phases   ] GC(1)   Pre Evacuate Collection Set: 0.1ms
[2022-07-06T16:20:14.881+0000][72][gc,phases   ] GC(1)   Merge Heap Roots: 0.1ms
[2022-07-06T16:20:14.881+0000][72][gc,phases   ] GC(1)   Evacuate Collection Set: 30.1ms
[2022-07-06T16:20:14.881+0000][72][gc,phases   ] GC(1)   Post Evacuate Collection Set: 12.8ms
[2022-07-06T16:20:14.881+0000][72][gc,phases   ] GC(1)   Other: 0.1ms
[2022-07-06T16:20:14.881+0000][72][gc,age      ] GC(1) Age table with threshold 15 (max threshold 15)
[2022-07-06T16:20:14.881+0000][72][gc,age      ] GC(1) - age   1:    5048928 bytes,    5048928 total
[2022-07-06T16:20:14.881+0000][72][gc,age      ] GC(1) - age   2:    3146016 bytes,    8194944 total
[2022-07-06T16:20:14.881+0000][72][gc,heap     ] GC(1) Eden regions: 14->0(21)
[2022-07-06T16:20:14.881+0000][72][gc,heap     ] GC(1) Survivor regions: 1->2(2)
[2022-07-06T16:20:14.881+0000][72][gc,heap     ] GC(1) Old regions: 0->0
[2022-07-06T16:20:14.881+0000][72][gc,heap     ] GC(1) Archive regions: 2->2
[2022-07-06T16:20:14.881+0000][72][gc,heap     ] GC(1) Humongous regions: 0->0
[2022-07-06T16:20:14.881+0000][72][gc,metaspace] GC(1) Metaspace: 13663K(14080K)->13663K(14080K) NonClass: 12037K(12224K)->12037K(12224K) Class: 1625K(1856K)->1625K(1856K)
[2022-07-06T16:20:14.881+0000][72][gc          ] GC(1) Pause Young (Normal) (G1 Evacuation Pause) 63M->11M(512M) 43.412ms
[2022-07-06T16:20:14.881+0000][72][gc,cpu      ] GC(1) User=0.04s Sys=0.00s Real=0.05s
[2022-07-06T16:20:14.881+0000][72][safepoint   ] Safepoint "G1CollectForAllocation", Time since last: 1069620398 ns, Reaching safepoint: 282723 ns, At safepoint: 43553011 ns, Total: 43835734 ns
[2022-07-06T16:20:16.299+0000][72][safepoint   ] Safepoint "ICBufferFull", Time since last: 1417077746 ns, Reaching safepoint: 207624 ns, At safepoint: 5372 ns, Total: 212996 ns
[2022-07-06T16:20:16.893+0000][72][gc,start    ] GC(2) Pause Young (Normal) (G1 Evacuation Pause)
[2022-07-06T16:20:16.893+0000][72][gc,task     ] GC(2) Using 8 workers of 8 for evacuation
[2022-07-06T16:20:16.893+0000][72][gc,age      ] GC(2) Desired survivor size 6291456 bytes, new threshold 2 (max threshold 15)
[2022-07-06T16:20:16.914+0000][72][gc,phases   ] GC(2)   Pre Evacuate Collection Set: 0.1ms
[2022-07-06T16:20:16.914+0000][72][gc,phases   ] GC(2)   Merge Heap Roots: 0.1ms
[2022-07-06T16:20:16.914+0000][72][gc,phases   ] GC(2)   Evacuate Collection Set: 17.6ms
[2022-07-06T16:20:16.914+0000][72][gc,phases   ] GC(2)   Post Evacuate Collection Set: 2.3ms
[2022-07-06T16:20:16.914+0000][72][gc,phases   ] GC(2)   Other: 0.1ms
[2022-07-06T16:20:16.914+0000][72][gc,age      ] GC(2) Age table with threshold 2 (max threshold 15)
[2022-07-06T16:20:16.914+0000][72][gc,age      ] GC(2) - age   1:    4014824 bytes,    4014824 total
[2022-07-06T16:20:16.914+0000][72][gc,age      ] GC(2) - age   2:    4885640 bytes,    8900464 total
[2022-07-06T16:20:16.914+0000][72][gc,heap     ] GC(2) Eden regions: 21->0(47)
[2022-07-06T16:20:16.914+0000][72][gc,heap     ] GC(2) Survivor regions: 2->3(3)
[2022-07-06T16:20:16.914+0000][72][gc,heap     ] GC(2) Old regions: 0->1
[2022-07-06T16:20:16.914+0000][72][gc,heap     ] GC(2) Archive regions: 2->2
[2022-07-06T16:20:16.914+0000][72][gc,heap     ] GC(2) Humongous regions: 0->0
[2022-07-06T16:20:16.914+0000][72][gc,metaspace] GC(2) Metaspace: 17113K(17536K)->17113K(17536K) NonClass: 15116K(15360K)->15116K(15360K) Class: 1996K(2176K)->1996K(2176K)
[2022-07-06T16:20:16.914+0000][72][gc          ] GC(2) Pause Young (Normal) (G1 Evacuation Pause) 95M->15M(512M) 20.612ms
[2022-07-06T16:20:16.914+0000][72][gc,cpu      ] GC(2) User=0.03s Sys=0.00s Real=0.02s
[2022-07-06T16:20:16.914+0000][72][safepoint   ] Safepoint "G1CollectForAllocation", Time since last: 594577528 ns, Reaching safepoint: 124699 ns, At safepoint: 20694611 ns, Total: 20819310 ns
[2022-07-06T16:20:18.022+0000][72][gc,start    ] GC(3) Pause Young (Concurrent Start) (Metadata GC Threshold)
[2022-07-06T16:20:18.022+0000][72][gc,task     ] GC(3) Using 8 workers of 8 for evacuation
[2022-07-06T16:20:18.022+0000][72][gc,age      ] GC(3) Desired survivor size 14680064 bytes, new threshold 15 (max threshold 15)
[2022-07-06T16:20:18.044+0000][72][gc,phases   ] GC(3)   Pre Evacuate Collection Set: 0.3ms
[2022-07-06T16:20:18.044+0000][72][gc,phases   ] GC(3)   Merge Heap Roots: 0.0ms
[2022-07-06T16:20:18.044+0000][72][gc,phases   ] GC(3)   Evacuate Collection Set: 19.5ms
[2022-07-06T16:20:18.044+0000][72][gc,phases   ] GC(3)   Post Evacuate Collection Set: 1.6ms
[2022-07-06T16:20:18.044+0000][72][gc,phases   ] GC(3)   Other: 0.1ms
[2022-07-06T16:20:18.044+0000][72][gc,age      ] GC(3) Age table with threshold 15 (max threshold 15)
[2022-07-06T16:20:18.044+0000][72][gc,age      ] GC(3) - age   1:    2175224 bytes,    2175224 total
[2022-07-06T16:20:18.044+0000][72][gc,age      ] GC(3) - age   2:    1976960 bytes,    4152184 total
[2022-07-06T16:20:18.044+0000][72][gc,age      ] GC(3) - age   3:    4882000 bytes,    9034184 total
[2022-07-06T16:20:18.044+0000][72][gc,heap     ] GC(3) Eden regions: 18->0(73)
[2022-07-06T16:20:18.044+0000][72][gc,heap     ] GC(3) Survivor regions: 3->3(7)
[2022-07-06T16:20:18.044+0000][72][gc,heap     ] GC(3) Old regions: 1->1
[2022-07-06T16:20:18.044+0000][72][gc,heap     ] GC(3) Archive regions: 2->2
[2022-07-06T16:20:18.044+0000][72][gc,heap     ] GC(3) Humongous regions: 0->0
[2022-07-06T16:20:18.044+0000][72][gc,metaspace] GC(3) Metaspace: 21059K(21504K)->21059K(21504K) NonClass: 18669K(18944K)->18669K(18944K) Class: 2389K(2560K)->2389K(2560K)
[2022-07-06T16:20:18.044+0000][72][gc          ] GC(3) Pause Young (Concurrent Start) (Metadata GC Threshold) 85M->15M(512M) 21.811ms
[2022-07-06T16:20:18.044+0000][72][gc,cpu      ] GC(3) User=0.05s Sys=0.01s Real=0.02s
[2022-07-06T16:20:18.044+0000][72][safepoint   ] Safepoint "CollectForMetadataAllocation", Time since last: 1107868552 ns, Reaching safepoint: 143424 ns, At safepoint: 22025568 ns, Total: 22168992 ns
[2022-07-06T16:20:18.051+0000][72][gc          ] GC(4) Concurrent Mark Cycle
[2022-07-06T16:20:18.051+0000][72][gc,marking  ] GC(4) Concurrent Clear Claimed Marks
[2022-07-06T16:20:18.052+0000][72][gc,marking  ] GC(4) Concurrent Clear Claimed Marks 0.045ms
[2022-07-06T16:20:18.052+0000][72][gc,marking  ] GC(4) Concurrent Scan Root Regions
[2022-07-06T16:20:18.065+0000][72][gc,marking  ] GC(4) Concurrent Scan Root Regions 13.360ms
[2022-07-06T16:20:18.065+0000][72][gc,marking  ] GC(4) Concurrent Mark
[2022-07-06T16:20:18.065+0000][72][gc,marking  ] GC(4) Concurrent Mark From Roots
[2022-07-06T16:20:18.065+0000][72][gc,task     ] GC(4) Using 2 workers of 2 for marking
[2022-07-06T16:20:18.082+0000][72][gc,marking  ] GC(4) Concurrent Mark From Roots 17.049ms
[2022-07-06T16:20:18.082+0000][72][gc,marking  ] GC(4) Concurrent Preclean
[2022-07-06T16:20:18.082+0000][72][gc,marking  ] GC(4) Concurrent Preclean 0.034ms
[2022-07-06T16:20:18.083+0000][72][safepoint   ] Safepoint "CollectForMetadataAllocation", Time since last: 38820023 ns, Reaching safepoint: 210263 ns, At safepoint: 75884 ns, Total: 286147 ns
[2022-07-06T16:20:18.098+0000][72][gc,start    ] GC(4) Pause Remark
[2022-07-06T16:20:18.105+0000][72][gc          ] GC(4) Pause Remark 17M->17M(512M) 7.726ms
[2022-07-06T16:20:18.105+0000][72][gc,cpu      ] GC(4) User=0.01s Sys=0.00s Real=0.01s
[2022-07-06T16:20:18.105+0000][72][safepoint   ] Safepoint "G1Concurrent", Time since last: 10042601 ns, Reaching safepoint: 4305286 ns, At safepoint: 7886562 ns, Total: 12191848 ns
[2022-07-06T16:20:18.107+0000][72][gc,marking  ] GC(4) Concurrent Mark 42.252ms
[2022-07-06T16:20:18.107+0000][72][gc,marking  ] GC(4) Concurrent Rebuild Remembered Sets
[2022-07-06T16:20:18.110+0000][72][gc,marking  ] GC(4) Concurrent Rebuild Remembered Sets 2.773ms
[2022-07-06T16:20:18.110+0000][72][gc,start    ] GC(4) Pause Cleanup
[2022-07-06T16:20:18.110+0000][72][gc          ] GC(4) Pause Cleanup 17M->17M(512M) 0.169ms
[2022-07-06T16:20:18.110+0000][72][gc,cpu      ] GC(4) User=0.00s Sys=0.00s Real=0.01s
[2022-07-06T16:20:18.111+0000][72][safepoint   ] Safepoint "G1Concurrent", Time since last: 4775236 ns, Reaching safepoint: 64771 ns, At safepoint: 413831 ns, Total: 478602 ns
[2022-07-06T16:20:18.112+0000][72][gc,marking  ] GC(4) Concurrent Cleanup for Next Mark
[2022-07-06T16:20:18.113+0000][72][gc,marking  ] GC(4) Concurrent Cleanup for Next Mark 0.751ms
[2022-07-06T16:20:18.113+0000][72][gc          ] GC(4) Concurrent Mark Cycle 61.859ms
[2022-07-06T16:20:19.210+0000][72][safepoint   ] Safepoint "ICBufferFull", Time since last: 1099332231 ns, Reaching safepoint: 259803 ns, At safepoint: 6043 ns, Total: 265846 ns
[2022-07-06T16:20:19.889+0000][72][gc,start    ] GC(5) Pause Young (Normal) (G1 Evacuation Pause)
[2022-07-06T16:20:19.889+0000][72][gc,task     ] GC(5) Using 8 workers of 8 for evacuation
[2022-07-06T16:20:19.889+0000][72][gc,age      ] GC(5) Desired survivor size 20971520 bytes, new threshold 15 (max threshold 15)
[2022-07-06T16:20:19.907+0000][72][gc,phases   ] GC(5)   Pre Evacuate Collection Set: 0.3ms
[2022-07-06T16:20:19.907+0000][72][gc,phases   ] GC(5)   Merge Heap Roots: 0.1ms
[2022-07-06T16:20:19.907+0000][72][gc,phases   ] GC(5)   Evacuate Collection Set: 16.3ms
[2022-07-06T16:20:19.907+0000][72][gc,phases   ] GC(5)   Post Evacuate Collection Set: 0.9ms
[2022-07-06T16:20:19.907+0000][72][gc,phases   ] GC(5)   Other: 0.1ms
[2022-07-06T16:20:19.907+0000][72][gc,age      ] GC(5) Age table with threshold 15 (max threshold 15)
[2022-07-06T16:20:19.907+0000][72][gc,age      ] GC(5) - age   1:    7335240 bytes,    7335240 total
[2022-07-06T16:20:19.907+0000][72][gc,age      ] GC(5) - age   2:    2103200 bytes,    9438440 total
[2022-07-06T16:20:19.907+0000][72][gc,age      ] GC(5) - age   3:    1974792 bytes,   11413232 total
[2022-07-06T16:20:19.907+0000][72][gc,age      ] GC(5) - age   4:    4880480 bytes,   16293712 total
[2022-07-06T16:20:19.907+0000][72][gc,heap     ] GC(5) Eden regions: 73->0(71)
[2022-07-06T16:20:19.907+0000][72][gc,heap     ] GC(5) Survivor regions: 3->5(10)
[2022-07-06T16:20:19.907+0000][72][gc,heap     ] GC(5) Old regions: 1->1
[2022-07-06T16:20:19.907+0000][72][gc,heap     ] GC(5) Archive regions: 2->2
[2022-07-06T16:20:19.907+0000][72][gc,heap     ] GC(5) Humongous regions: 0->0
[2022-07-06T16:20:19.907+0000][72][gc,metaspace] GC(5) Metaspace: 24953K(25472K)->24953K(25472K) NonClass: 22025K(22336K)->22025K(22336K) Class: 2928K(3136K)->2928K(3136K)
[2022-07-06T16:20:19.907+0000][72][gc          ] GC(5) Pause Young (Normal) (G1 Evacuation Pause) 307M->23M(512M) 17.984ms
[2022-07-06T16:20:19.907+0000][72][gc,cpu      ] GC(5) User=0.03s Sys=0.01s Real=0.02s
[2022-07-06T16:20:19.907+0000][72][safepoint   ] Safepoint "G1CollectForAllocation", Time since last: 678351493 ns, Reaching safepoint: 225808 ns, At safepoint: 18058170 ns, Total: 18283978 ns
[2022-07-06T16:20:21.367+0000][72][safepoint   ] Safepoint "Cleanup", Time since last: 1459274824 ns, Reaching safepoint: 1071717 ns, At safepoint: 16709 ns, Total: 1088426 ns
[2022-07-06T16:20:21.604+0000][72][gc,start    ] GC(6) Pause Young (Normal) (G1 Evacuation Pause)
[2022-07-06T16:20:21.604+0000][72][gc,task     ] GC(6) Using 8 workers of 8 for evacuation
[2022-07-06T16:20:21.604+0000][72][gc,age      ] GC(6) Desired survivor size 20971520 bytes, new threshold 15 (max threshold 15)
[2022-07-06T16:20:21.637+0000][72][gc,phases   ] GC(6)   Pre Evacuate Collection Set: 0.1ms
[2022-07-06T16:20:21.637+0000][72][gc,phases   ] GC(6)   Merge Heap Roots: 0.1ms
[2022-07-06T16:20:21.637+0000][72][gc,phases   ] GC(6)   Evacuate Collection Set: 31.4ms
[2022-07-06T16:20:21.637+0000][72][gc,phases   ] GC(6)   Post Evacuate Collection Set: 1.5ms
[2022-07-06T16:20:21.637+0000][72][gc,phases   ] GC(6)   Other: 0.1ms
[2022-07-06T16:20:21.637+0000][72][gc,age      ] GC(6) Age table with threshold 15 (max threshold 15)
[2022-07-06T16:20:21.637+0000][72][gc,age      ] GC(6) - age   1:    4615448 bytes,    4615448 total
[2022-07-06T16:20:21.637+0000][72][gc,age      ] GC(6) - age   2:    6344944 bytes,   10960392 total
[2022-07-06T16:20:21.637+0000][72][gc,age      ] GC(6) - age   3:    2100208 bytes,   13060600 total
[2022-07-06T16:20:21.637+0000][72][gc,age      ] GC(6) - age   4:    1952144 bytes,   15012744 total
[2022-07-06T16:20:21.637+0000][72][gc,age      ] GC(6) - age   5:    4872264 bytes,   19885008 total
[2022-07-06T16:20:21.637+0000][72][gc,heap     ] GC(6) Eden regions: 71->0(71)
[2022-07-06T16:20:21.637+0000][72][gc,heap     ] GC(6) Survivor regions: 5->5(10)
[2022-07-06T16:20:21.637+0000][72][gc,heap     ] GC(6) Old regions: 1->1
[2022-07-06T16:20:21.637+0000][72][gc,heap     ] GC(6) Archive regions: 2->2
[2022-07-06T16:20:21.637+0000][72][gc,heap     ] GC(6) Humongous regions: 0->0
[2022-07-06T16:20:21.637+0000][72][gc,metaspace] GC(6) Metaspace: 31241K(32000K)->31241K(32000K) NonClass: 27598K(28032K)->27598K(28032K) Class: 3642K(3968K)->3642K(3968K)
[2022-07-06T16:20:21.637+0000][72][gc          ] GC(6) Pause Young (Normal) (G1 Evacuation Pause) 307M->26M(512M) 33.400ms
[2022-07-06T16:20:21.637+0000][72][gc,cpu      ] GC(6) User=0.04s Sys=0.00s Real=0.03s
[2022-07-06T16:20:21.637+0000][72][safepoint   ] Safepoint "G1CollectForAllocation", Time since last: 236263526 ns, Reaching safepoint: 136653 ns, At safepoint: 33471213 ns, Total: 33607866 ns
[2022-07-06T16:20:22.641+0000][72][safepoint   ] Safepoint "Cleanup", Time since last: 1003325226 ns, Reaching safepoint: 768399 ns, At safepoint: 13420 ns, Total: 781819 ns
[2022-07-06T16:20:22.979+0000][72][gc,start    ] GC(7) Pause Young (Normal) (G1 Evacuation Pause)
[2022-07-06T16:20:22.979+0000][72][gc,task     ] GC(7) Using 8 workers of 8 for evacuation
[2022-07-06T16:20:22.979+0000][72][gc,age      ] GC(7) Desired survivor size 20971520 bytes, new threshold 15 (max threshold 15)
[2022-07-06T16:20:23.011+0000][72][gc,phases   ] GC(7)   Pre Evacuate Collection Set: 0.1ms
[2022-07-06T16:20:23.011+0000][72][gc,phases   ] GC(7)   Merge Heap Roots: 0.1ms
[2022-07-06T16:20:23.011+0000][72][gc,phases   ] GC(7)   Evacuate Collection Set: 28.8ms
[2022-07-06T16:20:23.011+0000][72][gc,phases   ] GC(7)   Post Evacuate Collection Set: 2.4ms
[2022-07-06T16:20:23.011+0000][72][gc,phases   ] GC(7)   Other: 0.1ms
[2022-07-06T16:20:23.011+0000][72][gc,age      ] GC(7) Age table with threshold 15 (max threshold 15)
[2022-07-06T16:20:23.011+0000][72][gc,age      ] GC(7) - age   1:    3900488 bytes,    3900488 total
[2022-07-06T16:20:23.011+0000][72][gc,age      ] GC(7) - age   2:    3877744 bytes,    7778232 total
[2022-07-06T16:20:23.011+0000][72][gc,age      ] GC(7) - age   3:    6339704 bytes,   14117936 total
[2022-07-06T16:20:23.011+0000][72][gc,age      ] GC(7) - age   4:    2099568 bytes,   16217504 total
[2022-07-06T16:20:23.011+0000][72][gc,age      ] GC(7) - age   5:    1950536 bytes,   18168040 total
[2022-07-06T16:20:23.011+0000][72][gc,age      ] GC(7) - age   6:    4868568 bytes,   23036608 total
[2022-07-06T16:20:23.011+0000][72][gc,heap     ] GC(7) Eden regions: 71->0(70)
[2022-07-06T16:20:23.011+0000][72][gc,heap     ] GC(7) Survivor regions: 5->6(10)
[2022-07-06T16:20:23.011+0000][72][gc,heap     ] GC(7) Old regions: 1->1
[2022-07-06T16:20:23.011+0000][72][gc,heap     ] GC(7) Archive regions: 2->2
[2022-07-06T16:20:23.011+0000][72][gc,heap     ] GC(7) Humongous regions: 0->0
[2022-07-06T16:20:23.011+0000][72][gc,metaspace] GC(7) Metaspace: 33618K(34432K)->33618K(34432K) NonClass: 29650K(30144K)->29650K(30144K) Class: 3968K(4288K)->3968K(4288K)
[2022-07-06T16:20:23.011+0000][72][gc          ] GC(7) Pause Young (Normal) (G1 Evacuation Pause) 310M->30M(512M) 31.800ms
[2022-07-06T16:20:23.011+0000][72][gc,cpu      ] GC(7) User=0.05s Sys=0.00s Real=0.04s
[2022-07-06T16:20:23.011+0000][72][safepoint   ] Safepoint "G1CollectForAllocation", Time since last: 337578142 ns, Reaching safepoint: 99621 ns, At safepoint: 31888969 ns, Total: 31988590 ns
[2022-07-06T16:20:23.605+0000][72][gc,start    ] GC(8) Pause Young (Concurrent Start) (Metadata GC Threshold)
[2022-07-06T16:20:23.605+0000][72][gc,task     ] GC(8) Using 8 workers of 8 for evacuation
[2022-07-06T16:20:23.605+0000][72][gc,age      ] GC(8) Desired survivor size 20971520 bytes, new threshold 6 (max threshold 15)
[2022-07-06T16:20:23.624+0000][72][gc,phases   ] GC(8)   Pre Evacuate Collection Set: 0.2ms
[2022-07-06T16:20:23.624+0000][72][gc,phases   ] GC(8)   Merge Heap Roots: 0.1ms
[2022-07-06T16:20:23.624+0000][72][gc,phases   ] GC(8)   Evacuate Collection Set: 15.3ms
[2022-07-06T16:20:23.624+0000][72][gc,phases   ] GC(8)   Post Evacuate Collection Set: 3.2ms
[2022-07-06T16:20:23.624+0000][72][gc,phases   ] GC(8)   Other: 0.2ms
[2022-07-06T16:20:23.624+0000][72][gc,age      ] GC(8) Age table with threshold 6 (max threshold 15)
[2022-07-06T16:20:23.624+0000][72][gc,age      ] GC(8) - age   1:    1519392 bytes,    1519392 total
[2022-07-06T16:20:23.624+0000][72][gc,age      ] GC(8) - age   2:    3616808 bytes,    5136200 total
[2022-07-06T16:20:23.624+0000][72][gc,age      ] GC(8) - age   3:    3854656 bytes,    8990856 total
[2022-07-06T16:20:23.624+0000][72][gc,age      ] GC(8) - age   4:    6314304 bytes,   15305160 total
[2022-07-06T16:20:23.624+0000][72][gc,age      ] GC(8) - age   5:    2086232 bytes,   17391392 total
[2022-07-06T16:20:23.624+0000][72][gc,age      ] GC(8) - age   6:    1864384 bytes,   19255776 total
[2022-07-06T16:20:23.624+0000][72][gc,heap     ] GC(8) Eden regions: 26->0(70)
[2022-07-06T16:20:23.624+0000][72][gc,heap     ] GC(8) Survivor regions: 6->6(10)
[2022-07-06T16:20:23.624+0000][72][gc,heap     ] GC(8) Old regions: 1->2
[2022-07-06T16:20:23.624+0000][72][gc,heap     ] GC(8) Archive regions: 2->2
[2022-07-06T16:20:23.624+0000][72][gc,heap     ] GC(8) Humongous regions: 0->0
[2022-07-06T16:20:23.624+0000][72][gc,metaspace] GC(8) Metaspace: 35697K(36608K)->35697K(36608K) NonClass: 31435K(31936K)->31435K(31936K) Class: 4262K(4672K)->4262K(4672K)
[2022-07-06T16:20:23.624+0000][72][gc          ] GC(8) Pause Young (Concurrent Start) (Metadata GC Threshold) 132M->32M(512M) 19.339ms
[2022-07-06T16:20:23.624+0000][72][gc,cpu      ] GC(8) User=0.05s Sys=0.00s Real=0.02s
[2022-07-06T16:20:23.624+0000][72][gc          ] GC(9) Concurrent Mark Cycle
[2022-07-06T16:20:23.625+0000][72][gc,marking  ] GC(9) Concurrent Clear Claimed Marks
[2022-07-06T16:20:23.625+0000][72][gc,marking  ] GC(9) Concurrent Clear Claimed Marks 0.063ms
[2022-07-06T16:20:23.625+0000][72][gc,marking  ] GC(9) Concurrent Scan Root Regions
[2022-07-06T16:20:23.625+0000][72][safepoint   ] Safepoint "CollectForMetadataAllocation", Time since last: 593627995 ns, Reaching safepoint: 615880 ns, At safepoint: 19624216 ns, Total: 20240096 ns
[2022-07-06T16:20:23.638+0000][72][gc,marking  ] GC(9) Concurrent Scan Root Regions 12.895ms
[2022-07-06T16:20:23.638+0000][72][gc,marking  ] GC(9) Concurrent Mark
[2022-07-06T16:20:23.638+0000][72][gc,marking  ] GC(9) Concurrent Mark From Roots
[2022-07-06T16:20:23.638+0000][72][gc,task     ] GC(9) Using 2 workers of 2 for marking
[2022-07-06T16:20:23.644+0000][72][gc,marking  ] GC(9) Concurrent Mark From Roots 6.544ms
[2022-07-06T16:20:23.644+0000][72][gc,marking  ] GC(9) Concurrent Preclean
[2022-07-06T16:20:23.644+0000][72][gc,marking  ] GC(9) Concurrent Preclean 0.073ms
[2022-07-06T16:20:23.658+0000][72][gc,start    ] GC(9) Pause Remark
[2022-07-06T16:20:23.666+0000][72][gc          ] GC(9) Pause Remark 34M->34M(512M) 7.684ms
[2022-07-06T16:20:23.666+0000][72][gc,cpu      ] GC(9) User=0.00s Sys=0.01s Real=0.01s
[2022-07-06T16:20:23.666+0000][72][safepoint   ] Safepoint "G1Concurrent", Time since last: 19664098 ns, Reaching safepoint: 13475013 ns, At safepoint: 7796211 ns, Total: 21271224 ns
[2022-07-06T16:20:23.667+0000][72][gc,marking  ] GC(9) Concurrent Mark 29.276ms
[2022-07-06T16:20:23.667+0000][72][gc,marking  ] GC(9) Concurrent Rebuild Remembered Sets
[2022-07-06T16:20:23.667+0000][72][gc,marking  ] GC(9) Concurrent Rebuild Remembered Sets 0.007ms
[2022-07-06T16:20:23.667+0000][72][gc,start    ] GC(9) Pause Cleanup
[2022-07-06T16:20:23.667+0000][72][gc          ] GC(9) Pause Cleanup 34M->34M(512M) 0.044ms
[2022-07-06T16:20:23.667+0000][72][gc,cpu      ] GC(9) User=0.00s Sys=0.00s Real=0.00s
[2022-07-06T16:20:23.667+0000][72][safepoint   ] Safepoint "G1Concurrent", Time since last: 1362446 ns, Reaching safepoint: 347873 ns, At safepoint: 128870 ns, Total: 476743 ns
[2022-07-06T16:20:23.667+0000][72][gc,marking  ] GC(9) Concurrent Cleanup for Next Mark
[2022-07-06T16:20:23.680+0000][72][gc,marking  ] GC(9) Concurrent Cleanup for Next Mark 12.958ms
[2022-07-06T16:20:23.681+0000][72][gc          ] GC(9) Concurrent Mark Cycle 56.054ms
[2022-07-06T16:20:25.303+0000][72][safepoint   ] Safepoint "ICBufferFull", Time since last: 1635221681 ns, Reaching safepoint: 638001 ns, At safepoint: 10103 ns, Total: 648104 ns
[2022-07-06T16:20:26.310+0000][72][safepoint   ] Safepoint "Cleanup", Time since last: 1000694244 ns, Reaching safepoint: 6071488 ns, At safepoint: 13060 ns, Total: 6084548 ns
[2022-07-06T16:20:27.318+0000][72][safepoint   ] Safepoint "Cleanup", Time since last: 1007541002 ns, Reaching safepoint: 198717 ns, At safepoint: 6570 ns, Total: 205287 ns
[2022-07-06T16:20:28.286+0000][72][gc,start    ] GC(10) Pause Young (Normal) (G1 Evacuation Pause)
[2022-07-06T16:20:28.286+0000][72][gc,task     ] GC(10) Using 8 workers of 8 for evacuation
[2022-07-06T16:20:28.286+0000][72][gc,age      ] GC(10) Desired survivor size 20971520 bytes, new threshold 15 (max threshold 15)
[2022-07-06T16:20:28.325+0000][72][gc,phases   ] GC(10)   Pre Evacuate Collection Set: 0.2ms
[2022-07-06T16:20:28.325+0000][72][gc,phases   ] GC(10)   Merge Heap Roots: 0.1ms
[2022-07-06T16:20:28.325+0000][72][gc,phases   ] GC(10)   Evacuate Collection Set: 35.5ms
[2022-07-06T16:20:28.325+0000][72][gc,phases   ] GC(10)   Post Evacuate Collection Set: 3.0ms
[2022-07-06T16:20:28.325+0000][72][gc,phases   ] GC(10)   Other: 0.2ms
[2022-07-06T16:20:28.325+0000][72][gc,age      ] GC(10) Age table with threshold 15 (max threshold 15)
[2022-07-06T16:20:28.325+0000][72][gc,age      ] GC(10) - age   1:   19568984 bytes,   19568984 total
[2022-07-06T16:20:28.325+0000][72][gc,age      ] GC(10) - age   2:    1433976 bytes,   21002960 total
[2022-07-06T16:20:28.325+0000][72][gc,age      ] GC(10) - age   3:    3594848 bytes,   24597808 total
[2022-07-06T16:20:28.325+0000][72][gc,age      ] GC(10) - age   4:    3843944 bytes,   28441752 total
[2022-07-06T16:20:28.325+0000][72][gc,age      ] GC(10) - age   5:    6302136 bytes,   34743888 total
[2022-07-06T16:20:28.325+0000][72][gc,age      ] GC(10) - age   6:    2083264 bytes,   36827152 total
[2022-07-06T16:20:28.325+0000][72][gc,age      ] GC(10) - age   7:    1849000 bytes,   38676152 total
[2022-07-06T16:20:28.325+0000][72][gc,heap     ] GC(10) Eden regions: 70->0(66)
[2022-07-06T16:20:28.325+0000][72][gc,heap     ] GC(10) Survivor regions: 6->10(10)
[2022-07-06T16:20:28.325+0000][72][gc,heap     ] GC(10) Old regions: 2->2
[2022-07-06T16:20:28.325+0000][72][gc,heap     ] GC(10) Archive regions: 2->2
[2022-07-06T16:20:28.325+0000][72][gc,heap     ] GC(10) Humongous regions: 0->0
[2022-07-06T16:20:28.325+0000][72][gc,metaspace] GC(10) Metaspace: 46087K(47360K)->46087K(47360K) NonClass: 40329K(41088K)->40329K(41088K) Class: 5758K(6272K)->5758K(6272K)
[2022-07-06T16:20:28.325+0000][72][gc          ] GC(10) Pause Young (Normal) (G1 Evacuation Pause) 312M->50M(512M) 39.195ms
[2022-07-06T16:20:28.325+0000][72][gc,cpu      ] GC(10) User=0.15s Sys=0.01s Real=0.04s
[2022-07-06T16:20:28.325+0000][72][safepoint   ] Safepoint "G1CollectForAllocation", Time since last: 967295012 ns, Reaching safepoint: 486414 ns, At safepoint: 39365445 ns, Total: 39851859 ns
[2022-07-06T16:20:28.773+0000][72][gc,heap,exit] Heap
[2022-07-06T16:20:28.773+0000][72][gc,heap,exit]  garbage-first heap   total 524288K, used 137831K [0x00000000e0000000, 0x0000000100000000)
[2022-07-06T16:20:28.773+0000][72][gc,heap,exit]   region size 4096K, 31 young (126976K), 10 survivors (40960K)
[2022-07-06T16:20:28.773+0000][72][gc,heap,exit]  Metaspace       used 48521K, committed 49792K, reserved 1114112K
[2022-07-06T16:20:28.773+0000][72][gc,heap,exit]   class space    used 6009K, committed 6528K, reserved 1048576K
