[2022-07-06T16:20:11.223+0000][70][gc,init] CardTable entry size: 512
[2022-07-06T16:20:11.224+0000][70][gc     ] Using G1
[2022-07-06T16:20:11.377+0000][70][gc,init] Version: 18.0.1.1+2-6 (release)
[2022-07-06T16:20:11.377+0000][70][gc,init] CPUs: 8 total, 8 available
[2022-07-06T16:20:11.377+0000][70][gc,init] Memory: 7736M
[2022-07-06T16:20:11.377+0000][70][gc,init] Large Page Support: Disabled
[2022-07-06T16:20:11.377+0000][70][gc,init] NUMA Support: Disabled
[2022-07-06T16:20:11.377+0000][70][gc,init] Compressed Oops: Enabled (32-bit)
[2022-07-06T16:20:11.377+0000][70][gc,init] Heap Region Size: 4M
[2022-07-06T16:20:11.377+0000][70][gc,init] Heap Min Capacity: 512M
[2022-07-06T16:20:11.377+0000][70][gc,init] Heap Initial Capacity: 512M
[2022-07-06T16:20:11.377+0000][70][gc,init] Heap Max Capacity: 512M
[2022-07-06T16:20:11.377+0000][70][gc,init] Pre-touch: Enabled
[2022-07-06T16:20:11.377+0000][70][gc,init] Parallel Workers: 8
[2022-07-06T16:20:11.377+0000][70][gc,init] Concurrent Workers: 2
[2022-07-06T16:20:11.377+0000][70][gc,init] Concurrent Refinement Workers: 8
[2022-07-06T16:20:11.377+0000][70][gc,init] Periodic GC: Disabled
[2022-07-06T16:20:11.377+0000][70][gc,metaspace] CDS archive(s) mapped at: [0x0000000800000000-0x0000000800baf000-0x0000000800baf000), size 12251136, SharedBaseAddress: 0x0000000800000000, ArchiveRelocationMode: 0.
[2022-07-06T16:20:11.378+0000][70][gc,metaspace] Compressed class space mapped at: 0x0000000800c00000-0x0000000840c00000, reserved size: 1073741824
[2022-07-06T16:20:11.378+0000][70][gc,metaspace] Narrow klass base: 0x0000000800000000, Narrow klass shift: 0, Narrow klass range: 0x100000000
[2022-07-06T16:20:12.338+0000][70][safepoint   ] Safepoint "ICBufferFull", Time since last: 888529280 ns, Reaching safepoint: 8156652 ns, At safepoint: 15388 ns, Total: 8172040 ns
[2022-07-06T16:20:12.450+0000][70][gc,start    ] GC(0) Pause Young (Normal) (G1 Evacuation Pause)
[2022-07-06T16:20:12.451+0000][70][gc,task     ] GC(0) Using 8 workers of 8 for evacuation
[2022-07-06T16:20:12.451+0000][70][gc,age      ] GC(0) Desired survivor size 2097152 bytes, new threshold 15 (max threshold 15)
[2022-07-06T16:20:12.458+0000][70][gc,phases   ] GC(0)   Pre Evacuate Collection Set: 0.1ms
[2022-07-06T16:20:12.458+0000][70][gc,phases   ] GC(0)   Merge Heap Roots: 0.1ms
[2022-07-06T16:20:12.458+0000][70][gc,phases   ] GC(0)   Evacuate Collection Set: 6.8ms
[2022-07-06T16:20:12.458+0000][70][gc,phases   ] GC(0)   Post Evacuate Collection Set: 0.6ms
[2022-07-06T16:20:12.458+0000][70][gc,phases   ] GC(0)   Other: 0.1ms
[2022-07-06T16:20:12.458+0000][70][gc,age      ] GC(0) Age table with threshold 15 (max threshold 15)
[2022-07-06T16:20:12.458+0000][70][gc,age      ] GC(0) - age   1:    3321144 bytes,    3321144 total
[2022-07-06T16:20:12.458+0000][70][gc,heap     ] GC(0) Eden regions: 6->0(14)
[2022-07-06T16:20:12.458+0000][70][gc,heap     ] GC(0) Survivor regions: 0->1(1)
[2022-07-06T16:20:12.458+0000][70][gc,heap     ] GC(0) Old regions: 0->0
[2022-07-06T16:20:12.458+0000][70][gc,heap     ] GC(0) Archive regions: 2->2
[2022-07-06T16:20:12.458+0000][70][gc,heap     ] GC(0) Humongous regions: 0->0
[2022-07-06T16:20:12.458+0000][70][gc,metaspace] GC(0) Metaspace: 3496K(3712K)->3496K(3712K) NonClass: 3128K(3264K)->3128K(3264K) Class: 368K(448K)->368K(448K)
[2022-07-06T16:20:12.458+0000][70][gc          ] GC(0) Pause Young (Normal) (G1 Evacuation Pause) 27M->7M(512M) 7.956ms
[2022-07-06T16:20:12.458+0000][70][gc,cpu      ] GC(0) User=0.01s Sys=0.00s Real=0.00s
[2022-07-06T16:20:12.458+0000][70][safepoint   ] Safepoint "G1CollectForAllocation", Time since last: 112508073 ns, Reaching safepoint: 35319 ns, At safepoint: 8012468 ns, Total: 8047787 ns
[2022-07-06T16:20:13.781+0000][70][safepoint   ] Safepoint "ICBufferFull", Time since last: 1321067806 ns, Reaching safepoint: 1784355 ns, At safepoint: 16384 ns, Total: 1800739 ns
[2022-07-06T16:20:14.810+0000][70][safepoint   ] Safepoint "Cleanup", Time since last: 1028490240 ns, Reaching safepoint: 161796 ns, At safepoint: 7918 ns, Total: 169714 ns
[2022-07-06T16:20:15.511+0000][70][gc,start    ] GC(1) Pause Young (Normal) (G1 Evacuation Pause)
[2022-07-06T16:20:15.511+0000][70][gc,task     ] GC(1) Using 8 workers of 8 for evacuation
[2022-07-06T16:20:15.511+0000][70][gc,age      ] GC(1) Desired survivor size 4194304 bytes, new threshold 15 (max threshold 15)
[2022-07-06T16:20:15.526+0000][70][gc,phases   ] GC(1)   Pre Evacuate Collection Set: 0.1ms
[2022-07-06T16:20:15.526+0000][70][gc,phases   ] GC(1)   Merge Heap Roots: 0.0ms
[2022-07-06T16:20:15.526+0000][70][gc,phases   ] GC(1)   Evacuate Collection Set: 13.4ms
[2022-07-06T16:20:15.526+0000][70][gc,phases   ] GC(1)   Post Evacuate Collection Set: 1.6ms
[2022-07-06T16:20:15.526+0000][70][gc,phases   ] GC(1)   Other: 0.1ms
[2022-07-06T16:20:15.526+0000][70][gc,age      ] GC(1) Age table with threshold 15 (max threshold 15)
[2022-07-06T16:20:15.526+0000][70][gc,age      ] GC(1) - age   1:    5121744 bytes,    5121744 total
[2022-07-06T16:20:15.526+0000][70][gc,age      ] GC(1) - age   2:    3168112 bytes,    8289856 total
[2022-07-06T16:20:15.526+0000][70][gc,heap     ] GC(1) Eden regions: 14->0(21)
[2022-07-06T16:20:15.526+0000][70][gc,heap     ] GC(1) Survivor regions: 1->2(2)
[2022-07-06T16:20:15.526+0000][70][gc,heap     ] GC(1) Old regions: 0->1
[2022-07-06T16:20:15.526+0000][70][gc,heap     ] GC(1) Archive regions: 2->2
[2022-07-06T16:20:15.526+0000][70][gc,heap     ] GC(1) Humongous regions: 0->0
[2022-07-06T16:20:15.526+0000][70][gc,metaspace] GC(1) Metaspace: 14016K(14400K)->14016K(14400K) NonClass: 12348K(12544K)->12348K(12544K) Class: 1667K(1856K)->1667K(1856K)
[2022-07-06T16:20:15.526+0000][70][gc          ] GC(1) Pause Young (Normal) (G1 Evacuation Pause) 63M->11M(512M) 15.454ms
[2022-07-06T16:20:15.526+0000][70][gc,cpu      ] GC(1) User=0.02s Sys=0.00s Real=0.01s
[2022-07-06T16:20:15.526+0000][70][safepoint   ] Safepoint "G1CollectForAllocation", Time since last: 700456517 ns, Reaching safepoint: 126968 ns, At safepoint: 15519834 ns, Total: 15646802 ns
[2022-07-06T16:20:16.528+0000][70][safepoint   ] Safepoint "Cleanup", Time since last: 1000625011 ns, Reaching safepoint: 1073478 ns, At safepoint: 16187 ns, Total: 1089665 ns
[2022-07-06T16:20:17.611+0000][70][gc,start    ] GC(2) Pause Young (Normal) (G1 Evacuation Pause)
[2022-07-06T16:20:17.612+0000][70][gc,task     ] GC(2) Using 8 workers of 8 for evacuation
[2022-07-06T16:20:17.612+0000][70][gc,age      ] GC(2) Desired survivor size 6291456 bytes, new threshold 2 (max threshold 15)
[2022-07-06T16:20:17.631+0000][70][gc,phases   ] GC(2)   Pre Evacuate Collection Set: 0.1ms
[2022-07-06T16:20:17.631+0000][70][gc,phases   ] GC(2)   Merge Heap Roots: 0.1ms
[2022-07-06T16:20:17.631+0000][70][gc,phases   ] GC(2)   Evacuate Collection Set: 17.7ms
[2022-07-06T16:20:17.631+0000][70][gc,phases   ] GC(2)   Post Evacuate Collection Set: 1.5ms
[2022-07-06T16:20:17.631+0000][70][gc,phases   ] GC(2)   Other: 0.1ms
[2022-07-06T16:20:17.631+0000][70][gc,age      ] GC(2) Age table with threshold 2 (max threshold 15)
[2022-07-06T16:20:17.631+0000][70][gc,age      ] GC(2) - age   1:    4112448 bytes,    4112448 total
[2022-07-06T16:20:17.631+0000][70][gc,age      ] GC(2) - age   2:    4958608 bytes,    9071056 total
[2022-07-06T16:20:17.631+0000][70][gc,heap     ] GC(2) Eden regions: 21->0(52)
[2022-07-06T16:20:17.631+0000][70][gc,heap     ] GC(2) Survivor regions: 2->3(3)
[2022-07-06T16:20:17.631+0000][70][gc,heap     ] GC(2) Old regions: 1->1
[2022-07-06T16:20:17.631+0000][70][gc,heap     ] GC(2) Archive regions: 2->2
[2022-07-06T16:20:17.631+0000][70][gc,heap     ] GC(2) Humongous regions: 0->0
[2022-07-06T16:20:17.631+0000][70][gc,metaspace] GC(2) Metaspace: 17117K(17536K)->17117K(17536K) NonClass: 15121K(15360K)->15121K(15360K) Class: 1996K(2176K)->1996K(2176K)
[2022-07-06T16:20:17.631+0000][70][gc          ] GC(2) Pause Young (Normal) (G1 Evacuation Pause) 95M->15M(512M) 19.784ms
[2022-07-06T16:20:17.631+0000][70][gc,cpu      ] GC(2) User=0.05s Sys=0.00s Real=0.02s
[2022-07-06T16:20:17.631+0000][70][safepoint   ] Safepoint "G1CollectForAllocation", Time since last: 1083407739 ns, Reaching safepoint: 287013 ns, At safepoint: 19874772 ns, Total: 20161785 ns
[2022-07-06T16:20:18.658+0000][70][gc,start    ] GC(3) Pause Young (Concurrent Start) (Metadata GC Threshold)
[2022-07-06T16:20:18.658+0000][70][gc,task     ] GC(3) Using 8 workers of 8 for evacuation
[2022-07-06T16:20:18.658+0000][70][gc,age      ] GC(3) Desired survivor size 14680064 bytes, new threshold 15 (max threshold 15)
[2022-07-06T16:20:18.674+0000][70][gc,phases   ] GC(3)   Pre Evacuate Collection Set: 0.2ms
[2022-07-06T16:20:18.674+0000][70][gc,phases   ] GC(3)   Merge Heap Roots: 0.1ms
[2022-07-06T16:20:18.674+0000][70][gc,phases   ] GC(3)   Evacuate Collection Set: 14.2ms
[2022-07-06T16:20:18.674+0000][70][gc,phases   ] GC(3)   Post Evacuate Collection Set: 1.2ms
[2022-07-06T16:20:18.674+0000][70][gc,phases   ] GC(3)   Other: 0.1ms
[2022-07-06T16:20:18.674+0000][70][gc,age      ] GC(3) Age table with threshold 15 (max threshold 15)
[2022-07-06T16:20:18.674+0000][70][gc,age      ] GC(3) - age   1:    2175488 bytes,    2175488 total
[2022-07-06T16:20:18.674+0000][70][gc,age      ] GC(3) - age   2:    1883152 bytes,    4058640 total
[2022-07-06T16:20:18.674+0000][70][gc,age      ] GC(3) - age   3:    4954760 bytes,    9013400 total
[2022-07-06T16:20:18.674+0000][70][gc,heap     ] GC(3) Eden regions: 19->0(73)
[2022-07-06T16:20:18.674+0000][70][gc,heap     ] GC(3) Survivor regions: 3->3(7)
[2022-07-06T16:20:18.674+0000][70][gc,heap     ] GC(3) Old regions: 1->1
[2022-07-06T16:20:18.674+0000][70][gc,heap     ] GC(3) Archive regions: 2->2
[2022-07-06T16:20:18.674+0000][70][gc,heap     ] GC(3) Humongous regions: 0->0
[2022-07-06T16:20:18.674+0000][70][gc,metaspace] GC(3) Metaspace: 21078K(21504K)->21078K(21504K) NonClass: 18688K(18944K)->18688K(18944K) Class: 2390K(2560K)->2390K(2560K)
[2022-07-06T16:20:18.674+0000][70][gc          ] GC(3) Pause Young (Concurrent Start) (Metadata GC Threshold) 89M->15M(512M) 16.113ms
[2022-07-06T16:20:18.675+0000][70][gc,cpu      ] GC(3) User=0.04s Sys=0.00s Real=0.02s
[2022-07-06T16:20:18.675+0000][70][safepoint   ] Safepoint "CollectForMetadataAllocation", Time since last: 1026821914 ns, Reaching safepoint: 215736 ns, At safepoint: 16381241 ns, Total: 16596977 ns
[2022-07-06T16:20:18.678+0000][70][gc          ] GC(4) Concurrent Mark Cycle
[2022-07-06T16:20:18.678+0000][70][gc,marking  ] GC(4) Concurrent Clear Claimed Marks
[2022-07-06T16:20:18.679+0000][70][gc,marking  ] GC(4) Concurrent Clear Claimed Marks 0.063ms
[2022-07-06T16:20:18.679+0000][70][gc,marking  ] GC(4) Concurrent Scan Root Regions
[2022-07-06T16:20:18.703+0000][70][gc,marking  ] GC(4) Concurrent Scan Root Regions 24.377ms
[2022-07-06T16:20:18.703+0000][70][gc,marking  ] GC(4) Concurrent Mark
[2022-07-06T16:20:18.703+0000][70][gc,marking  ] GC(4) Concurrent Mark From Roots
[2022-07-06T16:20:18.703+0000][70][gc,task     ] GC(4) Using 2 workers of 2 for marking
[2022-07-06T16:20:18.736+0000][70][safepoint   ] Safepoint "CollectForMetadataAllocation", Time since last: 41076980 ns, Reaching safepoint: 19958606 ns, At safepoint: 88473 ns, Total: 20047079 ns
[2022-07-06T16:20:18.765+0000][70][gc,marking  ] GC(4) Concurrent Mark From Roots 61.992ms
[2022-07-06T16:20:18.765+0000][70][gc,marking  ] GC(4) Concurrent Preclean
[2022-07-06T16:20:18.765+0000][70][gc,marking  ] GC(4) Concurrent Preclean 0.036ms
[2022-07-06T16:20:18.776+0000][70][gc,start    ] GC(4) Pause Remark
[2022-07-06T16:20:18.784+0000][70][gc          ] GC(4) Pause Remark 18M->18M(512M) 8.667ms
[2022-07-06T16:20:18.784+0000][70][gc,cpu      ] GC(4) User=0.02s Sys=0.00s Real=0.01s
[2022-07-06T16:20:18.784+0000][70][safepoint   ] Safepoint "G1Concurrent", Time since last: 29441594 ns, Reaching safepoint: 10296455 ns, At safepoint: 8833498 ns, Total: 19129953 ns
[2022-07-06T16:20:18.784+0000][70][gc,marking  ] GC(4) Concurrent Mark 81.300ms
[2022-07-06T16:20:18.784+0000][70][gc,marking  ] GC(4) Concurrent Rebuild Remembered Sets
[2022-07-06T16:20:18.788+0000][70][gc,marking  ] GC(4) Concurrent Rebuild Remembered Sets 3.252ms
[2022-07-06T16:20:18.799+0000][70][gc,start    ] GC(4) Pause Cleanup
[2022-07-06T16:20:18.799+0000][70][gc          ] GC(4) Pause Cleanup 18M->18M(512M) 0.152ms
[2022-07-06T16:20:18.799+0000][70][gc,cpu      ] GC(4) User=0.00s Sys=0.00s Real=0.00s
[2022-07-06T16:20:18.799+0000][70][safepoint   ] Safepoint "G1Concurrent", Time since last: 3376643 ns, Reaching safepoint: 10832040 ns, At safepoint: 208578 ns, Total: 11040618 ns
[2022-07-06T16:20:18.799+0000][70][gc,marking  ] GC(4) Concurrent Cleanup for Next Mark
[2022-07-06T16:20:18.811+0000][70][gc,marking  ] GC(4) Concurrent Cleanup for Next Mark 12.150ms
[2022-07-06T16:20:18.811+0000][70][gc          ] GC(4) Concurrent Mark Cycle 132.694ms
[2022-07-06T16:20:19.846+0000][70][safepoint   ] Safepoint "ICBufferFull", Time since last: 1047173941 ns, Reaching safepoint: 206301 ns, At safepoint: 5075 ns, Total: 211376 ns
[2022-07-06T16:20:20.343+0000][70][gc,start    ] GC(5) Pause Young (Normal) (G1 Evacuation Pause)
[2022-07-06T16:20:20.343+0000][70][gc,task     ] GC(5) Using 8 workers of 8 for evacuation
[2022-07-06T16:20:20.343+0000][70][gc,age      ] GC(5) Desired survivor size 20971520 bytes, new threshold 15 (max threshold 15)
[2022-07-06T16:20:20.362+0000][70][gc,phases   ] GC(5)   Pre Evacuate Collection Set: 0.1ms
[2022-07-06T16:20:20.362+0000][70][gc,phases   ] GC(5)   Merge Heap Roots: 0.1ms
[2022-07-06T16:20:20.362+0000][70][gc,phases   ] GC(5)   Evacuate Collection Set: 17.0ms
[2022-07-06T16:20:20.362+0000][70][gc,phases   ] GC(5)   Post Evacuate Collection Set: 1.7ms
[2022-07-06T16:20:20.362+0000][70][gc,phases   ] GC(5)   Other: 0.1ms
[2022-07-06T16:20:20.362+0000][70][gc,age      ] GC(5) Age table with threshold 15 (max threshold 15)
[2022-07-06T16:20:20.362+0000][70][gc,age      ] GC(5) - age   1:    7611312 bytes,    7611312 total
[2022-07-06T16:20:20.362+0000][70][gc,age      ] GC(5) - age   2:    2103432 bytes,    9714744 total
[2022-07-06T16:20:20.362+0000][70][gc,age      ] GC(5) - age   3:    1880984 bytes,   11595728 total
[2022-07-06T16:20:20.362+0000][70][gc,age      ] GC(5) - age   4:    4953176 bytes,   16548904 total
[2022-07-06T16:20:20.362+0000][70][gc,heap     ] GC(5) Eden regions: 73->0(71)
[2022-07-06T16:20:20.362+0000][70][gc,heap     ] GC(5) Survivor regions: 3->5(10)
[2022-07-06T16:20:20.362+0000][70][gc,heap     ] GC(5) Old regions: 1->1
[2022-07-06T16:20:20.362+0000][70][gc,heap     ] GC(5) Archive regions: 2->2
[2022-07-06T16:20:20.362+0000][70][gc,heap     ] GC(5) Humongous regions: 0->0
[2022-07-06T16:20:20.362+0000][70][gc,metaspace] GC(5) Metaspace: 24690K(25280K)->24690K(25280K) NonClass: 21787K(22144K)->21787K(22144K) Class: 2903K(3136K)->2903K(3136K)
[2022-07-06T16:20:20.362+0000][70][gc          ] GC(5) Pause Young (Normal) (G1 Evacuation Pause) 307M->23M(512M) 19.297ms
[2022-07-06T16:20:20.362+0000][70][gc,cpu      ] GC(5) User=0.03s Sys=0.00s Real=0.02s
[2022-07-06T16:20:20.362+0000][70][safepoint   ] Safepoint "G1CollectForAllocation", Time since last: 496287020 ns, Reaching safepoint: 114751 ns, At safepoint: 19370304 ns, Total: 19485055 ns
[2022-07-06T16:20:21.630+0000][70][safepoint   ] Safepoint "Cleanup", Time since last: 1267628384 ns, Reaching safepoint: 391579 ns, At safepoint: 15200 ns, Total: 406779 ns
[2022-07-06T16:20:22.161+0000][70][gc,start    ] GC(6) Pause Young (Normal) (G1 Evacuation Pause)
[2022-07-06T16:20:22.161+0000][70][gc,task     ] GC(6) Using 8 workers of 8 for evacuation
[2022-07-06T16:20:22.161+0000][70][gc,age      ] GC(6) Desired survivor size 20971520 bytes, new threshold 15 (max threshold 15)
[2022-07-06T16:20:22.188+0000][70][gc,phases   ] GC(6)   Pre Evacuate Collection Set: 0.1ms
[2022-07-06T16:20:22.188+0000][70][gc,phases   ] GC(6)   Merge Heap Roots: 0.1ms
[2022-07-06T16:20:22.188+0000][70][gc,phases   ] GC(6)   Evacuate Collection Set: 24.3ms
[2022-07-06T16:20:22.188+0000][70][gc,phases   ] GC(6)   Post Evacuate Collection Set: 2.3ms
[2022-07-06T16:20:22.188+0000][70][gc,phases   ] GC(6)   Other: 0.1ms
[2022-07-06T16:20:22.188+0000][70][gc,age      ] GC(6) Age table with threshold 15 (max threshold 15)
[2022-07-06T16:20:22.188+0000][70][gc,age      ] GC(6) - age   1:    3660968 bytes,    3660968 total
[2022-07-06T16:20:22.188+0000][70][gc,age      ] GC(6) - age   2:    6299120 bytes,    9960088 total
[2022-07-06T16:20:22.188+0000][70][gc,age      ] GC(6) - age   3:    2100440 bytes,   12060528 total
[2022-07-06T16:20:22.188+0000][70][gc,age      ] GC(6) - age   4:    1858592 bytes,   13919120 total
[2022-07-06T16:20:22.188+0000][70][gc,age      ] GC(6) - age   5:    4944960 bytes,   18864080 total
[2022-07-06T16:20:22.188+0000][70][gc,heap     ] GC(6) Eden regions: 71->0(71)
[2022-07-06T16:20:22.188+0000][70][gc,heap     ] GC(6) Survivor regions: 5->5(10)
[2022-07-06T16:20:22.188+0000][70][gc,heap     ] GC(6) Old regions: 1->1
[2022-07-06T16:20:22.188+0000][70][gc,heap     ] GC(6) Archive regions: 2->2
[2022-07-06T16:20:22.188+0000][70][gc,heap     ] GC(6) Humongous regions: 0->0
[2022-07-06T16:20:22.188+0000][70][gc,metaspace] GC(6) Metaspace: 31187K(31872K)->31187K(31872K) NonClass: 27557K(27968K)->27557K(27968K) Class: 3630K(3904K)->3630K(3904K)
[2022-07-06T16:20:22.188+0000][70][gc          ] GC(6) Pause Young (Normal) (G1 Evacuation Pause) 307M->25M(512M) 27.201ms
[2022-07-06T16:20:22.188+0000][70][gc,cpu      ] GC(6) User=0.05s Sys=0.00s Real=0.02s
[2022-07-06T16:20:22.188+0000][70][safepoint   ] Safepoint "G1CollectForAllocation", Time since last: 530618667 ns, Reaching safepoint: 151140 ns, At safepoint: 27290526 ns, Total: 27441666 ns
[2022-07-06T16:20:23.190+0000][70][safepoint   ] Safepoint "Cleanup", Time since last: 1001103890 ns, Reaching safepoint: 285454 ns, At safepoint: 29208 ns, Total: 314662 ns
[2022-07-06T16:20:23.489+0000][70][gc,start    ] GC(7) Pause Young (Normal) (G1 Evacuation Pause)
[2022-07-06T16:20:23.489+0000][70][gc,task     ] GC(7) Using 8 workers of 8 for evacuation
[2022-07-06T16:20:23.489+0000][70][gc,age      ] GC(7) Desired survivor size 20971520 bytes, new threshold 15 (max threshold 15)
[2022-07-06T16:20:23.516+0000][70][gc,phases   ] GC(7)   Pre Evacuate Collection Set: 0.1ms
[2022-07-06T16:20:23.516+0000][70][gc,phases   ] GC(7)   Merge Heap Roots: 0.2ms
[2022-07-06T16:20:23.516+0000][70][gc,phases   ] GC(7)   Evacuate Collection Set: 24.4ms
[2022-07-06T16:20:23.516+0000][70][gc,phases   ] GC(7)   Post Evacuate Collection Set: 2.3ms
[2022-07-06T16:20:23.516+0000][70][gc,phases   ] GC(7)   Other: 0.1ms
[2022-07-06T16:20:23.516+0000][70][gc,age      ] GC(7) Age table with threshold 15 (max threshold 15)
[2022-07-06T16:20:23.516+0000][70][gc,age      ] GC(7) - age   1:    4512392 bytes,    4512392 total
[2022-07-06T16:20:23.516+0000][70][gc,age      ] GC(7) - age   2:    3641480 bytes,    8153872 total
[2022-07-06T16:20:23.516+0000][70][gc,age      ] GC(7) - age   3:    6293880 bytes,   14447752 total
[2022-07-06T16:20:23.516+0000][70][gc,age      ] GC(7) - age   4:    2099736 bytes,   16547488 total
[2022-07-06T16:20:23.516+0000][70][gc,age      ] GC(7) - age   5:    1856984 bytes,   18404472 total
[2022-07-06T16:20:23.516+0000][70][gc,age      ] GC(7) - age   6:    4941216 bytes,   23345688 total
[2022-07-06T16:20:23.516+0000][70][gc,heap     ] GC(7) Eden regions: 71->0(70)
[2022-07-06T16:20:23.516+0000][70][gc,heap     ] GC(7) Survivor regions: 5->6(10)
[2022-07-06T16:20:23.516+0000][70][gc,heap     ] GC(7) Old regions: 1->1
[2022-07-06T16:20:23.516+0000][70][gc,heap     ] GC(7) Archive regions: 2->2
[2022-07-06T16:20:23.516+0000][70][gc,heap     ] GC(7) Humongous regions: 0->0
[2022-07-06T16:20:23.516+0000][70][gc,metaspace] GC(7) Metaspace: 33637K(34432K)->33637K(34432K) NonClass: 29671K(30144K)->29671K(30144K) Class: 3965K(4288K)->3965K(4288K)
[2022-07-06T16:20:23.516+0000][70][gc          ] GC(7) Pause Young (Normal) (G1 Evacuation Pause) 309M->29M(512M) 27.399ms
[2022-07-06T16:20:23.516+0000][70][gc,cpu      ] GC(7) User=0.04s Sys=0.01s Real=0.03s
[2022-07-06T16:20:23.517+0000][70][safepoint   ] Safepoint "G1CollectForAllocation", Time since last: 299322392 ns, Reaching safepoint: 181685 ns, At safepoint: 27491698 ns, Total: 27673383 ns
[2022-07-06T16:20:24.248+0000][70][gc,start    ] GC(8) Pause Young (Concurrent Start) (Metadata GC Threshold)
[2022-07-06T16:20:24.248+0000][70][gc,task     ] GC(8) Using 8 workers of 8 for evacuation
[2022-07-06T16:20:24.248+0000][70][gc,age      ] GC(8) Desired survivor size 20971520 bytes, new threshold 6 (max threshold 15)
[2022-07-06T16:20:24.274+0000][70][gc,phases   ] GC(8)   Pre Evacuate Collection Set: 0.2ms
[2022-07-06T16:20:24.274+0000][70][gc,phases   ] GC(8)   Merge Heap Roots: 0.1ms
[2022-07-06T16:20:24.274+0000][70][gc,phases   ] GC(8)   Evacuate Collection Set: 23.3ms
[2022-07-06T16:20:24.274+0000][70][gc,phases   ] GC(8)   Post Evacuate Collection Set: 2.0ms
[2022-07-06T16:20:24.274+0000][70][gc,phases   ] GC(8)   Other: 0.2ms
[2022-07-06T16:20:24.274+0000][70][gc,age      ] GC(8) Age table with threshold 6 (max threshold 15)
[2022-07-06T16:20:24.274+0000][70][gc,age      ] GC(8) - age   1:    1648568 bytes,    1648568 total
[2022-07-06T16:20:24.274+0000][70][gc,age      ] GC(8) - age   2:    3832720 bytes,    5481288 total
[2022-07-06T16:20:24.274+0000][70][gc,age      ] GC(8) - age   3:    3620112 bytes,    9101400 total
[2022-07-06T16:20:24.274+0000][70][gc,age      ] GC(8) - age   4:    6269056 bytes,   15370456 total
[2022-07-06T16:20:24.274+0000][70][gc,age      ] GC(8) - age   5:    2086400 bytes,   17456856 total
[2022-07-06T16:20:24.274+0000][70][gc,age      ] GC(8) - age   6:    1770832 bytes,   19227688 total
[2022-07-06T16:20:24.274+0000][70][gc,heap     ] GC(8) Eden regions: 43->0(71)
[2022-07-06T16:20:24.274+0000][70][gc,heap     ] GC(8) Survivor regions: 6->5(10)
[2022-07-06T16:20:24.274+0000][70][gc,heap     ] GC(8) Old regions: 1->2
[2022-07-06T16:20:24.274+0000][70][gc,heap     ] GC(8) Archive regions: 2->2
[2022-07-06T16:20:24.274+0000][70][gc,heap     ] GC(8) Humongous regions: 0->0
[2022-07-06T16:20:24.274+0000][70][gc,metaspace] GC(8) Metaspace: 35850K(36736K)->35850K(36736K) NonClass: 31555K(32064K)->31555K(32064K) Class: 4295K(4672K)->4295K(4672K)
[2022-07-06T16:20:24.274+0000][70][gc          ] GC(8) Pause Young (Concurrent Start) (Metadata GC Threshold) 199M->31M(512M) 26.295ms
[2022-07-06T16:20:24.274+0000][70][gc,cpu      ] GC(8) User=0.06s Sys=0.00s Real=0.03s
[2022-07-06T16:20:24.274+0000][70][gc          ] GC(9) Concurrent Mark Cycle
[2022-07-06T16:20:24.274+0000][70][gc,marking  ] GC(9) Concurrent Clear Claimed Marks
[2022-07-06T16:20:24.274+0000][70][safepoint   ] Safepoint "CollectForMetadataAllocation", Time since last: 730898076 ns, Reaching safepoint: 182553 ns, At safepoint: 26508703 ns, Total: 26691256 ns
[2022-07-06T16:20:24.274+0000][70][gc,marking  ] GC(9) Concurrent Clear Claimed Marks 0.069ms
[2022-07-06T16:20:24.274+0000][70][gc,marking  ] GC(9) Concurrent Scan Root Regions
[2022-07-06T16:20:24.288+0000][70][gc,marking  ] GC(9) Concurrent Scan Root Regions 14.009ms
[2022-07-06T16:20:24.288+0000][70][gc,marking  ] GC(9) Concurrent Mark
[2022-07-06T16:20:24.288+0000][70][gc,marking  ] GC(9) Concurrent Mark From Roots
[2022-07-06T16:20:24.288+0000][70][gc,task     ] GC(9) Using 2 workers of 2 for marking
[2022-07-06T16:20:24.295+0000][70][gc,marking  ] GC(9) Concurrent Mark From Roots 6.378ms
[2022-07-06T16:20:24.295+0000][70][gc,marking  ] GC(9) Concurrent Preclean
[2022-07-06T16:20:24.295+0000][70][gc,marking  ] GC(9) Concurrent Preclean 0.038ms
[2022-07-06T16:20:24.295+0000][70][gc,start    ] GC(9) Pause Remark
[2022-07-06T16:20:24.301+0000][70][gc          ] GC(9) Pause Remark 33M->33M(512M) 6.397ms
[2022-07-06T16:20:24.301+0000][70][gc,cpu      ] GC(9) User=0.01s Sys=0.00s Real=0.00s
[2022-07-06T16:20:24.301+0000][70][safepoint   ] Safepoint "G1Concurrent", Time since last: 20600348 ns, Reaching safepoint: 49255 ns, At safepoint: 6508680 ns, Total: 6557935 ns
[2022-07-06T16:20:24.301+0000][70][gc,marking  ] GC(9) Concurrent Mark 13.106ms
[2022-07-06T16:20:24.301+0000][70][gc,marking  ] GC(9) Concurrent Rebuild Remembered Sets
[2022-07-06T16:20:24.301+0000][70][gc,marking  ] GC(9) Concurrent Rebuild Remembered Sets 0.005ms
[2022-07-06T16:20:24.301+0000][70][gc,start    ] GC(9) Pause Cleanup
[2022-07-06T16:20:24.301+0000][70][gc          ] GC(9) Pause Cleanup 33M->33M(512M) 0.009ms
[2022-07-06T16:20:24.301+0000][70][gc,cpu      ] GC(9) User=0.00s Sys=0.00s Real=0.00s
[2022-07-06T16:20:24.301+0000][70][safepoint   ] Safepoint "G1Concurrent", Time since last: 63572 ns, Reaching safepoint: 18807 ns, At safepoint: 61177 ns, Total: 79984 ns
[2022-07-06T16:20:24.301+0000][70][gc,marking  ] GC(9) Concurrent Cleanup for Next Mark
[2022-07-06T16:20:24.302+0000][70][gc,marking  ] GC(9) Concurrent Cleanup for Next Mark 0.529ms
[2022-07-06T16:20:24.302+0000][70][gc          ] GC(9) Concurrent Mark Cycle 27.983ms
[2022-07-06T16:20:25.889+0000][70][safepoint   ] Safepoint "ICBufferFull", Time since last: 1587063716 ns, Reaching safepoint: 330313 ns, At safepoint: 59042 ns, Total: 389355 ns
[2022-07-06T16:20:27.745+0000][70][safepoint   ] Safepoint "Cleanup", Time since last: 1854575232 ns, Reaching safepoint: 1094645 ns, At safepoint: 15612 ns, Total: 1110257 ns
[2022-07-06T16:20:28.533+0000][70][gc,start    ] GC(10) Pause Young (Normal) (G1 Evacuation Pause)
[2022-07-06T16:20:28.533+0000][70][gc,task     ] GC(10) Using 8 workers of 8 for evacuation
[2022-07-06T16:20:28.533+0000][70][gc,age      ] GC(10) Desired survivor size 20971520 bytes, new threshold 15 (max threshold 15)
[2022-07-06T16:20:28.574+0000][70][gc,phases   ] GC(10)   Pre Evacuate Collection Set: 0.1ms
[2022-07-06T16:20:28.574+0000][70][gc,phases   ] GC(10)   Merge Heap Roots: 0.1ms
[2022-07-06T16:20:28.574+0000][70][gc,phases   ] GC(10)   Evacuate Collection Set: 37.2ms
[2022-07-06T16:20:28.574+0000][70][gc,phases   ] GC(10)   Post Evacuate Collection Set: 2.8ms
[2022-07-06T16:20:28.574+0000][70][gc,phases   ] GC(10)   Other: 0.1ms
[2022-07-06T16:20:28.574+0000][70][gc,age      ] GC(10) Age table with threshold 15 (max threshold 15)
[2022-07-06T16:20:28.574+0000][70][gc,age      ] GC(10) - age   1:   19779632 bytes,   19779632 total
[2022-07-06T16:20:28.574+0000][70][gc,age      ] GC(10) - age   2:    1533248 bytes,   21312880 total
[2022-07-06T16:20:28.574+0000][70][gc,age      ] GC(10) - age   3:    3810288 bytes,   25123168 total
[2022-07-06T16:20:28.574+0000][70][gc,age      ] GC(10) - age   4:    3610048 bytes,   28733216 total
[2022-07-06T16:20:28.574+0000][70][gc,age      ] GC(10) - age   5:    6257096 bytes,   34990312 total
[2022-07-06T16:20:28.574+0000][70][gc,age      ] GC(10) - age   6:    2083464 bytes,   37073776 total
[2022-07-06T16:20:28.574+0000][70][gc,age      ] GC(10) - age   7:    1755608 bytes,   38829384 total
[2022-07-06T16:20:28.574+0000][70][gc,heap     ] GC(10) Eden regions: 71->0(66)
[2022-07-06T16:20:28.574+0000][70][gc,heap     ] GC(10) Survivor regions: 5->10(10)
[2022-07-06T16:20:28.574+0000][70][gc,heap     ] GC(10) Old regions: 2->2
[2022-07-06T16:20:28.574+0000][70][gc,heap     ] GC(10) Archive regions: 2->2
[2022-07-06T16:20:28.574+0000][70][gc,heap     ] GC(10) Humongous regions: 0->0
[2022-07-06T16:20:28.574+0000][70][gc,metaspace] GC(10) Metaspace: 46670K(47936K)->46670K(47936K) NonClass: 40836K(41600K)->40836K(41600K) Class: 5834K(6336K)->5834K(6336K)
[2022-07-06T16:20:28.574+0000][70][gc          ] GC(10) Pause Young (Normal) (G1 Evacuation Pause) 315M->50M(512M) 40.671ms
[2022-07-06T16:20:28.574+0000][70][gc,cpu      ] GC(10) User=0.13s Sys=0.00s Real=0.04s
[2022-07-06T16:20:28.574+0000][70][safepoint   ] Safepoint "G1CollectForAllocation", Time since last: 788624419 ns, Reaching safepoint: 169207 ns, At safepoint: 40756060 ns, Total: 40925267 ns
[2022-07-06T16:20:28.874+0000][70][gc,heap,exit] Heap
[2022-07-06T16:20:28.874+0000][70][gc,heap,exit]  garbage-first heap   total 524288K, used 129326K [0x00000000e0000000, 0x0000000100000000)
[2022-07-06T16:20:28.874+0000][70][gc,heap,exit]   region size 4096K, 30 young (122880K), 10 survivors (40960K)
[2022-07-06T16:20:28.874+0000][70][gc,heap,exit]  Metaspace       used 48543K, committed 49792K, reserved 1114112K
[2022-07-06T16:20:28.874+0000][70][gc,heap,exit]   class space    used 6007K, committed 6528K, reserved 1048576K
