[2022-07-06T16:56:08.057+0000][69][gc,init] CardTable entry size: 512
[2022-07-06T16:56:08.057+0000][69][gc     ] Using G1
[2022-07-06T16:56:26.692+0000][69][gc,init] Version: 18.0.1.1+2-6 (release)
[2022-07-06T16:56:26.692+0000][69][gc,init] CPUs: 8 total, 8 available
[2022-07-06T16:56:26.692+0000][69][gc,init] Memory: 7736M
[2022-07-06T16:56:26.692+0000][69][gc,init] Large Page Support: Disabled
[2022-07-06T16:56:26.692+0000][69][gc,init] NUMA Support: Disabled
[2022-07-06T16:56:26.692+0000][69][gc,init] Compressed Oops: Enabled (32-bit)
[2022-07-06T16:56:26.692+0000][69][gc,init] Heap Region Size: 4M
[2022-07-06T16:56:26.692+0000][69][gc,init] Heap Min Capacity: 512M
[2022-07-06T16:56:26.692+0000][69][gc,init] Heap Initial Capacity: 512M
[2022-07-06T16:56:26.692+0000][69][gc,init] Heap Max Capacity: 512M
[2022-07-06T16:56:26.692+0000][69][gc,init] Pre-touch: Enabled
[2022-07-06T16:56:26.692+0000][69][gc,init] Parallel Workers: 8
[2022-07-06T16:56:26.692+0000][69][gc,init] Concurrent Workers: 2
[2022-07-06T16:56:26.692+0000][69][gc,init] Concurrent Refinement Workers: 8
[2022-07-06T16:56:26.692+0000][69][gc,init] Periodic GC: Disabled
[2022-07-06T16:56:26.692+0000][69][gc,metaspace] CDS archive(s) mapped at: [0x0000000800000000-0x0000000800baf000-0x0000000800baf000), size 12251136, SharedBaseAddress: 0x0000000800000000, ArchiveRelocationMode: 0.
[2022-07-06T16:56:26.692+0000][69][gc,metaspace] Compressed class space mapped at: 0x0000000800c00000-0x0000000840c00000, reserved size: 1073741824
[2022-07-06T16:56:26.692+0000][69][gc,metaspace] Narrow klass base: 0x0000000800000000, Narrow klass shift: 0, Narrow klass range: 0x100000000
[2022-07-06T16:56:27.613+0000][69][safepoint   ] Safepoint "ICBufferFull", Time since last: 904952352 ns, Reaching safepoint: 3648058 ns, At safepoint: 22961 ns, Total: 3671019 ns
[2022-07-06T16:56:27.820+0000][69][gc,start    ] GC(0) Pause Young (Normal) (G1 Evacuation Pause)
[2022-07-06T16:56:27.820+0000][69][gc,task     ] GC(0) Using 8 workers of 8 for evacuation
[2022-07-06T16:56:27.820+0000][69][gc,age      ] GC(0) Desired survivor size 2097152 bytes, new threshold 15 (max threshold 15)
[2022-07-06T16:56:27.825+0000][69][gc,phases   ] GC(0)   Pre Evacuate Collection Set: 0.1ms
[2022-07-06T16:56:27.825+0000][69][gc,phases   ] GC(0)   Merge Heap Roots: 0.1ms
[2022-07-06T16:56:27.825+0000][69][gc,phases   ] GC(0)   Evacuate Collection Set: 3.7ms
[2022-07-06T16:56:27.825+0000][69][gc,phases   ] GC(0)   Post Evacuate Collection Set: 0.5ms
[2022-07-06T16:56:27.825+0000][69][gc,phases   ] GC(0)   Other: 0.1ms
[2022-07-06T16:56:27.825+0000][69][gc,age      ] GC(0) Age table with threshold 15 (max threshold 15)
[2022-07-06T16:56:27.825+0000][69][gc,age      ] GC(0) - age   1:    3322024 bytes,    3322024 total
[2022-07-06T16:56:27.825+0000][69][gc,heap     ] GC(0) Eden regions: 6->0(14)
[2022-07-06T16:56:27.825+0000][69][gc,heap     ] GC(0) Survivor regions: 0->1(1)
[2022-07-06T16:56:27.825+0000][69][gc,heap     ] GC(0) Old regions: 0->0
[2022-07-06T16:56:27.825+0000][69][gc,heap     ] GC(0) Archive regions: 2->2
[2022-07-06T16:56:27.825+0000][69][gc,heap     ] GC(0) Humongous regions: 0->0
[2022-07-06T16:56:27.825+0000][69][gc,metaspace] GC(0) Metaspace: 3538K(3712K)->3538K(3712K) NonClass: 3170K(3264K)->3170K(3264K) Class: 368K(448K)->368K(448K)
[2022-07-06T16:56:27.825+0000][69][gc          ] GC(0) Pause Young (Normal) (G1 Evacuation Pause) 27M->7M(512M) 4.655ms
[2022-07-06T16:56:27.825+0000][69][gc,cpu      ] GC(0) User=0.01s Sys=0.00s Real=0.00s
[2022-07-06T16:56:27.825+0000][69][safepoint   ] Safepoint "G1CollectForAllocation", Time since last: 207166924 ns, Reaching safepoint: 111791 ns, At safepoint: 4747628 ns, Total: 4859419 ns
[2022-07-06T16:56:28.900+0000][69][safepoint   ] Safepoint "ICBufferFull", Time since last: 1056006905 ns, Reaching safepoint: 19122097 ns, At safepoint: 18788 ns, Total: 19140885 ns
[2022-07-06T16:56:29.901+0000][69][safepoint   ] Safepoint "Cleanup", Time since last: 1000303340 ns, Reaching safepoint: 140272 ns, At safepoint: 5183 ns, Total: 145455 ns
[2022-07-06T16:56:31.127+0000][69][safepoint   ] Safepoint "Cleanup", Time since last: 1221236618 ns, Reaching safepoint: 5070235 ns, At safepoint: 41213 ns, Total: 5111448 ns
[2022-07-06T16:56:31.208+0000][69][gc,start    ] GC(1) Pause Young (Normal) (G1 Evacuation Pause)
[2022-07-06T16:56:31.208+0000][69][gc,task     ] GC(1) Using 8 workers of 8 for evacuation
[2022-07-06T16:56:31.208+0000][69][gc,age      ] GC(1) Desired survivor size 4194304 bytes, new threshold 15 (max threshold 15)
[2022-07-06T16:56:31.232+0000][69][gc,phases   ] GC(1)   Pre Evacuate Collection Set: 0.1ms
[2022-07-06T16:56:31.233+0000][69][gc,phases   ] GC(1)   Merge Heap Roots: 0.0ms
[2022-07-06T16:56:31.233+0000][69][gc,phases   ] GC(1)   Evacuate Collection Set: 19.8ms
[2022-07-06T16:56:31.233+0000][69][gc,phases   ] GC(1)   Post Evacuate Collection Set: 4.2ms
[2022-07-06T16:56:31.233+0000][69][gc,phases   ] GC(1)   Other: 0.1ms
[2022-07-06T16:56:31.233+0000][69][gc,age      ] GC(1) Age table with threshold 15 (max threshold 15)
[2022-07-06T16:56:31.233+0000][69][gc,age      ] GC(1) - age   1:    5264344 bytes,    5264344 total
[2022-07-06T16:56:31.233+0000][69][gc,age      ] GC(1) - age   2:    3070536 bytes,    8334880 total
[2022-07-06T16:56:31.233+0000][69][gc,heap     ] GC(1) Eden regions: 14->0(20)
[2022-07-06T16:56:31.233+0000][69][gc,heap     ] GC(1) Survivor regions: 1->2(2)
[2022-07-06T16:56:31.233+0000][69][gc,heap     ] GC(1) Old regions: 0->1
[2022-07-06T16:56:31.233+0000][69][gc,heap     ] GC(1) Archive regions: 2->2
[2022-07-06T16:56:31.233+0000][69][gc,heap     ] GC(1) Humongous regions: 0->0
[2022-07-06T16:56:31.233+0000][69][gc,metaspace] GC(1) Metaspace: 12810K(13184K)->12810K(13184K) NonClass: 11261K(11456K)->11261K(11456K) Class: 1549K(1728K)->1549K(1728K)
[2022-07-06T16:56:31.233+0000][69][gc          ] GC(1) Pause Young (Normal) (G1 Evacuation Pause) 63M->12M(512M) 24.513ms
[2022-07-06T16:56:31.233+0000][69][gc,cpu      ] GC(1) User=0.04s Sys=0.00s Real=0.03s
[2022-07-06T16:56:31.233+0000][69][safepoint   ] Safepoint "G1CollectForAllocation", Time since last: 81131573 ns, Reaching safepoint: 162227 ns, At safepoint: 24611181 ns, Total: 24773408 ns
[2022-07-06T16:56:32.382+0000][69][safepoint   ] Safepoint "Cleanup", Time since last: 1143685413 ns, Reaching safepoint: 5190396 ns, At safepoint: 17585 ns, Total: 5207981 ns
[2022-07-06T16:56:34.008+0000][69][gc,start    ] GC(2) Pause Young (Normal) (G1 Evacuation Pause)
[2022-07-06T16:56:34.008+0000][69][gc,task     ] GC(2) Using 8 workers of 8 for evacuation
[2022-07-06T16:56:34.008+0000][69][gc,age      ] GC(2) Desired survivor size 6291456 bytes, new threshold 2 (max threshold 15)
[2022-07-06T16:56:34.097+0000][69][gc,phases   ] GC(2)   Pre Evacuate Collection Set: 0.1ms
[2022-07-06T16:56:34.097+0000][69][gc,phases   ] GC(2)   Merge Heap Roots: 0.1ms
[2022-07-06T16:56:34.097+0000][69][gc,phases   ] GC(2)   Evacuate Collection Set: 72.0ms
[2022-07-06T16:56:34.097+0000][69][gc,phases   ] GC(2)   Post Evacuate Collection Set: 16.2ms
[2022-07-06T16:56:34.097+0000][69][gc,phases   ] GC(2)   Other: 0.1ms
[2022-07-06T16:56:34.097+0000][69][gc,age      ] GC(2) Age table with threshold 2 (max threshold 15)
[2022-07-06T16:56:34.097+0000][69][gc,age      ] GC(2) - age   1:    4249696 bytes,    4249696 total
[2022-07-06T16:56:34.097+0000][69][gc,age      ] GC(2) - age   2:    5176376 bytes,    9426072 total
[2022-07-06T16:56:34.097+0000][69][gc,heap     ] GC(2) Eden regions: 20->0(63)
[2022-07-06T16:56:34.097+0000][69][gc,heap     ] GC(2) Survivor regions: 2->3(3)
[2022-07-06T16:56:34.097+0000][69][gc,heap     ] GC(2) Old regions: 1->1
[2022-07-06T16:56:34.101+0000][69][gc,heap     ] GC(2) Archive regions: 2->2
[2022-07-06T16:56:34.101+0000][69][gc,heap     ] GC(2) Humongous regions: 0->0
[2022-07-06T16:56:34.101+0000][69][gc,metaspace] GC(2) Metaspace: 17083K(17536K)->17083K(17536K) NonClass: 15085K(15296K)->15085K(15296K) Class: 1997K(2240K)->1997K(2240K)
[2022-07-06T16:56:34.101+0000][69][gc          ] GC(2) Pause Young (Normal) (G1 Evacuation Pause) 92M->16M(512M) 92.717ms
[2022-07-06T16:56:34.101+0000][69][gc,cpu      ] GC(2) User=0.22s Sys=0.00s Real=0.10s
[2022-07-06T16:56:34.101+0000][69][safepoint   ] Safepoint "G1CollectForAllocation", Time since last: 1626122302 ns, Reaching safepoint: 274356 ns, At safepoint: 92840155 ns, Total: 93114511 ns
[2022-07-06T16:56:35.185+0000][69][gc,start    ] GC(3) Pause Young (Concurrent Start) (Metadata GC Threshold)
[2022-07-06T16:56:35.185+0000][69][gc,task     ] GC(3) Using 8 workers of 8 for evacuation
[2022-07-06T16:56:35.185+0000][69][gc,age      ] GC(3) Desired survivor size 18874368 bytes, new threshold 15 (max threshold 15)
[2022-07-06T16:56:35.204+0000][69][gc,phases   ] GC(3)   Pre Evacuate Collection Set: 0.3ms
[2022-07-06T16:56:35.204+0000][69][gc,phases   ] GC(3)   Merge Heap Roots: 0.1ms
[2022-07-06T16:56:35.204+0000][69][gc,phases   ] GC(3)   Evacuate Collection Set: 17.5ms
[2022-07-06T16:56:35.204+0000][69][gc,phases   ] GC(3)   Post Evacuate Collection Set: 0.9ms
[2022-07-06T16:56:35.204+0000][69][gc,phases   ] GC(3)   Other: 0.2ms
[2022-07-06T16:56:35.204+0000][69][gc,age      ] GC(3) Age table with threshold 15 (max threshold 15)
[2022-07-06T16:56:35.204+0000][69][gc,age      ] GC(3) - age   1:    2198984 bytes,    2198984 total
[2022-07-06T16:56:35.204+0000][69][gc,age      ] GC(3) - age   2:    2161848 bytes,    4360832 total
[2022-07-06T16:56:35.204+0000][69][gc,age      ] GC(3) - age   3:    5172712 bytes,    9533544 total
[2022-07-06T16:56:35.204+0000][69][gc,heap     ] GC(3) Eden regions: 20->0(73)
[2022-07-06T16:56:35.204+0000][69][gc,heap     ] GC(3) Survivor regions: 3->3(9)
[2022-07-06T16:56:35.204+0000][69][gc,heap     ] GC(3) Old regions: 1->1
[2022-07-06T16:56:35.204+0000][69][gc,heap     ] GC(3) Archive regions: 2->2
[2022-07-06T16:56:35.204+0000][69][gc,heap     ] GC(3) Humongous regions: 0->0
[2022-07-06T16:56:35.204+0000][69][gc,metaspace] GC(3) Metaspace: 21058K(21504K)->21058K(21504K) NonClass: 18664K(18880K)->18664K(18880K) Class: 2394K(2624K)->2394K(2624K)
[2022-07-06T16:56:35.204+0000][69][gc          ] GC(3) Pause Young (Concurrent Start) (Metadata GC Threshold) 95M->16M(512M) 19.214ms
[2022-07-06T16:56:35.204+0000][69][gc          ] GC(4) Concurrent Mark Cycle
[2022-07-06T16:56:35.204+0000][69][gc,marking  ] GC(4) Concurrent Clear Claimed Marks
[2022-07-06T16:56:35.204+0000][69][gc,marking  ] GC(4) Concurrent Clear Claimed Marks 0.049ms
[2022-07-06T16:56:35.204+0000][69][gc,marking  ] GC(4) Concurrent Scan Root Regions
[2022-07-06T16:56:35.204+0000][69][gc,cpu      ] GC(3) User=0.05s Sys=0.00s Real=0.02s
[2022-07-06T16:56:35.205+0000][69][safepoint   ] Safepoint "CollectForMetadataAllocation", Time since last: 1083882676 ns, Reaching safepoint: 181787 ns, At safepoint: 19656222 ns, Total: 19838009 ns
[2022-07-06T16:56:35.231+0000][69][gc,marking  ] GC(4) Concurrent Scan Root Regions 27.108ms
[2022-07-06T16:56:35.232+0000][69][gc,marking  ] GC(4) Concurrent Mark
[2022-07-06T16:56:35.232+0000][69][gc,marking  ] GC(4) Concurrent Mark From Roots
[2022-07-06T16:56:35.232+0000][69][gc,task     ] GC(4) Using 2 workers of 2 for marking
[2022-07-06T16:56:35.238+0000][69][gc,marking  ] GC(4) Concurrent Mark From Roots 6.926ms
[2022-07-06T16:56:35.239+0000][69][gc,marking  ] GC(4) Concurrent Preclean
[2022-07-06T16:56:35.239+0000][69][gc,marking  ] GC(4) Concurrent Preclean 0.040ms
[2022-07-06T16:56:35.277+0000][69][gc,start    ] GC(4) Pause Remark
[2022-07-06T16:56:35.292+0000][69][gc          ] GC(4) Pause Remark 18M->18M(512M) 15.683ms
[2022-07-06T16:56:35.292+0000][69][gc,cpu      ] GC(4) User=0.02s Sys=0.00s Real=0.02s
[2022-07-06T16:56:35.292+0000][69][safepoint   ] Safepoint "G1Concurrent", Time since last: 53839680 ns, Reaching safepoint: 18084088 ns, At safepoint: 15825691 ns, Total: 33909779 ns
[2022-07-06T16:56:35.300+0000][69][gc,marking  ] GC(4) Concurrent Mark 68.859ms
[2022-07-06T16:56:35.300+0000][69][gc,marking  ] GC(4) Concurrent Rebuild Remembered Sets
[2022-07-06T16:56:35.305+0000][69][gc,marking  ] GC(4) Concurrent Rebuild Remembered Sets 4.106ms
[2022-07-06T16:56:35.305+0000][69][gc,start    ] GC(4) Pause Cleanup
[2022-07-06T16:56:35.305+0000][69][gc          ] GC(4) Pause Cleanup 19M->19M(512M) 0.154ms
[2022-07-06T16:56:35.305+0000][69][gc,cpu      ] GC(4) User=0.00s Sys=0.00s Real=0.00s
[2022-07-06T16:56:35.305+0000][69][safepoint   ] Safepoint "G1Concurrent", Time since last: 12305402 ns, Reaching safepoint: 60601 ns, At safepoint: 328976 ns, Total: 389577 ns
[2022-07-06T16:56:35.305+0000][69][gc,marking  ] GC(4) Concurrent Cleanup for Next Mark
[2022-07-06T16:56:35.306+0000][69][gc,marking  ] GC(4) Concurrent Cleanup for Next Mark 1.017ms
[2022-07-06T16:56:35.306+0000][69][gc          ] GC(4) Concurrent Mark Cycle 101.939ms
[2022-07-06T16:56:36.568+0000][69][safepoint   ] Safepoint "Cleanup", Time since last: 1262504955 ns, Reaching safepoint: 823022 ns, At safepoint: 10547 ns, Total: 833569 ns
[2022-07-06T16:56:37.355+0000][69][gc,start    ] GC(5) Pause Young (Normal) (G1 Evacuation Pause)
[2022-07-06T16:56:37.355+0000][69][gc,task     ] GC(5) Using 8 workers of 8 for evacuation
[2022-07-06T16:56:37.355+0000][69][gc,age      ] GC(5) Desired survivor size 20971520 bytes, new threshold 15 (max threshold 15)
[2022-07-06T16:56:37.375+0000][69][gc,phases   ] GC(5)   Pre Evacuate Collection Set: 0.4ms
[2022-07-06T16:56:37.375+0000][69][gc,phases   ] GC(5)   Merge Heap Roots: 0.3ms
[2022-07-06T16:56:37.375+0000][69][gc,phases   ] GC(5)   Evacuate Collection Set: 17.5ms
[2022-07-06T16:56:37.375+0000][69][gc,phases   ] GC(5)   Post Evacuate Collection Set: 1.8ms
[2022-07-06T16:56:37.375+0000][69][gc,phases   ] GC(5)   Other: 0.1ms
[2022-07-06T16:56:37.375+0000][69][gc,age      ] GC(5) Age table with threshold 15 (max threshold 15)
[2022-07-06T16:56:37.375+0000][69][gc,age      ] GC(5) - age   1:    6939080 bytes,    6939080 total
[2022-07-06T16:56:37.375+0000][69][gc,age      ] GC(5) - age   2:    2126320 bytes,    9065400 total
[2022-07-06T16:56:37.375+0000][69][gc,age      ] GC(5) - age   3:    2159480 bytes,   11224880 total
[2022-07-06T16:56:37.375+0000][69][gc,age      ] GC(5) - age   4:    5171576 bytes,   16396456 total
[2022-07-06T16:56:37.375+0000][69][gc,heap     ] GC(5) Eden regions: 73->0(71)
[2022-07-06T16:56:37.375+0000][69][gc,heap     ] GC(5) Survivor regions: 3->5(10)
[2022-07-06T16:56:37.375+0000][69][gc,heap     ] GC(5) Old regions: 1->1
[2022-07-06T16:56:37.375+0000][69][gc,heap     ] GC(5) Archive regions: 2->2
[2022-07-06T16:56:37.375+0000][69][gc,heap     ] GC(5) Humongous regions: 0->0
[2022-07-06T16:56:37.375+0000][69][gc,metaspace] GC(5) Metaspace: 24962K(25472K)->24962K(25472K) NonClass: 22029K(22336K)->22029K(22336K) Class: 2933K(3136K)->2933K(3136K)
[2022-07-06T16:56:37.375+0000][69][gc          ] GC(5) Pause Young (Normal) (G1 Evacuation Pause) 308M->23M(512M) 20.397ms
[2022-07-06T16:56:37.375+0000][69][gc,cpu      ] GC(5) User=0.03s Sys=0.00s Real=0.02s
[2022-07-06T16:56:37.375+0000][69][safepoint   ] Safepoint "G1CollectForAllocation", Time since last: 785927826 ns, Reaching safepoint: 204140 ns, At safepoint: 20472920 ns, Total: 20677060 ns
[2022-07-06T16:56:38.795+0000][69][safepoint   ] Safepoint "ICBufferFull", Time since last: 1419723950 ns, Reaching safepoint: 552858 ns, At safepoint: 11251 ns, Total: 564109 ns
[2022-07-06T16:56:39.142+0000][69][gc,start    ] GC(6) Pause Young (Normal) (G1 Evacuation Pause)
[2022-07-06T16:56:39.142+0000][69][gc,task     ] GC(6) Using 8 workers of 8 for evacuation
[2022-07-06T16:56:39.142+0000][69][gc,age      ] GC(6) Desired survivor size 20971520 bytes, new threshold 15 (max threshold 15)
[2022-07-06T16:56:39.179+0000][69][gc,phases   ] GC(6)   Pre Evacuate Collection Set: 0.1ms
[2022-07-06T16:56:39.179+0000][69][gc,phases   ] GC(6)   Merge Heap Roots: 0.1ms
[2022-07-06T16:56:39.179+0000][69][gc,phases   ] GC(6)   Evacuate Collection Set: 33.3ms
[2022-07-06T16:56:39.179+0000][69][gc,phases   ] GC(6)   Post Evacuate Collection Set: 3.2ms
[2022-07-06T16:56:39.179+0000][69][gc,phases   ] GC(6)   Other: 0.1ms
[2022-07-06T16:56:39.179+0000][69][gc,age      ] GC(6) Age table with threshold 15 (max threshold 15)
[2022-07-06T16:56:39.179+0000][69][gc,age      ] GC(6) - age   1:    4060848 bytes,    4060848 total
[2022-07-06T16:56:39.179+0000][69][gc,age      ] GC(6) - age   2:    6345616 bytes,   10406464 total
[2022-07-06T16:56:39.179+0000][69][gc,age      ] GC(6) - age   3:    2123296 bytes,   12529760 total
[2022-07-06T16:56:39.179+0000][69][gc,age      ] GC(6) - age   4:    2136448 bytes,   14666208 total
[2022-07-06T16:56:39.179+0000][69][gc,age      ] GC(6) - age   5:    5164032 bytes,   19830240 total
[2022-07-06T16:56:39.179+0000][69][gc,heap     ] GC(6) Eden regions: 71->0(71)
[2022-07-06T16:56:39.179+0000][69][gc,heap     ] GC(6) Survivor regions: 5->5(10)
[2022-07-06T16:56:39.179+0000][69][gc,heap     ] GC(6) Old regions: 1->1
[2022-07-06T16:56:39.179+0000][69][gc,heap     ] GC(6) Archive regions: 2->2
[2022-07-06T16:56:39.179+0000][69][gc,heap     ] GC(6) Humongous regions: 0->0
[2022-07-06T16:56:39.179+0000][69][gc,metaspace] GC(6) Metaspace: 31258K(32000K)->31258K(32000K) NonClass: 27611K(28032K)->27611K(28032K) Class: 3646K(3968K)->3646K(3968K)
[2022-07-06T16:56:39.179+0000][69][gc          ] GC(6) Pause Young (Normal) (G1 Evacuation Pause) 307M->26M(512M) 37.060ms
[2022-07-06T16:56:39.179+0000][69][gc,cpu      ] GC(6) User=0.06s Sys=0.00s Real=0.03s
[2022-07-06T16:56:39.179+0000][69][safepoint   ] Safepoint "G1CollectForAllocation", Time since last: 346276384 ns, Reaching safepoint: 106338 ns, At safepoint: 37129314 ns, Total: 37235652 ns
[2022-07-06T16:56:40.186+0000][69][safepoint   ] Safepoint "Cleanup", Time since last: 1002526532 ns, Reaching safepoint: 5064092 ns, At safepoint: 20641 ns, Total: 5084733 ns
[2022-07-06T16:56:41.051+0000][69][gc,start    ] GC(7) Pause Young (Normal) (G1 Evacuation Pause)
[2022-07-06T16:56:41.051+0000][69][gc,task     ] GC(7) Using 8 workers of 8 for evacuation
[2022-07-06T16:56:41.051+0000][69][gc,age      ] GC(7) Desired survivor size 20971520 bytes, new threshold 15 (max threshold 15)
[2022-07-06T16:56:41.067+0000][69][gc,phases   ] GC(7)   Pre Evacuate Collection Set: 0.1ms
[2022-07-06T16:56:41.067+0000][69][gc,phases   ] GC(7)   Merge Heap Roots: 0.1ms
[2022-07-06T16:56:41.067+0000][69][gc,phases   ] GC(7)   Evacuate Collection Set: 13.8ms
[2022-07-06T16:56:41.067+0000][69][gc,phases   ] GC(7)   Post Evacuate Collection Set: 2.2ms
[2022-07-06T16:56:41.067+0000][69][gc,phases   ] GC(7)   Other: 0.1ms
[2022-07-06T16:56:41.067+0000][69][gc,age      ] GC(7) Age table with threshold 15 (max threshold 15)
[2022-07-06T16:56:41.067+0000][69][gc,age      ] GC(7) - age   1:    4289168 bytes,    4289168 total
[2022-07-06T16:56:41.067+0000][69][gc,age      ] GC(7) - age   2:    3879640 bytes,    8168808 total
[2022-07-06T16:56:41.067+0000][69][gc,age      ] GC(7) - age   3:    6343304 bytes,   14512112 total
[2022-07-06T16:56:41.067+0000][69][gc,age      ] GC(7) - age   4:    2122624 bytes,   16634736 total
[2022-07-06T16:56:41.067+0000][69][gc,age      ] GC(7) - age   5:    2135352 bytes,   18770088 total
[2022-07-06T16:56:41.067+0000][69][gc,age      ] GC(7) - age   6:    5160576 bytes,   23930664 total
[2022-07-06T16:56:41.067+0000][69][gc,heap     ] GC(7) Eden regions: 71->0(69)
[2022-07-06T16:56:41.067+0000][69][gc,heap     ] GC(7) Survivor regions: 5->7(10)
[2022-07-06T16:56:41.067+0000][69][gc,heap     ] GC(7) Old regions: 1->1
[2022-07-06T16:56:41.067+0000][69][gc,heap     ] GC(7) Archive regions: 2->2
[2022-07-06T16:56:41.067+0000][69][gc,heap     ] GC(7) Humongous regions: 0->0
[2022-07-06T16:56:41.067+0000][69][gc,metaspace] GC(7) Metaspace: 33620K(34368K)->33620K(34368K) NonClass: 29652K(30080K)->29652K(30080K) Class: 3968K(4288K)->3968K(4288K)
[2022-07-06T16:56:41.067+0000][69][gc          ] GC(7) Pause Young (Normal) (G1 Evacuation Pause) 310M->31M(512M) 16.589ms
[2022-07-06T16:56:41.067+0000][69][gc,cpu      ] GC(7) User=0.06s Sys=0.00s Real=0.01s
[2022-07-06T16:56:41.067+0000][69][safepoint   ] Safepoint "G1CollectForAllocation", Time since last: 864072707 ns, Reaching safepoint: 168709 ns, At safepoint: 16704885 ns, Total: 16873594 ns
[2022-07-06T16:56:41.586+0000][69][gc,start    ] GC(8) Pause Young (Concurrent Start) (Metadata GC Threshold)
[2022-07-06T16:56:41.586+0000][69][gc,task     ] GC(8) Using 8 workers of 8 for evacuation
[2022-07-06T16:56:41.586+0000][69][gc,age      ] GC(8) Desired survivor size 20971520 bytes, new threshold 6 (max threshold 15)
[2022-07-06T16:56:41.616+0000][69][gc,phases   ] GC(8)   Pre Evacuate Collection Set: 0.3ms
[2022-07-06T16:56:41.616+0000][69][gc,phases   ] GC(8)   Merge Heap Roots: 0.1ms
[2022-07-06T16:56:41.616+0000][69][gc,phases   ] GC(8)   Evacuate Collection Set: 25.7ms
[2022-07-06T16:56:41.616+0000][69][gc,phases   ] GC(8)   Post Evacuate Collection Set: 3.4ms
[2022-07-06T16:56:41.616+0000][69][gc,phases   ] GC(8)   Other: 0.1ms
[2022-07-06T16:56:41.616+0000][69][gc,age      ] GC(8) Age table with threshold 6 (max threshold 15)
[2022-07-06T16:56:41.616+0000][69][gc,age      ] GC(8) - age   1:    1429912 bytes,    1429912 total
[2022-07-06T16:56:41.616+0000][69][gc,age      ] GC(8) - age   2:    3551216 bytes,    4981128 total
[2022-07-06T16:56:41.616+0000][69][gc,age      ] GC(8) - age   3:    3856488 bytes,    8837616 total
[2022-07-06T16:56:41.616+0000][69][gc,age      ] GC(8) - age   4:    6315168 bytes,   15152784 total
[2022-07-06T16:56:41.616+0000][69][gc,age      ] GC(8) - age   5:    2108792 bytes,   17261576 total
[2022-07-06T16:56:41.616+0000][69][gc,age      ] GC(8) - age   6:    2049040 bytes,   19310616 total
[2022-07-06T16:56:41.616+0000][69][gc,heap     ] GC(8) Eden regions: 26->0(71)
[2022-07-06T16:56:41.616+0000][69][gc,heap     ] GC(8) Survivor regions: 7->5(10)
[2022-07-06T16:56:41.616+0000][69][gc,heap     ] GC(8) Old regions: 1->3
[2022-07-06T16:56:41.616+0000][69][gc,heap     ] GC(8) Archive regions: 2->2
[2022-07-06T16:56:41.616+0000][69][gc,heap     ] GC(8) Humongous regions: 0->0
[2022-07-06T16:56:41.616+0000][69][gc,metaspace] GC(8) Metaspace: 35433K(36288K)->35433K(36288K) NonClass: 31202K(31680K)->31202K(31680K) Class: 4230K(4608K)->4230K(4608K)
[2022-07-06T16:56:41.616+0000][69][gc          ] GC(8) Pause Young (Concurrent Start) (Metadata GC Threshold) 133M->32M(512M) 29.869ms
[2022-07-06T16:56:41.616+0000][69][gc,cpu      ] GC(8) User=0.05s Sys=0.00s Real=0.03s
[2022-07-06T16:56:41.616+0000][69][gc          ] GC(9) Concurrent Mark Cycle
[2022-07-06T16:56:41.616+0000][69][gc,marking  ] GC(9) Concurrent Clear Claimed Marks
[2022-07-06T16:56:41.616+0000][69][safepoint   ] Safepoint "CollectForMetadataAllocation", Time since last: 518614819 ns, Reaching safepoint: 162057 ns, At safepoint: 30088781 ns, Total: 30250838 ns
[2022-07-06T16:56:41.616+0000][69][gc,marking  ] GC(9) Concurrent Clear Claimed Marks 0.075ms
[2022-07-06T16:56:41.616+0000][69][gc,marking  ] GC(9) Concurrent Scan Root Regions
[2022-07-06T16:56:41.662+0000][69][gc,marking  ] GC(9) Concurrent Scan Root Regions 45.663ms
[2022-07-06T16:56:41.662+0000][69][gc,marking  ] GC(9) Concurrent Mark
[2022-07-06T16:56:41.662+0000][69][gc,marking  ] GC(9) Concurrent Mark From Roots
[2022-07-06T16:56:41.662+0000][69][gc,task     ] GC(9) Using 2 workers of 2 for marking
[2022-07-06T16:56:41.665+0000][69][safepoint   ] Safepoint "CollectForMetadataAllocation", Time since last: 47436167 ns, Reaching safepoint: 1072366 ns, At safepoint: 163772 ns, Total: 1236138 ns
[2022-07-06T16:56:41.701+0000][69][gc,marking  ] GC(9) Concurrent Mark From Roots 38.955ms
[2022-07-06T16:56:41.701+0000][69][gc,marking  ] GC(9) Concurrent Preclean
[2022-07-06T16:56:41.701+0000][69][gc,marking  ] GC(9) Concurrent Preclean 0.054ms
[2022-07-06T16:56:41.705+0000][69][gc,start    ] GC(9) Pause Remark
[2022-07-06T16:56:41.712+0000][69][gc          ] GC(9) Pause Remark 36M->36M(512M) 7.161ms
[2022-07-06T16:56:41.712+0000][69][gc,cpu      ] GC(9) User=0.01s Sys=0.00s Real=0.01s
[2022-07-06T16:56:41.712+0000][69][safepoint   ] Safepoint "G1Concurrent", Time since last: 39765015 ns, Reaching safepoint: 439363 ns, At safepoint: 7307686 ns, Total: 7747049 ns
[2022-07-06T16:56:41.713+0000][69][gc,marking  ] GC(9) Concurrent Mark 50.527ms
[2022-07-06T16:56:41.713+0000][69][gc,marking  ] GC(9) Concurrent Rebuild Remembered Sets
[2022-07-06T16:56:41.736+0000][69][gc,marking  ] GC(9) Concurrent Rebuild Remembered Sets 23.875ms
[2022-07-06T16:56:41.737+0000][69][gc,start    ] GC(9) Pause Cleanup
[2022-07-06T16:56:41.737+0000][69][gc          ] GC(9) Pause Cleanup 36M->36M(512M) 0.118ms
[2022-07-06T16:56:41.737+0000][69][gc,cpu      ] GC(9) User=0.00s Sys=0.00s Real=0.00s
[2022-07-06T16:56:41.737+0000][69][safepoint   ] Safepoint "G1Concurrent", Time since last: 24146160 ns, Reaching safepoint: 576184 ns, At safepoint: 171820 ns, Total: 748004 ns
[2022-07-06T16:56:41.747+0000][69][gc,marking  ] GC(9) Concurrent Cleanup for Next Mark
[2022-07-06T16:56:41.749+0000][69][gc,marking  ] GC(9) Concurrent Cleanup for Next Mark 2.758ms
[2022-07-06T16:56:41.749+0000][69][gc          ] GC(9) Concurrent Mark Cycle 133.237ms
[2022-07-06T16:56:42.743+0000][69][safepoint   ] Safepoint "Cleanup", Time since last: 1004435967 ns, Reaching safepoint: 880711 ns, At safepoint: 34233 ns, Total: 914944 ns
[2022-07-06T16:56:43.856+0000][69][safepoint   ] Safepoint "Cleanup", Time since last: 1108472760 ns, Reaching safepoint: 4442874 ns, At safepoint: 54864 ns, Total: 4497738 ns
[2022-07-06T16:56:45.830+0000][69][safepoint   ] Safepoint "Cleanup", Time since last: 1962453620 ns, Reaching safepoint: 11876623 ns, At safepoint: 57356 ns, Total: 11933979 ns
[2022-07-06T16:56:46.875+0000][69][safepoint   ] Safepoint "Cleanup", Time since last: 1031378826 ns, Reaching safepoint: 13648879 ns, At safepoint: 21964 ns, Total: 13670843 ns
[2022-07-06T16:56:47.226+0000][69][gc,start    ] GC(10) Pause Young (Normal) (G1 Evacuation Pause)
[2022-07-06T16:56:47.226+0000][69][gc,task     ] GC(10) Using 8 workers of 8 for evacuation
[2022-07-06T16:56:47.226+0000][69][gc,age      ] GC(10) Desired survivor size 20971520 bytes, new threshold 15 (max threshold 15)
[2022-07-06T16:56:47.303+0000][69][gc,phases   ] GC(10)   Pre Evacuate Collection Set: 0.1ms
[2022-07-06T16:56:47.303+0000][69][gc,phases   ] GC(10)   Merge Heap Roots: 0.2ms
[2022-07-06T16:56:47.303+0000][69][gc,phases   ] GC(10)   Evacuate Collection Set: 72.1ms
[2022-07-06T16:56:47.303+0000][69][gc,phases   ] GC(10)   Post Evacuate Collection Set: 3.9ms
[2022-07-06T16:56:47.303+0000][69][gc,phases   ] GC(10)   Other: 0.1ms
[2022-07-06T16:56:47.303+0000][69][gc,age      ] GC(10) Age table with threshold 15 (max threshold 15)
[2022-07-06T16:56:47.303+0000][69][gc,age      ] GC(10) - age   1:   19770384 bytes,   19770384 total
[2022-07-06T16:56:47.303+0000][69][gc,age      ] GC(10) - age   2:    1367640 bytes,   21138024 total
[2022-07-06T16:56:47.303+0000][69][gc,age      ] GC(10) - age   3:    3533840 bytes,   24671864 total
[2022-07-06T16:56:47.303+0000][69][gc,age      ] GC(10) - age   4:    3845648 bytes,   28517512 total
[2022-07-06T16:56:47.303+0000][69][gc,age      ] GC(10) - age   5:    6302776 bytes,   34820288 total
[2022-07-06T16:56:47.303+0000][69][gc,age      ] GC(10) - age   6:    2105552 bytes,   36925840 total
[2022-07-06T16:56:47.303+0000][69][gc,age      ] GC(10) - age   7:    2014568 bytes,   38940408 total
[2022-07-06T16:56:47.303+0000][69][gc,heap     ] GC(10) Eden regions: 71->0(66)
[2022-07-06T16:56:47.303+0000][69][gc,heap     ] GC(10) Survivor regions: 5->10(10)
[2022-07-06T16:56:47.303+0000][69][gc,heap     ] GC(10) Old regions: 3->3
[2022-07-06T16:56:47.303+0000][69][gc,heap     ] GC(10) Archive regions: 2->2
[2022-07-06T16:56:47.303+0000][69][gc,heap     ] GC(10) Humongous regions: 0->0
[2022-07-06T16:56:47.303+0000][69][gc,metaspace] GC(10) Metaspace: 46161K(47360K)->46161K(47360K) NonClass: 40400K(41088K)->40400K(41088K) Class: 5761K(6272K)->5761K(6272K)
[2022-07-06T16:56:47.303+0000][69][gc          ] GC(10) Pause Young (Normal) (G1 Evacuation Pause) 316M->51M(512M) 76.723ms
[2022-07-06T16:56:47.303+0000][69][gc,cpu      ] GC(10) User=0.16s Sys=0.00s Real=0.08s
[2022-07-06T16:56:47.303+0000][69][safepoint   ] Safepoint "G1CollectForAllocation", Time since last: 350722382 ns, Reaching safepoint: 263852 ns, At safepoint: 77034914 ns, Total: 77298766 ns
[2022-07-06T16:56:48.076+0000][69][safepoint   ] Safepoint "ICBufferFull", Time since last: 772513649 ns, Reaching safepoint: 433274 ns, At safepoint: 33564 ns, Total: 466838 ns
[2022-07-06T16:56:49.502+0000][69][safepoint   ] Safepoint "Cleanup", Time since last: 1425087034 ns, Reaching safepoint: 793089 ns, At safepoint: 10562 ns, Total: 803651 ns
[2022-07-06T16:56:49.577+0000][69][gc,start    ] GC(11) Pause Young (Concurrent Start) (Metadata GC Threshold)
[2022-07-06T16:56:49.577+0000][69][gc,task     ] GC(11) Using 8 workers of 8 for evacuation
[2022-07-06T16:56:49.577+0000][69][gc,age      ] GC(11) Desired survivor size 20971520 bytes, new threshold 2 (max threshold 15)
[2022-07-06T16:56:49.609+0000][69][gc,phases   ] GC(11)   Pre Evacuate Collection Set: 0.3ms
[2022-07-06T16:56:49.609+0000][69][gc,phases   ] GC(11)   Merge Heap Roots: 0.1ms
[2022-07-06T16:56:49.609+0000][69][gc,phases   ] GC(11)   Evacuate Collection Set: 29.0ms
[2022-07-06T16:56:49.609+0000][69][gc,phases   ] GC(11)   Post Evacuate Collection Set: 2.7ms
[2022-07-06T16:56:49.609+0000][69][gc,phases   ] GC(11)   Other: 0.2ms
[2022-07-06T16:56:49.609+0000][69][gc,age      ] GC(11) Age table with threshold 2 (max threshold 15)
[2022-07-06T16:56:49.609+0000][69][gc,age      ] GC(11) - age   1:    4969680 bytes,    4969680 total
[2022-07-06T16:56:49.609+0000][69][gc,age      ] GC(11) - age   2:   19522512 bytes,   24492192 total
[2022-07-06T16:56:49.609+0000][69][gc,heap     ] GC(11) Eden regions: 36->0(69)
[2022-07-06T16:56:49.609+0000][69][gc,heap     ] GC(11) Survivor regions: 10->7(10)
[2022-07-06T16:56:49.609+0000][69][gc,heap     ] GC(11) Old regions: 3->7
[2022-07-06T16:56:49.609+0000][69][gc,heap     ] GC(11) Archive regions: 2->2
[2022-07-06T16:56:49.609+0000][69][gc,heap     ] GC(11) Humongous regions: 0->0
[2022-07-06T16:56:49.609+0000][69][gc,metaspace] GC(11) Metaspace: 59779K(61120K)->59779K(61120K) NonClass: 52125K(52928K)->52125K(52928K) Class: 7654K(8192K)->7654K(8192K)
[2022-07-06T16:56:49.609+0000][69][gc          ] GC(11) Pause Young (Concurrent Start) (Metadata GC Threshold) 193M->56M(512M) 32.527ms
[2022-07-06T16:56:49.609+0000][69][gc          ] GC(12) Concurrent Mark Cycle
[2022-07-06T16:56:49.609+0000][69][gc,marking  ] GC(12) Concurrent Clear Claimed Marks
[2022-07-06T16:56:49.609+0000][69][gc,cpu      ] GC(11) User=0.14s Sys=0.00s Real=0.03s
[2022-07-06T16:56:49.609+0000][69][gc,marking  ] GC(12) Concurrent Clear Claimed Marks 0.105ms
[2022-07-06T16:56:49.609+0000][69][gc,marking  ] GC(12) Concurrent Scan Root Regions
[2022-07-06T16:56:49.609+0000][69][safepoint   ] Safepoint "CollectForMetadataAllocation", Time since last: 74489214 ns, Reaching safepoint: 95781 ns, At safepoint: 32842130 ns, Total: 32937911 ns
[2022-07-06T16:56:49.631+0000][69][gc,marking  ] GC(12) Concurrent Scan Root Regions 21.307ms
[2022-07-06T16:56:49.631+0000][69][gc,marking  ] GC(12) Concurrent Mark
[2022-07-06T16:56:49.631+0000][69][gc,marking  ] GC(12) Concurrent Mark From Roots
[2022-07-06T16:56:49.631+0000][69][gc,task     ] GC(12) Using 2 workers of 2 for marking
[2022-07-06T16:56:49.662+0000][69][gc,marking  ] GC(12) Concurrent Mark From Roots 31.377ms
[2022-07-06T16:56:49.662+0000][69][gc,marking  ] GC(12) Concurrent Preclean
[2022-07-06T16:56:49.662+0000][69][gc,marking  ] GC(12) Concurrent Preclean 0.083ms
[2022-07-06T16:56:49.663+0000][69][gc,start    ] GC(12) Pause Remark
[2022-07-06T16:56:49.681+0000][69][gc          ] GC(12) Pause Remark 58M->58M(512M) 18.398ms
[2022-07-06T16:56:49.681+0000][69][gc,cpu      ] GC(12) User=0.04s Sys=0.00s Real=0.02s
[2022-07-06T16:56:49.681+0000][69][safepoint   ] Safepoint "G1Concurrent", Time since last: 52925994 ns, Reaching safepoint: 447504 ns, At safepoint: 18616783 ns, Total: 19064287 ns
[2022-07-06T16:56:49.681+0000][69][gc,marking  ] GC(12) Concurrent Mark 50.748ms
[2022-07-06T16:56:49.681+0000][69][gc,marking  ] GC(12) Concurrent Rebuild Remembered Sets
[2022-07-06T16:56:49.717+0000][69][gc,marking  ] GC(12) Concurrent Rebuild Remembered Sets 35.242ms
[2022-07-06T16:56:49.718+0000][69][gc,start    ] GC(12) Pause Cleanup
[2022-07-06T16:56:49.718+0000][69][gc          ] GC(12) Pause Cleanup 60M->60M(512M) 0.146ms
[2022-07-06T16:56:49.718+0000][69][gc,cpu      ] GC(12) User=0.00s Sys=0.00s Real=0.00s
[2022-07-06T16:56:49.718+0000][69][safepoint   ] Safepoint "G1Concurrent", Time since last: 35456087 ns, Reaching safepoint: 805881 ns, At safepoint: 237089 ns, Total: 1042970 ns
[2022-07-06T16:56:49.718+0000][69][gc,marking  ] GC(12) Concurrent Cleanup for Next Mark
[2022-07-06T16:56:49.719+0000][69][gc,marking  ] GC(12) Concurrent Cleanup for Next Mark 0.845ms
[2022-07-06T16:56:49.719+0000][69][gc          ] GC(12) Concurrent Mark Cycle 109.711ms
[2022-07-06T16:56:50.734+0000][69][safepoint   ] Safepoint "Cleanup", Time since last: 1004018725 ns, Reaching safepoint: 11573982 ns, At safepoint: 52409 ns, Total: 11626391 ns
[2022-07-06T16:56:51.738+0000][69][safepoint   ] Safepoint "Cleanup", Time since last: 1003076807 ns, Reaching safepoint: 1012121 ns, At safepoint: 10845 ns, Total: 1022966 ns
[2022-07-06T16:56:53.310+0000][69][safepoint   ] Safepoint "Cleanup", Time since last: 1572690120 ns, Reaching safepoint: 149671 ns, At safepoint: 5421 ns, Total: 155092 ns
[2022-07-06T16:56:53.954+0000][69][gc,start    ] GC(13) Pause Young (Normal) (G1 Evacuation Pause)
[2022-07-06T16:56:53.954+0000][69][gc,task     ] GC(13) Using 8 workers of 8 for evacuation
[2022-07-06T16:56:53.954+0000][69][gc,age      ] GC(13) Desired survivor size 20971520 bytes, new threshold 2 (max threshold 15)
[2022-07-06T16:56:54.034+0000][69][gc,phases   ] GC(13)   Pre Evacuate Collection Set: 0.1ms
[2022-07-06T16:56:54.034+0000][69][gc,phases   ] GC(13)   Merge Heap Roots: 0.2ms
[2022-07-06T16:56:54.034+0000][69][gc,phases   ] GC(13)   Evacuate Collection Set: 67.5ms
[2022-07-06T16:56:54.034+0000][69][gc,phases   ] GC(13)   Post Evacuate Collection Set: 12.5ms
[2022-07-06T16:56:54.034+0000][69][gc,phases   ] GC(13)   Other: 0.1ms
[2022-07-06T16:56:54.034+0000][69][gc,age      ] GC(13) Age table with threshold 2 (max threshold 15)
[2022-07-06T16:56:54.034+0000][69][gc,age      ] GC(13) - age   1:    5266208 bytes,    5266208 total
[2022-07-06T16:56:54.034+0000][69][gc,age      ] GC(13) - age   2:    4752192 bytes,   10018400 total
[2022-07-06T16:56:54.034+0000][69][gc,heap     ] GC(13) Eden regions: 69->0(73)
[2022-07-06T16:56:54.034+0000][69][gc,heap     ] GC(13) Survivor regions: 7->3(10)
[2022-07-06T16:56:54.034+0000][69][gc,heap     ] GC(13) Old regions: 7->12
[2022-07-06T16:56:54.034+0000][69][gc,heap     ] GC(13) Archive regions: 2->2
[2022-07-06T16:56:54.034+0000][69][gc,heap     ] GC(13) Humongous regions: 0->0
[2022-07-06T16:56:54.034+0000][69][gc,metaspace] GC(13) Metaspace: 71972K(73472K)->71972K(73472K) NonClass: 62576K(63424K)->62576K(63424K) Class: 9395K(10048K)->9395K(10048K)
[2022-07-06T16:56:54.034+0000][69][gc          ] GC(13) Pause Young (Normal) (G1 Evacuation Pause) 332M->61M(512M) 80.678ms
[2022-07-06T16:56:54.034+0000][69][gc,cpu      ] GC(13) User=0.23s Sys=0.00s Real=0.08s
[2022-07-06T16:56:54.035+0000][69][safepoint   ] Safepoint "G1CollectForAllocation", Time since last: 642921774 ns, Reaching safepoint: 346492 ns, At safepoint: 80788769 ns, Total: 81135261 ns
[2022-07-06T16:56:55.037+0000][69][safepoint   ] Safepoint "Cleanup", Time since last: 1000614002 ns, Reaching safepoint: 1697619 ns, At safepoint: 29433 ns, Total: 1727052 ns
[2022-07-06T16:56:56.599+0000][69][safepoint   ] Safepoint "Cleanup", Time since last: 1561799371 ns, Reaching safepoint: 241597 ns, At safepoint: 192282 ns, Total: 433879 ns
[2022-07-06T16:56:57.600+0000][69][safepoint   ] Safepoint "Cleanup", Time since last: 1000241112 ns, Reaching safepoint: 1084352 ns, At safepoint: 59520 ns, Total: 1143872 ns
[2022-07-06T16:56:58.326+0000][69][gc,start    ] GC(14) Pause Young (Concurrent Start) (Metadata GC Threshold)
[2022-07-06T16:56:58.326+0000][69][gc,task     ] GC(14) Using 8 workers of 8 for evacuation
[2022-07-06T16:56:58.326+0000][69][gc,age      ] GC(14) Desired survivor size 20971520 bytes, new threshold 15 (max threshold 15)
[2022-07-06T16:56:58.360+0000][69][gc,phases   ] GC(14)   Pre Evacuate Collection Set: 0.3ms
[2022-07-06T16:56:58.360+0000][69][gc,phases   ] GC(14)   Merge Heap Roots: 0.1ms
[2022-07-06T16:56:58.360+0000][69][gc,phases   ] GC(14)   Evacuate Collection Set: 26.6ms
[2022-07-06T16:56:58.360+0000][69][gc,phases   ] GC(14)   Post Evacuate Collection Set: 7.3ms
[2022-07-06T16:56:58.361+0000][69][gc,phases   ] GC(14)   Other: 0.2ms
[2022-07-06T16:56:58.361+0000][69][gc,age      ] GC(14) Age table with threshold 15 (max threshold 15)
[2022-07-06T16:56:58.361+0000][69][gc,age      ] GC(14) - age   1:   12001520 bytes,   12001520 total
[2022-07-06T16:56:58.361+0000][69][gc,age      ] GC(14) - age   2:    5039720 bytes,   17041240 total
[2022-07-06T16:56:58.361+0000][69][gc,age      ] GC(14) - age   3:    4581184 bytes,   21622424 total
[2022-07-06T16:56:58.361+0000][69][gc,heap     ] GC(14) Eden regions: 46->0(70)
[2022-07-06T16:56:58.361+0000][69][gc,heap     ] GC(14) Survivor regions: 3->6(10)
[2022-07-06T16:56:58.361+0000][69][gc,heap     ] GC(14) Old regions: 12->12
[2022-07-06T16:56:58.361+0000][69][gc,heap     ] GC(14) Archive regions: 2->2
[2022-07-06T16:56:58.361+0000][69][gc,heap     ] GC(14) Humongous regions: 0->0
[2022-07-06T16:56:58.361+0000][69][gc,metaspace] GC(14) Metaspace: 99363K(102336K)->99363K(102336K) NonClass: 85932K(87424K)->85932K(87424K) Class: 13430K(14912K)->13430K(14912K)
[2022-07-06T16:56:58.361+0000][69][gc          ] GC(14) Pause Young (Concurrent Start) (Metadata GC Threshold) 245M->71M(512M) 34.879ms
[2022-07-06T16:56:58.361+0000][69][gc          ] GC(15) Concurrent Mark Cycle
[2022-07-06T16:56:58.361+0000][69][gc,marking  ] GC(15) Concurrent Clear Claimed Marks
[2022-07-06T16:56:58.361+0000][69][gc,cpu      ] GC(14) User=0.10s Sys=0.00s Real=0.04s
[2022-07-06T16:56:58.361+0000][69][safepoint   ] Safepoint "CollectForMetadataAllocation", Time since last: 724721132 ns, Reaching safepoint: 539636 ns, At safepoint: 35158614 ns, Total: 35698250 ns
[2022-07-06T16:56:58.361+0000][69][gc,marking  ] GC(15) Concurrent Clear Claimed Marks 0.240ms
[2022-07-06T16:56:58.361+0000][69][gc,marking  ] GC(15) Concurrent Scan Root Regions
[2022-07-06T16:56:58.376+0000][69][gc,marking  ] GC(15) Concurrent Scan Root Regions 14.802ms
[2022-07-06T16:56:58.376+0000][69][gc,marking  ] GC(15) Concurrent Mark
[2022-07-06T16:56:58.376+0000][69][gc,marking  ] GC(15) Concurrent Mark From Roots
[2022-07-06T16:56:58.376+0000][69][gc,task     ] GC(15) Using 2 workers of 2 for marking
[2022-07-06T16:56:58.489+0000][69][gc,marking  ] GC(15) Concurrent Mark From Roots 112.937ms
[2022-07-06T16:56:58.489+0000][69][gc,marking  ] GC(15) Concurrent Preclean
[2022-07-06T16:56:58.489+0000][69][gc,marking  ] GC(15) Concurrent Preclean 0.418ms
[2022-07-06T16:56:58.521+0000][69][gc,start    ] GC(15) Pause Remark
[2022-07-06T16:56:58.535+0000][69][gc          ] GC(15) Pause Remark 74M->74M(512M) 13.622ms
[2022-07-06T16:56:58.535+0000][69][gc,cpu      ] GC(15) User=0.02s Sys=0.00s Real=0.01s
[2022-07-06T16:56:58.535+0000][69][safepoint   ] Safepoint "G1Concurrent", Time since last: 128453944 ns, Reaching safepoint: 31535612 ns, At safepoint: 13756725 ns, Total: 45292337 ns
[2022-07-06T16:56:58.536+0000][69][gc,marking  ] GC(15) Concurrent Mark 160.159ms
[2022-07-06T16:56:58.536+0000][69][gc,marking  ] GC(15) Concurrent Rebuild Remembered Sets
[2022-07-06T16:56:58.571+0000][69][gc,marking  ] GC(15) Concurrent Rebuild Remembered Sets 34.496ms
[2022-07-06T16:56:58.588+0000][69][gc,start    ] GC(15) Pause Cleanup
[2022-07-06T16:56:58.588+0000][69][gc          ] GC(15) Pause Cleanup 75M->75M(512M) 0.142ms
[2022-07-06T16:56:58.588+0000][69][gc,cpu      ] GC(15) User=0.00s Sys=0.00s Real=0.00s
[2022-07-06T16:56:58.588+0000][69][safepoint   ] Safepoint "G1Concurrent", Time since last: 36080719 ns, Reaching safepoint: 16820895 ns, At safepoint: 285382 ns, Total: 17106277 ns
[2022-07-06T16:56:58.588+0000][69][gc,marking  ] GC(15) Concurrent Cleanup for Next Mark
[2022-07-06T16:56:58.589+0000][69][gc,marking  ] GC(15) Concurrent Cleanup for Next Mark 0.632ms
[2022-07-06T16:56:58.589+0000][69][gc          ] GC(15) Concurrent Mark Cycle 227.829ms
[2022-07-06T16:56:59.662+0000][69][safepoint   ] Safepoint "Cleanup", Time since last: 1023382944 ns, Reaching safepoint: 51094048 ns, At safepoint: 38472 ns, Total: 51132520 ns
[2022-07-06T16:57:02.304+0000][69][safepoint   ] Safepoint "Cleanup", Time since last: 1836369829 ns, Reaching safepoint: 805353643 ns, At safepoint: 22405 ns, Total: 805376048 ns
[2022-07-06T16:57:03.360+0000][69][safepoint   ] Safepoint "Cleanup", Time since last: 1055775124 ns, Reaching safepoint: 55029 ns, At safepoint: 2178 ns, Total: 57207 ns
[2022-07-06T16:57:07.062+0000][69][safepoint   ] Safepoint "Cleanup", Time since last: 2507954561 ns, Reaching safepoint: 1194093698 ns, At safepoint: 21179 ns, Total: 1194114877 ns
[2022-07-06T16:57:08.132+0000][69][safepoint   ] Safepoint "Cleanup", Time since last: 1014572717 ns, Reaching safepoint: 55058722 ns, At safepoint: 65047 ns, Total: 55123769 ns
[2022-07-06T16:57:09.256+0000][69][safepoint   ] Safepoint "Cleanup", Time since last: 1000188350 ns, Reaching safepoint: 123668363 ns, At safepoint: 54049 ns, Total: 123722412 ns
[2022-07-06T16:57:11.187+0000][69][safepoint   ] Safepoint "Cleanup", Time since last: 1000196791 ns, Reaching safepoint: 931291522 ns, At safepoint: 55615 ns, Total: 931347137 ns
[2022-07-06T16:57:12.993+0000][69][safepoint   ] Safepoint "Cleanup", Time since last: 1002495503 ns, Reaching safepoint: 802955346 ns, At safepoint: 57969 ns, Total: 803013315 ns
[2022-07-06T16:57:15.069+0000][69][safepoint   ] Safepoint "Cleanup", Time since last: 2076368120 ns, Reaching safepoint: 102993 ns, At safepoint: 4649 ns, Total: 107642 ns
[2022-07-06T16:57:20.456+0000][69][safepoint   ] Safepoint "Cleanup", Time since last: 2137144019 ns, Reaching safepoint: 3249415880 ns, At safepoint: 38877 ns, Total: 3249454757 ns
[2022-07-06T16:57:21.750+0000][69][safepoint   ] Safepoint "Cleanup", Time since last: 1089461330 ns, Reaching safepoint: 204997797 ns, At safepoint: 62978 ns, Total: 205060775 ns
[2022-07-06T16:57:22.787+0000][69][safepoint   ] Safepoint "Cleanup", Time since last: 1036257127 ns, Reaching safepoint: 97418 ns, At safepoint: 6510 ns, Total: 103928 ns
[2022-07-06T16:57:24.753+0000][69][safepoint   ] Safepoint "Cleanup", Time since last: 1202289782 ns, Reaching safepoint: 763981305 ns, At safepoint: 42552 ns, Total: 764023857 ns
[2022-07-06T16:57:25.851+0000][69][safepoint   ] Safepoint "Cleanup", Time since last: 1098428420 ns, Reaching safepoint: 102261 ns, At safepoint: 9638 ns, Total: 111899 ns
[2022-07-06T16:57:26.852+0000][69][safepoint   ] Safepoint "Cleanup", Time since last: 1000551916 ns, Reaching safepoint: 88357 ns, At safepoint: 8407 ns, Total: 96764 ns
[2022-07-06T16:57:27.853+0000][69][safepoint   ] Safepoint "Cleanup", Time since last: 1000641531 ns, Reaching safepoint: 139979 ns, At safepoint: 10580 ns, Total: 150559 ns
[2022-07-06T16:57:28.879+0000][69][safepoint   ] Safepoint "Cleanup", Time since last: 1025850185 ns, Reaching safepoint: 105391 ns, At safepoint: 8655 ns, Total: 114046 ns
[2022-07-06T16:57:32.095+0000][69][safepoint   ] Safepoint "Cleanup", Time since last: 3216306675 ns, Reaching safepoint: 124454 ns, At safepoint: 8875 ns, Total: 133329 ns
[2022-07-06T16:57:33.300+0000][69][safepoint   ] Safepoint "Cleanup", Time since last: 1064864014 ns, Reaching safepoint: 139864744 ns, At safepoint: 49743 ns, Total: 139914487 ns
[2022-07-06T16:57:35.879+0000][69][safepoint   ] Safepoint "Cleanup", Time since last: 1598094612 ns, Reaching safepoint: 980590391 ns, At safepoint: 47631 ns, Total: 980638022 ns
[2022-07-06T16:57:37.362+0000][69][safepoint   ] Safepoint "Cleanup", Time since last: 1025711672 ns, Reaching safepoint: 457003126 ns, At safepoint: 45094 ns, Total: 457048220 ns
[2022-07-06T16:57:38.377+0000][69][safepoint   ] Safepoint "Cleanup", Time since last: 1014842889 ns, Reaching safepoint: 89427 ns, At safepoint: 7659 ns, Total: 97086 ns
[2022-07-06T16:57:39.718+0000][69][safepoint   ] Safepoint "Cleanup", Time since last: 1011136566 ns, Reaching safepoint: 330531017 ns, At safepoint: 28845 ns, Total: 330559862 ns
[2022-07-06T16:57:40.750+0000][69][safepoint   ] Safepoint "Cleanup", Time since last: 1032130352 ns, Reaching safepoint: 83896 ns, At safepoint: 3171 ns, Total: 87067 ns
[2022-07-06T16:57:42.452+0000][69][safepoint   ] Safepoint "Cleanup", Time since last: 1219920996 ns, Reaching safepoint: 481594196 ns, At safepoint: 62996 ns, Total: 481657192 ns
[2022-07-06T16:57:44.047+0000][69][safepoint   ] Safepoint "Cleanup", Time since last: 1004668805 ns, Reaching safepoint: 590083176 ns, At safepoint: 50902 ns, Total: 590134078 ns
[2022-07-06T16:57:51.609+0000][69][safepoint   ] Safepoint "Cleanup", Time since last: 4833808934 ns, Reaching safepoint: 2728838584 ns, At safepoint: 34113 ns, Total: 2728872697 ns
[2022-07-06T16:57:52.631+0000][69][safepoint   ] Safepoint "Cleanup", Time since last: 1021672752 ns, Reaching safepoint: 96100 ns, At safepoint: 6389 ns, Total: 102489 ns
[2022-07-06T16:57:54.398+0000][69][safepoint   ] Safepoint "Cleanup", Time since last: 1038386838 ns, Reaching safepoint: 728144109 ns, At safepoint: 28815 ns, Total: 728172924 ns
[2022-07-06T16:57:56.893+0000][69][safepoint   ] Safepoint "Cleanup", Time since last: 2225598692 ns, Reaching safepoint: 269639084 ns, At safepoint: 42913 ns, Total: 269681997 ns
[2022-07-06T16:57:57.894+0000][69][safepoint   ] Safepoint "Cleanup", Time since last: 1000984715 ns, Reaching safepoint: 336254 ns, At safepoint: 16014 ns, Total: 352268 ns
[2022-07-06T16:58:01.061+0000][69][safepoint   ] Safepoint "Cleanup", Time since last: 3112238154 ns, Reaching safepoint: 54312305 ns, At safepoint: 24568 ns, Total: 54336873 ns
[2022-07-06T16:58:02.736+0000][69][safepoint   ] Safepoint "Cleanup", Time since last: 1013750709 ns, Reaching safepoint: 661603603 ns, At safepoint: 40837 ns, Total: 661644440 ns
[2022-07-06T16:58:03.767+0000][69][safepoint   ] Safepoint "Cleanup", Time since last: 1030064503 ns, Reaching safepoint: 189335 ns, At safepoint: 23661 ns, Total: 212996 ns
[2022-07-06T16:58:05.119+0000][69][safepoint   ] Safepoint "Cleanup", Time since last: 1043640599 ns, Reaching safepoint: 308459687 ns, At safepoint: 61254 ns, Total: 308520941 ns
[2022-07-06T16:58:06.129+0000][69][safepoint   ] Safepoint "Cleanup", Time since last: 1009770247 ns, Reaching safepoint: 63101 ns, At safepoint: 4250 ns, Total: 67351 ns
[2022-07-06T16:58:07.196+0000][69][safepoint   ] Safepoint "Cleanup", Time since last: 1000133501 ns, Reaching safepoint: 66890341 ns, At safepoint: 56472 ns, Total: 66946813 ns
[2022-07-06T16:58:08.198+0000][69][safepoint   ] Safepoint "Cleanup", Time since last: 1001672241 ns, Reaching safepoint: 126199 ns, At safepoint: 12399 ns, Total: 138598 ns
[2022-07-06T16:58:09.535+0000][69][safepoint   ] Safepoint "Cleanup", Time since last: 1108513555 ns, Reaching safepoint: 229295409 ns, At safepoint: 67350 ns, Total: 229362759 ns
[2022-07-06T16:58:10.563+0000][69][safepoint   ] Safepoint "Cleanup", Time since last: 1027442902 ns, Reaching safepoint: 417696 ns, At safepoint: 45161 ns, Total: 462857 ns
[2022-07-06T16:58:12.468+0000][69][safepoint   ] Safepoint "Cleanup", Time since last: 1904317870 ns, Reaching safepoint: 142285 ns, At safepoint: 13037 ns, Total: 155322 ns
[2022-07-06T16:58:13.478+0000][69][safepoint   ] Safepoint "Cleanup", Time since last: 1010090702 ns, Reaching safepoint: 102223 ns, At safepoint: 5081 ns, Total: 107304 ns
[2022-07-06T16:58:14.510+0000][69][safepoint   ] Safepoint "Cleanup", Time since last: 1015004473 ns, Reaching safepoint: 17319685 ns, At safepoint: 46758 ns, Total: 17366443 ns
[2022-07-06T16:58:15.801+0000][69][safepoint   ] Safepoint "Cleanup", Time since last: 1290109733 ns, Reaching safepoint: 897019 ns, At safepoint: 12106 ns, Total: 909125 ns
[2022-07-06T16:58:16.838+0000][69][safepoint   ] Safepoint "Cleanup", Time since last: 1007472491 ns, Reaching safepoint: 29313480 ns, At safepoint: 18033 ns, Total: 29331513 ns
[2022-07-06T16:58:17.852+0000][69][safepoint   ] Safepoint "Cleanup", Time since last: 1013991248 ns, Reaching safepoint: 117953 ns, At safepoint: 15469 ns, Total: 133422 ns
[2022-07-06T16:58:19.875+0000][69][safepoint   ] Safepoint "Cleanup", Time since last: 2022320301 ns, Reaching safepoint: 143411 ns, At safepoint: 15960 ns, Total: 159371 ns
[2022-07-06T16:58:20.875+0000][69][safepoint   ] Safepoint "Cleanup", Time since last: 1000225531 ns, Reaching safepoint: 65923 ns, At safepoint: 4063 ns, Total: 69986 ns
[2022-07-06T16:58:21.901+0000][69][safepoint   ] Safepoint "Cleanup", Time since last: 1025797667 ns, Reaching safepoint: 232233 ns, At safepoint: 32626 ns, Total: 264859 ns
[2022-07-06T16:58:25.248+0000][69][safepoint   ] Safepoint "Cleanup", Time since last: 3066758518 ns, Reaching safepoint: 280296491 ns, At safepoint: 53173 ns, Total: 280349664 ns
[2022-07-06T16:58:26.266+0000][69][safepoint   ] Safepoint "Cleanup", Time since last: 1017231297 ns, Reaching safepoint: 75365 ns, At safepoint: 3952 ns, Total: 79317 ns
[2022-07-06T16:58:27.367+0000][69][safepoint   ] Safepoint "Cleanup", Time since last: 1098873773 ns, Reaching safepoint: 2838040 ns, At safepoint: 40854 ns, Total: 2878894 ns
[2022-07-06T16:58:28.384+0000][69][safepoint   ] Safepoint "Cleanup", Time since last: 1016915980 ns, Reaching safepoint: 75499 ns, At safepoint: 6993 ns, Total: 82492 ns
[2022-07-06T16:58:29.711+0000][69][safepoint   ] Safepoint "Cleanup", Time since last: 1110201119 ns, Reaching safepoint: 216104118 ns, At safepoint: 65473 ns, Total: 216169591 ns
[2022-07-06T16:58:30.713+0000][69][safepoint   ] Safepoint "Cleanup", Time since last: 1001877501 ns, Reaching safepoint: 131707 ns, At safepoint: 30988 ns, Total: 162695 ns
[2022-07-06T16:58:33.984+0000][69][safepoint   ] Safepoint "Cleanup", Time since last: 3270863251 ns, Reaching safepoint: 78298 ns, At safepoint: 4116 ns, Total: 82414 ns
[2022-07-06T16:58:39.402+0000][69][safepoint   ] Safepoint "Cleanup", Time since last: 5417705825 ns, Reaching safepoint: 683892 ns, At safepoint: 29261 ns, Total: 713153 ns
[2022-07-06T16:58:41.843+0000][69][safepoint   ] Safepoint "Cleanup", Time since last: 2440906118 ns, Reaching safepoint: 74876 ns, At safepoint: 4817 ns, Total: 79693 ns
[2022-07-06T16:58:43.510+0000][69][safepoint   ] Safepoint "Cleanup", Time since last: 1666146815 ns, Reaching safepoint: 410977 ns, At safepoint: 54551 ns, Total: 465528 ns
[2022-07-06T16:58:44.517+0000][69][safepoint   ] Safepoint "Cleanup", Time since last: 1006219382 ns, Reaching safepoint: 524690 ns, At safepoint: 33983 ns, Total: 558673 ns
[2022-07-06T16:58:46.901+0000][69][safepoint   ] Safepoint "Cleanup", Time since last: 1000240445 ns, Reaching safepoint: 1384370294 ns, At safepoint: 79567 ns, Total: 1384449861 ns
[2022-07-06T16:58:47.938+0000][69][safepoint   ] Safepoint "Cleanup", Time since last: 1036897808 ns, Reaching safepoint: 263712 ns, At safepoint: 44809 ns, Total: 308521 ns
[2022-07-06T16:58:49.410+0000][69][safepoint   ] Safepoint "Cleanup", Time since last: 1000229794 ns, Reaching safepoint: 471564204 ns, At safepoint: 96962 ns, Total: 471661166 ns
[2022-07-06T16:58:53.392+0000][69][safepoint   ] Safepoint "Cleanup", Time since last: 1011692084 ns, Reaching safepoint: 2970055034 ns, At safepoint: 136953 ns, Total: 2970191987 ns
[2022-07-06T16:58:54.462+0000][69][safepoint   ] Safepoint "Cleanup", Time since last: 1053670338 ns, Reaching safepoint: 16256743 ns, At safepoint: 46126 ns, Total: 16302869 ns
[2022-07-06T16:58:56.958+0000][69][safepoint   ] Safepoint "Cleanup", Time since last: 1848139129 ns, Reaching safepoint: 647825548 ns, At safepoint: 65378 ns, Total: 647890926 ns
[2022-07-06T16:58:57.959+0000][69][safepoint   ] Safepoint "Cleanup", Time since last: 1000428062 ns, Reaching safepoint: 92582 ns, At safepoint: 4568 ns, Total: 97150 ns
[2022-07-06T16:58:59.984+0000][69][safepoint   ] Safepoint "Cleanup", Time since last: 2024771765 ns, Reaching safepoint: 186108 ns, At safepoint: 13042 ns, Total: 199150 ns
[2022-07-06T16:59:01.002+0000][69][safepoint   ] Safepoint "Cleanup", Time since last: 1018315963 ns, Reaching safepoint: 85332 ns, At safepoint: 10395 ns, Total: 95727 ns
[2022-07-06T16:59:03.034+0000][69][safepoint   ] Safepoint "Cleanup", Time since last: 2031439936 ns, Reaching safepoint: 101721 ns, At safepoint: 14349 ns, Total: 116070 ns
[2022-07-06T16:59:04.036+0000][69][safepoint   ] Safepoint "Cleanup", Time since last: 1001753031 ns, Reaching safepoint: 108678 ns, At safepoint: 7326 ns, Total: 116004 ns
[2022-07-06T16:59:05.037+0000][69][safepoint   ] Safepoint "Cleanup", Time since last: 1001121212 ns, Reaching safepoint: 192740 ns, At safepoint: 22147 ns, Total: 214887 ns
[2022-07-06T16:59:05.477+0000][69][safepoint   ] Safepoint "ICBufferFull", Time since last: 439404336 ns, Reaching safepoint: 238176 ns, At safepoint: 33303 ns, Total: 271479 ns
[2022-07-06T16:59:06.572+0000][69][safepoint   ] Safepoint "ICBufferFull", Time since last: 1095580648 ns, Reaching safepoint: 247899 ns, At safepoint: 43884 ns, Total: 291783 ns
[2022-07-06T16:59:08.112+0000][69][safepoint   ] Safepoint "Cleanup", Time since last: 1038651714 ns, Reaching safepoint: 501174924 ns, At safepoint: 108832 ns, Total: 501283756 ns
[2022-07-06T16:59:09.186+0000][69][safepoint   ] Safepoint "Cleanup", Time since last: 1000244562 ns, Reaching safepoint: 73207674 ns, At safepoint: 539141 ns, Total: 73746815 ns
[2022-07-06T16:59:10.465+0000][69][safepoint   ] Safepoint "Cleanup", Time since last: 1016968154 ns, Reaching safepoint: 261228230 ns, At safepoint: 566815 ns, Total: 261795045 ns
[2022-07-06T16:59:11.497+0000][69][safepoint   ] Safepoint "Cleanup", Time since last: 1002609702 ns, Reaching safepoint: 29038754 ns, At safepoint: 86922 ns, Total: 29125676 ns
[2022-07-06T16:59:12.498+0000][69][safepoint   ] Safepoint "Cleanup", Time since last: 1000551253 ns, Reaching safepoint: 383657 ns, At safepoint: 11518 ns, Total: 395175 ns
[2022-07-06T16:59:13.699+0000][69][safepoint   ] Safepoint "Cleanup", Time since last: 1200570602 ns, Reaching safepoint: 203468 ns, At safepoint: 31511 ns, Total: 234979 ns
[2022-07-06T16:59:14.710+0000][69][safepoint   ] Safepoint "Cleanup", Time since last: 1011100277 ns, Reaching safepoint: 542360 ns, At safepoint: 19792 ns, Total: 562152 ns
[2022-07-06T16:59:15.715+0000][69][safepoint   ] Safepoint "Cleanup", Time since last: 1004454150 ns, Reaching safepoint: 224936 ns, At safepoint: 97425 ns, Total: 322361 ns
[2022-07-06T16:59:16.721+0000][69][safepoint   ] Safepoint "G1CollectForAllocation", Time since last: 1005979760 ns, Reaching safepoint: 188158 ns, At safepoint: 19319 ns, Total: 207477 ns
[2022-07-06T16:59:17.613+0000][69][gc,start    ] GC(16) Pause Young (Normal) (GCLocker Initiated GC)
[2022-07-06T16:59:17.613+0000][69][gc,task     ] GC(16) Using 8 workers of 8 for evacuation
[2022-07-06T16:59:17.613+0000][69][gc,age      ] GC(16) Desired survivor size 20971520 bytes, new threshold 3 (max threshold 15)
[2022-07-06T16:59:17.760+0000][69][gc,phases   ] GC(16)   Pre Evacuate Collection Set: 0.3ms
[2022-07-06T16:59:17.760+0000][69][gc,phases   ] GC(16)   Merge Heap Roots: 0.2ms
[2022-07-06T16:59:17.760+0000][69][gc,phases   ] GC(16)   Evacuate Collection Set: 141.2ms
[2022-07-06T16:59:17.760+0000][69][gc,phases   ] GC(16)   Post Evacuate Collection Set: 5.0ms
[2022-07-06T16:59:17.760+0000][69][gc,phases   ] GC(16)   Other: 0.1ms
[2022-07-06T16:59:17.760+0000][69][gc,age      ] GC(16) Age table with threshold 3 (max threshold 15)
[2022-07-06T16:59:17.760+0000][69][gc,age      ] GC(16) - age   1:   10692984 bytes,   10692984 total
[2022-07-06T16:59:17.760+0000][69][gc,age      ] GC(16) - age   2:   11558704 bytes,   22251688 total
[2022-07-06T16:59:17.760+0000][69][gc,age      ] GC(16) - age   3:    5018576 bytes,   27270264 total
[2022-07-06T16:59:17.760+0000][69][gc,heap     ] GC(16) Eden regions: 72->0(69)
[2022-07-06T16:59:17.760+0000][69][gc,heap     ] GC(16) Survivor regions: 6->7(10)
[2022-07-06T16:59:17.760+0000][69][gc,heap     ] GC(16) Old regions: 12->13
[2022-07-06T16:59:17.760+0000][69][gc,heap     ] GC(16) Archive regions: 2->2
[2022-07-06T16:59:17.760+0000][69][gc,heap     ] GC(16) Humongous regions: 0->0
[2022-07-06T16:59:17.760+0000][69][gc,metaspace] GC(16) Metaspace: 114724K(117888K)->114724K(117888K) NonClass: 99118K(100736K)->99118K(100736K) Class: 15605K(17152K)->15605K(17152K)
[2022-07-06T16:59:17.760+0000][69][gc          ] GC(16) Pause Young (Normal) (GCLocker Initiated GC) 356M->81M(512M) 147.043ms
[2022-07-06T16:59:17.760+0000][69][gc,cpu      ] GC(16) User=0.29s Sys=0.00s Real=0.14s
[2022-07-06T16:59:17.760+0000][69][safepoint   ] Safepoint "G1CollectForAllocation", Time since last: 890443997 ns, Reaching safepoint: 1443463 ns, At safepoint: 147136753 ns, Total: 148580216 ns
[2022-07-06T16:59:19.008+0000][69][safepoint   ] Safepoint "Cleanup", Time since last: 1025507842 ns, Reaching safepoint: 222125532 ns, At safepoint: 66292 ns, Total: 222191824 ns
[2022-07-06T16:59:20.664+0000][69][safepoint   ] Safepoint "Cleanup", Time since last: 1605357462 ns, Reaching safepoint: 51045106 ns, At safepoint: 17278 ns, Total: 51062384 ns
[2022-07-06T16:59:21.891+0000][69][safepoint   ] Safepoint "Cleanup", Time since last: 1226671895 ns, Reaching safepoint: 82004 ns, At safepoint: 4803 ns, Total: 86807 ns
[2022-07-06T16:59:22.997+0000][69][safepoint   ] Safepoint "Cleanup", Time since last: 1105943225 ns, Reaching safepoint: 113921 ns, At safepoint: 11317 ns, Total: 125238 ns
[2022-07-06T16:59:24.071+0000][69][safepoint   ] Safepoint "Cleanup", Time since last: 1073800700 ns, Reaching safepoint: 75934 ns, At safepoint: 6772 ns, Total: 82706 ns
[2022-07-06T16:59:25.884+0000][69][safepoint   ] Safepoint "Cleanup", Time since last: 1812791367 ns, Reaching safepoint: 144542 ns, At safepoint: 22807 ns, Total: 167349 ns
[2022-07-06T16:59:26.898+0000][69][safepoint   ] Safepoint "Cleanup", Time since last: 1000554630 ns, Reaching safepoint: 13821639 ns, At safepoint: 28437 ns, Total: 13850076 ns
[2022-07-06T16:59:28.102+0000][69][safepoint   ] Safepoint "Cleanup", Time since last: 1065090736 ns, Reaching safepoint: 138199730 ns, At safepoint: 82141 ns, Total: 138281871 ns
[2022-07-06T16:59:29.255+0000][69][safepoint   ] Safepoint "Cleanup", Time since last: 1037205909 ns, Reaching safepoint: 115741947 ns, At safepoint: 48403 ns, Total: 115790350 ns
[2022-07-06T16:59:30.344+0000][69][safepoint   ] Safepoint "Cleanup", Time since last: 1088683383 ns, Reaching safepoint: 624488 ns, At safepoint: 13873 ns, Total: 638361 ns
[2022-07-06T16:59:31.804+0000][69][safepoint   ] Safepoint "Cleanup", Time since last: 1002381219 ns, Reaching safepoint: 457021068 ns, At safepoint: 96826 ns, Total: 457117894 ns
[2022-07-06T16:59:32.822+0000][69][safepoint   ] Safepoint "Cleanup", Time since last: 1017822433 ns, Reaching safepoint: 144197 ns, At safepoint: 11880 ns, Total: 156077 ns
[2022-07-06T16:59:33.902+0000][69][safepoint   ] Safepoint "Cleanup", Time since last: 1080402854 ns, Reaching safepoint: 109676 ns, At safepoint: 7345 ns, Total: 117021 ns
[2022-07-06T16:59:35.003+0000][69][safepoint   ] Safepoint "Cleanup", Time since last: 1001285215 ns, Reaching safepoint: 100001059 ns, At safepoint: 30299 ns, Total: 100031358 ns
[2022-07-06T16:59:36.006+0000][69][safepoint   ] Safepoint "Cleanup", Time since last: 1002472743 ns, Reaching safepoint: 129348 ns, At safepoint: 16861 ns, Total: 146209 ns
[2022-07-06T16:59:37.043+0000][69][safepoint   ] Safepoint "Cleanup", Time since last: 1036833137 ns, Reaching safepoint: 160817 ns, At safepoint: 15063 ns, Total: 175880 ns
[2022-07-06T16:59:39.181+0000][69][safepoint   ] Safepoint "Cleanup", Time since last: 2011948185 ns, Reaching safepoint: 126248934 ns, At safepoint: 63037 ns, Total: 126311971 ns
[2022-07-06T16:59:42.217+0000][69][safepoint   ] Safepoint "Cleanup", Time since last: 3034850077 ns, Reaching safepoint: 436986 ns, At safepoint: 12742 ns, Total: 449728 ns
[2022-07-06T16:59:43.230+0000][69][safepoint   ] Safepoint "Cleanup", Time since last: 1012849703 ns, Reaching safepoint: 130919 ns, At safepoint: 38940 ns, Total: 169859 ns
[2022-07-06T16:59:46.292+0000][69][safepoint   ] Safepoint "Cleanup", Time since last: 3061726062 ns, Reaching safepoint: 109872 ns, At safepoint: 19047 ns, Total: 128919 ns
[2022-07-06T16:59:47.414+0000][69][safepoint   ] Safepoint "Cleanup", Time since last: 1000719301 ns, Reaching safepoint: 121663581 ns, At safepoint: 39867 ns, Total: 121703448 ns
[2022-07-06T16:59:51.416+0000][69][safepoint   ] Safepoint "Cleanup", Time since last: 4001830721 ns, Reaching safepoint: 115827 ns, At safepoint: 11072 ns, Total: 126899 ns
[2022-07-06T16:59:53.432+0000][69][safepoint   ] Safepoint "Cleanup", Time since last: 2015602981 ns, Reaching safepoint: 97762 ns, At safepoint: 4899 ns, Total: 102661 ns
[2022-07-06T16:59:57.574+0000][69][safepoint   ] Safepoint "Cleanup", Time since last: 4142107572 ns, Reaching safepoint: 467228 ns, At safepoint: 31097 ns, Total: 498325 ns
[2022-07-06T16:59:58.574+0000][69][safepoint   ] Safepoint "Cleanup", Time since last: 1000155176 ns, Reaching safepoint: 95680 ns, At safepoint: 11581 ns, Total: 107261 ns
[2022-07-06T16:59:59.583+0000][69][safepoint   ] Safepoint "Cleanup", Time since last: 1007966991 ns, Reaching safepoint: 99816 ns, At safepoint: 5257 ns, Total: 105073 ns
[2022-07-06T17:00:00.667+0000][69][safepoint   ] Safepoint "Cleanup", Time since last: 1084353668 ns, Reaching safepoint: 98305 ns, At safepoint: 6588 ns, Total: 104893 ns
[2022-07-06T17:00:02.409+0000][69][safepoint   ] Safepoint "Cleanup", Time since last: 1000345976 ns, Reaching safepoint: 741140566 ns, At safepoint: 36749 ns, Total: 741177315 ns
[2022-07-06T17:00:03.409+0000][69][safepoint   ] Safepoint "Cleanup", Time since last: 1000199312 ns, Reaching safepoint: 86076 ns, At safepoint: 12554 ns, Total: 98630 ns
[2022-07-06T17:00:06.453+0000][69][safepoint   ] Safepoint "Cleanup", Time since last: 3044136602 ns, Reaching safepoint: 130039 ns, At safepoint: 5377 ns, Total: 135416 ns
[2022-07-06T17:00:07.911+0000][69][safepoint   ] Safepoint "Cleanup", Time since last: 1017677274 ns, Reaching safepoint: 440622512 ns, At safepoint: 96548 ns, Total: 440719060 ns
[2022-07-06T17:00:10.396+0000][69][safepoint   ] Safepoint "Cleanup", Time since last: 1620390134 ns, Reaching safepoint: 864007266 ns, At safepoint: 36865 ns, Total: 864044131 ns
[2022-07-06T17:00:11.847+0000][69][safepoint   ] Safepoint "Cleanup", Time since last: 1422276664 ns, Reaching safepoint: 28540602 ns, At safepoint: 44221 ns, Total: 28584823 ns
[2022-07-06T17:00:15.129+0000][69][safepoint   ] Safepoint "Cleanup", Time since last: 3281721974 ns, Reaching safepoint: 105534 ns, At safepoint: 9058 ns, Total: 114592 ns
[2022-07-06T17:00:17.131+0000][69][safepoint   ] Safepoint "Cleanup", Time since last: 2002619039 ns, Reaching safepoint: 151552 ns, At safepoint: 32167 ns, Total: 183719 ns
[2022-07-06T17:00:19.801+0000][69][safepoint   ] Safepoint "Cleanup", Time since last: 2669324271 ns, Reaching safepoint: 110046 ns, At safepoint: 8222 ns, Total: 118268 ns
[2022-07-06T17:00:20.328+0000][69][safepoint   ] Safepoint "ICBufferFull", Time since last: 527136612 ns, Reaching safepoint: 244597 ns, At safepoint: 20626 ns, Total: 265223 ns
[2022-07-06T17:00:21.329+0000][69][safepoint   ] Safepoint "Cleanup", Time since last: 1000657189 ns, Reaching safepoint: 183387 ns, At safepoint: 25383 ns, Total: 208770 ns
[2022-07-06T17:00:23.094+0000][69][safepoint   ] Safepoint "Cleanup", Time since last: 1764611766 ns, Reaching safepoint: 275374 ns, At safepoint: 15369 ns, Total: 290743 ns
[2022-07-06T17:00:24.163+0000][69][safepoint   ] Safepoint "Cleanup", Time since last: 1008982119 ns, Reaching safepoint: 59896886 ns, At safepoint: 34521 ns, Total: 59931407 ns
[2022-07-06T17:00:25.254+0000][69][safepoint   ] Safepoint "Cleanup", Time since last: 1037288835 ns, Reaching safepoint: 54096156 ns, At safepoint: 60701 ns, Total: 54156857 ns
[2022-07-06T17:00:26.255+0000][69][safepoint   ] Safepoint "Cleanup", Time since last: 1000993415 ns, Reaching safepoint: 102456 ns, At safepoint: 8229 ns, Total: 110685 ns
[2022-07-06T17:00:27.261+0000][69][safepoint   ] Safepoint "Cleanup", Time since last: 1000863168 ns, Reaching safepoint: 4515858 ns, At safepoint: 62709 ns, Total: 4578567 ns
[2022-07-06T17:00:27.888+0000][69][safepoint   ] Safepoint "ICBufferFull", Time since last: 627187539 ns, Reaching safepoint: 263269 ns, At safepoint: 40813 ns, Total: 304082 ns
[2022-07-06T17:00:29.377+0000][69][safepoint   ] Safepoint "Cleanup", Time since last: 1483459939 ns, Reaching safepoint: 5078302 ns, At safepoint: 21827 ns, Total: 5100129 ns
[2022-07-06T17:00:29.670+0000][69][gc,start    ] GC(17) Pause Young (Normal) (G1 Evacuation Pause)
[2022-07-06T17:00:29.670+0000][69][gc,task     ] GC(17) Using 8 workers of 8 for evacuation
[2022-07-06T17:00:29.670+0000][69][gc,age      ] GC(17) Desired survivor size 20971520 bytes, new threshold 2 (max threshold 15)
[2022-07-06T17:00:29.818+0000][69][gc,phases   ] GC(17)   Pre Evacuate Collection Set: 0.1ms
[2022-07-06T17:00:29.819+0000][69][gc,phases   ] GC(17)   Merge Heap Roots: 0.3ms
[2022-07-06T17:00:29.819+0000][69][gc,phases   ] GC(17)   Evacuate Collection Set: 143.7ms
[2022-07-06T17:00:29.819+0000][69][gc,phases   ] GC(17)   Post Evacuate Collection Set: 4.3ms
[2022-07-06T17:00:29.819+0000][69][gc,phases   ] GC(17)   Other: 0.1ms
[2022-07-06T17:00:29.819+0000][69][gc,age      ] GC(17) Age table with threshold 2 (max threshold 15)
[2022-07-06T17:00:29.819+0000][69][gc,age      ] GC(17) - age   1:   10550320 bytes,   10550320 total
[2022-07-06T17:00:29.819+0000][69][gc,age      ] GC(17) - age   2:    7570800 bytes,   18121120 total
[2022-07-06T17:00:29.819+0000][69][gc,heap     ] GC(17) Eden regions: 69->0(71)
[2022-07-06T17:00:29.819+0000][69][gc,heap     ] GC(17) Survivor regions: 7->5(10)
[2022-07-06T17:00:29.819+0000][69][gc,heap     ] GC(17) Old regions: 13->17
[2022-07-06T17:00:29.819+0000][69][gc,heap     ] GC(17) Archive regions: 2->2
[2022-07-06T17:00:29.819+0000][69][gc,heap     ] GC(17) Humongous regions: 0->0
[2022-07-06T17:00:29.819+0000][69][gc,metaspace] GC(17) Metaspace: 122148K(125440K)->122148K(125440K) NonClass: 105420K(107136K)->105420K(107136K) Class: 16727K(18304K)->16727K(18304K)
[2022-07-06T17:00:29.819+0000][69][gc          ] GC(17) Pause Young (Normal) (G1 Evacuation Pause) 357M->90M(512M) 148.736ms
[2022-07-06T17:00:29.819+0000][69][gc,cpu      ] GC(17) User=0.24s Sys=0.00s Real=0.11s
[2022-07-06T17:00:29.819+0000][69][safepoint   ] Safepoint "G1CollectForAllocation", Time since last: 292722969 ns, Reaching safepoint: 139908 ns, At safepoint: 148836592 ns, Total: 148976500 ns
[2022-07-06T17:00:30.952+0000][69][safepoint   ] Safepoint "Cleanup", Time since last: 1001285044 ns, Reaching safepoint: 131778174 ns, At safepoint: 44118 ns, Total: 131822292 ns
[2022-07-06T17:00:32.056+0000][69][safepoint   ] Safepoint "Cleanup", Time since last: 1104334381 ns, Reaching safepoint: 114033 ns, At safepoint: 11092 ns, Total: 125125 ns
[2022-07-06T17:00:34.067+0000][69][safepoint   ] Safepoint "Cleanup", Time since last: 2010474548 ns, Reaching safepoint: 64923 ns, At safepoint: 3713 ns, Total: 68636 ns
[2022-07-06T17:00:35.096+0000][69][safepoint   ] Safepoint "Cleanup", Time since last: 1029283735 ns, Reaching safepoint: 123262 ns, At safepoint: 14289 ns, Total: 137551 ns
[2022-07-06T17:00:36.097+0000][69][safepoint   ] Safepoint "Cleanup", Time since last: 1000471903 ns, Reaching safepoint: 69381 ns, At safepoint: 5679 ns, Total: 75060 ns
[2022-07-06T17:00:37.396+0000][69][safepoint   ] Safepoint "Cleanup", Time since last: 1090911178 ns, Reaching safepoint: 208251629 ns, At safepoint: 45131 ns, Total: 208296760 ns
[2022-07-06T17:00:38.510+0000][69][safepoint   ] Safepoint "Cleanup", Time since last: 1004873385 ns, Reaching safepoint: 108676300 ns, At safepoint: 94116 ns, Total: 108770416 ns
[2022-07-06T17:00:39.317+0000][69][safepoint   ] Safepoint "ICBufferFull", Time since last: 807384809 ns, Reaching safepoint: 279726 ns, At safepoint: 41259 ns, Total: 320985 ns
[2022-07-06T17:00:40.711+0000][69][safepoint   ] Safepoint "Cleanup", Time since last: 1001368406 ns, Reaching safepoint: 392127554 ns, At safepoint: 49495 ns, Total: 392177049 ns
[2022-07-06T17:00:42.093+0000][69][safepoint   ] Safepoint "Cleanup", Time since last: 1381744485 ns, Reaching safepoint: 520680 ns, At safepoint: 97360 ns, Total: 618040 ns
[2022-07-06T17:00:43.115+0000][69][safepoint   ] Safepoint "Cleanup", Time since last: 1022031947 ns, Reaching safepoint: 84242 ns, At safepoint: 7335 ns, Total: 91577 ns
[2022-07-06T17:00:44.121+0000][69][safepoint   ] Safepoint "Cleanup", Time since last: 1005601375 ns, Reaching safepoint: 69594 ns, At safepoint: 10138 ns, Total: 79732 ns
[2022-07-06T17:00:45.122+0000][69][safepoint   ] Safepoint "Cleanup", Time since last: 1000850438 ns, Reaching safepoint: 191682 ns, At safepoint: 13553 ns, Total: 205235 ns
[2022-07-06T17:00:46.288+0000][69][safepoint   ] Safepoint "Cleanup", Time since last: 1166026018 ns, Reaching safepoint: 232454 ns, At safepoint: 13030 ns, Total: 245484 ns
[2022-07-06T17:00:47.322+0000][69][safepoint   ] Safepoint "Cleanup", Time since last: 1033749924 ns, Reaching safepoint: 84350 ns, At safepoint: 4908 ns, Total: 89258 ns
[2022-07-06T17:00:48.382+0000][69][safepoint   ] Safepoint "Cleanup", Time since last: 1040127366 ns, Reaching safepoint: 20040684 ns, At safepoint: 75479 ns, Total: 20116163 ns
[2022-07-06T17:00:49.383+0000][69][safepoint   ] Safepoint "Cleanup", Time since last: 1000643287 ns, Reaching safepoint: 246691 ns, At safepoint: 12582 ns, Total: 259273 ns
[2022-07-06T17:00:50.385+0000][69][safepoint   ] Safepoint "Cleanup", Time since last: 1001323288 ns, Reaching safepoint: 217591 ns, At safepoint: 27503 ns, Total: 245094 ns
[2022-07-06T17:00:51.385+0000][69][safepoint   ] Safepoint "Cleanup", Time since last: 1000403395 ns, Reaching safepoint: 155794 ns, At safepoint: 15667 ns, Total: 171461 ns
[2022-07-06T17:00:52.387+0000][69][safepoint   ] Safepoint "Cleanup", Time since last: 1000668341 ns, Reaching safepoint: 566952 ns, At safepoint: 42139 ns, Total: 609091 ns
[2022-07-06T17:00:53.388+0000][69][safepoint   ] Safepoint "Cleanup", Time since last: 1000430742 ns, Reaching safepoint: 265784 ns, At safepoint: 58132 ns, Total: 323916 ns
[2022-07-06T17:00:54.388+0000][69][safepoint   ] Safepoint "Cleanup", Time since last: 1000309687 ns, Reaching safepoint: 305794 ns, At safepoint: 16692 ns, Total: 322486 ns
[2022-07-06T17:00:55.390+0000][69][safepoint   ] Safepoint "Cleanup", Time since last: 1001448779 ns, Reaching safepoint: 288155 ns, At safepoint: 25594 ns, Total: 313749 ns
[2022-07-06T17:00:56.409+0000][69][safepoint   ] Safepoint "Cleanup", Time since last: 1019410759 ns, Reaching safepoint: 152694 ns, At safepoint: 18050 ns, Total: 170744 ns
[2022-07-06T17:00:57.410+0000][69][safepoint   ] Safepoint "Cleanup", Time since last: 1000244176 ns, Reaching safepoint: 116636 ns, At safepoint: 16631 ns, Total: 133267 ns
[2022-07-06T17:00:58.410+0000][69][safepoint   ] Safepoint "Cleanup", Time since last: 1000306399 ns, Reaching safepoint: 276556 ns, At safepoint: 21427 ns, Total: 297983 ns
[2022-07-06T17:00:59.411+0000][69][safepoint   ] Safepoint "Cleanup", Time since last: 1000322412 ns, Reaching safepoint: 162978 ns, At safepoint: 13802 ns, Total: 176780 ns
[2022-07-06T17:01:00.412+0000][69][safepoint   ] Safepoint "Cleanup", Time since last: 1000354865 ns, Reaching safepoint: 343502 ns, At safepoint: 14358 ns, Total: 357860 ns
[2022-07-06T17:01:03.417+0000][69][safepoint   ] Safepoint "Cleanup", Time since last: 3004339078 ns, Reaching safepoint: 517448 ns, At safepoint: 23127 ns, Total: 540575 ns
[2022-07-06T17:01:04.418+0000][69][safepoint   ] Safepoint "Cleanup", Time since last: 1001015004 ns, Reaching safepoint: 161725 ns, At safepoint: 10852 ns, Total: 172577 ns
[2022-07-06T17:01:05.419+0000][69][safepoint   ] Safepoint "Cleanup", Time since last: 1001032098 ns, Reaching safepoint: 182296 ns, At safepoint: 12484 ns, Total: 194780 ns
[2022-07-06T17:01:06.420+0000][69][safepoint   ] Safepoint "Cleanup", Time since last: 1000471301 ns, Reaching safepoint: 149700 ns, At safepoint: 11259 ns, Total: 160959 ns
[2022-07-06T17:01:08.421+0000][69][safepoint   ] Safepoint "Cleanup", Time since last: 2000985585 ns, Reaching safepoint: 147836 ns, At safepoint: 16554 ns, Total: 164390 ns
[2022-07-06T17:01:10.237+0000][69][safepoint   ] Safepoint "Cleanup", Time since last: 1815586964 ns, Reaching safepoint: 473544 ns, At safepoint: 8397 ns, Total: 481941 ns
[2022-07-06T17:01:12.239+0000][69][safepoint   ] Safepoint "Cleanup", Time since last: 2001780027 ns, Reaching safepoint: 229647 ns, At safepoint: 28330 ns, Total: 257977 ns
[2022-07-06T17:01:14.240+0000][69][safepoint   ] Safepoint "Cleanup", Time since last: 2000677403 ns, Reaching safepoint: 147511 ns, At safepoint: 12035 ns, Total: 159546 ns
[2022-07-06T17:01:14.981+0000][69][gc,start    ] GC(18) Pause Young (Normal) (G1 Evacuation Pause)
[2022-07-06T17:01:14.981+0000][69][gc,task     ] GC(18) Using 8 workers of 8 for evacuation
[2022-07-06T17:01:14.981+0000][69][gc,age      ] GC(18) Desired survivor size 20971520 bytes, new threshold 15 (max threshold 15)
[2022-07-06T17:01:14.994+0000][69][gc,phases   ] GC(18)   Pre Evacuate Collection Set: 0.2ms
[2022-07-06T17:01:14.994+0000][69][gc,phases   ] GC(18)   Merge Heap Roots: 0.1ms
[2022-07-06T17:01:14.994+0000][69][gc,phases   ] GC(18)   Evacuate Collection Set: 10.3ms
[2022-07-06T17:01:14.994+0000][69][gc,phases   ] GC(18)   Post Evacuate Collection Set: 2.0ms
[2022-07-06T17:01:14.994+0000][69][gc,phases   ] GC(18)   Other: 0.1ms
[2022-07-06T17:01:14.994+0000][69][gc,age      ] GC(18) Age table with threshold 15 (max threshold 15)
[2022-07-06T17:01:14.994+0000][69][gc,age      ] GC(18) - age   1:    6595304 bytes,    6595304 total
[2022-07-06T17:01:14.994+0000][69][gc,age      ] GC(18) - age   2:    5778736 bytes,   12374040 total
[2022-07-06T17:01:14.994+0000][69][gc,age      ] GC(18) - age   3:    7476032 bytes,   19850072 total
[2022-07-06T17:01:14.994+0000][69][gc,heap     ] GC(18) Eden regions: 71->0(70)
[2022-07-06T17:01:14.994+0000][69][gc,heap     ] GC(18) Survivor regions: 5->6(10)
[2022-07-06T17:01:14.994+0000][69][gc,heap     ] GC(18) Old regions: 17->17
[2022-07-06T17:01:14.994+0000][69][gc,heap     ] GC(18) Archive regions: 2->2
[2022-07-06T17:01:14.994+0000][69][gc,heap     ] GC(18) Humongous regions: 0->0
[2022-07-06T17:01:14.994+0000][69][gc,metaspace] GC(18) Metaspace: 125415K(128832K)->125415K(128832K) NonClass: 108401K(110208K)->108401K(110208K) Class: 17013K(18624K)->17013K(18624K)
[2022-07-06T17:01:14.994+0000][69][gc          ] GC(18) Pause Young (Normal) (G1 Evacuation Pause) 374M->92M(512M) 12.981ms
[2022-07-06T17:01:14.994+0000][69][gc,cpu      ] GC(18) User=0.06s Sys=0.00s Real=0.01s
[2022-07-06T17:01:14.994+0000][69][safepoint   ] Safepoint "G1CollectForAllocation", Time since last: 741059540 ns, Reaching safepoint: 174706 ns, At safepoint: 13160835 ns, Total: 13335541 ns
[2022-07-06T17:01:15.995+0000][69][safepoint   ] Safepoint "Cleanup", Time since last: 1000474362 ns, Reaching safepoint: 233619 ns, At safepoint: 12731 ns, Total: 246350 ns
[2022-07-06T17:01:16.996+0000][69][safepoint   ] Safepoint "Cleanup", Time since last: 1001495823 ns, Reaching safepoint: 163894 ns, At safepoint: 13842 ns, Total: 177736 ns
[2022-07-06T17:01:17.997+0000][69][safepoint   ] Safepoint "Cleanup", Time since last: 1000356809 ns, Reaching safepoint: 168348 ns, At safepoint: 14711 ns, Total: 183059 ns
[2022-07-06T17:01:19.999+0000][69][safepoint   ] Safepoint "Cleanup", Time since last: 2001689205 ns, Reaching safepoint: 157703 ns, At safepoint: 15520 ns, Total: 173223 ns
[2022-07-06T17:01:21.000+0000][69][safepoint   ] Safepoint "Cleanup", Time since last: 1000730186 ns, Reaching safepoint: 163495 ns, At safepoint: 24238 ns, Total: 187733 ns
[2022-07-06T17:01:22.002+0000][69][safepoint   ] Safepoint "Cleanup", Time since last: 1002007887 ns, Reaching safepoint: 315033 ns, At safepoint: 48510 ns, Total: 363543 ns
[2022-07-06T17:01:24.004+0000][69][safepoint   ] Safepoint "Cleanup", Time since last: 2001154128 ns, Reaching safepoint: 212595 ns, At safepoint: 22449 ns, Total: 235044 ns
[2022-07-06T17:01:26.004+0000][69][safepoint   ] Safepoint "Cleanup", Time since last: 2000472648 ns, Reaching safepoint: 267168 ns, At safepoint: 42971 ns, Total: 310139 ns
[2022-07-06T17:01:27.005+0000][69][safepoint   ] Safepoint "Cleanup", Time since last: 1000803836 ns, Reaching safepoint: 115377 ns, At safepoint: 12157 ns, Total: 127534 ns
[2022-07-06T17:01:28.006+0000][69][safepoint   ] Safepoint "Cleanup", Time since last: 1000651881 ns, Reaching safepoint: 233549 ns, At safepoint: 19008 ns, Total: 252557 ns
[2022-07-06T17:01:29.007+0000][69][safepoint   ] Safepoint "Cleanup", Time since last: 1000358698 ns, Reaching safepoint: 334362 ns, At safepoint: 35286 ns, Total: 369648 ns
[2022-07-06T17:01:30.008+0000][69][safepoint   ] Safepoint "Cleanup", Time since last: 1000460859 ns, Reaching safepoint: 445681 ns, At safepoint: 34165 ns, Total: 479846 ns
[2022-07-06T17:01:31.009+0000][69][safepoint   ] Safepoint "Cleanup", Time since last: 1000776450 ns, Reaching safepoint: 201820 ns, At safepoint: 26173 ns, Total: 227993 ns
[2022-07-06T17:01:33.011+0000][69][safepoint   ] Safepoint "Cleanup", Time since last: 2001727177 ns, Reaching safepoint: 117733 ns, At safepoint: 30951 ns, Total: 148684 ns
[2022-07-06T17:01:34.012+0000][69][safepoint   ] Safepoint "Cleanup", Time since last: 1000763027 ns, Reaching safepoint: 132453 ns, At safepoint: 15559 ns, Total: 148012 ns
[2022-07-06T17:01:36.013+0000][69][safepoint   ] Safepoint "Cleanup", Time since last: 2001616051 ns, Reaching safepoint: 122184 ns, At safepoint: 15863 ns, Total: 138047 ns
[2022-07-06T17:01:37.015+0000][69][safepoint   ] Safepoint "Cleanup", Time since last: 1000831546 ns, Reaching safepoint: 696764 ns, At safepoint: 9303 ns, Total: 706067 ns
[2022-07-06T17:01:39.028+0000][69][safepoint   ] Safepoint "Cleanup", Time since last: 2001041786 ns, Reaching safepoint: 11683117 ns, At safepoint: 26594 ns, Total: 11709711 ns
[2022-07-06T17:01:40.030+0000][69][safepoint   ] Safepoint "Cleanup", Time since last: 1001906258 ns, Reaching safepoint: 138077 ns, At safepoint: 10954 ns, Total: 149031 ns
[2022-07-06T17:01:42.030+0000][69][safepoint   ] Safepoint "Cleanup", Time since last: 2000540491 ns, Reaching safepoint: 181440 ns, At safepoint: 13797 ns, Total: 195237 ns
[2022-07-06T17:01:45.034+0000][69][safepoint   ] Safepoint "Cleanup", Time since last: 3003547242 ns, Reaching safepoint: 125079 ns, At safepoint: 17960 ns, Total: 143039 ns
[2022-07-06T17:01:46.037+0000][69][safepoint   ] Safepoint "Cleanup", Time since last: 1002171207 ns, Reaching safepoint: 449917 ns, At safepoint: 42943 ns, Total: 492860 ns
[2022-07-06T17:01:48.043+0000][69][safepoint   ] Safepoint "Cleanup", Time since last: 2005668412 ns, Reaching safepoint: 267063 ns, At safepoint: 26201 ns, Total: 293264 ns
[2022-07-06T17:01:49.045+0000][69][safepoint   ] Safepoint "Cleanup", Time since last: 1002113794 ns, Reaching safepoint: 445101 ns, At safepoint: 40478 ns, Total: 485579 ns
[2022-07-06T17:01:50.048+0000][69][safepoint   ] Safepoint "Cleanup", Time since last: 1001935468 ns, Reaching safepoint: 147857 ns, At safepoint: 25921 ns, Total: 173778 ns
[2022-07-06T17:01:51.051+0000][69][safepoint   ] Safepoint "Cleanup", Time since last: 1003109513 ns, Reaching safepoint: 209591 ns, At safepoint: 27181 ns, Total: 236772 ns
[2022-07-06T17:01:52.054+0000][69][safepoint   ] Safepoint "Cleanup", Time since last: 1002569148 ns, Reaching safepoint: 161721 ns, At safepoint: 10898 ns, Total: 172619 ns
[2022-07-06T17:01:53.055+0000][69][safepoint   ] Safepoint "Cleanup", Time since last: 1001454509 ns, Reaching safepoint: 220731 ns, At safepoint: 20349 ns, Total: 241080 ns
[2022-07-06T17:01:54.057+0000][69][safepoint   ] Safepoint "Cleanup", Time since last: 1001413900 ns, Reaching safepoint: 222788 ns, At safepoint: 7825 ns, Total: 230613 ns
[2022-07-06T17:01:57.060+0000][69][safepoint   ] Safepoint "Cleanup", Time since last: 3002604392 ns, Reaching safepoint: 186912 ns, At safepoint: 36923 ns, Total: 223835 ns
[2022-07-06T17:01:58.060+0000][69][safepoint   ] Safepoint "Cleanup", Time since last: 1000202591 ns, Reaching safepoint: 155976 ns, At safepoint: 23423 ns, Total: 179399 ns
[2022-07-06T17:02:00.065+0000][69][safepoint   ] Safepoint "Cleanup", Time since last: 2005044216 ns, Reaching safepoint: 107799 ns, At safepoint: 10333 ns, Total: 118132 ns
[2022-07-06T17:02:02.069+0000][69][safepoint   ] Safepoint "Cleanup", Time since last: 2003386627 ns, Reaching safepoint: 180201 ns, At safepoint: 25790 ns, Total: 205991 ns
[2022-07-06T17:02:03.070+0000][69][safepoint   ] Safepoint "Cleanup", Time since last: 1001102272 ns, Reaching safepoint: 138456 ns, At safepoint: 15909 ns, Total: 154365 ns
[2022-07-06T17:02:04.071+0000][69][safepoint   ] Safepoint "Cleanup", Time since last: 1000351564 ns, Reaching safepoint: 166091 ns, At safepoint: 43372 ns, Total: 209463 ns
[2022-07-06T17:02:06.072+0000][69][safepoint   ] Safepoint "Cleanup", Time since last: 2001412605 ns, Reaching safepoint: 179879 ns, At safepoint: 25195 ns, Total: 205074 ns
[2022-07-06T17:02:09.075+0000][69][safepoint   ] Safepoint "Cleanup", Time since last: 3002216533 ns, Reaching safepoint: 189673 ns, At safepoint: 33657 ns, Total: 223330 ns
[2022-07-06T17:02:10.076+0000][69][safepoint   ] Safepoint "Cleanup", Time since last: 1000624068 ns, Reaching safepoint: 130050 ns, At safepoint: 25273 ns, Total: 155323 ns
[2022-07-06T17:02:15.080+0000][69][safepoint   ] Safepoint "Cleanup", Time since last: 5004014374 ns, Reaching safepoint: 219032 ns, At safepoint: 13701 ns, Total: 232733 ns
[2022-07-06T17:02:16.081+0000][69][safepoint   ] Safepoint "Cleanup", Time since last: 1000444862 ns, Reaching safepoint: 814500 ns, At safepoint: 44482 ns, Total: 858982 ns
[2022-07-06T17:02:18.085+0000][69][safepoint   ] Safepoint "Cleanup", Time since last: 2003644008 ns, Reaching safepoint: 201921 ns, At safepoint: 18081 ns, Total: 220002 ns
[2022-07-06T17:02:19.087+0000][69][safepoint   ] Safepoint "Cleanup", Time since last: 1001532602 ns, Reaching safepoint: 157730 ns, At safepoint: 11115 ns, Total: 168845 ns
[2022-07-06T17:02:20.088+0000][69][safepoint   ] Safepoint "Cleanup", Time since last: 1000498304 ns, Reaching safepoint: 767338 ns, At safepoint: 78927 ns, Total: 846265 ns
[2022-07-06T17:02:20.953+0000][69][gc,start    ] GC(19) Pause Young (Normal) (G1 Evacuation Pause)
[2022-07-06T17:02:20.954+0000][69][gc,task     ] GC(19) Using 8 workers of 8 for evacuation
[2022-07-06T17:02:20.954+0000][69][gc,age      ] GC(19) Desired survivor size 20971520 bytes, new threshold 15 (max threshold 15)
[2022-07-06T17:02:20.965+0000][69][gc,phases   ] GC(19)   Pre Evacuate Collection Set: 0.2ms
[2022-07-06T17:02:20.965+0000][69][gc,phases   ] GC(19)   Merge Heap Roots: 0.2ms
[2022-07-06T17:02:20.965+0000][69][gc,phases   ] GC(19)   Evacuate Collection Set: 7.4ms
[2022-07-06T17:02:20.965+0000][69][gc,phases   ] GC(19)   Post Evacuate Collection Set: 3.8ms
[2022-07-06T17:02:20.965+0000][69][gc,phases   ] GC(19)   Other: 0.2ms
[2022-07-06T17:02:20.965+0000][69][gc,age      ] GC(19) Age table with threshold 15 (max threshold 15)
[2022-07-06T17:02:20.965+0000][69][gc,age      ] GC(19) - age   1:    4487952 bytes,    4487952 total
[2022-07-06T17:02:20.965+0000][69][gc,age      ] GC(19) - age   2:    2676912 bytes,    7164864 total
[2022-07-06T17:02:20.965+0000][69][gc,age      ] GC(19) - age   3:    5778224 bytes,   12943088 total
[2022-07-06T17:02:20.965+0000][69][gc,age      ] GC(19) - age   4:    7476032 bytes,   20419120 total
[2022-07-06T17:02:20.965+0000][69][gc,heap     ] GC(19) Eden regions: 70->0(70)
[2022-07-06T17:02:20.965+0000][69][gc,heap     ] GC(19) Survivor regions: 6->6(10)
[2022-07-06T17:02:20.965+0000][69][gc,heap     ] GC(19) Old regions: 17->17
[2022-07-06T17:02:20.965+0000][69][gc,heap     ] GC(19) Archive regions: 2->2
[2022-07-06T17:02:20.965+0000][69][gc,heap     ] GC(19) Humongous regions: 0->0
[2022-07-06T17:02:20.965+0000][69][gc,metaspace] GC(19) Metaspace: 125906K(129344K)->125906K(129344K) NonClass: 108891K(110720K)->108891K(110720K) Class: 17015K(18624K)->17015K(18624K)
[2022-07-06T17:02:20.965+0000][69][gc          ] GC(19) Pause Young (Normal) (G1 Evacuation Pause) 372M->91M(512M) 11.942ms
[2022-07-06T17:02:20.965+0000][69][gc,cpu      ] GC(19) User=0.07s Sys=0.00s Real=0.01s
[2022-07-06T17:02:20.966+0000][69][safepoint   ] Safepoint "G1CollectForAllocation", Time since last: 865267084 ns, Reaching safepoint: 156668 ns, At safepoint: 12069563 ns, Total: 12226231 ns
[2022-07-06T17:02:21.967+0000][69][safepoint   ] Safepoint "Cleanup", Time since last: 1001363314 ns, Reaching safepoint: 238422 ns, At safepoint: 15016 ns, Total: 253438 ns
[2022-07-06T17:02:23.968+0000][69][safepoint   ] Safepoint "Cleanup", Time since last: 2000871145 ns, Reaching safepoint: 121529 ns, At safepoint: 32136 ns, Total: 153665 ns
[2022-07-06T17:02:24.970+0000][69][safepoint   ] Safepoint "Cleanup", Time since last: 1001329235 ns, Reaching safepoint: 236439 ns, At safepoint: 30720 ns, Total: 267159 ns
[2022-07-06T17:02:26.972+0000][69][safepoint   ] Safepoint "Cleanup", Time since last: 2001709402 ns, Reaching safepoint: 149562 ns, At safepoint: 31213 ns, Total: 180775 ns
[2022-07-06T17:02:27.973+0000][69][safepoint   ] Safepoint "Cleanup", Time since last: 1000804768 ns, Reaching safepoint: 164772 ns, At safepoint: 23542 ns, Total: 188314 ns
[2022-07-06T17:02:28.974+0000][69][safepoint   ] Safepoint "Cleanup", Time since last: 1001048220 ns, Reaching safepoint: 160475 ns, At safepoint: 17474 ns, Total: 177949 ns
[2022-07-06T17:02:29.975+0000][69][safepoint   ] Safepoint "Cleanup", Time since last: 1001039427 ns, Reaching safepoint: 224994 ns, At safepoint: 18173 ns, Total: 243167 ns
[2022-07-06T17:02:31.977+0000][69][safepoint   ] Safepoint "Cleanup", Time since last: 2001529707 ns, Reaching safepoint: 130192 ns, At safepoint: 14841 ns, Total: 145033 ns
[2022-07-06T17:02:33.978+0000][69][safepoint   ] Safepoint "Cleanup", Time since last: 2000713377 ns, Reaching safepoint: 295851 ns, At safepoint: 24153 ns, Total: 320004 ns
[2022-07-06T17:02:34.979+0000][69][safepoint   ] Safepoint "Cleanup", Time since last: 1001339724 ns, Reaching safepoint: 209877 ns, At safepoint: 31239 ns, Total: 241116 ns
[2022-07-06T17:02:35.981+0000][69][safepoint   ] Safepoint "Cleanup", Time since last: 1001467622 ns, Reaching safepoint: 187236 ns, At safepoint: 19065 ns, Total: 206301 ns
[2022-07-06T17:02:36.982+0000][69][safepoint   ] Safepoint "Cleanup", Time since last: 1000875215 ns, Reaching safepoint: 244453 ns, At safepoint: 21662 ns, Total: 266115 ns
[2022-07-06T17:02:38.984+0000][69][safepoint   ] Safepoint "Cleanup", Time since last: 2002035666 ns, Reaching safepoint: 109733 ns, At safepoint: 16679 ns, Total: 126412 ns
[2022-07-06T17:02:40.181+0000][69][safepoint   ] Safepoint "Cleanup", Time since last: 1196171994 ns, Reaching safepoint: 258083 ns, At safepoint: 32878 ns, Total: 290961 ns
[2022-07-06T17:02:41.261+0000][69][safepoint   ] Safepoint "Cleanup", Time since last: 1079394094 ns, Reaching safepoint: 779223 ns, At safepoint: 85785 ns, Total: 865008 ns
[2022-07-06T17:02:42.262+0000][69][safepoint   ] Safepoint "Cleanup", Time since last: 1000514213 ns, Reaching safepoint: 149904 ns, At safepoint: 15754 ns, Total: 165658 ns
[2022-07-06T17:02:45.264+0000][69][safepoint   ] Safepoint "Cleanup", Time since last: 3001668382 ns, Reaching safepoint: 221570 ns, At safepoint: 19942 ns, Total: 241512 ns
[2022-07-06T17:02:46.283+0000][69][safepoint   ] Safepoint "Cleanup", Time since last: 1019508851 ns, Reaching safepoint: 75561 ns, At safepoint: 4290 ns, Total: 79851 ns
[2022-07-06T17:02:47.284+0000][69][safepoint   ] Safepoint "Cleanup", Time since last: 1000406620 ns, Reaching safepoint: 186924 ns, At safepoint: 13088 ns, Total: 200012 ns
[2022-07-06T17:02:48.289+0000][69][safepoint   ] Safepoint "Cleanup", Time since last: 1004364214 ns, Reaching safepoint: 262629 ns, At safepoint: 33644 ns, Total: 296273 ns
[2022-07-06T17:02:49.291+0000][69][safepoint   ] Safepoint "Cleanup", Time since last: 1002087050 ns, Reaching safepoint: 654290 ns, At safepoint: 21707 ns, Total: 675997 ns
[2022-07-06T17:02:51.333+0000][69][safepoint   ] Safepoint "Cleanup", Time since last: 2041172906 ns, Reaching safepoint: 132631 ns, At safepoint: 9552 ns, Total: 142183 ns
[2022-07-06T17:02:52.334+0000][69][safepoint   ] Safepoint "Cleanup", Time since last: 1000644010 ns, Reaching safepoint: 198296 ns, At safepoint: 35294 ns, Total: 233590 ns
[2022-07-06T17:02:53.334+0000][69][safepoint   ] Safepoint "Cleanup", Time since last: 1000227325 ns, Reaching safepoint: 236340 ns, At safepoint: 15242 ns, Total: 251582 ns
[2022-07-06T17:02:55.337+0000][69][safepoint   ] Safepoint "Cleanup", Time since last: 2002448317 ns, Reaching safepoint: 172598 ns, At safepoint: 12200 ns, Total: 184798 ns
[2022-07-06T17:02:58.341+0000][69][safepoint   ] Safepoint "Cleanup", Time since last: 3003855370 ns, Reaching safepoint: 176891 ns, At safepoint: 16191 ns, Total: 193082 ns
[2022-07-06T17:02:59.341+0000][69][safepoint   ] Safepoint "Cleanup", Time since last: 1000192781 ns, Reaching safepoint: 116698 ns, At safepoint: 10408 ns, Total: 127106 ns
[2022-07-06T17:03:00.342+0000][69][safepoint   ] Safepoint "Cleanup", Time since last: 1000476195 ns, Reaching safepoint: 172196 ns, At safepoint: 17469 ns, Total: 189665 ns
[2022-07-06T17:03:01.342+0000][69][safepoint   ] Safepoint "Cleanup", Time since last: 1000397076 ns, Reaching safepoint: 227450 ns, At safepoint: 12946 ns, Total: 240396 ns
[2022-07-06T17:03:04.345+0000][69][safepoint   ] Safepoint "Cleanup", Time since last: 3002351397 ns, Reaching safepoint: 175810 ns, At safepoint: 25098 ns, Total: 200908 ns
[2022-07-06T17:03:05.346+0000][69][safepoint   ] Safepoint "Cleanup", Time since last: 1000590866 ns, Reaching safepoint: 172232 ns, At safepoint: 9458 ns, Total: 181690 ns
[2022-07-06T17:03:06.346+0000][69][safepoint   ] Safepoint "Cleanup", Time since last: 1000710431 ns, Reaching safepoint: 120802 ns, At safepoint: 10328 ns, Total: 131130 ns
[2022-07-06T17:03:07.349+0000][69][safepoint   ] Safepoint "Cleanup", Time since last: 1001297419 ns, Reaching safepoint: 739770 ns, At safepoint: 10042 ns, Total: 749812 ns
[2022-07-06T17:03:10.352+0000][69][safepoint   ] Safepoint "Cleanup", Time since last: 3003277091 ns, Reaching safepoint: 184279 ns, At safepoint: 11304 ns, Total: 195583 ns
[2022-07-06T17:03:11.353+0000][69][safepoint   ] Safepoint "Cleanup", Time since last: 1000721425 ns, Reaching safepoint: 154472 ns, At safepoint: 22929 ns, Total: 177401 ns
[2022-07-06T17:03:16.698+0000][69][safepoint   ] Safepoint "Cleanup", Time since last: 5050580540 ns, Reaching safepoint: 294368186 ns, At safepoint: 29619 ns, Total: 294397805 ns
[2022-07-06T17:03:18.243+0000][69][gc,start    ] GC(20) Pause Young (Normal) (G1 Evacuation Pause)
[2022-07-06T17:03:18.243+0000][69][gc,task     ] GC(20) Using 8 workers of 8 for evacuation
[2022-07-06T17:03:18.243+0000][69][gc,age      ] GC(20) Desired survivor size 20971520 bytes, new threshold 15 (max threshold 15)
[2022-07-06T17:03:18.271+0000][69][gc,phases   ] GC(20)   Pre Evacuate Collection Set: 0.4ms
[2022-07-06T17:03:18.271+0000][69][gc,phases   ] GC(20)   Merge Heap Roots: 5.5ms
[2022-07-06T17:03:18.271+0000][69][gc,phases   ] GC(20)   Evacuate Collection Set: 18.0ms
[2022-07-06T17:03:18.271+0000][69][gc,phases   ] GC(20)   Post Evacuate Collection Set: 3.1ms
[2022-07-06T17:03:18.271+0000][69][gc,phases   ] GC(20)   Other: 0.4ms
[2022-07-06T17:03:18.271+0000][69][gc,age      ] GC(20) Age table with threshold 15 (max threshold 15)
[2022-07-06T17:03:18.271+0000][69][gc,age      ] GC(20) - age   1:    5801280 bytes,    5801280 total
[2022-07-06T17:03:18.271+0000][69][gc,age      ] GC(20) - age   2:      49408 bytes,    5850688 total
[2022-07-06T17:03:18.271+0000][69][gc,age      ] GC(20) - age   3:    2345944 bytes,    8196632 total
[2022-07-06T17:03:18.271+0000][69][gc,age      ] GC(20) - age   4:    5516208 bytes,   13712840 total
[2022-07-06T17:03:18.271+0000][69][gc,age      ] GC(20) - age   5:    7475920 bytes,   21188760 total
[2022-07-06T17:03:18.271+0000][69][gc,heap     ] GC(20) Eden regions: 70->0(70)
[2022-07-06T17:03:18.271+0000][69][gc,heap     ] GC(20) Survivor regions: 6->6(10)
[2022-07-06T17:03:18.271+0000][69][gc,heap     ] GC(20) Old regions: 17->17
[2022-07-06T17:03:18.271+0000][69][gc,heap     ] GC(20) Archive regions: 2->2
[2022-07-06T17:03:18.271+0000][69][gc,heap     ] GC(20) Humongous regions: 0->0
[2022-07-06T17:03:18.271+0000][69][gc,metaspace] GC(20) Metaspace: 126417K(129856K)->126417K(129856K) NonClass: 109378K(111168K)->109378K(111168K) Class: 17038K(18688K)->17038K(18688K)
[2022-07-06T17:03:18.271+0000][69][gc          ] GC(20) Pause Young (Normal) (G1 Evacuation Pause) 371M->92M(512M) 27.669ms
[2022-07-06T17:03:18.271+0000][69][gc,cpu      ] GC(20) User=0.10s Sys=0.00s Real=0.03s
[2022-07-06T17:03:18.271+0000][69][safepoint   ] Safepoint "G1CollectForAllocation", Time since last: 1545046282 ns, Reaching safepoint: 289532 ns, At safepoint: 27944340 ns, Total: 28233872 ns
[2022-07-06T17:03:19.272+0000][69][safepoint   ] Safepoint "Cleanup", Time since last: 1000608148 ns, Reaching safepoint: 698449 ns, At safepoint: 25929 ns, Total: 724378 ns
[2022-07-06T17:03:20.274+0000][69][safepoint   ] Safepoint "Cleanup", Time since last: 1001101040 ns, Reaching safepoint: 112069 ns, At safepoint: 10990 ns, Total: 123059 ns
[2022-07-06T17:03:21.277+0000][69][safepoint   ] Safepoint "Cleanup", Time since last: 1001446230 ns, Reaching safepoint: 2165131 ns, At safepoint: 50262 ns, Total: 2215393 ns
[2022-07-06T17:03:22.278+0000][69][safepoint   ] Safepoint "Cleanup", Time since last: 1000281143 ns, Reaching safepoint: 157769 ns, At safepoint: 99288 ns, Total: 257057 ns
[2022-07-06T17:03:23.279+0000][69][safepoint   ] Safepoint "Cleanup", Time since last: 1000900744 ns, Reaching safepoint: 66835 ns, At safepoint: 4782 ns, Total: 71617 ns
[2022-07-06T17:03:25.281+0000][69][safepoint   ] Safepoint "Cleanup", Time since last: 2001623708 ns, Reaching safepoint: 191179 ns, At safepoint: 9029 ns, Total: 200208 ns
[2022-07-06T17:03:28.284+0000][69][safepoint   ] Safepoint "Cleanup", Time since last: 3003362678 ns, Reaching safepoint: 187864 ns, At safepoint: 20968 ns, Total: 208832 ns
[2022-07-06T17:03:31.287+0000][69][safepoint   ] Safepoint "Cleanup", Time since last: 3002905430 ns, Reaching safepoint: 202138 ns, At safepoint: 18427 ns, Total: 220565 ns
[2022-07-06T17:03:34.309+0000][69][safepoint   ] Safepoint "Cleanup", Time since last: 3021803351 ns, Reaching safepoint: 161323 ns, At safepoint: 16588 ns, Total: 177911 ns
[2022-07-06T17:03:36.314+0000][69][safepoint   ] Safepoint "Cleanup", Time since last: 2004166241 ns, Reaching safepoint: 168705 ns, At safepoint: 11772 ns, Total: 180477 ns
[2022-07-06T17:03:37.315+0000][69][safepoint   ] Safepoint "Cleanup", Time since last: 1000743400 ns, Reaching safepoint: 186771 ns, At safepoint: 18605 ns, Total: 205376 ns
[2022-07-06T17:03:40.319+0000][69][safepoint   ] Safepoint "Cleanup", Time since last: 3003467006 ns, Reaching safepoint: 687455 ns, At safepoint: 28620 ns, Total: 716075 ns
[2022-07-06T17:03:43.322+0000][69][safepoint   ] Safepoint "Cleanup", Time since last: 3003131250 ns, Reaching safepoint: 207577 ns, At safepoint: 36595 ns, Total: 244172 ns
[2022-07-06T17:03:46.326+0000][69][safepoint   ] Safepoint "Cleanup", Time since last: 3003705216 ns, Reaching safepoint: 224939 ns, At safepoint: 40810 ns, Total: 265749 ns
[2022-07-06T17:03:49.330+0000][69][safepoint   ] Safepoint "Cleanup", Time since last: 3003221173 ns, Reaching safepoint: 332745 ns, At safepoint: 43413 ns, Total: 376158 ns
[2022-07-06T17:03:50.331+0000][69][safepoint   ] Safepoint "Cleanup", Time since last: 1000355795 ns, Reaching safepoint: 278699 ns, At safepoint: 51526 ns, Total: 330225 ns
[2022-07-06T17:03:51.332+0000][69][safepoint   ] Safepoint "Cleanup", Time since last: 1000818829 ns, Reaching safepoint: 181224 ns, At safepoint: 26181 ns, Total: 207405 ns
[2022-07-06T17:03:55.335+0000][69][safepoint   ] Safepoint "Cleanup", Time since last: 4002561678 ns, Reaching safepoint: 731313 ns, At safepoint: 20503 ns, Total: 751816 ns
[2022-07-06T17:03:56.336+0000][69][safepoint   ] Safepoint "Cleanup", Time since last: 1001369087 ns, Reaching safepoint: 225440 ns, At safepoint: 12820 ns, Total: 238260 ns
[2022-07-06T17:04:01.343+0000][69][safepoint   ] Safepoint "Cleanup", Time since last: 5006173271 ns, Reaching safepoint: 183988 ns, At safepoint: 19994 ns, Total: 203982 ns
[2022-07-06T17:04:04.346+0000][69][safepoint   ] Safepoint "Cleanup", Time since last: 3003334434 ns, Reaching safepoint: 159990 ns, At safepoint: 25918 ns, Total: 185908 ns
[2022-07-06T17:04:07.350+0000][69][safepoint   ] Safepoint "Cleanup", Time since last: 3003362034 ns, Reaching safepoint: 169779 ns, At safepoint: 11536 ns, Total: 181315 ns
[2022-07-06T17:04:08.352+0000][69][safepoint   ] Safepoint "Cleanup", Time since last: 1002137242 ns, Reaching safepoint: 441537 ns, At safepoint: 15040 ns, Total: 456577 ns
[2022-07-06T17:04:09.353+0000][69][safepoint   ] Safepoint "Cleanup", Time since last: 1000218670 ns, Reaching safepoint: 230981 ns, At safepoint: 24216 ns, Total: 255197 ns
[2022-07-06T17:04:12.641+0000][69][safepoint   ] Safepoint "Cleanup", Time since last: 1215293930 ns, Reaching safepoint: 2072416809 ns, At safepoint: 93661 ns, Total: 2072510470 ns
[2022-07-06T17:04:13.968+0000][69][safepoint   ] Safepoint "Cleanup", Time since last: 1167091841 ns, Reaching safepoint: 159864431 ns, At safepoint: 77508 ns, Total: 159941939 ns
[2022-07-06T17:04:13.971+0000][69][gc,start    ] GC(21) Pause Young (Normal) (G1 Evacuation Pause)
[2022-07-06T17:04:13.971+0000][69][gc,task     ] GC(21) Using 8 workers of 8 for evacuation
[2022-07-06T17:04:13.972+0000][69][gc,age      ] GC(21) Desired survivor size 20971520 bytes, new threshold 5 (max threshold 15)
[2022-07-06T17:04:14.330+0000][69][gc,mmu      ] GC(21) MMU target violated: 201.0ms (200.0ms/201.0ms)
[2022-07-06T17:04:14.330+0000][69][gc,phases   ] GC(21)   Pre Evacuate Collection Set: 0.1ms
[2022-07-06T17:04:14.330+0000][69][gc,phases   ] GC(21)   Merge Heap Roots: 0.1ms
[2022-07-06T17:04:14.330+0000][69][gc,phases   ] GC(21)   Evacuate Collection Set: 356.1ms
[2022-07-06T17:04:14.330+0000][69][gc,phases   ] GC(21)   Post Evacuate Collection Set: 2.3ms
[2022-07-06T17:04:14.330+0000][69][gc,phases   ] GC(21)   Other: 0.2ms
[2022-07-06T17:04:14.330+0000][69][gc,age      ] GC(21) Age table with threshold 5 (max threshold 15)
[2022-07-06T17:04:14.330+0000][69][gc,age      ] GC(21) - age   1:    5195264 bytes,    5195264 total
[2022-07-06T17:04:14.330+0000][69][gc,age      ] GC(21) - age   2:     327696 bytes,    5522960 total
[2022-07-06T17:04:14.330+0000][69][gc,age      ] GC(21) - age   3:      43816 bytes,    5566776 total
[2022-07-06T17:04:14.330+0000][69][gc,age      ] GC(21) - age   4:    2188680 bytes,    7755456 total
[2022-07-06T17:04:14.330+0000][69][gc,age      ] GC(21) - age   5:    5270224 bytes,   13025680 total
[2022-07-06T17:04:14.330+0000][69][gc,heap     ] GC(21) Eden regions: 70->0(72)
[2022-07-06T17:04:14.330+0000][69][gc,heap     ] GC(21) Survivor regions: 6->4(10)
[2022-07-06T17:04:14.330+0000][69][gc,heap     ] GC(21) Old regions: 17->19
[2022-07-06T17:04:14.330+0000][69][gc,heap     ] GC(21) Archive regions: 2->2
[2022-07-06T17:04:14.330+0000][69][gc,heap     ] GC(21) Humongous regions: 0->0
[2022-07-06T17:04:14.330+0000][69][gc,metaspace] GC(21) Metaspace: 126958K(130368K)->126958K(130368K) NonClass: 109876K(111680K)->109876K(111680K) Class: 17082K(18688K)->17082K(18688K)
[2022-07-06T17:04:14.330+0000][69][gc          ] GC(21) Pause Young (Normal) (G1 Evacuation Pause) 372M->93M(512M) 358.977ms
[2022-07-06T17:04:14.330+0000][69][gc,cpu      ] GC(21) User=1.04s Sys=0.00s Real=0.35s
[2022-07-06T17:04:14.331+0000][69][safepoint   ] Safepoint "G1CollectForAllocation", Time since last: 2922810 ns, Reaching safepoint: 661877 ns, At safepoint: 359156519 ns, Total: 359818396 ns
[2022-07-06T17:04:15.331+0000][69][safepoint   ] Safepoint "Cleanup", Time since last: 1000863105 ns, Reaching safepoint: 80000 ns, At safepoint: 9346 ns, Total: 89346 ns
[2022-07-06T17:04:16.353+0000][69][safepoint   ] Safepoint "Cleanup", Time since last: 1021461848 ns, Reaching safepoint: 45971 ns, At safepoint: 3459 ns, Total: 49430 ns
[2022-07-06T17:04:18.696+0000][69][safepoint   ] Safepoint "Cleanup", Time since last: 2203726624 ns, Reaching safepoint: 138882183 ns, At safepoint: 53775 ns, Total: 138935958 ns
[2022-07-06T17:04:19.769+0000][69][safepoint   ] Safepoint "Cleanup", Time since last: 1073724099 ns, Reaching safepoint: 93274 ns, At safepoint: 7846 ns, Total: 101120 ns
[2022-07-06T17:04:20.770+0000][69][safepoint   ] Safepoint "Cleanup", Time since last: 1000288351 ns, Reaching safepoint: 95282 ns, At safepoint: 10200 ns, Total: 105482 ns
[2022-07-06T17:04:22.726+0000][69][safepoint   ] Safepoint "Cleanup", Time since last: 1615569827 ns, Reaching safepoint: 340689977 ns, At safepoint: 47386 ns, Total: 340737363 ns
[2022-07-06T17:04:23.806+0000][69][safepoint   ] Safepoint "Cleanup", Time since last: 1079614035 ns, Reaching safepoint: 99415 ns, At safepoint: 7492 ns, Total: 106907 ns
[2022-07-06T17:04:24.806+0000][69][safepoint   ] Safepoint "Cleanup", Time since last: 1000171998 ns, Reaching safepoint: 268456 ns, At safepoint: 20106 ns, Total: 288562 ns
[2022-07-06T17:04:26.056+0000][69][safepoint   ] Safepoint "Cleanup", Time since last: 1022523314 ns, Reaching safepoint: 227022509 ns, At safepoint: 74391 ns, Total: 227096900 ns
[2022-07-06T17:04:27.864+0000][69][safepoint   ] Safepoint "Cleanup", Time since last: 1807308870 ns, Reaching safepoint: 479411 ns, At safepoint: 19990 ns, Total: 499401 ns
[2022-07-06T17:04:28.875+0000][69][safepoint   ] Safepoint "Cleanup", Time since last: 1011218312 ns, Reaching safepoint: 89337 ns, At safepoint: 3886 ns, Total: 93223 ns
[2022-07-06T17:04:29.877+0000][69][safepoint   ] Safepoint "Cleanup", Time since last: 1001294396 ns, Reaching safepoint: 106654 ns, At safepoint: 8634 ns, Total: 115288 ns
[2022-07-06T17:04:30.879+0000][69][safepoint   ] Safepoint "Cleanup", Time since last: 1002173343 ns, Reaching safepoint: 94234 ns, At safepoint: 12870 ns, Total: 107104 ns
[2022-07-06T17:04:31.912+0000][69][safepoint   ] Safepoint "Cleanup", Time since last: 1033390803 ns, Reaching safepoint: 71435 ns, At safepoint: 9238 ns, Total: 80673 ns
[2022-07-06T17:04:32.943+0000][69][safepoint   ] Safepoint "Cleanup", Time since last: 1030345611 ns, Reaching safepoint: 124658 ns, At safepoint: 17458 ns, Total: 142116 ns
[2022-07-06T17:04:33.944+0000][69][safepoint   ] Safepoint "Cleanup", Time since last: 1001224351 ns, Reaching safepoint: 129012 ns, At safepoint: 23709 ns, Total: 152721 ns
[2022-07-06T17:04:34.945+0000][69][safepoint   ] Safepoint "Cleanup", Time since last: 1000277023 ns, Reaching safepoint: 85614 ns, At safepoint: 7652 ns, Total: 93266 ns
[2022-07-06T17:04:37.007+0000][69][safepoint   ] Safepoint "Cleanup", Time since last: 2022504902 ns, Reaching safepoint: 40183900 ns, At safepoint: 50634 ns, Total: 40234534 ns
[2022-07-06T17:04:39.036+0000][69][safepoint   ] Safepoint "Cleanup", Time since last: 2020349338 ns, Reaching safepoint: 8747707 ns, At safepoint: 26240 ns, Total: 8773947 ns
[2022-07-06T17:04:40.037+0000][69][safepoint   ] Safepoint "Cleanup", Time since last: 1000228046 ns, Reaching safepoint: 87692 ns, At safepoint: 4424 ns, Total: 92116 ns
[2022-07-06T17:04:42.071+0000][69][safepoint   ] Safepoint "Cleanup", Time since last: 2034374022 ns, Reaching safepoint: 114865 ns, At safepoint: 7999 ns, Total: 122864 ns
[2022-07-06T17:04:43.072+0000][69][safepoint   ] Safepoint "Cleanup", Time since last: 1000251284 ns, Reaching safepoint: 733057 ns, At safepoint: 16606 ns, Total: 749663 ns
[2022-07-06T17:04:45.073+0000][69][safepoint   ] Safepoint "Cleanup", Time since last: 2001159076 ns, Reaching safepoint: 124414 ns, At safepoint: 13512 ns, Total: 137926 ns
[2022-07-06T17:04:47.117+0000][69][safepoint   ] Safepoint "Cleanup", Time since last: 2043912840 ns, Reaching safepoint: 90973 ns, At safepoint: 6839 ns, Total: 97812 ns
[2022-07-06T17:04:48.134+0000][69][safepoint   ] Safepoint "Cleanup", Time since last: 1016081035 ns, Reaching safepoint: 140854 ns, At safepoint: 16020 ns, Total: 156874 ns
[2022-07-06T17:04:49.138+0000][69][safepoint   ] Safepoint "Cleanup", Time since last: 1002276447 ns, Reaching safepoint: 2062416 ns, At safepoint: 47387 ns, Total: 2109803 ns
[2022-07-06T17:04:51.142+0000][69][safepoint   ] Safepoint "Cleanup", Time since last: 2003245930 ns, Reaching safepoint: 233609 ns, At safepoint: 23054 ns, Total: 256663 ns
[2022-07-06T17:04:54.147+0000][69][safepoint   ] Safepoint "Cleanup", Time since last: 3005280321 ns, Reaching safepoint: 362170 ns, At safepoint: 25335 ns, Total: 387505 ns
[2022-07-06T17:04:56.150+0000][69][safepoint   ] Safepoint "Cleanup", Time since last: 2002506758 ns, Reaching safepoint: 212820 ns, At safepoint: 17589 ns, Total: 230409 ns
[2022-07-06T17:04:57.152+0000][69][safepoint   ] Safepoint "Cleanup", Time since last: 1001839508 ns, Reaching safepoint: 206117 ns, At safepoint: 12123 ns, Total: 218240 ns
[2022-07-06T17:04:58.153+0000][69][safepoint   ] Safepoint "Cleanup", Time since last: 1001062138 ns, Reaching safepoint: 249691 ns, At safepoint: 9944 ns, Total: 259635 ns
[2022-07-06T17:04:59.154+0000][69][safepoint   ] Safepoint "Cleanup", Time since last: 1000760753 ns, Reaching safepoint: 228506 ns, At safepoint: 8596 ns, Total: 237102 ns
[2022-07-06T17:05:00.156+0000][69][safepoint   ] Safepoint "Cleanup", Time since last: 1001246432 ns, Reaching safepoint: 185106 ns, At safepoint: 15524 ns, Total: 200630 ns
[2022-07-06T17:05:03.183+0000][69][safepoint   ] Safepoint "Cleanup", Time since last: 3027069060 ns, Reaching safepoint: 494177 ns, At safepoint: 14665 ns, Total: 508842 ns
[2022-07-06T17:05:04.184+0000][69][safepoint   ] Safepoint "Cleanup", Time since last: 1000683969 ns, Reaching safepoint: 245788 ns, At safepoint: 8172 ns, Total: 253960 ns
[2022-07-06T17:05:06.185+0000][69][safepoint   ] Safepoint "Cleanup", Time since last: 2000900219 ns, Reaching safepoint: 177603 ns, At safepoint: 10407 ns, Total: 188010 ns
[2022-07-06T17:05:13.190+0000][69][safepoint   ] Safepoint "Cleanup", Time since last: 7004098472 ns, Reaching safepoint: 165839 ns, At safepoint: 12258 ns, Total: 178097 ns
[2022-07-06T17:05:15.192+0000][69][safepoint   ] Safepoint "Cleanup", Time since last: 2001522798 ns, Reaching safepoint: 540375 ns, At safepoint: 66502 ns, Total: 606877 ns
[2022-07-06T17:05:15.201+0000][69][gc,start    ] GC(22) Pause Young (Normal) (G1 Evacuation Pause)
[2022-07-06T17:05:15.201+0000][69][gc,task     ] GC(22) Using 8 workers of 8 for evacuation
[2022-07-06T17:05:15.201+0000][69][gc,age      ] GC(22) Desired survivor size 20971520 bytes, new threshold 15 (max threshold 15)
[2022-07-06T17:05:15.213+0000][69][gc,phases   ] GC(22)   Pre Evacuate Collection Set: 0.2ms
[2022-07-06T17:05:15.213+0000][69][gc,phases   ] GC(22)   Merge Heap Roots: 0.4ms
[2022-07-06T17:05:15.213+0000][69][gc,phases   ] GC(22)   Evacuate Collection Set: 8.5ms
[2022-07-06T17:05:15.213+0000][69][gc,phases   ] GC(22)   Post Evacuate Collection Set: 3.0ms
[2022-07-06T17:05:15.213+0000][69][gc,phases   ] GC(22)   Other: 0.1ms
[2022-07-06T17:05:15.213+0000][69][gc,age      ] GC(22) Age table with threshold 15 (max threshold 15)
[2022-07-06T17:05:15.213+0000][69][gc,age      ] GC(22) - age   1:    4946640 bytes,    4946640 total
[2022-07-06T17:05:15.213+0000][69][gc,age      ] GC(22) - age   2:     426104 bytes,    5372744 total
[2022-07-06T17:05:15.213+0000][69][gc,age      ] GC(22) - age   3:      92536 bytes,    5465280 total
[2022-07-06T17:05:15.213+0000][69][gc,age      ] GC(22) - age   4:      43216 bytes,    5508496 total
[2022-07-06T17:05:15.213+0000][69][gc,age      ] GC(22) - age   5:    2170632 bytes,    7679128 total
[2022-07-06T17:05:15.213+0000][69][gc,age      ] GC(22) - age   6:    5183136 bytes,   12862264 total
[2022-07-06T17:05:15.213+0000][69][gc,heap     ] GC(22) Eden regions: 72->0(72)
[2022-07-06T17:05:15.213+0000][69][gc,heap     ] GC(22) Survivor regions: 4->4(10)
[2022-07-06T17:05:15.213+0000][69][gc,heap     ] GC(22) Old regions: 19->19
[2022-07-06T17:05:15.213+0000][69][gc,heap     ] GC(22) Archive regions: 2->2
[2022-07-06T17:05:15.213+0000][69][gc,heap     ] GC(22) Humongous regions: 0->0
[2022-07-06T17:05:15.213+0000][69][gc,metaspace] GC(22) Metaspace: 128263K(131648K)->128263K(131648K) NonClass: 110983K(112768K)->110983K(112768K) Class: 17279K(18880K)->17279K(18880K)
[2022-07-06T17:05:15.213+0000][69][gc          ] GC(22) Pause Young (Normal) (G1 Evacuation Pause) 380M->91M(512M) 12.486ms
[2022-07-06T17:05:15.213+0000][69][gc,cpu      ] GC(22) User=0.06s Sys=0.00s Real=0.01s
[2022-07-06T17:05:15.213+0000][69][safepoint   ] Safepoint "G1CollectForAllocation", Time since last: 8614767 ns, Reaching safepoint: 174923 ns, At safepoint: 12633146 ns, Total: 12808069 ns
[2022-07-06T17:05:18.218+0000][69][safepoint   ] Safepoint "Cleanup", Time since last: 3004586957 ns, Reaching safepoint: 209404 ns, At safepoint: 18509 ns, Total: 227913 ns
[2022-07-06T17:05:19.219+0000][69][safepoint   ] Safepoint "Cleanup", Time since last: 1000892292 ns, Reaching safepoint: 152228 ns, At safepoint: 11316 ns, Total: 163544 ns
[2022-07-06T17:05:21.221+0000][69][safepoint   ] Safepoint "Cleanup", Time since last: 2001817228 ns, Reaching safepoint: 188971 ns, At safepoint: 15008 ns, Total: 203979 ns
[2022-07-06T17:05:22.222+0000][69][safepoint   ] Safepoint "Cleanup", Time since last: 1000649406 ns, Reaching safepoint: 205192 ns, At safepoint: 11300 ns, Total: 216492 ns
[2022-07-06T17:05:24.225+0000][69][safepoint   ] Safepoint "Cleanup", Time since last: 2002302658 ns, Reaching safepoint: 164493 ns, At safepoint: 10932 ns, Total: 175425 ns
[2022-07-06T17:05:25.225+0000][69][safepoint   ] Safepoint "Cleanup", Time since last: 1000219748 ns, Reaching safepoint: 144286 ns, At safepoint: 17392 ns, Total: 161678 ns
[2022-07-06T17:05:30.231+0000][69][safepoint   ] Safepoint "Cleanup", Time since last: 5006143190 ns, Reaching safepoint: 168999 ns, At safepoint: 14303 ns, Total: 183302 ns
[2022-07-06T17:05:31.232+0000][69][safepoint   ] Safepoint "Cleanup", Time since last: 1000340924 ns, Reaching safepoint: 675565 ns, At safepoint: 37684 ns, Total: 713249 ns
[2022-07-06T17:05:33.234+0000][69][safepoint   ] Safepoint "Cleanup", Time since last: 2001266375 ns, Reaching safepoint: 130096 ns, At safepoint: 12720 ns, Total: 142816 ns
[2022-07-06T17:05:36.237+0000][69][safepoint   ] Safepoint "Cleanup", Time since last: 3003077771 ns, Reaching safepoint: 166872 ns, At safepoint: 10594 ns, Total: 177466 ns
[2022-07-06T17:05:38.240+0000][69][safepoint   ] Safepoint "Cleanup", Time since last: 2002718716 ns, Reaching safepoint: 92504 ns, At safepoint: 13272 ns, Total: 105776 ns
[2022-07-06T17:05:40.243+0000][69][safepoint   ] Safepoint "Cleanup", Time since last: 2003315562 ns, Reaching safepoint: 148843 ns, At safepoint: 35613 ns, Total: 184456 ns
[2022-07-06T17:05:43.268+0000][69][safepoint   ] Safepoint "Cleanup", Time since last: 3019853195 ns, Reaching safepoint: 5167959 ns, At safepoint: 59765 ns, Total: 5227724 ns
[2022-07-06T17:05:45.580+0000][69][safepoint   ] Safepoint "Cleanup", Time since last: 2311626467 ns, Reaching safepoint: 106131 ns, At safepoint: 4984 ns, Total: 111115 ns
[2022-07-06T17:05:46.708+0000][69][safepoint   ] Safepoint "Cleanup", Time since last: 1127415354 ns, Reaching safepoint: 159158 ns, At safepoint: 22558 ns, Total: 181716 ns
[2022-07-06T17:05:47.858+0000][69][safepoint   ] Safepoint "Cleanup", Time since last: 1149876281 ns, Reaching safepoint: 105257 ns, At safepoint: 13184 ns, Total: 118441 ns
[2022-07-06T17:05:48.866+0000][69][safepoint   ] Safepoint "Cleanup", Time since last: 1008517092 ns, Reaching safepoint: 73937 ns, At safepoint: 65770 ns, Total: 139707 ns
[2022-07-06T17:05:49.867+0000][69][safepoint   ] Safepoint "Cleanup", Time since last: 1000543513 ns, Reaching safepoint: 89478 ns, At safepoint: 14500 ns, Total: 103978 ns
[2022-07-06T17:05:51.546+0000][69][safepoint   ] Safepoint "G1CollectForAllocation", Time since last: 1678614981 ns, Reaching safepoint: 110238 ns, At safepoint: 31918 ns, Total: 142156 ns
[2022-07-06T17:05:51.546+0000][69][gc,start    ] GC(23) Pause Young (Normal) (GCLocker Initiated GC)
[2022-07-06T17:05:51.546+0000][69][gc,task     ] GC(23) Using 8 workers of 8 for evacuation
[2022-07-06T17:05:51.546+0000][69][gc,age      ] GC(23) Desired survivor size 20971520 bytes, new threshold 15 (max threshold 15)
[2022-07-06T17:05:51.730+0000][69][gc,phases   ] GC(23)   Pre Evacuate Collection Set: 0.1ms
[2022-07-06T17:05:51.730+0000][69][gc,phases   ] GC(23)   Merge Heap Roots: 0.1ms
[2022-07-06T17:05:51.730+0000][69][gc,phases   ] GC(23)   Evacuate Collection Set: 180.2ms
[2022-07-06T17:05:51.730+0000][69][gc,phases   ] GC(23)   Post Evacuate Collection Set: 3.1ms
[2022-07-06T17:05:51.730+0000][69][gc,phases   ] GC(23)   Other: 0.2ms
[2022-07-06T17:05:51.730+0000][69][gc,age      ] GC(23) Age table with threshold 15 (max threshold 15)
[2022-07-06T17:05:51.730+0000][69][gc,age      ] GC(23) - age   1:    1740088 bytes,    1740088 total
[2022-07-06T17:05:51.730+0000][69][gc,age      ] GC(23) - age   2:    1862416 bytes,    3602504 total
[2022-07-06T17:05:51.730+0000][69][gc,age      ] GC(23) - age   3:     422208 bytes,    4024712 total
[2022-07-06T17:05:51.730+0000][69][gc,age      ] GC(23) - age   4:      92192 bytes,    4116904 total
[2022-07-06T17:05:51.730+0000][69][gc,age      ] GC(23) - age   5:      42936 bytes,    4159840 total
[2022-07-06T17:05:51.730+0000][69][gc,age      ] GC(23) - age   6:    2152952 bytes,    6312792 total
[2022-07-06T17:05:51.730+0000][69][gc,age      ] GC(23) - age   7:    5157688 bytes,   11470480 total
[2022-07-06T17:05:51.730+0000][69][gc,heap     ] GC(23) Eden regions: 72->0(73)
[2022-07-06T17:05:51.730+0000][69][gc,heap     ] GC(23) Survivor regions: 4->3(10)
[2022-07-06T17:05:51.730+0000][69][gc,heap     ] GC(23) Old regions: 19->19
[2022-07-06T17:05:51.730+0000][69][gc,heap     ] GC(23) Archive regions: 2->2
[2022-07-06T17:05:51.730+0000][69][gc,heap     ] GC(23) Humongous regions: 0->0
[2022-07-06T17:05:51.730+0000][69][gc,metaspace] GC(23) Metaspace: 128474K(131904K)->128474K(131904K) NonClass: 111191K(113024K)->111191K(113024K) Class: 17283K(18880K)->17283K(18880K)
[2022-07-06T17:05:51.730+0000][69][gc          ] GC(23) Pause Young (Normal) (GCLocker Initiated GC) 379M->89M(512M) 184.199ms
[2022-07-06T17:05:51.730+0000][69][gc,cpu      ] GC(23) User=0.23s Sys=0.03s Real=0.19s
[2022-07-06T17:05:51.730+0000][69][safepoint   ] Safepoint "G1CollectForAllocation", Time since last: 208712 ns, Reaching safepoint: 89883 ns, At safepoint: 184369242 ns, Total: 184459125 ns
[2022-07-06T17:05:53.035+0000][69][safepoint   ] Safepoint "Cleanup", Time since last: 1304132294 ns, Reaching safepoint: 71694 ns, At safepoint: 18913 ns, Total: 90607 ns
[2022-07-06T17:05:55.097+0000][69][safepoint   ] Safepoint "Cleanup", Time since last: 2062211966 ns, Reaching safepoint: 66338 ns, At safepoint: 33255 ns, Total: 99593 ns
[2022-07-06T17:05:56.116+0000][69][safepoint   ] Safepoint "Cleanup", Time since last: 1019341260 ns, Reaching safepoint: 114039 ns, At safepoint: 13679 ns, Total: 127718 ns
[2022-07-06T17:05:57.224+0000][69][safepoint   ] Safepoint "Cleanup", Time since last: 1107380655 ns, Reaching safepoint: 501982 ns, At safepoint: 19120 ns, Total: 521102 ns
[2022-07-06T17:06:00.226+0000][69][safepoint   ] Safepoint "Cleanup", Time since last: 3001278936 ns, Reaching safepoint: 112149 ns, At safepoint: 5832 ns, Total: 117981 ns
[2022-07-06T17:06:01.408+0000][69][safepoint   ] Safepoint "Cleanup", Time since last: 1182518119 ns, Reaching safepoint: 69254 ns, At safepoint: 5074 ns, Total: 74328 ns
[2022-07-06T17:06:02.480+0000][69][safepoint   ] Safepoint "Cleanup", Time since last: 1071931687 ns, Reaching safepoint: 93221 ns, At safepoint: 6546 ns, Total: 99767 ns
[2022-07-06T17:06:04.490+0000][69][safepoint   ] Safepoint "Cleanup", Time since last: 2009855689 ns, Reaching safepoint: 180697 ns, At safepoint: 8746 ns, Total: 189443 ns
[2022-07-06T17:06:07.891+0000][69][safepoint   ] Safepoint "Cleanup", Time since last: 2100824198 ns, Reaching safepoint: 1299271263 ns, At safepoint: 39043 ns, Total: 1299310306 ns
[2022-07-06T17:06:18.743+0000][69][safepoint   ] Safepoint "Cleanup", Time since last: 10826787110 ns, Reaching safepoint: 26053217 ns, At safepoint: 34547 ns, Total: 26087764 ns
[2022-07-06T17:06:19.744+0000][69][safepoint   ] Safepoint "Cleanup", Time since last: 1000302330 ns, Reaching safepoint: 82725 ns, At safepoint: 9069 ns, Total: 91794 ns
[2022-07-06T17:06:23.929+0000][69][safepoint   ] Safepoint "Cleanup", Time since last: 4134404673 ns, Reaching safepoint: 50495525 ns, At safepoint: 40230 ns, Total: 50535755 ns
[2022-07-06T17:06:28.938+0000][69][safepoint   ] Safepoint "Cleanup", Time since last: 3127656487 ns, Reaching safepoint: 1784311849 ns, At safepoint: 97080467 ns, Total: 1881392316 ns
[2022-07-06T17:06:30.509+0000][69][safepoint   ] Safepoint "Cleanup", Time since last: 1570998993 ns, Reaching safepoint: 76776 ns, At safepoint: 4986 ns, Total: 81762 ns
[2022-07-06T17:06:31.902+0000][69][safepoint   ] Safepoint "Cleanup", Time since last: 1393430858 ns, Reaching safepoint: 73022 ns, At safepoint: 4842 ns, Total: 77864 ns
[2022-07-06T17:06:45.066+0000][69][safepoint   ] Safepoint "Cleanup", Time since last: 4927629661 ns, Reaching safepoint: 8235585481 ns, At safepoint: 65411 ns, Total: 8235650892 ns
[2022-07-06T17:06:46.129+0000][69][safepoint   ] Safepoint "Cleanup", Time since last: 1063686815 ns, Reaching safepoint: 77568 ns, At safepoint: 4928 ns, Total: 82496 ns
[2022-07-06T17:06:48.685+0000][69][safepoint   ] Safepoint "Cleanup", Time since last: 2174161164 ns, Reaching safepoint: 381767310 ns, At safepoint: 42248 ns, Total: 381809558 ns
[2022-07-06T17:06:56.198+0000][69][safepoint   ] Safepoint "Cleanup", Time since last: 7416137697 ns, Reaching safepoint: 96469230 ns, At safepoint: 53137 ns, Total: 96522367 ns
[2022-07-06T17:06:57.318+0000][69][safepoint   ] Safepoint "Cleanup", Time since last: 1119398793 ns, Reaching safepoint: 134216 ns, At safepoint: 7550 ns, Total: 141766 ns
[2022-07-06T17:06:59.335+0000][69][safepoint   ] Safepoint "Cleanup", Time since last: 2017690247 ns, Reaching safepoint: 186182 ns, At safepoint: 8944 ns, Total: 195126 ns
[2022-07-06T17:07:01.277+0000][69][safepoint   ] Safepoint "Cleanup", Time since last: 1002143911 ns, Reaching safepoint: 938876910 ns, At safepoint: 123516 ns, Total: 939000426 ns
[2022-07-06T17:07:02.328+0000][69][safepoint   ] Safepoint "Cleanup", Time since last: 1051026845 ns, Reaching safepoint: 125131 ns, At safepoint: 7821 ns, Total: 132952 ns
[2022-07-06T17:07:03.328+0000][69][safepoint   ] Safepoint "Cleanup", Time since last: 1000286679 ns, Reaching safepoint: 186538 ns, At safepoint: 46117 ns, Total: 232655 ns
[2022-07-06T17:07:04.330+0000][69][safepoint   ] Safepoint "Cleanup", Time since last: 1000862236 ns, Reaching safepoint: 588705 ns, At safepoint: 15207 ns, Total: 603912 ns
[2022-07-06T17:07:05.330+0000][69][safepoint   ] Safepoint "Cleanup", Time since last: 1000317558 ns, Reaching safepoint: 134491 ns, At safepoint: 12234 ns, Total: 146725 ns
[2022-07-06T17:07:09.332+0000][69][safepoint   ] Safepoint "Cleanup", Time since last: 4001204691 ns, Reaching safepoint: 221912 ns, At safepoint: 10858 ns, Total: 232770 ns
[2022-07-06T17:07:10.333+0000][69][safepoint   ] Safepoint "Cleanup", Time since last: 1000764381 ns, Reaching safepoint: 196221 ns, At safepoint: 23539 ns, Total: 219760 ns
[2022-07-06T17:07:13.335+0000][69][safepoint   ] Safepoint "Cleanup", Time since last: 3001535571 ns, Reaching safepoint: 702013 ns, At safepoint: 12860 ns, Total: 714873 ns
[2022-07-06T17:07:14.337+0000][69][safepoint   ] Safepoint "Cleanup", Time since last: 1002044999 ns, Reaching safepoint: 177311 ns, At safepoint: 15539 ns, Total: 192850 ns
[2022-07-06T17:07:15.340+0000][69][safepoint   ] Safepoint "Cleanup", Time since last: 1002458621 ns, Reaching safepoint: 182410 ns, At safepoint: 15476 ns, Total: 197886 ns
[2022-07-06T17:07:16.341+0000][69][safepoint   ] Safepoint "Cleanup", Time since last: 1001265972 ns, Reaching safepoint: 225948 ns, At safepoint: 18945 ns, Total: 244893 ns
[2022-07-06T17:07:18.314+0000][69][safepoint   ] Safepoint "Cleanup", Time since last: 1972306158 ns, Reaching safepoint: 331217 ns, At safepoint: 117148 ns, Total: 448365 ns
[2022-07-06T17:07:19.798+0000][69][safepoint   ] Safepoint "Cleanup", Time since last: 1483709838 ns, Reaching safepoint: 115447 ns, At safepoint: 54186 ns, Total: 169633 ns
[2022-07-06T17:07:20.805+0000][69][safepoint   ] Safepoint "Cleanup", Time since last: 1006887264 ns, Reaching safepoint: 129877 ns, At safepoint: 9434 ns, Total: 139311 ns
[2022-07-06T17:07:21.845+0000][69][safepoint   ] Safepoint "Cleanup", Time since last: 1040208237 ns, Reaching safepoint: 101555 ns, At safepoint: 18092 ns, Total: 119647 ns
[2022-07-06T17:07:22.968+0000][69][safepoint   ] Safepoint "Cleanup", Time since last: 1122601937 ns, Reaching safepoint: 78941 ns, At safepoint: 4583 ns, Total: 83524 ns
[2022-07-06T17:07:24.157+0000][69][safepoint   ] Safepoint "Cleanup", Time since last: 1188953998 ns, Reaching safepoint: 108072 ns, At safepoint: 10673 ns, Total: 118745 ns
[2022-07-06T17:07:26.719+0000][69][safepoint   ] Safepoint "Cleanup", Time since last: 2561447593 ns, Reaching safepoint: 99823 ns, At safepoint: 7575 ns, Total: 107398 ns
[2022-07-06T17:07:28.061+0000][69][safepoint   ] Safepoint "Cleanup", Time since last: 1342285868 ns, Reaching safepoint: 84598 ns, At safepoint: 5634 ns, Total: 90232 ns
[2022-07-06T17:07:33.075+0000][69][safepoint   ] Safepoint "Cleanup", Time since last: 5013711122 ns, Reaching safepoint: 126208 ns, At safepoint: 10033 ns, Total: 136241 ns
[2022-07-06T17:07:34.091+0000][69][safepoint   ] Safepoint "Cleanup", Time since last: 1016039676 ns, Reaching safepoint: 100363 ns, At safepoint: 6465 ns, Total: 106828 ns
[2022-07-06T17:07:35.493+0000][69][safepoint   ] Safepoint "Cleanup", Time since last: 1401778218 ns, Reaching safepoint: 63515 ns, At safepoint: 6270 ns, Total: 69785 ns
[2022-07-06T17:07:38.007+0000][69][safepoint   ] Safepoint "Cleanup", Time since last: 2512144198 ns, Reaching safepoint: 2141568 ns, At safepoint: 262717 ns, Total: 2404285 ns
[2022-07-06T17:07:39.008+0000][69][safepoint   ] Safepoint "Cleanup", Time since last: 1000594574 ns, Reaching safepoint: 223797 ns, At safepoint: 12143 ns, Total: 235940 ns
[2022-07-06T17:07:40.010+0000][69][safepoint   ] Safepoint "Cleanup", Time since last: 1001530072 ns, Reaching safepoint: 158604 ns, At safepoint: 14212 ns, Total: 172816 ns
[2022-07-06T17:07:42.012+0000][69][safepoint   ] Safepoint "Cleanup", Time since last: 2001900672 ns, Reaching safepoint: 211426 ns, At safepoint: 48617 ns, Total: 260043 ns
[2022-07-06T17:07:43.013+0000][69][safepoint   ] Safepoint "Cleanup", Time since last: 1000267864 ns, Reaching safepoint: 161277 ns, At safepoint: 19808 ns, Total: 181085 ns
[2022-07-06T17:07:45.015+0000][69][safepoint   ] Safepoint "Cleanup", Time since last: 2002059004 ns, Reaching safepoint: 606356 ns, At safepoint: 29454 ns, Total: 635810 ns
[2022-07-06T17:07:48.018+0000][69][safepoint   ] Safepoint "Cleanup", Time since last: 3002869381 ns, Reaching safepoint: 182406 ns, At safepoint: 10666 ns, Total: 193072 ns
[2022-07-06T17:07:53.748+0000][69][gc,start    ] GC(24) Pause Young (Normal) (G1 Evacuation Pause)
[2022-07-06T17:07:53.748+0000][69][gc,task     ] GC(24) Using 8 workers of 8 for evacuation
[2022-07-06T17:07:53.748+0000][69][gc,age      ] GC(24) Desired survivor size 20971520 bytes, new threshold 15 (max threshold 15)
[2022-07-06T17:07:53.758+0000][69][gc,phases   ] GC(24)   Pre Evacuate Collection Set: 0.2ms
[2022-07-06T17:07:53.758+0000][69][gc,phases   ] GC(24)   Merge Heap Roots: 0.2ms
[2022-07-06T17:07:53.758+0000][69][gc,phases   ] GC(24)   Evacuate Collection Set: 6.4ms
[2022-07-06T17:07:53.758+0000][69][gc,phases   ] GC(24)   Post Evacuate Collection Set: 3.5ms
[2022-07-06T17:07:53.758+0000][69][gc,phases   ] GC(24)   Other: 0.1ms
[2022-07-06T17:07:53.758+0000][69][gc,age      ] GC(24) Age table with threshold 15 (max threshold 15)
[2022-07-06T17:07:53.758+0000][69][gc,age      ] GC(24) - age   1:    2192024 bytes,    2192024 total
[2022-07-06T17:07:53.758+0000][69][gc,age      ] GC(24) - age   2:      45040 bytes,    2237064 total
[2022-07-06T17:07:53.758+0000][69][gc,age      ] GC(24) - age   3:    1341600 bytes,    3578664 total
[2022-07-06T17:07:53.758+0000][69][gc,age      ] GC(24) - age   4:     420976 bytes,    3999640 total
[2022-07-06T17:07:53.758+0000][69][gc,age      ] GC(24) - age   5:      91800 bytes,    4091440 total
[2022-07-06T17:07:53.758+0000][69][gc,age      ] GC(24) - age   6:      42904 bytes,    4134344 total
[2022-07-06T17:07:53.758+0000][69][gc,age      ] GC(24) - age   7:    2140048 bytes,    6274392 total
[2022-07-06T17:07:53.758+0000][69][gc,age      ] GC(24) - age   8:    5157312 bytes,   11431704 total
[2022-07-06T17:07:53.758+0000][69][gc,heap     ] GC(24) Eden regions: 73->0(73)
[2022-07-06T17:07:53.758+0000][69][gc,heap     ] GC(24) Survivor regions: 3->3(10)
[2022-07-06T17:07:53.758+0000][69][gc,heap     ] GC(24) Old regions: 19->19
[2022-07-06T17:07:53.758+0000][69][gc,heap     ] GC(24) Archive regions: 2->2
[2022-07-06T17:07:53.758+0000][69][gc,heap     ] GC(24) Humongous regions: 0->0
[2022-07-06T17:07:53.758+0000][69][gc,metaspace] GC(24) Metaspace: 128832K(132288K)->128832K(132288K) NonClass: 111522K(113344K)->111522K(113344K) Class: 17309K(18944K)->17309K(18944K)
[2022-07-06T17:07:53.758+0000][69][gc          ] GC(24) Pause Young (Normal) (G1 Evacuation Pause) 381M->90M(512M) 10.515ms
[2022-07-06T17:07:53.758+0000][69][gc,cpu      ] GC(24) User=0.04s Sys=0.01s Real=0.01s
[2022-07-06T17:07:53.758+0000][69][safepoint   ] Safepoint "G1CollectForAllocation", Time since last: 5729212813 ns, Reaching safepoint: 139491 ns, At safepoint: 10645558 ns, Total: 10785049 ns
[2022-07-06T17:07:56.760+0000][69][safepoint   ] Safepoint "Cleanup", Time since last: 3001812962 ns, Reaching safepoint: 180105 ns, At safepoint: 9301 ns, Total: 189406 ns
[2022-07-06T17:07:59.762+0000][69][safepoint   ] Safepoint "Cleanup", Time since last: 3001560606 ns, Reaching safepoint: 102730 ns, At safepoint: 7452 ns, Total: 110182 ns
[2022-07-06T17:08:00.762+0000][69][safepoint   ] Safepoint "Cleanup", Time since last: 1000272631 ns, Reaching safepoint: 221719 ns, At safepoint: 16664 ns, Total: 238383 ns
[2022-07-06T17:08:02.765+0000][69][safepoint   ] Safepoint "Cleanup", Time since last: 2002305433 ns, Reaching safepoint: 174859 ns, At safepoint: 13338 ns, Total: 188197 ns
[2022-07-06T17:08:03.767+0000][69][safepoint   ] Safepoint "Cleanup", Time since last: 1001296528 ns, Reaching safepoint: 877920 ns, At safepoint: 32922 ns, Total: 910842 ns
[2022-07-06T17:08:05.769+0000][69][safepoint   ] Safepoint "Cleanup", Time since last: 2001595176 ns, Reaching safepoint: 288870 ns, At safepoint: 41406 ns, Total: 330276 ns
[2022-07-06T17:08:06.771+0000][69][safepoint   ] Safepoint "Cleanup", Time since last: 1001680413 ns, Reaching safepoint: 185868 ns, At safepoint: 74504 ns, Total: 260372 ns
[2022-07-06T17:08:09.775+0000][69][safepoint   ] Safepoint "Cleanup", Time since last: 3003336845 ns, Reaching safepoint: 216064 ns, At safepoint: 55730 ns, Total: 271794 ns
[2022-07-06T17:08:11.778+0000][69][safepoint   ] Safepoint "Cleanup", Time since last: 2002924140 ns, Reaching safepoint: 155702 ns, At safepoint: 15614 ns, Total: 171316 ns
[2022-07-06T17:08:12.780+0000][69][safepoint   ] Safepoint "Cleanup", Time since last: 1000930964 ns, Reaching safepoint: 905644 ns, At safepoint: 37156 ns, Total: 942800 ns
[2022-07-06T17:08:14.782+0000][69][safepoint   ] Safepoint "Cleanup", Time since last: 2002273113 ns, Reaching safepoint: 476237 ns, At safepoint: 63327 ns, Total: 539564 ns
[2022-07-06T17:08:16.786+0000][69][safepoint   ] Safepoint "Cleanup", Time since last: 2003055346 ns, Reaching safepoint: 191973 ns, At safepoint: 15476 ns, Total: 207449 ns
[2022-07-06T17:08:17.787+0000][69][safepoint   ] Safepoint "Cleanup", Time since last: 1001566494 ns, Reaching safepoint: 128882 ns, At safepoint: 12630 ns, Total: 141512 ns
[2022-07-06T17:08:18.788+0000][69][safepoint   ] Safepoint "Cleanup", Time since last: 1000949029 ns, Reaching safepoint: 146540 ns, At safepoint: 10483 ns, Total: 157023 ns
[2022-07-06T17:08:20.791+0000][69][safepoint   ] Safepoint "Cleanup", Time since last: 2002088207 ns, Reaching safepoint: 127975 ns, At safepoint: 19610 ns, Total: 147585 ns
[2022-07-06T17:08:23.805+0000][69][safepoint   ] Safepoint "Cleanup", Time since last: 3014311488 ns, Reaching safepoint: 349163 ns, At safepoint: 41168 ns, Total: 390331 ns
[2022-07-06T17:08:24.806+0000][69][safepoint   ] Safepoint "Cleanup", Time since last: 1000833382 ns, Reaching safepoint: 186401 ns, At safepoint: 45551 ns, Total: 231952 ns
[2022-07-06T17:08:26.809+0000][69][safepoint   ] Safepoint "Cleanup", Time since last: 2002316819 ns, Reaching safepoint: 240191 ns, At safepoint: 26129 ns, Total: 266320 ns
[2022-07-06T17:08:30.815+0000][69][safepoint   ] Safepoint "Cleanup", Time since last: 4005856345 ns, Reaching safepoint: 153957 ns, At safepoint: 36705 ns, Total: 190662 ns
[2022-07-06T17:08:31.816+0000][69][safepoint   ] Safepoint "Cleanup", Time since last: 1000186849 ns, Reaching safepoint: 200295 ns, At safepoint: 10937 ns, Total: 211232 ns
[2022-07-06T17:08:32.817+0000][69][safepoint   ] Safepoint "Cleanup", Time since last: 1001087188 ns, Reaching safepoint: 168595 ns, At safepoint: 15459 ns, Total: 184054 ns
[2022-07-06T17:08:35.820+0000][69][safepoint   ] Safepoint "Cleanup", Time since last: 3002552256 ns, Reaching safepoint: 196829 ns, At safepoint: 14528 ns, Total: 211357 ns
[2022-07-06T17:08:36.821+0000][69][safepoint   ] Safepoint "Cleanup", Time since last: 1000834505 ns, Reaching safepoint: 203140 ns, At safepoint: 30967 ns, Total: 234107 ns
[2022-07-06T17:08:37.822+0000][69][safepoint   ] Safepoint "Cleanup", Time since last: 1001203572 ns, Reaching safepoint: 208234 ns, At safepoint: 11475 ns, Total: 219709 ns
[2022-07-06T17:08:42.827+0000][69][safepoint   ] Safepoint "Cleanup", Time since last: 5003899225 ns, Reaching safepoint: 1006952 ns, At safepoint: 28685 ns, Total: 1035637 ns
[2022-07-06T17:08:43.828+0000][69][safepoint   ] Safepoint "Cleanup", Time since last: 1000593718 ns, Reaching safepoint: 199932 ns, At safepoint: 24219 ns, Total: 224151 ns
[2022-07-06T17:08:47.830+0000][69][safepoint   ] Safepoint "Cleanup", Time since last: 4001631070 ns, Reaching safepoint: 173298 ns, At safepoint: 12303 ns, Total: 185601 ns
[2022-07-06T17:08:48.830+0000][69][safepoint   ] Safepoint "Cleanup", Time since last: 1000362651 ns, Reaching safepoint: 177023 ns, At safepoint: 15419 ns, Total: 192442 ns
[2022-07-06T17:08:51.841+0000][69][safepoint   ] Safepoint "Cleanup", Time since last: 3010793161 ns, Reaching safepoint: 327165 ns, At safepoint: 38560 ns, Total: 365725 ns
[2022-07-06T17:08:52.843+0000][69][safepoint   ] Safepoint "Cleanup", Time since last: 1001493223 ns, Reaching safepoint: 213994 ns, At safepoint: 22578 ns, Total: 236572 ns
[2022-07-06T17:08:56.849+0000][69][safepoint   ] Safepoint "Cleanup", Time since last: 4006224158 ns, Reaching safepoint: 162892 ns, At safepoint: 10695 ns, Total: 173587 ns
[2022-07-06T17:08:57.852+0000][69][safepoint   ] Safepoint "Cleanup", Time since last: 1002565483 ns, Reaching safepoint: 141227 ns, At safepoint: 11495 ns, Total: 152722 ns
[2022-07-06T17:08:58.855+0000][69][safepoint   ] Safepoint "Cleanup", Time since last: 1002642130 ns, Reaching safepoint: 162486 ns, At safepoint: 8558 ns, Total: 171044 ns
[2022-07-06T17:09:02.864+0000][69][safepoint   ] Safepoint "Cleanup", Time since last: 4008677878 ns, Reaching safepoint: 294153 ns, At safepoint: 43905 ns, Total: 338058 ns
[2022-07-06T17:09:03.865+0000][69][safepoint   ] Safepoint "Cleanup", Time since last: 1000333118 ns, Reaching safepoint: 186248 ns, At safepoint: 22987 ns, Total: 209235 ns
[2022-07-06T17:09:14.880+0000][69][safepoint   ] Safepoint "Cleanup", Time since last: 11014907384 ns, Reaching safepoint: 205324 ns, At safepoint: 16058 ns, Total: 221382 ns
[2022-07-06T17:09:15.881+0000][69][safepoint   ] Safepoint "Cleanup", Time since last: 1001481595 ns, Reaching safepoint: 206573 ns, At safepoint: 9894 ns, Total: 216467 ns
[2022-07-06T17:09:16.884+0000][69][safepoint   ] Safepoint "Cleanup", Time since last: 1002714595 ns, Reaching safepoint: 200132 ns, At safepoint: 118250 ns, Total: 318382 ns
[2022-07-06T17:09:17.885+0000][69][safepoint   ] Safepoint "Cleanup", Time since last: 1000241062 ns, Reaching safepoint: 197647 ns, At safepoint: 24910 ns, Total: 222557 ns
[2022-07-06T17:09:20.758+0000][69][gc,start    ] GC(25) Pause Young (Normal) (G1 Evacuation Pause)
[2022-07-06T17:09:20.758+0000][69][gc,task     ] GC(25) Using 8 workers of 8 for evacuation
[2022-07-06T17:09:20.758+0000][69][gc,age      ] GC(25) Desired survivor size 20971520 bytes, new threshold 15 (max threshold 15)
[2022-07-06T17:09:20.765+0000][69][gc,phases   ] GC(25)   Pre Evacuate Collection Set: 0.2ms
[2022-07-06T17:09:20.765+0000][69][gc,phases   ] GC(25)   Merge Heap Roots: 0.1ms
[2022-07-06T17:09:20.765+0000][69][gc,phases   ] GC(25)   Evacuate Collection Set: 4.9ms
[2022-07-06T17:09:20.765+0000][69][gc,phases   ] GC(25)   Post Evacuate Collection Set: 1.7ms
[2022-07-06T17:09:20.765+0000][69][gc,phases   ] GC(25)   Other: 0.1ms
[2022-07-06T17:09:20.765+0000][69][gc,age      ] GC(25) Age table with threshold 15 (max threshold 15)
[2022-07-06T17:09:20.765+0000][69][gc,age      ] GC(25) - age   1:     571760 bytes,     571760 total
[2022-07-06T17:09:20.765+0000][69][gc,age      ] GC(25) - age   2:     907520 bytes,    1479280 total
[2022-07-06T17:09:20.765+0000][69][gc,age      ] GC(25) - age   3:      40080 bytes,    1519360 total
[2022-07-06T17:09:20.765+0000][69][gc,age      ] GC(25) - age   4:    1340496 bytes,    2859856 total
[2022-07-06T17:09:20.765+0000][69][gc,age      ] GC(25) - age   5:     420224 bytes,    3280080 total
[2022-07-06T17:09:20.765+0000][69][gc,age      ] GC(25) - age   6:      76520 bytes,    3356600 total
[2022-07-06T17:09:20.765+0000][69][gc,age      ] GC(25) - age   7:      42904 bytes,    3399504 total
[2022-07-06T17:09:20.765+0000][69][gc,age      ] GC(25) - age   8:    2024232 bytes,    5423736 total
[2022-07-06T17:09:20.765+0000][69][gc,age      ] GC(25) - age   9:    5042728 bytes,   10466464 total
[2022-07-06T17:09:20.765+0000][69][gc,heap     ] GC(25) Eden regions: 73->0(73)
[2022-07-06T17:09:20.765+0000][69][gc,heap     ] GC(25) Survivor regions: 3->3(10)
[2022-07-06T17:09:20.765+0000][69][gc,heap     ] GC(25) Old regions: 19->19
[2022-07-06T17:09:20.765+0000][69][gc,heap     ] GC(25) Archive regions: 2->2
[2022-07-06T17:09:20.765+0000][69][gc,heap     ] GC(25) Humongous regions: 0->0
[2022-07-06T17:09:20.765+0000][69][gc,metaspace] GC(25) Metaspace: 129215K(132672K)->129215K(132672K) NonClass: 111857K(113664K)->111857K(113664K) Class: 17358K(19008K)->17358K(19008K)
[2022-07-06T17:09:20.765+0000][69][gc          ] GC(25) Pause Young (Normal) (G1 Evacuation Pause) 382M->89M(512M) 7.132ms
[2022-07-06T17:09:20.765+0000][69][gc,cpu      ] GC(25) User=0.03s Sys=0.00s Real=0.01s
[2022-07-06T17:09:20.766+0000][69][safepoint   ] Safepoint "G1CollectForAllocation", Time since last: 2873241042 ns, Reaching safepoint: 152674 ns, At safepoint: 7279870 ns, Total: 7432544 ns
[2022-07-06T17:09:21.767+0000][69][safepoint   ] Safepoint "Cleanup", Time since last: 1000764279 ns, Reaching safepoint: 213507 ns, At safepoint: 26946 ns, Total: 240453 ns
[2022-07-06T17:09:26.775+0000][69][safepoint   ] Safepoint "Cleanup", Time since last: 5008558544 ns, Reaching safepoint: 215722 ns, At safepoint: 15562 ns, Total: 231284 ns
[2022-07-06T17:09:27.777+0000][69][safepoint   ] Safepoint "Cleanup", Time since last: 1001157020 ns, Reaching safepoint: 211201 ns, At safepoint: 28622 ns, Total: 239823 ns
[2022-07-06T17:09:32.783+0000][69][safepoint   ] Safepoint "Cleanup", Time since last: 5005893738 ns, Reaching safepoint: 162372 ns, At safepoint: 15842 ns, Total: 178214 ns
[2022-07-06T17:09:33.785+0000][69][safepoint   ] Safepoint "Cleanup", Time since last: 1002180024 ns, Reaching safepoint: 134473 ns, At safepoint: 7751 ns, Total: 142224 ns
[2022-07-06T17:09:37.792+0000][69][safepoint   ] Safepoint "Cleanup", Time since last: 4006360805 ns, Reaching safepoint: 152009 ns, At safepoint: 14987 ns, Total: 166996 ns
[2022-07-06T17:09:38.792+0000][69][safepoint   ] Safepoint "Cleanup", Time since last: 1000610076 ns, Reaching safepoint: 188606 ns, At safepoint: 14923 ns, Total: 203529 ns
[2022-07-06T17:09:39.793+0000][69][safepoint   ] Safepoint "Cleanup", Time since last: 1000581682 ns, Reaching safepoint: 152264 ns, At safepoint: 10639 ns, Total: 162903 ns
[2022-07-06T17:09:43.796+0000][69][safepoint   ] Safepoint "Cleanup", Time since last: 4002365409 ns, Reaching safepoint: 172435 ns, At safepoint: 24527 ns, Total: 196962 ns
[2022-07-06T17:09:44.796+0000][69][safepoint   ] Safepoint "Cleanup", Time since last: 1000128065 ns, Reaching safepoint: 140459 ns, At safepoint: 21994 ns, Total: 162453 ns
[2022-07-06T17:09:45.797+0000][69][safepoint   ] Safepoint "Cleanup", Time since last: 1000325648 ns, Reaching safepoint: 250186 ns, At safepoint: 43866 ns, Total: 294052 ns
[2022-07-06T17:09:50.804+0000][69][safepoint   ] Safepoint "Cleanup", Time since last: 5007067895 ns, Reaching safepoint: 153101 ns, At safepoint: 34876 ns, Total: 187977 ns
[2022-07-06T17:09:52.807+0000][69][safepoint   ] Safepoint "Cleanup", Time since last: 2002780746 ns, Reaching safepoint: 140741 ns, At safepoint: 11399 ns, Total: 152140 ns
[2022-07-06T17:09:53.807+0000][69][safepoint   ] Safepoint "Cleanup", Time since last: 1000128806 ns, Reaching safepoint: 102383 ns, At safepoint: 14363 ns, Total: 116746 ns
[2022-07-06T17:09:56.811+0000][69][safepoint   ] Safepoint "Cleanup", Time since last: 3003655307 ns, Reaching safepoint: 135147 ns, At safepoint: 38545 ns, Total: 173692 ns
[2022-07-06T17:09:57.812+0000][69][safepoint   ] Safepoint "Cleanup", Time since last: 1000442477 ns, Reaching safepoint: 365992 ns, At safepoint: 33551 ns, Total: 399543 ns
[2022-07-06T17:10:02.816+0000][69][safepoint   ] Safepoint "Cleanup", Time since last: 5003783953 ns, Reaching safepoint: 148789 ns, At safepoint: 21277 ns, Total: 170066 ns
[2022-07-06T17:10:03.816+0000][69][safepoint   ] Safepoint "Cleanup", Time since last: 1000170868 ns, Reaching safepoint: 198651 ns, At safepoint: 10971 ns, Total: 209622 ns
[2022-07-06T17:10:05.818+0000][69][safepoint   ] Safepoint "Cleanup", Time since last: 2001811772 ns, Reaching safepoint: 206190 ns, At safepoint: 9511 ns, Total: 215701 ns
[2022-07-06T17:10:08.822+0000][69][safepoint   ] Safepoint "Cleanup", Time since last: 3003306189 ns, Reaching safepoint: 233992 ns, At safepoint: 32911 ns, Total: 266903 ns
[2022-07-06T17:10:09.823+0000][69][safepoint   ] Safepoint "Cleanup", Time since last: 1000667002 ns, Reaching safepoint: 149032 ns, At safepoint: 15958 ns, Total: 164990 ns
[2022-07-06T17:10:14.825+0000][69][safepoint   ] Safepoint "Cleanup", Time since last: 5002054647 ns, Reaching safepoint: 125046 ns, At safepoint: 10721 ns, Total: 135767 ns
[2022-07-06T17:10:16.826+0000][69][safepoint   ] Safepoint "Cleanup", Time since last: 2000746775 ns, Reaching safepoint: 305711 ns, At safepoint: 21567 ns, Total: 327278 ns
[2022-07-06T17:10:20.828+0000][69][safepoint   ] Safepoint "Cleanup", Time since last: 4001858197 ns, Reaching safepoint: 157558 ns, At safepoint: 14082 ns, Total: 171640 ns
[2022-07-06T17:10:26.832+0000][69][safepoint   ] Safepoint "Cleanup", Time since last: 6004452166 ns, Reaching safepoint: 138160 ns, At safepoint: 41088 ns, Total: 179248 ns
[2022-07-06T17:10:27.833+0000][69][safepoint   ] Safepoint "Cleanup", Time since last: 1000662192 ns, Reaching safepoint: 165570 ns, At safepoint: 9205 ns, Total: 174775 ns
[2022-07-06T17:10:29.836+0000][69][safepoint   ] Safepoint "Cleanup", Time since last: 2002042353 ns, Reaching safepoint: 173248 ns, At safepoint: 7972 ns, Total: 181220 ns
[2022-07-06T17:10:32.840+0000][69][safepoint   ] Safepoint "Cleanup", Time since last: 3003062104 ns, Reaching safepoint: 1451235 ns, At safepoint: 37525 ns, Total: 1488760 ns
[2022-07-06T17:10:33.841+0000][69][safepoint   ] Safepoint "Cleanup", Time since last: 1000812584 ns, Reaching safepoint: 211987 ns, At safepoint: 19340 ns, Total: 231327 ns
[2022-07-06T17:10:37.846+0000][69][safepoint   ] Safepoint "Cleanup", Time since last: 4004270396 ns, Reaching safepoint: 160895 ns, At safepoint: 15635 ns, Total: 176530 ns
[2022-07-06T17:10:38.846+0000][69][safepoint   ] Safepoint "Cleanup", Time since last: 1000201454 ns, Reaching safepoint: 186660 ns, At safepoint: 14755 ns, Total: 201415 ns
[2022-07-06T17:10:39.847+0000][69][safepoint   ] Safepoint "Cleanup", Time since last: 1001055547 ns, Reaching safepoint: 375640 ns, At safepoint: 15200 ns, Total: 390840 ns
[2022-07-06T17:10:44.852+0000][69][safepoint   ] Safepoint "Cleanup", Time since last: 5004382306 ns, Reaching safepoint: 136041 ns, At safepoint: 11746 ns, Total: 147787 ns
[2022-07-06T17:10:45.855+0000][69][safepoint   ] Safepoint "Cleanup", Time since last: 1003046775 ns, Reaching safepoint: 181690 ns, At safepoint: 16528 ns, Total: 198218 ns
[2022-07-06T17:10:47.768+0000][69][gc,start    ] GC(26) Pause Young (Normal) (G1 Evacuation Pause)
[2022-07-06T17:10:47.768+0000][69][gc,task     ] GC(26) Using 8 workers of 8 for evacuation
[2022-07-06T17:10:47.768+0000][69][gc,age      ] GC(26) Desired survivor size 20971520 bytes, new threshold 15 (max threshold 15)
[2022-07-06T17:10:47.783+0000][69][gc,phases   ] GC(26)   Pre Evacuate Collection Set: 0.2ms
[2022-07-06T17:10:47.783+0000][69][gc,phases   ] GC(26)   Merge Heap Roots: 0.1ms
[2022-07-06T17:10:47.783+0000][69][gc,phases   ] GC(26)   Evacuate Collection Set: 11.8ms
[2022-07-06T17:10:47.783+0000][69][gc,phases   ] GC(26)   Post Evacuate Collection Set: 2.3ms
[2022-07-06T17:10:47.783+0000][69][gc,phases   ] GC(26)   Other: 0.1ms
[2022-07-06T17:10:47.783+0000][69][gc,age      ] GC(26) Age table with threshold 15 (max threshold 15)
[2022-07-06T17:10:47.783+0000][69][gc,age      ] GC(26) - age   1:    1076464 bytes,    1076464 total
[2022-07-06T17:10:47.783+0000][69][gc,age      ] GC(26) - age   2:     165856 bytes,    1242320 total
[2022-07-06T17:10:47.783+0000][69][gc,age      ] GC(26) - age   3:     905472 bytes,    2147792 total
[2022-07-06T17:10:47.783+0000][69][gc,age      ] GC(26) - age   4:      39832 bytes,    2187624 total
[2022-07-06T17:10:47.783+0000][69][gc,age      ] GC(26) - age   5:    1340496 bytes,    3528120 total
[2022-07-06T17:10:47.783+0000][69][gc,age      ] GC(26) - age   6:     420224 bytes,    3948344 total
[2022-07-06T17:10:47.783+0000][69][gc,age      ] GC(26) - age   7:      76520 bytes,    4024864 total
[2022-07-06T17:10:47.783+0000][69][gc,age      ] GC(26) - age   8:      42904 bytes,    4067768 total
[2022-07-06T17:10:47.783+0000][69][gc,age      ] GC(26) - age   9:    2024040 bytes,    6091808 total
[2022-07-06T17:10:47.783+0000][69][gc,age      ] GC(26) - age  10:    5042344 bytes,   11134152 total
[2022-07-06T17:10:47.783+0000][69][gc,heap     ] GC(26) Eden regions: 73->0(73)
[2022-07-06T17:10:47.783+0000][69][gc,heap     ] GC(26) Survivor regions: 3->3(10)
[2022-07-06T17:10:47.783+0000][69][gc,heap     ] GC(26) Old regions: 19->19
[2022-07-06T17:10:47.783+0000][69][gc,heap     ] GC(26) Archive regions: 2->2
[2022-07-06T17:10:47.783+0000][69][gc,heap     ] GC(26) Humongous regions: 0->0
[2022-07-06T17:10:47.783+0000][69][gc,metaspace] GC(26) Metaspace: 129468K(132928K)->129468K(132928K) NonClass: 112110K(113920K)->112110K(113920K) Class: 17358K(19008K)->17358K(19008K)
[2022-07-06T17:10:47.783+0000][69][gc          ] GC(26) Pause Young (Normal) (G1 Evacuation Pause) 380M->90M(512M) 14.648ms
[2022-07-06T17:10:47.783+0000][69][gc,cpu      ] GC(26) User=0.05s Sys=0.00s Real=0.02s
[2022-07-06T17:10:47.783+0000][69][safepoint   ] Safepoint "G1CollectForAllocation", Time since last: 1912829367 ns, Reaching safepoint: 132096 ns, At safepoint: 14755699 ns, Total: 14887795 ns
[2022-07-06T17:10:48.786+0000][69][safepoint   ] Safepoint "Cleanup", Time since last: 1002978451 ns, Reaching safepoint: 197029 ns, At safepoint: 15280 ns, Total: 212309 ns
[2022-07-06T17:10:53.797+0000][69][safepoint   ] Safepoint "Cleanup", Time since last: 5010645618 ns, Reaching safepoint: 145934 ns, At safepoint: 13735 ns, Total: 159669 ns
[2022-07-06T17:10:54.798+0000][69][safepoint   ] Safepoint "Cleanup", Time since last: 1001169790 ns, Reaching safepoint: 150149 ns, At safepoint: 9118 ns, Total: 159267 ns
[2022-07-06T17:10:56.801+0000][69][safepoint   ] Safepoint "Cleanup", Time since last: 2002036737 ns, Reaching safepoint: 1122459 ns, At safepoint: 29329 ns, Total: 1151788 ns
[2022-07-06T17:11:02.803+0000][69][safepoint   ] Safepoint "Cleanup", Time since last: 6001784639 ns, Reaching safepoint: 184352 ns, At safepoint: 10691 ns, Total: 195043 ns
[2022-07-06T17:11:03.804+0000][69][safepoint   ] Safepoint "Cleanup", Time since last: 1000516266 ns, Reaching safepoint: 212484 ns, At safepoint: 13754 ns, Total: 226238 ns
[2022-07-06T17:11:06.806+0000][69][safepoint   ] Safepoint "Cleanup", Time since last: 3001274961 ns, Reaching safepoint: 197836 ns, At safepoint: 9693 ns, Total: 207529 ns
[2022-07-06T17:11:09.808+0000][69][safepoint   ] Safepoint "Cleanup", Time since last: 3002509862 ns, Reaching safepoint: 254644 ns, At safepoint: 27940 ns, Total: 282584 ns
[2022-07-06T17:11:10.809+0000][69][safepoint   ] Safepoint "Cleanup", Time since last: 1000688233 ns, Reaching safepoint: 191796 ns, At safepoint: 31769 ns, Total: 223565 ns
[2022-07-06T17:11:11.810+0000][69][safepoint   ] Safepoint "Cleanup", Time since last: 1000395176 ns, Reaching safepoint: 254580 ns, At safepoint: 26194 ns, Total: 280774 ns
[2022-07-06T17:11:12.811+0000][69][safepoint   ] Safepoint "Cleanup", Time since last: 1000755627 ns, Reaching safepoint: 200811 ns, At safepoint: 29179 ns, Total: 229990 ns
[2022-07-06T17:11:17.818+0000][69][safepoint   ] Safepoint "Cleanup", Time since last: 5007133430 ns, Reaching safepoint: 166004 ns, At safepoint: 31120 ns, Total: 197124 ns
[2022-07-06T17:11:18.821+0000][69][safepoint   ] Safepoint "Cleanup", Time since last: 1002015402 ns, Reaching safepoint: 158208 ns, At safepoint: 12291 ns, Total: 170499 ns
[2022-07-06T17:11:20.824+0000][69][safepoint   ] Safepoint "Cleanup", Time since last: 2003022923 ns, Reaching safepoint: 154955 ns, At safepoint: 15471 ns, Total: 170426 ns
[2022-07-06T17:11:23.828+0000][69][safepoint   ] Safepoint "Cleanup", Time since last: 3004339838 ns, Reaching safepoint: 142456 ns, At safepoint: 10017 ns, Total: 152473 ns
[2022-07-06T17:11:25.832+0000][69][safepoint   ] Safepoint "Cleanup", Time since last: 2003597698 ns, Reaching safepoint: 214305 ns, At safepoint: 52202 ns, Total: 266507 ns
[2022-07-06T17:11:26.835+0000][69][safepoint   ] Safepoint "Cleanup", Time since last: 1002573143 ns, Reaching safepoint: 202530 ns, At safepoint: 27817 ns, Total: 230347 ns
[2022-07-06T17:11:30.840+0000][69][safepoint   ] Safepoint "Cleanup", Time since last: 4005418455 ns, Reaching safepoint: 165164 ns, At safepoint: 24903 ns, Total: 190067 ns
[2022-07-06T17:11:36.849+0000][69][safepoint   ] Safepoint "Cleanup", Time since last: 6007892753 ns, Reaching safepoint: 160442 ns, At safepoint: 14151 ns, Total: 174593 ns
[2022-07-06T17:11:37.849+0000][69][safepoint   ] Safepoint "Cleanup", Time since last: 1000398025 ns, Reaching safepoint: 120925 ns, At safepoint: 15979 ns, Total: 136904 ns
[2022-07-06T17:11:41.854+0000][69][safepoint   ] Safepoint "Cleanup", Time since last: 4003596346 ns, Reaching safepoint: 1700868 ns, At safepoint: 65193 ns, Total: 1766061 ns
[2022-07-06T17:11:42.856+0000][69][safepoint   ] Safepoint "Cleanup", Time since last: 1001104052 ns, Reaching safepoint: 205258 ns, At safepoint: 31764 ns, Total: 237022 ns
[2022-07-06T17:11:47.862+0000][69][safepoint   ] Safepoint "Cleanup", Time since last: 5005909610 ns, Reaching safepoint: 174482 ns, At safepoint: 14119 ns, Total: 188601 ns
[2022-07-06T17:11:48.865+0000][69][safepoint   ] Safepoint "Cleanup", Time since last: 1003050597 ns, Reaching safepoint: 227061 ns, At safepoint: 18631 ns, Total: 245692 ns
[2022-07-06T17:11:53.873+0000][69][safepoint   ] Safepoint "Cleanup", Time since last: 5007761361 ns, Reaching safepoint: 268712 ns, At safepoint: 32531 ns, Total: 301243 ns
[2022-07-06T17:11:54.875+0000][69][safepoint   ] Safepoint "Cleanup", Time since last: 1001570100 ns, Reaching safepoint: 205317 ns, At safepoint: 27893 ns, Total: 233210 ns
[2022-07-06T17:11:56.879+0000][69][safepoint   ] Safepoint "Cleanup", Time since last: 2004088432 ns, Reaching safepoint: 163085 ns, At safepoint: 11273 ns, Total: 174358 ns
[2022-07-06T17:11:58.883+0000][69][safepoint   ] Safepoint "Cleanup", Time since last: 2003114384 ns, Reaching safepoint: 191127 ns, At safepoint: 20280 ns, Total: 211407 ns
[2022-07-06T17:12:00.884+0000][69][safepoint   ] Safepoint "Cleanup", Time since last: 2001664035 ns, Reaching safepoint: 126559 ns, At safepoint: 11775 ns, Total: 138334 ns
[2022-07-06T17:12:05.894+0000][69][safepoint   ] Safepoint "Cleanup", Time since last: 5009019874 ns, Reaching safepoint: 155492 ns, At safepoint: 9150 ns, Total: 164642 ns
[2022-07-06T17:12:06.896+0000][69][safepoint   ] Safepoint "Cleanup", Time since last: 1002431602 ns, Reaching safepoint: 273832 ns, At safepoint: 27885 ns, Total: 301717 ns
[2022-07-06T17:12:11.821+0000][69][gc,start    ] GC(27) Pause Young (Normal) (G1 Evacuation Pause)
[2022-07-06T17:12:11.821+0000][69][gc,task     ] GC(27) Using 8 workers of 8 for evacuation
[2022-07-06T17:12:11.821+0000][69][gc,age      ] GC(27) Desired survivor size 20971520 bytes, new threshold 15 (max threshold 15)
[2022-07-06T17:12:11.829+0000][69][gc,phases   ] GC(27)   Pre Evacuate Collection Set: 0.2ms
[2022-07-06T17:12:11.829+0000][69][gc,phases   ] GC(27)   Merge Heap Roots: 0.1ms
[2022-07-06T17:12:11.829+0000][69][gc,phases   ] GC(27)   Evacuate Collection Set: 5.3ms
[2022-07-06T17:12:11.829+0000][69][gc,phases   ] GC(27)   Post Evacuate Collection Set: 2.2ms
[2022-07-06T17:12:11.829+0000][69][gc,phases   ] GC(27)   Other: 0.2ms
[2022-07-06T17:12:11.829+0000][69][gc,age      ] GC(27) Age table with threshold 15 (max threshold 15)
[2022-07-06T17:12:11.829+0000][69][gc,age      ] GC(27) - age   1:     391608 bytes,     391608 total
[2022-07-06T17:12:11.829+0000][69][gc,age      ] GC(27) - age   2:      12744 bytes,     404352 total
[2022-07-06T17:12:11.829+0000][69][gc,age      ] GC(27) - age   3:     164088 bytes,     568440 total
[2022-07-06T17:12:11.829+0000][69][gc,age      ] GC(27) - age   4:     905280 bytes,    1473720 total
[2022-07-06T17:12:11.829+0000][69][gc,age      ] GC(27) - age   5:      39832 bytes,    1513552 total
[2022-07-06T17:12:11.829+0000][69][gc,age      ] GC(27) - age   6:    1340496 bytes,    2854048 total
[2022-07-06T17:12:11.829+0000][69][gc,age      ] GC(27) - age   7:     387624 bytes,    3241672 total
[2022-07-06T17:12:11.829+0000][69][gc,age      ] GC(27) - age   8:      60368 bytes,    3302040 total
[2022-07-06T17:12:11.829+0000][69][gc,age      ] GC(27) - age   9:      42904 bytes,    3344944 total
[2022-07-06T17:12:11.829+0000][69][gc,age      ] GC(27) - age  10:    2023920 bytes,    5368864 total
[2022-07-06T17:12:11.829+0000][69][gc,age      ] GC(27) - age  11:    5025960 bytes,   10394824 total
[2022-07-06T17:12:11.829+0000][69][gc,heap     ] GC(27) Eden regions: 73->0(73)
[2022-07-06T17:12:11.829+0000][69][gc,heap     ] GC(27) Survivor regions: 3->3(10)
[2022-07-06T17:12:11.829+0000][69][gc,heap     ] GC(27) Old regions: 19->19
[2022-07-06T17:12:11.829+0000][69][gc,heap     ] GC(27) Archive regions: 2->2
[2022-07-06T17:12:11.829+0000][69][gc,heap     ] GC(27) Humongous regions: 0->0
[2022-07-06T17:12:11.829+0000][69][gc,metaspace] GC(27) Metaspace: 129577K(132992K)->129577K(132992K) NonClass: 112219K(113984K)->112219K(113984K) Class: 17358K(19008K)->17358K(19008K)
[2022-07-06T17:12:11.829+0000][69][gc          ] GC(27) Pause Young (Normal) (G1 Evacuation Pause) 382M->88M(512M) 8.304ms
[2022-07-06T17:12:11.829+0000][69][gc,cpu      ] GC(27) User=0.04s Sys=0.00s Real=0.00s
[2022-07-06T17:12:11.829+0000][69][safepoint   ] Safepoint "G1CollectForAllocation", Time since last: 4924079609 ns, Reaching safepoint: 319263 ns, At safepoint: 8427515 ns, Total: 8746778 ns
[2022-07-06T17:12:15.833+0000][69][safepoint   ] Safepoint "Cleanup", Time since last: 4003820505 ns, Reaching safepoint: 162195 ns, At safepoint: 27680 ns, Total: 189875 ns
[2022-07-06T17:12:17.834+0000][69][safepoint   ] Safepoint "Cleanup", Time since last: 2001146459 ns, Reaching safepoint: 128108 ns, At safepoint: 14630 ns, Total: 142738 ns
[2022-07-06T17:12:18.837+0000][69][safepoint   ] Safepoint "Cleanup", Time since last: 1002096873 ns, Reaching safepoint: 185927 ns, At safepoint: 13439 ns, Total: 199366 ns
[2022-07-06T17:12:26.846+0000][69][safepoint   ] Safepoint "Cleanup", Time since last: 8009301217 ns, Reaching safepoint: 202384 ns, At safepoint: 27067 ns, Total: 229451 ns
[2022-07-06T17:12:29.852+0000][69][safepoint   ] Safepoint "Cleanup", Time since last: 3004543220 ns, Reaching safepoint: 1146558 ns, At safepoint: 45081 ns, Total: 1191639 ns
[2022-07-06T17:12:33.858+0000][69][safepoint   ] Safepoint "Cleanup", Time since last: 4005474994 ns, Reaching safepoint: 178384 ns, At safepoint: 22331 ns, Total: 200715 ns
[2022-07-06T17:12:37.862+0000][69][safepoint   ] Safepoint "Cleanup", Time since last: 4003609575 ns, Reaching safepoint: 200572 ns, At safepoint: 26323 ns, Total: 226895 ns
[2022-07-06T17:12:39.866+0000][69][safepoint   ] Safepoint "Cleanup", Time since last: 2004166348 ns, Reaching safepoint: 341013 ns, At safepoint: 36994 ns, Total: 378007 ns
[2022-07-06T17:12:45.877+0000][69][safepoint   ] Safepoint "Cleanup", Time since last: 6011155122 ns, Reaching safepoint: 180925 ns, At safepoint: 9700 ns, Total: 190625 ns
[2022-07-06T17:12:46.878+0000][69][safepoint   ] Safepoint "Cleanup", Time since last: 1000542664 ns, Reaching safepoint: 201224 ns, At safepoint: 7811 ns, Total: 209035 ns
[2022-07-06T17:12:50.880+0000][69][safepoint   ] Safepoint "Cleanup", Time since last: 4002107751 ns, Reaching safepoint: 162779 ns, At safepoint: 14044 ns, Total: 176823 ns
[2022-07-06T17:12:51.882+0000][69][safepoint   ] Safepoint "Cleanup", Time since last: 1001216336 ns, Reaching safepoint: 163078 ns, At safepoint: 11212 ns, Total: 174290 ns
[2022-07-06T17:12:52.885+0000][69][safepoint   ] Safepoint "Cleanup", Time since last: 1002133621 ns, Reaching safepoint: 713485 ns, At safepoint: 49312 ns, Total: 762797 ns
[2022-07-06T17:12:56.889+0000][69][safepoint   ] Safepoint "Cleanup", Time since last: 4004076814 ns, Reaching safepoint: 439963 ns, At safepoint: 35086 ns, Total: 475049 ns
[2022-07-06T17:12:57.890+0000][69][safepoint   ] Safepoint "Cleanup", Time since last: 1000276601 ns, Reaching safepoint: 155742 ns, At safepoint: 13017 ns, Total: 168759 ns
[2022-07-06T17:13:02.897+0000][69][safepoint   ] Safepoint "Cleanup", Time since last: 5006627887 ns, Reaching safepoint: 173674 ns, At safepoint: 17624 ns, Total: 191298 ns
[2022-07-06T17:13:03.898+0000][69][safepoint   ] Safepoint "Cleanup", Time since last: 1000979284 ns, Reaching safepoint: 139423 ns, At safepoint: 14978 ns, Total: 154401 ns
[2022-07-06T17:13:05.900+0000][69][safepoint   ] Safepoint "Cleanup", Time since last: 2001967567 ns, Reaching safepoint: 188726 ns, At safepoint: 10199 ns, Total: 198925 ns
[2022-07-06T17:13:06.902+0000][69][safepoint   ] Safepoint "Cleanup", Time since last: 1002269966 ns, Reaching safepoint: 171978 ns, At safepoint: 11190 ns, Total: 183168 ns
[2022-07-06T17:13:08.905+0000][69][safepoint   ] Safepoint "Cleanup", Time since last: 2002907215 ns, Reaching safepoint: 123051 ns, At safepoint: 12056 ns, Total: 135107 ns
[2022-07-06T17:13:14.910+0000][69][safepoint   ] Safepoint "Cleanup", Time since last: 6004018206 ns, Reaching safepoint: 165170 ns, At safepoint: 11253 ns, Total: 176423 ns
[2022-07-06T17:13:21.915+0000][69][safepoint   ] Safepoint "Cleanup", Time since last: 7005109857 ns, Reaching safepoint: 148865 ns, At safepoint: 12001 ns, Total: 160866 ns
[2022-07-06T17:13:26.925+0000][69][safepoint   ] Safepoint "Cleanup", Time since last: 5009749492 ns, Reaching safepoint: 185085 ns, At safepoint: 52541 ns, Total: 237626 ns
[2022-07-06T17:13:32.935+0000][69][safepoint   ] Safepoint "Cleanup", Time since last: 6009616425 ns, Reaching safepoint: 162352 ns, At safepoint: 13591 ns, Total: 175943 ns
[2022-07-06T17:13:33.936+0000][69][safepoint   ] Safepoint "Cleanup", Time since last: 1000935249 ns, Reaching safepoint: 176767 ns, At safepoint: 21041 ns, Total: 197808 ns
[2022-07-06T17:13:35.989+0000][69][safepoint   ] Safepoint "Cleanup", Time since last: 2052589165 ns, Reaching safepoint: 92311 ns, At safepoint: 14232 ns, Total: 106543 ns
[2022-07-06T17:13:37.990+0000][69][safepoint   ] Safepoint "Cleanup", Time since last: 2001783933 ns, Reaching safepoint: 100275 ns, At safepoint: 31624 ns, Total: 131899 ns
[2022-07-06T17:13:38.991+0000][69][safepoint   ] Safepoint "Cleanup", Time since last: 1000565231 ns, Reaching safepoint: 120274 ns, At safepoint: 28916 ns, Total: 149190 ns
[2022-07-06T17:13:39.148+0000][69][gc,start    ] GC(28) Pause Young (Normal) (G1 Evacuation Pause)
[2022-07-06T17:13:39.148+0000][69][gc,task     ] GC(28) Using 8 workers of 8 for evacuation
[2022-07-06T17:13:39.148+0000][69][gc,age      ] GC(28) Desired survivor size 20971520 bytes, new threshold 15 (max threshold 15)
[2022-07-06T17:13:39.156+0000][69][gc,phases   ] GC(28)   Pre Evacuate Collection Set: 0.2ms
[2022-07-06T17:13:39.156+0000][69][gc,phases   ] GC(28)   Merge Heap Roots: 0.1ms
[2022-07-06T17:13:39.156+0000][69][gc,phases   ] GC(28)   Evacuate Collection Set: 5.5ms
[2022-07-06T17:13:39.156+0000][69][gc,phases   ] GC(28)   Post Evacuate Collection Set: 1.8ms
[2022-07-06T17:13:39.156+0000][69][gc,phases   ] GC(28)   Other: 0.1ms
[2022-07-06T17:13:39.156+0000][69][gc,age      ] GC(28) Age table with threshold 15 (max threshold 15)
[2022-07-06T17:13:39.156+0000][69][gc,age      ] GC(28) - age   1:    1462496 bytes,    1462496 total
[2022-07-06T17:13:39.156+0000][69][gc,age      ] GC(28) - age   2:       6528 bytes,    1469024 total
[2022-07-06T17:13:39.156+0000][69][gc,age      ] GC(28) - age   3:      10096 bytes,    1479120 total
[2022-07-06T17:13:39.156+0000][69][gc,age      ] GC(28) - age   4:     100808 bytes,    1579928 total
[2022-07-06T17:13:39.156+0000][69][gc,age      ] GC(28) - age   5:     647800 bytes,    2227728 total
[2022-07-06T17:13:39.156+0000][69][gc,age      ] GC(28) - age   6:      39800 bytes,    2267528 total
[2022-07-06T17:13:39.156+0000][69][gc,age      ] GC(28) - age   7:    1198856 bytes,    3466384 total
[2022-07-06T17:13:39.156+0000][69][gc,age      ] GC(28) - age   8:     354488 bytes,    3820872 total
[2022-07-06T17:13:39.156+0000][69][gc,age      ] GC(28) - age   9:      60368 bytes,    3881240 total
[2022-07-06T17:13:39.156+0000][69][gc,age      ] GC(28) - age  10:      42904 bytes,    3924144 total
[2022-07-06T17:13:39.156+0000][69][gc,age      ] GC(28) - age  11:    2023528 bytes,    5947672 total
[2022-07-06T17:13:39.156+0000][69][gc,age      ] GC(28) - age  12:    5025512 bytes,   10973184 total
[2022-07-06T17:13:39.156+0000][69][gc,heap     ] GC(28) Eden regions: 73->0(73)
[2022-07-06T17:13:39.156+0000][69][gc,heap     ] GC(28) Survivor regions: 3->3(10)
[2022-07-06T17:13:39.156+0000][69][gc,heap     ] GC(28) Old regions: 19->19
[2022-07-06T17:13:39.156+0000][69][gc,heap     ] GC(28) Archive regions: 2->2
[2022-07-06T17:13:39.156+0000][69][gc,heap     ] GC(28) Humongous regions: 0->0
[2022-07-06T17:13:39.156+0000][69][gc,metaspace] GC(28) Metaspace: 129695K(133184K)->129695K(133184K) NonClass: 112334K(114176K)->112334K(114176K) Class: 17360K(19008K)->17360K(19008K)
[2022-07-06T17:13:39.156+0000][69][gc          ] GC(28) Pause Young (Normal) (G1 Evacuation Pause) 380M->89M(512M) 7.932ms
[2022-07-06T17:13:39.156+0000][69][gc,cpu      ] GC(28) User=0.03s Sys=0.01s Real=0.01s
[2022-07-06T17:13:39.156+0000][69][safepoint   ] Safepoint "G1CollectForAllocation", Time since last: 156520112 ns, Reaching safepoint: 164297 ns, At safepoint: 8042760 ns, Total: 8207057 ns
[2022-07-06T17:13:45.161+0000][69][safepoint   ] Safepoint "Cleanup", Time since last: 6004966182 ns, Reaching safepoint: 634320 ns, At safepoint: 40105 ns, Total: 674425 ns
[2022-07-06T17:13:48.841+0000][69][safepoint   ] Safepoint "Cleanup", Time since last: 3679052583 ns, Reaching safepoint: 223442 ns, At safepoint: 20635 ns, Total: 244077 ns
[2022-07-06T17:14:00.868+0000][69][safepoint   ] Safepoint "Cleanup", Time since last: 12027108581 ns, Reaching safepoint: 456972 ns, At safepoint: 29889 ns, Total: 486861 ns
[2022-07-06T17:14:02.871+0000][69][safepoint   ] Safepoint "Cleanup", Time since last: 2002170640 ns, Reaching safepoint: 890333 ns, At safepoint: 43539 ns, Total: 933872 ns
[2022-07-06T17:14:03.873+0000][69][safepoint   ] Safepoint "Cleanup", Time since last: 1000969753 ns, Reaching safepoint: 243658 ns, At safepoint: 18907 ns, Total: 262565 ns
[2022-07-06T17:14:06.878+0000][69][safepoint   ] Safepoint "Cleanup", Time since last: 3004799174 ns, Reaching safepoint: 204140 ns, At safepoint: 29053 ns, Total: 233193 ns
[2022-07-06T17:14:08.880+0000][69][safepoint   ] Safepoint "Cleanup", Time since last: 2001919107 ns, Reaching safepoint: 186915 ns, At safepoint: 9194 ns, Total: 196109 ns
[2022-07-06T17:14:09.881+0000][69][safepoint   ] Safepoint "Cleanup", Time since last: 1001432201 ns, Reaching safepoint: 150554 ns, At safepoint: 11481 ns, Total: 162035 ns
[2022-07-06T17:14:12.884+0000][69][safepoint   ] Safepoint "Cleanup", Time since last: 3002477769 ns, Reaching safepoint: 167769 ns, At safepoint: 13606 ns, Total: 181375 ns
[2022-07-06T17:14:23.895+0000][69][safepoint   ] Safepoint "Cleanup", Time since last: 11010826216 ns, Reaching safepoint: 189824 ns, At safepoint: 26922 ns, Total: 216746 ns
[2022-07-06T17:14:26.900+0000][69][safepoint   ] Safepoint "Cleanup", Time since last: 3004217943 ns, Reaching safepoint: 179946 ns, At safepoint: 20648 ns, Total: 200594 ns
[2022-07-06T17:14:31.904+0000][69][safepoint   ] Safepoint "Cleanup", Time since last: 5004324253 ns, Reaching safepoint: 183979 ns, At safepoint: 12254 ns, Total: 196233 ns
[2022-07-06T17:14:38.159+0000][69][safepoint   ] Safepoint "Cleanup", Time since last: 6254477403 ns, Reaching safepoint: 117524 ns, At safepoint: 9279 ns, Total: 126803 ns
[2022-07-06T17:14:39.160+0000][69][safepoint   ] Safepoint "Cleanup", Time since last: 1000801909 ns, Reaching safepoint: 244349 ns, At safepoint: 125887 ns, Total: 370236 ns
[2022-07-06T17:14:48.166+0000][69][safepoint   ] Safepoint "Cleanup", Time since last: 9005856944 ns, Reaching safepoint: 171348 ns, At safepoint: 16675 ns, Total: 188023 ns
[2022-07-06T17:14:55.173+0000][69][safepoint   ] Safepoint "Cleanup", Time since last: 7006647896 ns, Reaching safepoint: 621196 ns, At safepoint: 23527 ns, Total: 644723 ns
[2022-07-06T17:14:57.176+0000][69][safepoint   ] Safepoint "Cleanup", Time since last: 2002237416 ns, Reaching safepoint: 162161 ns, At safepoint: 16301 ns, Total: 178462 ns
[2022-07-06T17:15:01.181+0000][69][safepoint   ] Safepoint "Cleanup", Time since last: 4004339369 ns, Reaching safepoint: 778548 ns, At safepoint: 56883 ns, Total: 835431 ns
[2022-07-06T17:15:06.187+0000][69][safepoint   ] Safepoint "Cleanup", Time since last: 5005774694 ns, Reaching safepoint: 105328 ns, At safepoint: 17098 ns, Total: 122426 ns
[2022-07-06T17:15:06.254+0000][69][gc,start    ] GC(29) Pause Young (Normal) (G1 Evacuation Pause)
[2022-07-06T17:15:06.254+0000][69][gc,task     ] GC(29) Using 8 workers of 8 for evacuation
[2022-07-06T17:15:06.254+0000][69][gc,age      ] GC(29) Desired survivor size 20971520 bytes, new threshold 15 (max threshold 15)
[2022-07-06T17:15:06.261+0000][69][gc,phases   ] GC(29)   Pre Evacuate Collection Set: 0.1ms
[2022-07-06T17:15:06.262+0000][69][gc,phases   ] GC(29)   Merge Heap Roots: 0.1ms
[2022-07-06T17:15:06.262+0000][69][gc,phases   ] GC(29)   Evacuate Collection Set: 5.2ms
[2022-07-06T17:15:06.262+0000][69][gc,phases   ] GC(29)   Post Evacuate Collection Set: 1.8ms
[2022-07-06T17:15:06.262+0000][69][gc,phases   ] GC(29)   Other: 0.1ms
[2022-07-06T17:15:06.262+0000][69][gc,age      ] GC(29) Age table with threshold 15 (max threshold 15)
[2022-07-06T17:15:06.262+0000][69][gc,age      ] GC(29) - age   1:     827664 bytes,     827664 total
[2022-07-06T17:15:06.262+0000][69][gc,age      ] GC(29) - age   2:     151480 bytes,     979144 total
[2022-07-06T17:15:06.262+0000][69][gc,age      ] GC(29) - age   3:       5800 bytes,     984944 total
[2022-07-06T17:15:06.262+0000][69][gc,age      ] GC(29) - age   4:      10096 bytes,     995040 total
[2022-07-06T17:15:06.262+0000][69][gc,age      ] GC(29) - age   5:     100464 bytes,    1095504 total
[2022-07-06T17:15:06.262+0000][69][gc,age      ] GC(29) - age   6:     645832 bytes,    1741336 total
[2022-07-06T17:15:06.262+0000][69][gc,age      ] GC(29) - age   7:      38968 bytes,    1780304 total
[2022-07-06T17:15:06.262+0000][69][gc,age      ] GC(29) - age   8:    1067584 bytes,    2847888 total
[2022-07-06T17:15:06.262+0000][69][gc,age      ] GC(29) - age   9:     354488 bytes,    3202376 total
[2022-07-06T17:15:06.262+0000][69][gc,age      ] GC(29) - age  10:      60368 bytes,    3262744 total
[2022-07-06T17:15:06.262+0000][69][gc,age      ] GC(29) - age  11:      42904 bytes,    3305648 total
[2022-07-06T17:15:06.262+0000][69][gc,age      ] GC(29) - age  12:    2014800 bytes,    5320448 total
[2022-07-06T17:15:06.262+0000][69][gc,age      ] GC(29) - age  13:    5025360 bytes,   10345808 total
[2022-07-06T17:15:06.262+0000][69][gc,heap     ] GC(29) Eden regions: 73->0(73)
[2022-07-06T17:15:06.262+0000][69][gc,heap     ] GC(29) Survivor regions: 3->3(10)
[2022-07-06T17:15:06.262+0000][69][gc,heap     ] GC(29) Old regions: 19->19
[2022-07-06T17:15:06.262+0000][69][gc,heap     ] GC(29) Archive regions: 2->2
[2022-07-06T17:15:06.262+0000][69][gc,heap     ] GC(29) Humongous regions: 0->0
[2022-07-06T17:15:06.262+0000][69][gc,metaspace] GC(29) Metaspace: 129759K(133248K)->129759K(133248K) NonClass: 112398K(114240K)->112398K(114240K) Class: 17361K(19008K)->17361K(19008K)
[2022-07-06T17:15:06.262+0000][69][gc          ] GC(29) Pause Young (Normal) (G1 Evacuation Pause) 381M->88M(512M) 7.561ms
[2022-07-06T17:15:06.262+0000][69][gc,cpu      ] GC(29) User=0.04s Sys=0.00s Real=0.01s
[2022-07-06T17:15:06.262+0000][69][safepoint   ] Safepoint "G1CollectForAllocation", Time since last: 66785535 ns, Reaching safepoint: 551531 ns, At safepoint: 7693878 ns, Total: 8245409 ns
[2022-07-06T17:15:07.264+0000][69][safepoint   ] Safepoint "Cleanup", Time since last: 1001712481 ns, Reaching safepoint: 157416 ns, At safepoint: 13439 ns, Total: 170855 ns
[2022-07-06T17:15:19.179+0000][69][safepoint   ] Safepoint "Cleanup", Time since last: 11915481975 ns, Reaching safepoint: 167304 ns, At safepoint: 25537 ns, Total: 192841 ns
