[2022-07-06T16:50:56.687+0000][32][gc,init] CardTable entry size: 512
[2022-07-06T16:50:56.687+0000][32][gc     ] Using G1
[2022-07-06T16:50:56.694+0000][32][gc,init] Version: 18.0.1.1+2-6 (release)
[2022-07-06T16:50:56.694+0000][32][gc,init] CPUs: 8 total, 8 available
[2022-07-06T16:50:56.694+0000][32][gc,init] Memory: 7736M
[2022-07-06T16:50:56.694+0000][32][gc,init] Large Page Support: Disabled
[2022-07-06T16:50:56.694+0000][32][gc,init] NUMA Support: Disabled
[2022-07-06T16:50:56.694+0000][32][gc,init] Compressed Oops: Enabled (32-bit)
[2022-07-06T16:50:56.694+0000][32][gc,init] Heap Region Size: 1M
[2022-07-06T16:50:56.694+0000][32][gc,init] Heap Min Capacity: 512M
[2022-07-06T16:50:56.694+0000][32][gc,init] Heap Initial Capacity: 512M
[2022-07-06T16:50:56.694+0000][32][gc,init] Heap Max Capacity: 512M
[2022-07-06T16:50:56.694+0000][32][gc,init] Pre-touch: Disabled
[2022-07-06T16:50:56.694+0000][32][gc,init] Parallel Workers: 8
[2022-07-06T16:50:56.694+0000][32][gc,init] Concurrent Workers: 2
[2022-07-06T16:50:56.694+0000][32][gc,init] Concurrent Refinement Workers: 8
[2022-07-06T16:50:56.694+0000][32][gc,init] Periodic GC: Disabled
[2022-07-06T16:50:56.694+0000][32][gc,metaspace] CDS archive(s) mapped at: [0x0000000800000000-0x0000000800baf000-0x0000000800baf000), size 12251136, SharedBaseAddress: 0x0000000800000000, ArchiveRelocationMode: 0.
[2022-07-06T16:50:56.694+0000][32][gc,metaspace] Compressed class space mapped at: 0x0000000800c00000-0x0000000840c00000, reserved size: 1073741824
[2022-07-06T16:50:56.694+0000][32][gc,metaspace] Narrow klass base: 0x0000000800000000, Narrow klass shift: 0, Narrow klass range: 0x100000000
[2022-07-06T16:50:56.751+0000][32][gc,heap,exit] Heap
[2022-07-06T16:50:56.751+0000][32][gc,heap,exit]  garbage-first heap   total 524288K, used 1966K [0x00000000e0000000, 0x0000000100000000)
[2022-07-06T16:50:56.751+0000][32][gc,heap,exit]   region size 1024K, 2 young (2048K), 0 survivors (0K)
[2022-07-06T16:50:56.751+0000][32][gc,heap,exit]  Metaspace       used 49K, committed 128K, reserved 1114112K
[2022-07-06T16:50:56.751+0000][32][gc,heap,exit]   class space    used 0K, committed 64K, reserved 1048576K
