[2022-07-06T16:22:51.616+0000][70][gc,init] CardTable entry size: 512
[2022-07-06T16:22:51.616+0000][70][gc     ] Using G1
[2022-07-06T16:22:51.766+0000][70][gc,init] Version: 18.0.1.1+2-6 (release)
[2022-07-06T16:22:51.766+0000][70][gc,init] CPUs: 8 total, 8 available
[2022-07-06T16:22:51.766+0000][70][gc,init] Memory: 7736M
[2022-07-06T16:22:51.766+0000][70][gc,init] Large Page Support: Disabled
[2022-07-06T16:22:51.766+0000][70][gc,init] NUMA Support: Disabled
[2022-07-06T16:22:51.766+0000][70][gc,init] Compressed Oops: Enabled (32-bit)
[2022-07-06T16:22:51.766+0000][70][gc,init] Heap Region Size: 4M
[2022-07-06T16:22:51.766+0000][70][gc,init] Heap Min Capacity: 512M
[2022-07-06T16:22:51.766+0000][70][gc,init] Heap Initial Capacity: 512M
[2022-07-06T16:22:51.766+0000][70][gc,init] Heap Max Capacity: 512M
[2022-07-06T16:22:51.766+0000][70][gc,init] Pre-touch: Enabled
[2022-07-06T16:22:51.766+0000][70][gc,init] Parallel Workers: 8
[2022-07-06T16:22:51.766+0000][70][gc,init] Concurrent Workers: 2
[2022-07-06T16:22:51.766+0000][70][gc,init] Concurrent Refinement Workers: 8
[2022-07-06T16:22:51.766+0000][70][gc,init] Periodic GC: Disabled
[2022-07-06T16:22:51.767+0000][70][gc,metaspace] CDS archive(s) mapped at: [0x0000000800000000-0x0000000800baf000-0x0000000800baf000), size 12251136, SharedBaseAddress: 0x0000000800000000, ArchiveRelocationMode: 0.
[2022-07-06T16:22:51.767+0000][70][gc,metaspace] Compressed class space mapped at: 0x0000000800c00000-0x0000000840c00000, reserved size: 1073741824
[2022-07-06T16:22:51.767+0000][70][gc,metaspace] Narrow klass base: 0x0000000800000000, Narrow klass shift: 0, Narrow klass range: 0x100000000
[2022-07-06T16:22:52.793+0000][70][gc,start    ] GC(0) Pause Young (Normal) (G1 Evacuation Pause)
[2022-07-06T16:22:52.793+0000][70][gc,task     ] GC(0) Using 8 workers of 8 for evacuation
[2022-07-06T16:22:52.793+0000][70][gc,age      ] GC(0) Desired survivor size 2097152 bytes, new threshold 15 (max threshold 15)
[2022-07-06T16:22:52.805+0000][70][gc,phases   ] GC(0)   Pre Evacuate Collection Set: 0.1ms
[2022-07-06T16:22:52.805+0000][70][gc,phases   ] GC(0)   Merge Heap Roots: 0.1ms
[2022-07-06T16:22:52.805+0000][70][gc,phases   ] GC(0)   Evacuate Collection Set: 11.1ms
[2022-07-06T16:22:52.805+0000][70][gc,phases   ] GC(0)   Post Evacuate Collection Set: 0.6ms
[2022-07-06T16:22:52.805+0000][70][gc,phases   ] GC(0)   Other: 0.1ms
[2022-07-06T16:22:52.805+0000][70][gc,age      ] GC(0) Age table with threshold 15 (max threshold 15)
[2022-07-06T16:22:52.805+0000][70][gc,age      ] GC(0) - age   1:    3321000 bytes,    3321000 total
[2022-07-06T16:22:52.805+0000][70][gc,heap     ] GC(0) Eden regions: 6->0(14)
[2022-07-06T16:22:52.805+0000][70][gc,heap     ] GC(0) Survivor regions: 0->1(1)
[2022-07-06T16:22:52.805+0000][70][gc,heap     ] GC(0) Old regions: 0->0
[2022-07-06T16:22:52.805+0000][70][gc,heap     ] GC(0) Archive regions: 2->2
[2022-07-06T16:22:52.805+0000][70][gc,heap     ] GC(0) Humongous regions: 0->0
[2022-07-06T16:22:52.805+0000][70][gc,metaspace] GC(0) Metaspace: 3509K(3712K)->3509K(3712K) NonClass: 3141K(3264K)->3141K(3264K) Class: 368K(448K)->368K(448K)
[2022-07-06T16:22:52.805+0000][70][gc          ] GC(0) Pause Young (Normal) (G1 Evacuation Pause) 27M->7M(512M) 12.269ms
[2022-07-06T16:22:52.805+0000][70][gc,cpu      ] GC(0) User=0.01s Sys=0.00s Real=0.01s
[2022-07-06T16:22:52.805+0000][70][safepoint   ] Safepoint "G1CollectForAllocation", Time since last: 1009655843 ns, Reaching safepoint: 4224241 ns, At safepoint: 12341381 ns, Total: 16565622 ns
[2022-07-06T16:22:54.090+0000][70][safepoint   ] Safepoint "ICBufferFull", Time since last: 1284537199 ns, Reaching safepoint: 215211 ns, At safepoint: 6595 ns, Total: 221806 ns
[2022-07-06T16:22:55.226+0000][70][safepoint   ] Safepoint "Cleanup", Time since last: 1132905694 ns, Reaching safepoint: 3682393 ns, At safepoint: 11577 ns, Total: 3693970 ns
[2022-07-06T16:22:55.511+0000][70][gc,start    ] GC(1) Pause Young (Normal) (G1 Evacuation Pause)
[2022-07-06T16:22:55.511+0000][70][gc,task     ] GC(1) Using 8 workers of 8 for evacuation
[2022-07-06T16:22:55.511+0000][70][gc,age      ] GC(1) Desired survivor size 4194304 bytes, new threshold 15 (max threshold 15)
[2022-07-06T16:22:55.532+0000][70][gc,phases   ] GC(1)   Pre Evacuate Collection Set: 0.1ms
[2022-07-06T16:22:55.532+0000][70][gc,phases   ] GC(1)   Merge Heap Roots: 0.1ms
[2022-07-06T16:22:55.532+0000][70][gc,phases   ] GC(1)   Evacuate Collection Set: 17.8ms
[2022-07-06T16:22:55.532+0000][70][gc,phases   ] GC(1)   Post Evacuate Collection Set: 2.7ms
[2022-07-06T16:22:55.532+0000][70][gc,phases   ] GC(1)   Other: 0.1ms
[2022-07-06T16:22:55.532+0000][70][gc,age      ] GC(1) Age table with threshold 15 (max threshold 15)
[2022-07-06T16:22:55.532+0000][70][gc,age      ] GC(1) - age   1:    4607176 bytes,    4607176 total
[2022-07-06T16:22:55.532+0000][70][gc,age      ] GC(1) - age   2:    3067968 bytes,    7675144 total
[2022-07-06T16:22:55.532+0000][70][gc,heap     ] GC(1) Eden regions: 14->0(22)
[2022-07-06T16:22:55.532+0000][70][gc,heap     ] GC(1) Survivor regions: 1->2(2)
[2022-07-06T16:22:55.532+0000][70][gc,heap     ] GC(1) Old regions: 0->1
[2022-07-06T16:22:55.532+0000][70][gc,heap     ] GC(1) Archive regions: 2->2
[2022-07-06T16:22:55.532+0000][70][gc,heap     ] GC(1) Humongous regions: 0->0
[2022-07-06T16:22:55.532+0000][70][gc,metaspace] GC(1) Metaspace: 13516K(13888K)->13516K(13888K) NonClass: 11901K(12096K)->11901K(12096K) Class: 1614K(1792K)->1614K(1792K)
[2022-07-06T16:22:55.532+0000][70][gc          ] GC(1) Pause Young (Normal) (G1 Evacuation Pause) 63M->12M(512M) 21.049ms
[2022-07-06T16:22:55.532+0000][70][gc,cpu      ] GC(1) User=0.02s Sys=0.00s Real=0.02s
[2022-07-06T16:22:55.533+0000][70][safepoint   ] Safepoint "G1CollectForAllocation", Time since last: 284932438 ns, Reaching safepoint: 123801 ns, At safepoint: 21137793 ns, Total: 21261594 ns
[2022-07-06T16:22:56.535+0000][70][safepoint   ] Safepoint "Cleanup", Time since last: 1000401879 ns, Reaching safepoint: 1765440 ns, At safepoint: 19474 ns, Total: 1784914 ns
[2022-07-06T16:22:57.418+0000][70][safepoint   ] Safepoint "ICBufferFull", Time since last: 882702434 ns, Reaching safepoint: 218478 ns, At safepoint: 9512 ns, Total: 227990 ns
[2022-07-06T16:22:57.505+0000][70][gc,start    ] GC(2) Pause Young (Normal) (G1 Evacuation Pause)
[2022-07-06T16:22:57.505+0000][70][gc,task     ] GC(2) Using 8 workers of 8 for evacuation
[2022-07-06T16:22:57.505+0000][70][gc,age      ] GC(2) Desired survivor size 6291456 bytes, new threshold 2 (max threshold 15)
[2022-07-06T16:22:57.543+0000][70][gc,phases   ] GC(2)   Pre Evacuate Collection Set: 0.1ms
[2022-07-06T16:22:57.543+0000][70][gc,phases   ] GC(2)   Merge Heap Roots: 0.1ms
[2022-07-06T16:22:57.543+0000][70][gc,phases   ] GC(2)   Evacuate Collection Set: 30.2ms
[2022-07-06T16:22:57.543+0000][70][gc,phases   ] GC(2)   Post Evacuate Collection Set: 7.2ms
[2022-07-06T16:22:57.543+0000][70][gc,phases   ] GC(2)   Other: 0.1ms
[2022-07-06T16:22:57.543+0000][70][gc,age      ] GC(2) Age table with threshold 2 (max threshold 15)
[2022-07-06T16:22:57.543+0000][70][gc,age      ] GC(2) - age   1:    4549144 bytes,    4549144 total
[2022-07-06T16:22:57.543+0000][70][gc,age      ] GC(2) - age   2:    4518840 bytes,    9067984 total
[2022-07-06T16:22:57.543+0000][70][gc,heap     ] GC(2) Eden regions: 22->0(44)
[2022-07-06T16:22:57.543+0000][70][gc,heap     ] GC(2) Survivor regions: 2->3(3)
[2022-07-06T16:22:57.543+0000][70][gc,heap     ] GC(2) Old regions: 1->1
[2022-07-06T16:22:57.543+0000][70][gc,heap     ] GC(2) Archive regions: 2->2
[2022-07-06T16:22:57.543+0000][70][gc,heap     ] GC(2) Humongous regions: 0->0
[2022-07-06T16:22:57.543+0000][70][gc,metaspace] GC(2) Metaspace: 17024K(17536K)->17024K(17536K) NonClass: 15036K(15296K)->15036K(15296K) Class: 1987K(2240K)->1987K(2240K)
[2022-07-06T16:22:57.543+0000][70][gc          ] GC(2) Pause Young (Normal) (G1 Evacuation Pause) 100M->16M(512M) 37.957ms
[2022-07-06T16:22:57.543+0000][70][gc,cpu      ] GC(2) User=0.03s Sys=0.00s Real=0.04s
[2022-07-06T16:22:57.543+0000][70][safepoint   ] Safepoint "G1CollectForAllocation", Time since last: 86950613 ns, Reaching safepoint: 137471 ns, At safepoint: 38022404 ns, Total: 38159875 ns
[2022-07-06T16:22:58.308+0000][70][gc,start    ] GC(3) Pause Young (Concurrent Start) (Metadata GC Threshold)
[2022-07-06T16:22:58.308+0000][70][gc,task     ] GC(3) Using 8 workers of 8 for evacuation
[2022-07-06T16:22:58.308+0000][70][gc,age      ] GC(3) Desired survivor size 12582912 bytes, new threshold 15 (max threshold 15)
[2022-07-06T16:22:58.330+0000][70][gc,phases   ] GC(3)   Pre Evacuate Collection Set: 0.2ms
[2022-07-06T16:22:58.330+0000][70][gc,phases   ] GC(3)   Merge Heap Roots: 0.1ms
[2022-07-06T16:22:58.330+0000][70][gc,phases   ] GC(3)   Evacuate Collection Set: 21.1ms
[2022-07-06T16:22:58.330+0000][70][gc,phases   ] GC(3)   Post Evacuate Collection Set: 1.1ms
[2022-07-06T16:22:58.330+0000][70][gc,phases   ] GC(3)   Other: 0.1ms
[2022-07-06T16:22:58.330+0000][70][gc,age      ] GC(3) Age table with threshold 15 (max threshold 15)
[2022-07-06T16:22:58.330+0000][70][gc,age      ] GC(3) - age   1:    2182968 bytes,    2182968 total
[2022-07-06T16:22:58.330+0000][70][gc,age      ] GC(3) - age   2:    2022472 bytes,    4205440 total
[2022-07-06T16:22:58.330+0000][70][gc,age      ] GC(3) - age   3:    4515360 bytes,    8720800 total
[2022-07-06T16:22:58.330+0000][70][gc,heap     ] GC(3) Eden regions: 18->0(67)
[2022-07-06T16:22:58.330+0000][70][gc,heap     ] GC(3) Survivor regions: 3->3(6)
[2022-07-06T16:22:58.330+0000][70][gc,heap     ] GC(3) Old regions: 1->1
[2022-07-06T16:22:58.330+0000][70][gc,heap     ] GC(3) Archive regions: 2->2
[2022-07-06T16:22:58.330+0000][70][gc,heap     ] GC(3) Humongous regions: 0->0
[2022-07-06T16:22:58.330+0000][70][gc,metaspace] GC(3) Metaspace: 21087K(21504K)->21087K(21504K) NonClass: 18698K(18880K)->18698K(18880K) Class: 2388K(2624K)->2388K(2624K)
[2022-07-06T16:22:58.331+0000][70][gc          ] GC(3) Pause Young (Concurrent Start) (Metadata GC Threshold) 88M->16M(512M) 23.005ms
[2022-07-06T16:22:58.331+0000][70][gc,cpu      ] GC(3) User=0.04s Sys=0.00s Real=0.03s
[2022-07-06T16:22:58.331+0000][70][safepoint   ] Safepoint "CollectForMetadataAllocation", Time since last: 764556957 ns, Reaching safepoint: 193163 ns, At safepoint: 23167844 ns, Total: 23361007 ns
[2022-07-06T16:22:58.331+0000][70][gc          ] GC(4) Concurrent Mark Cycle
[2022-07-06T16:22:58.331+0000][70][gc,marking  ] GC(4) Concurrent Clear Claimed Marks
[2022-07-06T16:22:58.331+0000][70][gc,marking  ] GC(4) Concurrent Clear Claimed Marks 0.039ms
[2022-07-06T16:22:58.331+0000][70][gc,marking  ] GC(4) Concurrent Scan Root Regions
[2022-07-06T16:22:58.354+0000][70][gc,marking  ] GC(4) Concurrent Scan Root Regions 23.586ms
[2022-07-06T16:22:58.354+0000][70][gc,marking  ] GC(4) Concurrent Mark
[2022-07-06T16:22:58.354+0000][70][gc,marking  ] GC(4) Concurrent Mark From Roots
[2022-07-06T16:22:58.354+0000][70][gc,task     ] GC(4) Using 2 workers of 2 for marking
[2022-07-06T16:22:58.384+0000][70][gc,marking  ] GC(4) Concurrent Mark From Roots 29.749ms
[2022-07-06T16:22:58.384+0000][70][gc,marking  ] GC(4) Concurrent Preclean
[2022-07-06T16:22:58.384+0000][70][gc,marking  ] GC(4) Concurrent Preclean 0.040ms
[2022-07-06T16:22:58.391+0000][70][gc,start    ] GC(4) Pause Remark
[2022-07-06T16:22:58.400+0000][70][gc          ] GC(4) Pause Remark 18M->18M(512M) 9.153ms
[2022-07-06T16:22:58.400+0000][70][gc,cpu      ] GC(4) User=0.01s Sys=0.00s Real=0.00s
[2022-07-06T16:22:58.400+0000][70][safepoint   ] Safepoint "G1Concurrent", Time since last: 53673054 ns, Reaching safepoint: 6355937 ns, At safepoint: 9310099 ns, Total: 15666036 ns
[2022-07-06T16:22:58.400+0000][70][gc,marking  ] GC(4) Concurrent Mark 45.614ms
[2022-07-06T16:22:58.400+0000][70][gc,marking  ] GC(4) Concurrent Rebuild Remembered Sets
[2022-07-06T16:22:58.403+0000][70][gc,marking  ] GC(4) Concurrent Rebuild Remembered Sets 3.260ms
[2022-07-06T16:22:58.412+0000][70][gc,start    ] GC(4) Pause Cleanup
[2022-07-06T16:22:58.413+0000][70][gc          ] GC(4) Pause Cleanup 18M->18M(512M) 1.091ms
[2022-07-06T16:22:58.413+0000][70][gc,cpu      ] GC(4) User=0.00s Sys=0.00s Real=0.00s
[2022-07-06T16:22:58.413+0000][70][safepoint   ] Safepoint "G1Concurrent", Time since last: 3388860 ns, Reaching safepoint: 8315787 ns, At safepoint: 1229167 ns, Total: 9544954 ns
[2022-07-06T16:22:58.422+0000][70][gc,marking  ] GC(4) Concurrent Cleanup for Next Mark
[2022-07-06T16:22:58.423+0000][70][gc,marking  ] GC(4) Concurrent Cleanup for Next Mark 0.711ms
[2022-07-06T16:22:58.423+0000][70][gc          ] GC(4) Concurrent Mark Cycle 92.388ms
[2022-07-06T16:22:59.748+0000][70][safepoint   ] Safepoint "ICBufferFull", Time since last: 1334249104 ns, Reaching safepoint: 259515 ns, At safepoint: 48944 ns, Total: 308459 ns
[2022-07-06T16:23:00.164+0000][70][gc,start    ] GC(5) Pause Young (Normal) (G1 Evacuation Pause)
[2022-07-06T16:23:00.164+0000][70][gc,task     ] GC(5) Using 8 workers of 8 for evacuation
[2022-07-06T16:23:00.164+0000][70][gc,age      ] GC(5) Desired survivor size 20971520 bytes, new threshold 15 (max threshold 15)
[2022-07-06T16:23:00.195+0000][70][gc,phases   ] GC(5)   Pre Evacuate Collection Set: 0.1ms
[2022-07-06T16:23:00.195+0000][70][gc,phases   ] GC(5)   Merge Heap Roots: 0.1ms
[2022-07-06T16:23:00.195+0000][70][gc,phases   ] GC(5)   Evacuate Collection Set: 24.2ms
[2022-07-06T16:23:00.195+0000][70][gc,phases   ] GC(5)   Post Evacuate Collection Set: 6.8ms
[2022-07-06T16:23:00.195+0000][70][gc,phases   ] GC(5)   Other: 0.1ms
[2022-07-06T16:23:00.195+0000][70][gc,age      ] GC(5) Age table with threshold 15 (max threshold 15)
[2022-07-06T16:23:00.195+0000][70][gc,age      ] GC(5) - age   1:    7506272 bytes,    7506272 total
[2022-07-06T16:23:00.195+0000][70][gc,age      ] GC(5) - age   2:    2114960 bytes,    9621232 total
[2022-07-06T16:23:00.195+0000][70][gc,age      ] GC(5) - age   3:    2020304 bytes,   11641536 total
[2022-07-06T16:23:00.195+0000][70][gc,age      ] GC(5) - age   4:    4514248 bytes,   16155784 total
[2022-07-06T16:23:00.195+0000][70][gc,heap     ] GC(5) Eden regions: 73->0(72)
[2022-07-06T16:23:00.195+0000][70][gc,heap     ] GC(5) Survivor regions: 3->4(10)
[2022-07-06T16:23:00.195+0000][70][gc,heap     ] GC(5) Old regions: 1->1
[2022-07-06T16:23:00.195+0000][70][gc,heap     ] GC(5) Archive regions: 2->2
[2022-07-06T16:23:00.195+0000][70][gc,heap     ] GC(5) Humongous regions: 0->0
[2022-07-06T16:23:00.195+0000][70][gc,metaspace] GC(5) Metaspace: 24655K(25216K)->24655K(25216K) NonClass: 21759K(22080K)->21759K(22080K) Class: 2896K(3136K)->2896K(3136K)
[2022-07-06T16:23:00.195+0000][70][gc          ] GC(5) Pause Young (Normal) (G1 Evacuation Pause) 308M->23M(512M) 31.634ms
[2022-07-06T16:23:00.195+0000][70][gc,cpu      ] GC(5) User=0.03s Sys=0.01s Real=0.03s
[2022-07-06T16:23:00.195+0000][70][safepoint   ] Safepoint "G1CollectForAllocation", Time since last: 415981367 ns, Reaching safepoint: 115230 ns, At safepoint: 31694814 ns, Total: 31810044 ns
[2022-07-06T16:23:01.564+0000][70][gc,start    ] GC(6) Pause Young (Normal) (G1 Evacuation Pause)
[2022-07-06T16:23:01.564+0000][70][gc,task     ] GC(6) Using 8 workers of 8 for evacuation
[2022-07-06T16:23:01.564+0000][70][gc,age      ] GC(6) Desired survivor size 20971520 bytes, new threshold 15 (max threshold 15)
[2022-07-06T16:23:01.591+0000][70][gc,phases   ] GC(6)   Pre Evacuate Collection Set: 0.1ms
[2022-07-06T16:23:01.591+0000][70][gc,phases   ] GC(6)   Merge Heap Roots: 0.1ms
[2022-07-06T16:23:01.591+0000][70][gc,phases   ] GC(6)   Evacuate Collection Set: 25.3ms
[2022-07-06T16:23:01.591+0000][70][gc,phases   ] GC(6)   Post Evacuate Collection Set: 1.4ms
[2022-07-06T16:23:01.591+0000][70][gc,phases   ] GC(6)   Other: 0.2ms
[2022-07-06T16:23:01.591+0000][70][gc,age      ] GC(6) Age table with threshold 15 (max threshold 15)
[2022-07-06T16:23:01.591+0000][70][gc,age      ] GC(6) - age   1:    3861672 bytes,    3861672 total
[2022-07-06T16:23:01.591+0000][70][gc,age      ] GC(6) - age   2:    6288456 bytes,   10150128 total
[2022-07-06T16:23:01.591+0000][70][gc,age      ] GC(6) - age   3:    2111968 bytes,   12262096 total
[2022-07-06T16:23:01.591+0000][70][gc,age      ] GC(6) - age   4:    1997688 bytes,   14259784 total
[2022-07-06T16:23:01.591+0000][70][gc,age      ] GC(6) - age   5:    4506256 bytes,   18766040 total
[2022-07-06T16:23:01.591+0000][70][gc,heap     ] GC(6) Eden regions: 72->0(71)
[2022-07-06T16:23:01.591+0000][70][gc,heap     ] GC(6) Survivor regions: 4->5(10)
[2022-07-06T16:23:01.591+0000][70][gc,heap     ] GC(6) Old regions: 1->1
[2022-07-06T16:23:01.591+0000][70][gc,heap     ] GC(6) Archive regions: 2->2
[2022-07-06T16:23:01.591+0000][70][gc,heap     ] GC(6) Humongous regions: 0->0
[2022-07-06T16:23:01.591+0000][70][gc,metaspace] GC(6) Metaspace: 31146K(31872K)->31146K(31872K) NonClass: 27518K(27904K)->27518K(27904K) Class: 3627K(3968K)->3627K(3968K)
[2022-07-06T16:23:01.591+0000][70][gc          ] GC(6) Pause Young (Normal) (G1 Evacuation Pause) 311M->26M(512M) 27.410ms
[2022-07-06T16:23:01.591+0000][70][gc,cpu      ] GC(6) User=0.05s Sys=0.00s Real=0.03s
[2022-07-06T16:23:01.591+0000][70][safepoint   ] Safepoint "G1CollectForAllocation", Time since last: 1368158068 ns, Reaching safepoint: 393582 ns, At safepoint: 27542781 ns, Total: 27936363 ns
[2022-07-06T16:23:02.472+0000][70][safepoint   ] Safepoint "ICBufferFull", Time since last: 880498762 ns, Reaching safepoint: 265148 ns, At safepoint: 5997 ns, Total: 271145 ns
[2022-07-06T16:23:02.977+0000][70][gc,start    ] GC(7) Pause Young (Normal) (G1 Evacuation Pause)
[2022-07-06T16:23:02.977+0000][70][gc,task     ] GC(7) Using 8 workers of 8 for evacuation
[2022-07-06T16:23:02.977+0000][70][gc,age      ] GC(7) Desired survivor size 20971520 bytes, new threshold 15 (max threshold 15)
[2022-07-06T16:23:03.004+0000][70][gc,phases   ] GC(7)   Pre Evacuate Collection Set: 0.1ms
[2022-07-06T16:23:03.004+0000][70][gc,phases   ] GC(7)   Merge Heap Roots: 0.1ms
[2022-07-06T16:23:03.004+0000][70][gc,phases   ] GC(7)   Evacuate Collection Set: 22.3ms
[2022-07-06T16:23:03.004+0000][70][gc,phases   ] GC(7)   Post Evacuate Collection Set: 4.8ms
[2022-07-06T16:23:03.004+0000][70][gc,phases   ] GC(7)   Other: 0.1ms
[2022-07-06T16:23:03.004+0000][70][gc,age      ] GC(7) Age table with threshold 15 (max threshold 15)
[2022-07-06T16:23:03.004+0000][70][gc,age      ] GC(7) - age   1:    4394960 bytes,    4394960 total
[2022-07-06T16:23:03.004+0000][70][gc,age      ] GC(7) - age   2:    3670328 bytes,    8065288 total
[2022-07-06T16:23:03.004+0000][70][gc,age      ] GC(7) - age   3:    6283280 bytes,   14348568 total
[2022-07-06T16:23:03.004+0000][70][gc,age      ] GC(7) - age   4:    2111328 bytes,   16459896 total
[2022-07-06T16:23:03.004+0000][70][gc,age      ] GC(7) - age   5:    1996080 bytes,   18455976 total
[2022-07-06T16:23:03.004+0000][70][gc,age      ] GC(7) - age   6:    4502512 bytes,   22958488 total
[2022-07-06T16:23:03.004+0000][70][gc,heap     ] GC(7) Eden regions: 71->0(70)
[2022-07-06T16:23:03.004+0000][70][gc,heap     ] GC(7) Survivor regions: 5->6(10)
[2022-07-06T16:23:03.004+0000][70][gc,heap     ] GC(7) Old regions: 1->1
[2022-07-06T16:23:03.004+0000][70][gc,heap     ] GC(7) Archive regions: 2->2
[2022-07-06T16:23:03.004+0000][70][gc,heap     ] GC(7) Humongous regions: 0->0
[2022-07-06T16:23:03.004+0000][70][gc,metaspace] GC(7) Metaspace: 33550K(34304K)->33550K(34304K) NonClass: 29597K(30016K)->29597K(30016K) Class: 3953K(4288K)->3953K(4288K)
[2022-07-06T16:23:03.004+0000][70][gc          ] GC(7) Pause Young (Normal) (G1 Evacuation Pause) 310M->30M(512M) 27.497ms
[2022-07-06T16:23:03.004+0000][70][gc,cpu      ] GC(7) User=0.04s Sys=0.00s Real=0.03s
[2022-07-06T16:23:03.004+0000][70][safepoint   ] Safepoint "G1CollectForAllocation", Time since last: 504653194 ns, Reaching safepoint: 83997 ns, At safepoint: 27577012 ns, Total: 27661009 ns
[2022-07-06T16:23:03.729+0000][70][gc,start    ] GC(8) Pause Young (Concurrent Start) (Metadata GC Threshold)
[2022-07-06T16:23:03.729+0000][70][gc,task     ] GC(8) Using 8 workers of 8 for evacuation
[2022-07-06T16:23:03.729+0000][70][gc,age      ] GC(8) Desired survivor size 20971520 bytes, new threshold 6 (max threshold 15)
[2022-07-06T16:23:03.764+0000][70][gc,phases   ] GC(8)   Pre Evacuate Collection Set: 0.2ms
[2022-07-06T16:23:03.764+0000][70][gc,phases   ] GC(8)   Merge Heap Roots: 0.1ms
[2022-07-06T16:23:03.764+0000][70][gc,phases   ] GC(8)   Evacuate Collection Set: 29.9ms
[2022-07-06T16:23:03.764+0000][70][gc,phases   ] GC(8)   Post Evacuate Collection Set: 4.6ms
[2022-07-06T16:23:03.764+0000][70][gc,phases   ] GC(8)   Other: 0.1ms
[2022-07-06T16:23:03.764+0000][70][gc,age      ] GC(8) Age table with threshold 6 (max threshold 15)
[2022-07-06T16:23:03.764+0000][70][gc,age      ] GC(8) - age   1:    1541072 bytes,    1541072 total
[2022-07-06T16:23:03.764+0000][70][gc,age      ] GC(8) - age   2:    3814080 bytes,    5355152 total
[2022-07-06T16:23:03.764+0000][70][gc,age      ] GC(8) - age   3:    3649408 bytes,    9004560 total
[2022-07-06T16:23:03.764+0000][70][gc,age      ] GC(8) - age   4:    6270168 bytes,   15274728 total
[2022-07-06T16:23:03.764+0000][70][gc,age      ] GC(8) - age   5:    2100920 bytes,   17375648 total
[2022-07-06T16:23:03.764+0000][70][gc,age      ] GC(8) - age   6:    1909864 bytes,   19285512 total
[2022-07-06T16:23:03.764+0000][70][gc,heap     ] GC(8) Eden regions: 43->0(71)
[2022-07-06T16:23:03.764+0000][70][gc,heap     ] GC(8) Survivor regions: 6->5(10)
[2022-07-06T16:23:03.764+0000][70][gc,heap     ] GC(8) Old regions: 1->2
[2022-07-06T16:23:03.764+0000][70][gc,heap     ] GC(8) Archive regions: 2->2
[2022-07-06T16:23:03.764+0000][70][gc,heap     ] GC(8) Humongous regions: 0->0
[2022-07-06T16:23:03.764+0000][70][gc,metaspace] GC(8) Metaspace: 35395K(36160K)->35395K(36160K) NonClass: 31173K(31616K)->31173K(31616K) Class: 4222K(4544K)->4222K(4544K)
[2022-07-06T16:23:03.764+0000][70][gc          ] GC(8) Pause Young (Concurrent Start) (Metadata GC Threshold) 200M->30M(512M) 35.080ms
[2022-07-06T16:23:03.764+0000][70][gc,cpu      ] GC(8) User=0.07s Sys=0.00s Real=0.04s
[2022-07-06T16:23:03.764+0000][70][gc          ] GC(9) Concurrent Mark Cycle
[2022-07-06T16:23:03.764+0000][70][gc,marking  ] GC(9) Concurrent Clear Claimed Marks
[2022-07-06T16:23:03.764+0000][70][gc,marking  ] GC(9) Concurrent Clear Claimed Marks 0.086ms
[2022-07-06T16:23:03.764+0000][70][gc,marking  ] GC(9) Concurrent Scan Root Regions
[2022-07-06T16:23:03.764+0000][70][safepoint   ] Safepoint "CollectForMetadataAllocation", Time since last: 723970408 ns, Reaching safepoint: 228555 ns, At safepoint: 35347925 ns, Total: 35576480 ns
[2022-07-06T16:23:03.775+0000][70][gc,marking  ] GC(9) Concurrent Scan Root Regions 10.541ms
[2022-07-06T16:23:03.775+0000][70][gc,marking  ] GC(9) Concurrent Mark
[2022-07-06T16:23:03.775+0000][70][gc,marking  ] GC(9) Concurrent Mark From Roots
[2022-07-06T16:23:03.775+0000][70][gc,task     ] GC(9) Using 2 workers of 2 for marking
[2022-07-06T16:23:03.779+0000][70][gc,marking  ] GC(9) Concurrent Mark From Roots 4.819ms
[2022-07-06T16:23:03.779+0000][70][gc,marking  ] GC(9) Concurrent Preclean
[2022-07-06T16:23:03.780+0000][70][gc,marking  ] GC(9) Concurrent Preclean 0.045ms
[2022-07-06T16:23:03.781+0000][70][gc,start    ] GC(9) Pause Remark
[2022-07-06T16:23:03.786+0000][70][gc          ] GC(9) Pause Remark 32M->32M(512M) 4.799ms
[2022-07-06T16:23:03.786+0000][70][gc,cpu      ] GC(9) User=0.01s Sys=0.00s Real=0.00s
[2022-07-06T16:23:03.786+0000][70][safepoint   ] Safepoint "G1Concurrent", Time since last: 15676946 ns, Reaching safepoint: 1208789 ns, At safepoint: 4933535 ns, Total: 6142324 ns
[2022-07-06T16:23:03.786+0000][70][gc,marking  ] GC(9) Concurrent Mark 11.262ms
[2022-07-06T16:23:03.786+0000][70][gc,marking  ] GC(9) Concurrent Rebuild Remembered Sets
[2022-07-06T16:23:03.786+0000][70][gc,marking  ] GC(9) Concurrent Rebuild Remembered Sets 0.007ms
[2022-07-06T16:23:03.786+0000][70][gc,start    ] GC(9) Pause Cleanup
[2022-07-06T16:23:03.786+0000][70][gc          ] GC(9) Pause Cleanup 32M->32M(512M) 0.014ms
[2022-07-06T16:23:03.786+0000][70][gc,cpu      ] GC(9) User=0.00s Sys=0.00s Real=0.00s
[2022-07-06T16:23:03.786+0000][70][safepoint   ] Safepoint "G1Concurrent", Time since last: 75524 ns, Reaching safepoint: 39367 ns, At safepoint: 137539 ns, Total: 176906 ns
[2022-07-06T16:23:03.786+0000][70][gc,marking  ] GC(9) Concurrent Cleanup for Next Mark
[2022-07-06T16:23:03.787+0000][70][gc,marking  ] GC(9) Concurrent Cleanup for Next Mark 0.739ms
[2022-07-06T16:23:03.787+0000][70][gc          ] GC(9) Concurrent Mark Cycle 23.049ms
[2022-07-06T16:23:05.531+0000][70][safepoint   ] Safepoint "ICBufferFull", Time since last: 1744143090 ns, Reaching safepoint: 480534 ns, At safepoint: 7842 ns, Total: 488376 ns
[2022-07-06T16:23:06.533+0000][70][safepoint   ] Safepoint "Cleanup", Time since last: 1001052814 ns, Reaching safepoint: 1696264 ns, At safepoint: 17671 ns, Total: 1713935 ns
[2022-07-06T16:23:07.539+0000][70][safepoint   ] Safepoint "Cleanup", Time since last: 1005204892 ns, Reaching safepoint: 429075 ns, At safepoint: 11543 ns, Total: 440618 ns
[2022-07-06T16:23:08.551+0000][70][safepoint   ] Safepoint "Cleanup", Time since last: 1008348034 ns, Reaching safepoint: 3498333 ns, At safepoint: 18279 ns, Total: 3516612 ns
[2022-07-06T16:23:08.628+0000][70][gc,start    ] GC(10) Pause Young (Normal) (G1 Evacuation Pause)
[2022-07-06T16:23:08.629+0000][70][gc,task     ] GC(10) Using 8 workers of 8 for evacuation
[2022-07-06T16:23:08.629+0000][70][gc,age      ] GC(10) Desired survivor size 20971520 bytes, new threshold 15 (max threshold 15)
[2022-07-06T16:23:08.665+0000][70][gc,phases   ] GC(10)   Pre Evacuate Collection Set: 0.1ms
[2022-07-06T16:23:08.665+0000][70][gc,phases   ] GC(10)   Merge Heap Roots: 0.1ms
[2022-07-06T16:23:08.665+0000][70][gc,phases   ] GC(10)   Evacuate Collection Set: 32.0ms
[2022-07-06T16:23:08.665+0000][70][gc,phases   ] GC(10)   Post Evacuate Collection Set: 4.0ms
[2022-07-06T16:23:08.665+0000][70][gc,phases   ] GC(10)   Other: 0.1ms
[2022-07-06T16:23:08.665+0000][70][gc,age      ] GC(10) Age table with threshold 15 (max threshold 15)
[2022-07-06T16:23:08.665+0000][70][gc,age      ] GC(10) - age   1:   19792456 bytes,   19792456 total
[2022-07-06T16:23:08.665+0000][70][gc,age      ] GC(10) - age   2:    1416088 bytes,   21208544 total
[2022-07-06T16:23:08.665+0000][70][gc,age      ] GC(10) - age   3:    3790512 bytes,   24999056 total
[2022-07-06T16:23:08.665+0000][70][gc,age      ] GC(10) - age   4:    3638320 bytes,   28637376 total
[2022-07-06T16:23:08.665+0000][70][gc,age      ] GC(10) - age   5:    6246592 bytes,   34883968 total
[2022-07-06T16:23:08.665+0000][70][gc,age      ] GC(10) - age   6:    2094640 bytes,   36978608 total
[2022-07-06T16:23:08.665+0000][70][gc,age      ] GC(10) - age   7:    1894192 bytes,   38872800 total
[2022-07-06T16:23:08.665+0000][70][gc,heap     ] GC(10) Eden regions: 71->0(66)
[2022-07-06T16:23:08.665+0000][70][gc,heap     ] GC(10) Survivor regions: 5->10(10)
[2022-07-06T16:23:08.665+0000][70][gc,heap     ] GC(10) Old regions: 2->2
[2022-07-06T16:23:08.665+0000][70][gc,heap     ] GC(10) Archive regions: 2->2
[2022-07-06T16:23:08.665+0000][70][gc,heap     ] GC(10) Humongous regions: 0->0
[2022-07-06T16:23:08.665+0000][70][gc,metaspace] GC(10) Metaspace: 46064K(47424K)->46064K(47424K) NonClass: 40311K(41088K)->40311K(41088K) Class: 5752K(6336K)->5752K(6336K)
[2022-07-06T16:23:08.665+0000][70][gc          ] GC(10) Pause Young (Normal) (G1 Evacuation Pause) 314M->50M(512M) 36.681ms
[2022-07-06T16:23:08.665+0000][70][gc,cpu      ] GC(10) User=0.13s Sys=0.00s Real=0.04s
[2022-07-06T16:23:08.665+0000][70][safepoint   ] Safepoint "G1CollectForAllocation", Time since last: 77359756 ns, Reaching safepoint: 109474 ns, At safepoint: 36814497 ns, Total: 36923971 ns
[2022-07-06T16:23:09.124+0000][70][safepoint   ] Safepoint "ICBufferFull", Time since last: 458625127 ns, Reaching safepoint: 289316 ns, At safepoint: 34107 ns, Total: 323423 ns
[2022-07-06T16:23:10.125+0000][70][safepoint   ] Safepoint "Cleanup", Time since last: 1000557605 ns, Reaching safepoint: 167838 ns, At safepoint: 65982 ns, Total: 233820 ns
[2022-07-06T16:23:10.582+0000][70][gc,start    ] GC(11) Pause Young (Concurrent Start) (Metadata GC Threshold)
[2022-07-06T16:23:10.583+0000][70][gc,task     ] GC(11) Using 8 workers of 8 for evacuation
[2022-07-06T16:23:10.583+0000][70][gc,age      ] GC(11) Desired survivor size 20971520 bytes, new threshold 2 (max threshold 15)
[2022-07-06T16:23:10.621+0000][70][gc,phases   ] GC(11)   Pre Evacuate Collection Set: 0.3ms
[2022-07-06T16:23:10.621+0000][70][gc,phases   ] GC(11)   Merge Heap Roots: 0.1ms
[2022-07-06T16:23:10.621+0000][70][gc,phases   ] GC(11)   Evacuate Collection Set: 34.2ms
[2022-07-06T16:23:10.621+0000][70][gc,phases   ] GC(11)   Post Evacuate Collection Set: 3.7ms
[2022-07-06T16:23:10.621+0000][70][gc,phases   ] GC(11)   Other: 0.2ms
[2022-07-06T16:23:10.621+0000][70][gc,age      ] GC(11) Age table with threshold 2 (max threshold 15)
[2022-07-06T16:23:10.621+0000][70][gc,age      ] GC(11) - age   1:    4841928 bytes,    4841928 total
[2022-07-06T16:23:10.621+0000][70][gc,age      ] GC(11) - age   2:   19629184 bytes,   24471112 total
[2022-07-06T16:23:10.621+0000][70][gc,heap     ] GC(11) Eden regions: 35->0(69)
[2022-07-06T16:23:10.621+0000][70][gc,heap     ] GC(11) Survivor regions: 10->7(10)
[2022-07-06T16:23:10.621+0000][70][gc,heap     ] GC(11) Old regions: 2->7
[2022-07-06T16:23:10.621+0000][70][gc,heap     ] GC(11) Archive regions: 2->2
[2022-07-06T16:23:10.621+0000][70][gc,heap     ] GC(11) Humongous regions: 0->0
[2022-07-06T16:23:10.621+0000][70][gc,metaspace] GC(11) Metaspace: 59046K(60480K)->59046K(60480K) NonClass: 51460K(52288K)->51460K(52288K) Class: 7586K(8192K)->7586K(8192K)
[2022-07-06T16:23:10.621+0000][70][gc          ] GC(11) Pause Young (Concurrent Start) (Metadata GC Threshold) 190M->56M(512M) 38.804ms
[2022-07-06T16:23:10.621+0000][70][gc,cpu      ] GC(11) User=0.12s Sys=0.00s Real=0.04s
[2022-07-06T16:23:10.621+0000][70][gc          ] GC(12) Concurrent Mark Cycle
[2022-07-06T16:23:10.621+0000][70][gc,marking  ] GC(12) Concurrent Clear Claimed Marks
[2022-07-06T16:23:10.621+0000][70][safepoint   ] Safepoint "CollectForMetadataAllocation", Time since last: 457256843 ns, Reaching safepoint: 125542 ns, At safepoint: 38994484 ns, Total: 39120026 ns
[2022-07-06T16:23:10.621+0000][70][gc,marking  ] GC(12) Concurrent Clear Claimed Marks 0.108ms
[2022-07-06T16:23:10.621+0000][70][gc,marking  ] GC(12) Concurrent Scan Root Regions
[2022-07-06T16:23:10.669+0000][70][gc,marking  ] GC(12) Concurrent Scan Root Regions 47.419ms
[2022-07-06T16:23:10.669+0000][70][gc,marking  ] GC(12) Concurrent Mark
[2022-07-06T16:23:10.669+0000][70][gc,marking  ] GC(12) Concurrent Mark From Roots
[2022-07-06T16:23:10.669+0000][70][gc,task     ] GC(12) Using 2 workers of 2 for marking
[2022-07-06T16:23:10.679+0000][70][gc,marking  ] GC(12) Concurrent Mark From Roots 10.523ms
[2022-07-06T16:23:10.679+0000][70][gc,marking  ] GC(12) Concurrent Preclean
[2022-07-06T16:23:10.680+0000][70][gc,marking  ] GC(12) Concurrent Preclean 0.055ms
[2022-07-06T16:23:10.680+0000][70][gc,start    ] GC(12) Pause Remark
[2022-07-06T16:23:10.712+0000][70][gc          ] GC(12) Pause Remark 58M->58M(512M) 32.209ms
[2022-07-06T16:23:10.712+0000][70][gc,cpu      ] GC(12) User=0.04s Sys=0.00s Real=0.04s
[2022-07-06T16:23:10.712+0000][70][safepoint   ] Safepoint "G1Concurrent", Time since last: 58236368 ns, Reaching safepoint: 116666 ns, At safepoint: 32429456 ns, Total: 32546122 ns
[2022-07-06T16:23:10.723+0000][70][gc,marking  ] GC(12) Concurrent Mark 54.385ms
[2022-07-06T16:23:10.723+0000][70][gc,marking  ] GC(12) Concurrent Rebuild Remembered Sets
[2022-07-06T16:23:10.735+0000][70][gc,marking  ] GC(12) Concurrent Rebuild Remembered Sets 11.552ms
[2022-07-06T16:23:10.735+0000][70][gc,start    ] GC(12) Pause Cleanup
[2022-07-06T16:23:10.736+0000][70][gc          ] GC(12) Pause Cleanup 60M->60M(512M) 0.219ms
[2022-07-06T16:23:10.736+0000][70][gc,cpu      ] GC(12) User=0.00s Sys=0.00s Real=0.00s
[2022-07-06T16:23:10.736+0000][70][safepoint   ] Safepoint "G1Concurrent", Time since last: 22882357 ns, Reaching safepoint: 295394 ns, At safepoint: 304277 ns, Total: 599671 ns
[2022-07-06T16:23:10.736+0000][70][gc,marking  ] GC(12) Concurrent Cleanup for Next Mark
[2022-07-06T16:23:10.737+0000][70][gc,marking  ] GC(12) Concurrent Cleanup for Next Mark 0.791ms
[2022-07-06T16:23:10.737+0000][70][gc          ] GC(12) Concurrent Mark Cycle 115.350ms
[2022-07-06T16:23:11.736+0000][70][safepoint   ] Safepoint "Cleanup", Time since last: 1000440479 ns, Reaching safepoint: 215442 ns, At safepoint: 23222 ns, Total: 238664 ns
[2022-07-06T16:23:12.761+0000][70][safepoint   ] Safepoint "Cleanup", Time since last: 1023766430 ns, Reaching safepoint: 800396 ns, At safepoint: 12551 ns, Total: 812947 ns
[2022-07-06T16:23:13.763+0000][70][safepoint   ] Safepoint "Cleanup", Time since last: 1001116340 ns, Reaching safepoint: 983669 ns, At safepoint: 73463 ns, Total: 1057132 ns
[2022-07-06T16:23:15.793+0000][70][safepoint   ] Safepoint "Cleanup", Time since last: 2029999945 ns, Reaching safepoint: 100098 ns, At safepoint: 15750 ns, Total: 115848 ns
[2022-07-06T16:23:18.006+0000][70][safepoint   ] Safepoint "Cleanup", Time since last: 2212859632 ns, Reaching safepoint: 105434 ns, At safepoint: 3241 ns, Total: 108675 ns
[2022-07-06T16:23:20.092+0000][70][safepoint   ] Safepoint "Cleanup", Time since last: 2084324381 ns, Reaching safepoint: 1049443 ns, At safepoint: 11219 ns, Total: 1060662 ns
[2022-07-06T16:23:21.094+0000][70][safepoint   ] Safepoint "Cleanup", Time since last: 1002297338 ns, Reaching safepoint: 298197 ns, At safepoint: 20794 ns, Total: 318991 ns
[2022-07-06T16:23:22.910+0000][70][safepoint   ] Safepoint "Cleanup", Time since last: 1815573491 ns, Reaching safepoint: 68175 ns, At safepoint: 3968 ns, Total: 72143 ns
[2022-07-06T16:23:24.288+0000][70][safepoint   ] Safepoint "Cleanup", Time since last: 1378549284 ns, Reaching safepoint: 58583 ns, At safepoint: 3730 ns, Total: 62313 ns
[2022-07-06T16:23:26.078+0000][70][safepoint   ] Safepoint "Cleanup", Time since last: 1789371731 ns, Reaching safepoint: 97268 ns, At safepoint: 4706 ns, Total: 101974 ns
[2022-07-06T16:23:28.147+0000][70][safepoint   ] Safepoint "Cleanup", Time since last: 2069357231 ns, Reaching safepoint: 126217 ns, At safepoint: 8219 ns, Total: 134436 ns
[2022-07-06T16:23:29.148+0000][70][safepoint   ] Safepoint "Cleanup", Time since last: 1000561045 ns, Reaching safepoint: 102843 ns, At safepoint: 4887 ns, Total: 107730 ns
[2022-07-06T16:23:31.648+0000][70][safepoint   ] Safepoint "Cleanup", Time since last: 2306398796 ns, Reaching safepoint: 193320022 ns, At safepoint: 23842 ns, Total: 193343864 ns
[2022-07-06T16:23:40.861+0000][70][safepoint   ] Safepoint "Cleanup", Time since last: 9212696976 ns, Reaching safepoint: 364583 ns, At safepoint: 8134 ns, Total: 372717 ns
[2022-07-06T16:23:51.675+0000][70][safepoint   ] Safepoint "Cleanup", Time since last: 10679141856 ns, Reaching safepoint: 134579573 ns, At safepoint: 23071 ns, Total: 134602644 ns
[2022-07-06T16:23:54.625+0000][70][safepoint   ] Safepoint "Cleanup", Time since last: 2116146190 ns, Reaching safepoint: 834121704 ns, At safepoint: 69258 ns, Total: 834190962 ns
[2022-07-06T16:23:56.114+0000][70][safepoint   ] Safepoint "Cleanup", Time since last: 1001280438 ns, Reaching safepoint: 487280411 ns, At safepoint: 5367 ns, Total: 487285778 ns
[2022-07-06T16:24:10.420+0000][70][safepoint   ] Safepoint "Cleanup", Time since last: 14305714913 ns, Reaching safepoint: 351124 ns, At safepoint: 5995 ns, Total: 357119 ns
[2022-07-06T16:24:23.806+0000][70][gc,start    ] GC(13) Pause Young (Normal) (G1 Evacuation Pause)
[2022-07-06T16:24:23.806+0000][70][gc,task     ] GC(13) Using 8 workers of 8 for evacuation
[2022-07-06T16:24:23.806+0000][70][gc,age      ] GC(13) Desired survivor size 20971520 bytes, new threshold 2 (max threshold 15)
[2022-07-06T16:24:24.102+0000][70][gc,mmu      ] GC(13) MMU target violated: 201.0ms (200.0ms/201.0ms)
[2022-07-06T16:24:24.102+0000][70][gc,phases   ] GC(13)   Pre Evacuate Collection Set: 0.1ms
[2022-07-06T16:24:24.102+0000][70][gc,phases   ] GC(13)   Merge Heap Roots: 74.1ms
[2022-07-06T16:24:24.102+0000][70][gc,phases   ] GC(13)   Evacuate Collection Set: 219.0ms
[2022-07-06T16:24:24.102+0000][70][gc,phases   ] GC(13)   Post Evacuate Collection Set: 2.8ms
[2022-07-06T16:24:24.102+0000][70][gc,phases   ] GC(13)   Other: 0.1ms
[2022-07-06T16:24:24.102+0000][70][gc,age      ] GC(13) Age table with threshold 2 (max threshold 15)
[2022-07-06T16:24:24.102+0000][70][gc,age      ] GC(13) - age   1:    5139856 bytes,    5139856 total
[2022-07-06T16:24:24.102+0000][70][gc,age      ] GC(13) - age   2:    4634600 bytes,    9774456 total
[2022-07-06T16:24:24.102+0000][70][gc,heap     ] GC(13) Eden regions: 69->0(73)
[2022-07-06T16:24:24.102+0000][70][gc,heap     ] GC(13) Survivor regions: 7->3(10)
[2022-07-06T16:24:24.102+0000][70][gc,heap     ] GC(13) Old regions: 7->12
[2022-07-06T16:24:24.102+0000][70][gc,heap     ] GC(13) Archive regions: 2->2
[2022-07-06T16:24:24.102+0000][70][gc,heap     ] GC(13) Humongous regions: 0->0
[2022-07-06T16:24:24.102+0000][70][gc,metaspace] GC(13) Metaspace: 70992K(72576K)->70992K(72576K) NonClass: 61707K(62656K)->61707K(62656K) Class: 9284K(9920K)->9284K(9920K)
[2022-07-06T16:24:24.102+0000][70][gc          ] GC(13) Pause Young (Normal) (G1 Evacuation Pause) 332M->61M(512M) 296.245ms
[2022-07-06T16:24:24.102+0000][70][gc,cpu      ] GC(13) User=0.23s Sys=0.02s Real=0.30s
[2022-07-06T16:24:24.102+0000][70][safepoint   ] Safepoint "G1CollectForAllocation", Time since last: 13385896632 ns, Reaching safepoint: 258457 ns, At safepoint: 296326061 ns, Total: 296584518 ns
[2022-07-06T16:24:25.233+0000][70][safepoint   ] Safepoint "Cleanup", Time since last: 1005598889 ns, Reaching safepoint: 124879307 ns, At safepoint: 14743 ns, Total: 124894050 ns
[2022-07-06T16:24:26.372+0000][70][safepoint   ] Safepoint "Cleanup", Time since last: 1029192133 ns, Reaching safepoint: 110239713 ns, At safepoint: 28572 ns, Total: 110268285 ns
[2022-07-06T16:24:29.435+0000][70][safepoint   ] Safepoint "Cleanup", Time since last: 3062536822 ns, Reaching safepoint: 84659 ns, At safepoint: 3720 ns, Total: 88379 ns
[2022-07-06T16:24:30.511+0000][70][safepoint   ] Safepoint "Cleanup", Time since last: 1076237980 ns, Reaching safepoint: 91769 ns, At safepoint: 4207 ns, Total: 95976 ns
[2022-07-06T16:24:48.967+0000][70][safepoint   ] Safepoint "Cleanup", Time since last: 15398704613 ns, Reaching safepoint: 3056886436 ns, At safepoint: 73515 ns, Total: 3056959951 ns
[2022-07-06T16:24:57.046+0000][70][safepoint   ] Safepoint "Cleanup", Time since last: 8078901953 ns, Reaching safepoint: 348145 ns, At safepoint: 11681 ns, Total: 359826 ns
[2022-07-06T16:24:58.049+0000][70][safepoint   ] Safepoint "Cleanup", Time since last: 1000592767 ns, Reaching safepoint: 2720413 ns, At safepoint: 13260 ns, Total: 2733673 ns
[2022-07-06T16:24:59.632+0000][70][safepoint   ] Safepoint "Cleanup", Time since last: 1521559205 ns, Reaching safepoint: 61265528 ns, At safepoint: 44462 ns, Total: 61309990 ns
[2022-07-06T16:25:00.781+0000][70][safepoint   ] Safepoint "Cleanup", Time since last: 1145918457 ns, Reaching safepoint: 2862088 ns, At safepoint: 15343 ns, Total: 2877431 ns
[2022-07-06T16:25:05.456+0000][70][safepoint   ] Safepoint "Cleanup", Time since last: 4675175626 ns, Reaching safepoint: 119860 ns, At safepoint: 5466 ns, Total: 125326 ns
[2022-07-06T16:25:12.821+0000][70][safepoint   ] Safepoint "Cleanup", Time since last: 7365079383 ns, Reaching safepoint: 90609 ns, At safepoint: 6782 ns, Total: 97391 ns
[2022-07-06T16:25:15.087+0000][70][safepoint   ] Safepoint "Cleanup", Time since last: 2264134849 ns, Reaching safepoint: 1248860 ns, At safepoint: 6927 ns, Total: 1255787 ns
[2022-07-06T16:25:17.214+0000][70][safepoint   ] Safepoint "Cleanup", Time since last: 2053370333 ns, Reaching safepoint: 73781088 ns, At safepoint: 52263 ns, Total: 73833351 ns
[2022-07-06T16:25:18.215+0000][70][safepoint   ] Safepoint "Cleanup", Time since last: 1000436588 ns, Reaching safepoint: 278634 ns, At safepoint: 29860 ns, Total: 308494 ns
[2022-07-06T16:25:19.443+0000][70][safepoint   ] Safepoint "Cleanup", Time since last: 1022666592 ns, Reaching safepoint: 205972017 ns, At safepoint: 22834 ns, Total: 205994851 ns
[2022-07-06T16:25:23.482+0000][70][safepoint   ] Safepoint "Cleanup", Time since last: 4037331189 ns, Reaching safepoint: 985749 ns, At safepoint: 25440 ns, Total: 1011189 ns
[2022-07-06T16:25:28.539+0000][70][safepoint   ] Safepoint "Cleanup", Time since last: 5017560574 ns, Reaching safepoint: 39215114 ns, At safepoint: 71484 ns, Total: 39286598 ns
[2022-07-06T16:25:29.539+0000][70][safepoint   ] Safepoint "Cleanup", Time since last: 1000329664 ns, Reaching safepoint: 162939 ns, At safepoint: 8045 ns, Total: 170984 ns
[2022-07-06T16:25:30.540+0000][70][safepoint   ] Safepoint "Cleanup", Time since last: 1000390499 ns, Reaching safepoint: 136644 ns, At safepoint: 12380 ns, Total: 149024 ns
[2022-07-06T16:25:31.541+0000][70][safepoint   ] Safepoint "Cleanup", Time since last: 1000983229 ns, Reaching safepoint: 176497 ns, At safepoint: 6601 ns, Total: 183098 ns
[2022-07-06T16:25:32.894+0000][70][safepoint   ] Safepoint "Cleanup", Time since last: 1353198636 ns, Reaching safepoint: 233435 ns, At safepoint: 11518 ns, Total: 244953 ns
[2022-07-06T16:25:34.565+0000][70][safepoint   ] Safepoint "Cleanup", Time since last: 1014054594 ns, Reaching safepoint: 656865131 ns, At safepoint: 57724 ns, Total: 656922855 ns
[2022-07-06T16:25:36.582+0000][70][safepoint   ] Safepoint "Cleanup", Time since last: 2001214343 ns, Reaching safepoint: 15807627 ns, At safepoint: 20061 ns, Total: 15827688 ns
[2022-07-06T16:25:37.600+0000][70][safepoint   ] Safepoint "Cleanup", Time since last: 1000840188 ns, Reaching safepoint: 16420312 ns, At safepoint: 49328 ns, Total: 16469640 ns
[2022-07-06T16:25:38.661+0000][70][safepoint   ] Safepoint "Cleanup", Time since last: 1045926625 ns, Reaching safepoint: 15205763 ns, At safepoint: 10583 ns, Total: 15216346 ns
[2022-07-06T16:25:40.772+0000][70][safepoint   ] Safepoint "Cleanup", Time since last: 2053842135 ns, Reaching safepoint: 57126429 ns, At safepoint: 15474 ns, Total: 57141903 ns
[2022-07-06T16:25:43.885+0000][70][safepoint   ] Safepoint "Cleanup", Time since last: 3102694332 ns, Reaching safepoint: 10938259 ns, At safepoint: 28377 ns, Total: 10966636 ns
[2022-07-06T16:25:46.167+0000][70][gc,start    ] GC(14) Pause Young (Normal) (G1 Evacuation Pause)
[2022-07-06T16:25:46.167+0000][70][gc,task     ] GC(14) Using 8 workers of 8 for evacuation
[2022-07-06T16:25:46.167+0000][70][gc,age      ] GC(14) Desired survivor size 20971520 bytes, new threshold 15 (max threshold 15)
[2022-07-06T16:25:46.505+0000][70][gc,mmu      ] GC(14) MMU target violated: 201.0ms (200.0ms/201.0ms)
[2022-07-06T16:25:46.505+0000][70][gc,phases   ] GC(14)   Pre Evacuate Collection Set: 0.1ms
[2022-07-06T16:25:46.505+0000][70][gc,phases   ] GC(14)   Merge Heap Roots: 0.2ms
[2022-07-06T16:25:46.505+0000][70][gc,phases   ] GC(14)   Evacuate Collection Set: 223.8ms
[2022-07-06T16:25:46.505+0000][70][gc,phases   ] GC(14)   Post Evacuate Collection Set: 113.2ms
[2022-07-06T16:25:46.505+0000][70][gc,phases   ] GC(14)   Other: 0.2ms
[2022-07-06T16:25:46.505+0000][70][gc,age      ] GC(14) Age table with threshold 15 (max threshold 15)
[2022-07-06T16:25:46.505+0000][70][gc,age      ] GC(14) - age   1:   13290504 bytes,   13290504 total
[2022-07-06T16:25:46.505+0000][70][gc,age      ] GC(14) - age   2:    4928848 bytes,   18219352 total
[2022-07-06T16:25:46.505+0000][70][gc,age      ] GC(14) - age   3:    4540480 bytes,   22759832 total
[2022-07-06T16:25:46.505+0000][70][gc,heap     ] GC(14) Eden regions: 73->0(70)
[2022-07-06T16:25:46.505+0000][70][gc,heap     ] GC(14) Survivor regions: 3->6(10)
[2022-07-06T16:25:46.505+0000][70][gc,heap     ] GC(14) Old regions: 12->12
[2022-07-06T16:25:46.505+0000][70][gc,heap     ] GC(14) Archive regions: 2->2
[2022-07-06T16:25:46.505+0000][70][gc,heap     ] GC(14) Humongous regions: 0->0
[2022-07-06T16:25:46.505+0000][70][gc,metaspace] GC(14) Metaspace: 97322K(100096K)->97322K(100096K) NonClass: 84167K(85568K)->84167K(85568K) Class: 13154K(14528K)->13154K(14528K)
[2022-07-06T16:25:46.505+0000][70][gc          ] GC(14) Pause Young (Normal) (G1 Evacuation Pause) 353M->72M(512M) 337.707ms
[2022-07-06T16:25:46.505+0000][70][gc,cpu      ] GC(14) User=0.33s Sys=0.00s Real=0.14s
[2022-07-06T16:25:46.505+0000][70][safepoint   ] Safepoint "G1CollectForAllocation", Time since last: 2281573380 ns, Reaching safepoint: 79072 ns, At safepoint: 337832227 ns, Total: 337911299 ns
[2022-07-06T16:25:46.595+0000][70][gc,start    ] GC(15) Pause Young (Concurrent Start) (Metadata GC Threshold)
[2022-07-06T16:25:46.595+0000][70][gc,task     ] GC(15) Using 8 workers of 8 for evacuation
[2022-07-06T16:25:46.595+0000][70][gc,age      ] GC(15) Desired survivor size 20971520 bytes, new threshold 3 (max threshold 15)
[2022-07-06T16:25:46.647+0000][70][gc,phases   ] GC(15)   Pre Evacuate Collection Set: 0.3ms
[2022-07-06T16:25:46.648+0000][70][gc,phases   ] GC(15)   Merge Heap Roots: 0.1ms
[2022-07-06T16:25:46.648+0000][70][gc,phases   ] GC(15)   Evacuate Collection Set: 40.2ms
[2022-07-06T16:25:46.648+0000][70][gc,phases   ] GC(15)   Post Evacuate Collection Set: 11.6ms
[2022-07-06T16:25:46.648+0000][70][gc,phases   ] GC(15)   Other: 0.1ms
[2022-07-06T16:25:46.648+0000][70][gc,age      ] GC(15) Age table with threshold 3 (max threshold 15)
[2022-07-06T16:25:46.648+0000][70][gc,age      ] GC(15) - age   1:     663632 bytes,     663632 total
[2022-07-06T16:25:46.648+0000][70][gc,age      ] GC(15) - age   2:   12535904 bytes,   13199536 total
[2022-07-06T16:25:46.648+0000][70][gc,age      ] GC(15) - age   3:    4928848 bytes,   18128384 total
[2022-07-06T16:25:46.648+0000][70][gc,heap     ] GC(15) Eden regions: 3->0(71)
[2022-07-06T16:25:46.648+0000][70][gc,heap     ] GC(15) Survivor regions: 6->5(10)
[2022-07-06T16:25:46.648+0000][70][gc,heap     ] GC(15) Old regions: 12->13
[2022-07-06T16:25:46.648+0000][70][gc,heap     ] GC(15) Archive regions: 2->2
[2022-07-06T16:25:46.648+0000][70][gc,heap     ] GC(15) Humongous regions: 0->0
[2022-07-06T16:25:46.648+0000][70][gc,metaspace] GC(15) Metaspace: 97917K(100800K)->97917K(100800K) NonClass: 84650K(86144K)->84650K(86144K) Class: 13267K(14656K)->13267K(14656K)
[2022-07-06T16:25:46.648+0000][70][gc          ] GC(15) Pause Young (Concurrent Start) (Metadata GC Threshold) 80M->73M(512M) 52.385ms
[2022-07-06T16:25:46.648+0000][70][gc,cpu      ] GC(15) User=0.06s Sys=0.00s Real=0.00s
[2022-07-06T16:25:46.648+0000][70][safepoint   ] Safepoint "CollectForMetadataAllocation", Time since last: 90282147 ns, Reaching safepoint: 54845 ns, At safepoint: 52489296 ns, Total: 52544141 ns
[2022-07-06T16:25:46.648+0000][70][gc          ] GC(16) Concurrent Mark Cycle
[2022-07-06T16:25:46.648+0000][70][gc,marking  ] GC(16) Concurrent Clear Claimed Marks
[2022-07-06T16:25:46.648+0000][70][gc,marking  ] GC(16) Concurrent Clear Claimed Marks 0.226ms
[2022-07-06T16:25:46.648+0000][70][gc,marking  ] GC(16) Concurrent Scan Root Regions
[2022-07-06T16:25:46.655+0000][70][gc,marking  ] GC(16) Concurrent Scan Root Regions 7.135ms
[2022-07-06T16:25:46.655+0000][70][gc,marking  ] GC(16) Concurrent Mark
[2022-07-06T16:25:46.655+0000][70][gc,marking  ] GC(16) Concurrent Mark From Roots
[2022-07-06T16:25:46.655+0000][70][gc,task     ] GC(16) Using 2 workers of 2 for marking
[2022-07-06T16:25:47.182+0000][70][safepoint   ] Safepoint "CollectForMetadataAllocation", Time since last: 444839872 ns, Reaching safepoint: 89430416 ns, At safepoint: 209049 ns, Total: 89639465 ns
[2022-07-06T16:25:47.182+0000][70][gc,marking  ] GC(16) Concurrent Mark From Roots 527.110ms
[2022-07-06T16:25:47.182+0000][70][gc,marking  ] GC(16) Concurrent Preclean
[2022-07-06T16:25:47.183+0000][70][gc,marking  ] GC(16) Concurrent Preclean 0.273ms
[2022-07-06T16:25:47.183+0000][70][safepoint   ] Safepoint "CollectForMetadataAllocation", Time since last: 415676 ns, Reaching safepoint: 42894 ns, At safepoint: 5850 ns, Total: 48744 ns
[2022-07-06T16:25:47.185+0000][70][gc,start    ] GC(16) Pause Remark
[2022-07-06T16:25:47.420+0000][70][gc,mmu      ] GC(16) MMU target violated: 201.0ms (200.0ms/201.0ms)
[2022-07-06T16:25:47.420+0000][70][gc          ] GC(16) Pause Remark 76M->76M(512M) 234.922ms
[2022-07-06T16:25:47.420+0000][70][gc,cpu      ] GC(16) User=0.23s Sys=0.03s Real=0.23s
[2022-07-06T16:25:47.420+0000][70][safepoint   ] Safepoint "G1Concurrent", Time since last: 1179678 ns, Reaching safepoint: 975271 ns, At safepoint: 235017680 ns, Total: 235992951 ns
[2022-07-06T16:25:47.462+0000][70][gc,marking  ] GC(16) Concurrent Mark 806.570ms
[2022-07-06T16:25:47.462+0000][70][gc,marking  ] GC(16) Concurrent Rebuild Remembered Sets
[2022-07-06T16:25:47.486+0000][70][gc,marking  ] GC(16) Concurrent Rebuild Remembered Sets 24.355ms
[2022-07-06T16:25:47.762+0000][70][gc,start    ] GC(16) Pause Cleanup
[2022-07-06T16:25:47.762+0000][70][gc          ] GC(16) Pause Cleanup 77M->77M(512M) 0.089ms
[2022-07-06T16:25:47.762+0000][70][gc,cpu      ] GC(16) User=0.00s Sys=0.00s Real=0.00s
[2022-07-06T16:25:47.762+0000][70][safepoint   ] Safepoint "G1Concurrent", Time since last: 66349023 ns, Reaching safepoint: 275570062 ns, At safepoint: 137916 ns, Total: 275707978 ns
[2022-07-06T16:25:47.823+0000][70][gc,marking  ] GC(16) Concurrent Cleanup for Next Mark
[2022-07-06T16:25:47.824+0000][70][gc,marking  ] GC(16) Concurrent Cleanup for Next Mark 0.607ms
[2022-07-06T16:25:47.824+0000][70][gc          ] GC(16) Concurrent Mark Cycle 1176.171ms
[2022-07-06T16:25:48.764+0000][70][safepoint   ] Safepoint "Cleanup", Time since last: 1001845458 ns, Reaching safepoint: 79637 ns, At safepoint: 5278 ns, Total: 84915 ns
[2022-07-06T16:25:51.424+0000][70][safepoint   ] Safepoint "Cleanup", Time since last: 2435873053 ns, Reaching safepoint: 223981869 ns, At safepoint: 14650 ns, Total: 223996519 ns
[2022-07-06T16:25:52.485+0000][70][safepoint   ] Safepoint "Cleanup", Time since last: 1061177024 ns, Reaching safepoint: 101528 ns, At safepoint: 8302 ns, Total: 109830 ns
[2022-07-06T16:25:54.173+0000][70][safepoint   ] Safepoint "Cleanup", Time since last: 1687025194 ns, Reaching safepoint: 785896 ns, At safepoint: 7677 ns, Total: 793573 ns
[2022-07-06T16:25:55.278+0000][70][safepoint   ] Safepoint "Cleanup", Time since last: 1104378013 ns, Reaching safepoint: 954895 ns, At safepoint: 11071 ns, Total: 965966 ns
[2022-07-06T16:25:56.424+0000][70][safepoint   ] Safepoint "Cleanup", Time since last: 1080692193 ns, Reaching safepoint: 65126554 ns, At safepoint: 54648 ns, Total: 65181202 ns
[2022-07-06T16:25:57.460+0000][70][safepoint   ] Safepoint "Cleanup", Time since last: 1036276993 ns, Reaching safepoint: 210679 ns, At safepoint: 9762 ns, Total: 220441 ns
[2022-07-06T16:25:58.461+0000][70][safepoint   ] Safepoint "Cleanup", Time since last: 1000382099 ns, Reaching safepoint: 109242 ns, At safepoint: 8087 ns, Total: 117329 ns
[2022-07-06T16:26:00.384+0000][70][gc,heap,exit] Heap
[2022-07-06T16:26:00.384+0000][70][gc,heap,exit]  garbage-first heap   total 524288K, used 131821K [0x00000000e0000000, 0x0000000100000000)
[2022-07-06T16:26:00.384+0000][70][gc,heap,exit]   region size 4096K, 19 young (77824K), 5 survivors (20480K)
[2022-07-06T16:26:00.384+0000][70][gc,heap,exit]  Metaspace       used 104448K, committed 107456K, reserved 1179648K
[2022-07-06T16:26:00.384+0000][70][gc,heap,exit]   class space    used 14178K, committed 15680K, reserved 1048576K
