[2022-07-06T16:41:29.520+0000][69][gc,init] CardTable entry size: 512
[2022-07-06T16:41:29.520+0000][69][gc     ] Using G1
[2022-07-06T16:41:31.120+0000][69][gc,init] Version: 18.0.1.1+2-6 (release)
[2022-07-06T16:41:31.121+0000][69][gc,init] CPUs: 8 total, 8 available
[2022-07-06T16:41:31.121+0000][69][gc,init] Memory: 7736M
[2022-07-06T16:41:31.121+0000][69][gc,init] Large Page Support: Disabled
[2022-07-06T16:41:31.121+0000][69][gc,init] NUMA Support: Disabled
[2022-07-06T16:41:31.121+0000][69][gc,init] Compressed Oops: Enabled (32-bit)
[2022-07-06T16:41:31.121+0000][69][gc,init] Heap Region Size: 4M
[2022-07-06T16:41:31.121+0000][69][gc,init] Heap Min Capacity: 512M
[2022-07-06T16:41:31.121+0000][69][gc,init] Heap Initial Capacity: 512M
[2022-07-06T16:41:31.121+0000][69][gc,init] Heap Max Capacity: 512M
[2022-07-06T16:41:31.121+0000][69][gc,init] Pre-touch: Enabled
[2022-07-06T16:41:31.121+0000][69][gc,init] Parallel Workers: 8
[2022-07-06T16:41:31.121+0000][69][gc,init] Concurrent Workers: 2
[2022-07-06T16:41:31.121+0000][69][gc,init] Concurrent Refinement Workers: 8
[2022-07-06T16:41:31.121+0000][69][gc,init] Periodic GC: Disabled
[2022-07-06T16:41:31.121+0000][69][gc,metaspace] CDS archive(s) mapped at: [0x0000000800000000-0x0000000800baf000-0x0000000800baf000), size 12251136, SharedBaseAddress: 0x0000000800000000, ArchiveRelocationMode: 0.
[2022-07-06T16:41:31.121+0000][69][gc,metaspace] Compressed class space mapped at: 0x0000000800c00000-0x0000000840c00000, reserved size: 1073741824
[2022-07-06T16:41:31.121+0000][69][gc,metaspace] Narrow klass base: 0x0000000800000000, Narrow klass shift: 0, Narrow klass range: 0x100000000
[2022-07-06T16:41:32.206+0000][69][safepoint   ] Safepoint "ICBufferFull", Time since last: 979870616 ns, Reaching safepoint: 142563 ns, At safepoint: 4553 ns, Total: 147116 ns
[2022-07-06T16:41:32.339+0000][69][gc,start    ] GC(0) Pause Young (Normal) (G1 Evacuation Pause)
[2022-07-06T16:41:32.339+0000][69][gc,task     ] GC(0) Using 8 workers of 8 for evacuation
[2022-07-06T16:41:32.339+0000][69][gc,age      ] GC(0) Desired survivor size 2097152 bytes, new threshold 15 (max threshold 15)
[2022-07-06T16:41:32.348+0000][69][gc,phases   ] GC(0)   Pre Evacuate Collection Set: 0.1ms
[2022-07-06T16:41:32.348+0000][69][gc,phases   ] GC(0)   Merge Heap Roots: 0.1ms
[2022-07-06T16:41:32.348+0000][69][gc,phases   ] GC(0)   Evacuate Collection Set: 7.9ms
[2022-07-06T16:41:32.348+0000][69][gc,phases   ] GC(0)   Post Evacuate Collection Set: 0.7ms
[2022-07-06T16:41:32.348+0000][69][gc,phases   ] GC(0)   Other: 0.1ms
[2022-07-06T16:41:32.348+0000][69][gc,age      ] GC(0) Age table with threshold 15 (max threshold 15)
[2022-07-06T16:41:32.348+0000][69][gc,age      ] GC(0) - age   1:    3190768 bytes,    3190768 total
[2022-07-06T16:41:32.348+0000][69][gc,heap     ] GC(0) Eden regions: 6->0(15)
[2022-07-06T16:41:32.348+0000][69][gc,heap     ] GC(0) Survivor regions: 0->1(1)
[2022-07-06T16:41:32.348+0000][69][gc,heap     ] GC(0) Old regions: 0->0
[2022-07-06T16:41:32.348+0000][69][gc,heap     ] GC(0) Archive regions: 2->2
[2022-07-06T16:41:32.348+0000][69][gc,heap     ] GC(0) Humongous regions: 0->0
[2022-07-06T16:41:32.348+0000][69][gc,metaspace] GC(0) Metaspace: 3416K(3648K)->3416K(3648K) NonClass: 3072K(3200K)->3072K(3200K) Class: 344K(448K)->344K(448K)
[2022-07-06T16:41:32.348+0000][69][gc          ] GC(0) Pause Young (Normal) (G1 Evacuation Pause) 27M->7M(512M) 9.229ms
[2022-07-06T16:41:32.348+0000][69][gc,cpu      ] GC(0) User=0.01s Sys=0.00s Real=0.01s
[2022-07-06T16:41:32.349+0000][69][safepoint   ] Safepoint "G1CollectForAllocation", Time since last: 133006496 ns, Reaching safepoint: 173320 ns, At safepoint: 9310957 ns, Total: 9484277 ns
[2022-07-06T16:41:33.601+0000][69][safepoint   ] Safepoint "ICBufferFull", Time since last: 1251822872 ns, Reaching safepoint: 164916 ns, At safepoint: 31412 ns, Total: 196328 ns
[2022-07-06T16:41:34.632+0000][69][safepoint   ] Safepoint "Cleanup", Time since last: 1028850854 ns, Reaching safepoint: 3029644 ns, At safepoint: 39086 ns, Total: 3068730 ns
[2022-07-06T16:41:35.711+0000][69][gc,start    ] GC(1) Pause Young (Normal) (G1 Evacuation Pause)
[2022-07-06T16:41:35.712+0000][69][gc,task     ] GC(1) Using 8 workers of 8 for evacuation
[2022-07-06T16:41:35.712+0000][69][gc,age      ] GC(1) Desired survivor size 4194304 bytes, new threshold 15 (max threshold 15)
[2022-07-06T16:41:35.731+0000][69][gc,phases   ] GC(1)   Pre Evacuate Collection Set: 0.1ms
[2022-07-06T16:41:35.731+0000][69][gc,phases   ] GC(1)   Merge Heap Roots: 0.1ms
[2022-07-06T16:41:35.731+0000][69][gc,phases   ] GC(1)   Evacuate Collection Set: 12.8ms
[2022-07-06T16:41:35.731+0000][69][gc,phases   ] GC(1)   Post Evacuate Collection Set: 6.6ms
[2022-07-06T16:41:35.731+0000][69][gc,phases   ] GC(1)   Other: 0.1ms
[2022-07-06T16:41:35.731+0000][69][gc,age      ] GC(1) Age table with threshold 15 (max threshold 15)
[2022-07-06T16:41:35.731+0000][69][gc,age      ] GC(1) - age   1:    5226136 bytes,    5226136 total
[2022-07-06T16:41:35.731+0000][69][gc,age      ] GC(1) - age   2:    3078784 bytes,    8304920 total
[2022-07-06T16:41:35.731+0000][69][gc,heap     ] GC(1) Eden regions: 15->0(22)
[2022-07-06T16:41:35.731+0000][69][gc,heap     ] GC(1) Survivor regions: 1->2(2)
[2022-07-06T16:41:35.731+0000][69][gc,heap     ] GC(1) Old regions: 0->1
[2022-07-06T16:41:35.731+0000][69][gc,heap     ] GC(1) Archive regions: 2->2
[2022-07-06T16:41:35.731+0000][69][gc,heap     ] GC(1) Humongous regions: 0->0
[2022-07-06T16:41:35.731+0000][69][gc,metaspace] GC(1) Metaspace: 15024K(15424K)->15024K(15424K) NonClass: 13230K(13440K)->13230K(13440K) Class: 1794K(1984K)->1794K(1984K)
[2022-07-06T16:41:35.731+0000][69][gc          ] GC(1) Pause Young (Normal) (G1 Evacuation Pause) 67M->12M(512M) 19.970ms
[2022-07-06T16:41:35.731+0000][69][gc,cpu      ] GC(1) User=0.05s Sys=0.00s Real=0.02s
[2022-07-06T16:41:35.731+0000][69][safepoint   ] Safepoint "G1CollectForAllocation", Time since last: 1078747085 ns, Reaching safepoint: 213844 ns, At safepoint: 20046843 ns, Total: 20260687 ns
[2022-07-06T16:41:37.265+0000][69][safepoint   ] Safepoint "Cleanup", Time since last: 1533163707 ns, Reaching safepoint: 178829 ns, At safepoint: 3634 ns, Total: 182463 ns
[2022-07-06T16:41:38.118+0000][69][gc,start    ] GC(2) Pause Young (Normal) (G1 Evacuation Pause)
[2022-07-06T16:41:38.118+0000][69][gc,task     ] GC(2) Using 8 workers of 8 for evacuation
[2022-07-06T16:41:38.118+0000][69][gc,age      ] GC(2) Desired survivor size 6291456 bytes, new threshold 2 (max threshold 15)
[2022-07-06T16:41:38.138+0000][69][gc,phases   ] GC(2)   Pre Evacuate Collection Set: 0.1ms
[2022-07-06T16:41:38.138+0000][69][gc,phases   ] GC(2)   Merge Heap Roots: 0.1ms
[2022-07-06T16:41:38.138+0000][69][gc,phases   ] GC(2)   Evacuate Collection Set: 18.3ms
[2022-07-06T16:41:38.138+0000][69][gc,phases   ] GC(2)   Post Evacuate Collection Set: 1.5ms
[2022-07-06T16:41:38.138+0000][69][gc,phases   ] GC(2)   Other: 0.1ms
[2022-07-06T16:41:38.138+0000][69][gc,age      ] GC(2) Age table with threshold 2 (max threshold 15)
[2022-07-06T16:41:38.138+0000][69][gc,age      ] GC(2) - age   1:    1624888 bytes,    1624888 total
[2022-07-06T16:41:38.138+0000][69][gc,age      ] GC(2) - age   2:    5128736 bytes,    6753624 total
[2022-07-06T16:41:38.138+0000][69][gc,heap     ] GC(2) Eden regions: 22->0(62)
[2022-07-06T16:41:38.138+0000][69][gc,heap     ] GC(2) Survivor regions: 2->2(3)
[2022-07-06T16:41:38.138+0000][69][gc,heap     ] GC(2) Old regions: 1->1
[2022-07-06T16:41:38.138+0000][69][gc,heap     ] GC(2) Archive regions: 2->2
[2022-07-06T16:41:38.138+0000][69][gc,heap     ] GC(2) Humongous regions: 0->0
[2022-07-06T16:41:38.138+0000][69][gc,metaspace] GC(2) Metaspace: 17209K(17664K)->17209K(17664K) NonClass: 15209K(15488K)->15209K(15488K) Class: 2000K(2176K)->2000K(2176K)
[2022-07-06T16:41:38.138+0000][69][gc          ] GC(2) Pause Young (Normal) (G1 Evacuation Pause) 100M->13M(512M) 20.423ms
[2022-07-06T16:41:38.138+0000][69][gc,cpu      ] GC(2) User=0.05s Sys=0.00s Real=0.02s
[2022-07-06T16:41:38.138+0000][69][safepoint   ] Safepoint "G1CollectForAllocation", Time since last: 852498256 ns, Reaching safepoint: 200011 ns, At safepoint: 20496261 ns, Total: 20696272 ns
[2022-07-06T16:41:39.280+0000][69][gc,start    ] GC(3) Pause Young (Concurrent Start) (Metadata GC Threshold)
[2022-07-06T16:41:39.280+0000][69][gc,task     ] GC(3) Using 8 workers of 8 for evacuation
[2022-07-06T16:41:39.280+0000][69][gc,age      ] GC(3) Desired survivor size 16777216 bytes, new threshold 15 (max threshold 15)
[2022-07-06T16:41:39.295+0000][69][gc,phases   ] GC(3)   Pre Evacuate Collection Set: 0.3ms
[2022-07-06T16:41:39.295+0000][69][gc,phases   ] GC(3)   Merge Heap Roots: 6.7ms
[2022-07-06T16:41:39.295+0000][69][gc,phases   ] GC(3)   Evacuate Collection Set: 6.2ms
[2022-07-06T16:41:39.295+0000][69][gc,phases   ] GC(3)   Post Evacuate Collection Set: 1.1ms
[2022-07-06T16:41:39.295+0000][69][gc,phases   ] GC(3)   Other: 0.1ms
[2022-07-06T16:41:39.295+0000][69][gc,age      ] GC(3) Age table with threshold 15 (max threshold 15)
[2022-07-06T16:41:39.295+0000][69][gc,age      ] GC(3) - age   1:    2148616 bytes,    2148616 total
[2022-07-06T16:41:39.295+0000][69][gc,age      ] GC(3) - age   2:    1606640 bytes,    3755256 total
[2022-07-06T16:41:39.295+0000][69][gc,age      ] GC(3) - age   3:    5124856 bytes,    8880112 total
[2022-07-06T16:41:39.295+0000][69][gc,heap     ] GC(3) Eden regions: 17->0(73)
[2022-07-06T16:41:39.295+0000][69][gc,heap     ] GC(3) Survivor regions: 2->3(8)
[2022-07-06T16:41:39.295+0000][69][gc,heap     ] GC(3) Old regions: 1->1
[2022-07-06T16:41:39.295+0000][69][gc,heap     ] GC(3) Archive regions: 2->2
[2022-07-06T16:41:39.295+0000][69][gc,heap     ] GC(3) Humongous regions: 0->0
[2022-07-06T16:41:39.295+0000][69][gc,metaspace] GC(3) Metaspace: 21143K(21504K)->21143K(21504K) NonClass: 18753K(18944K)->18753K(18944K) Class: 2390K(2560K)->2390K(2560K)
[2022-07-06T16:41:39.295+0000][69][gc          ] GC(3) Pause Young (Concurrent Start) (Metadata GC Threshold) 79M->16M(512M) 14.758ms
[2022-07-06T16:41:39.295+0000][69][gc,cpu      ] GC(3) User=0.03s Sys=0.00s Real=0.01s
[2022-07-06T16:41:39.295+0000][69][gc          ] GC(4) Concurrent Mark Cycle
[2022-07-06T16:41:39.295+0000][69][gc,marking  ] GC(4) Concurrent Clear Claimed Marks
[2022-07-06T16:41:39.295+0000][69][safepoint   ] Safepoint "CollectForMetadataAllocation", Time since last: 1141813786 ns, Reaching safepoint: 465499 ns, At safepoint: 14955144 ns, Total: 15420643 ns
[2022-07-06T16:41:39.295+0000][69][gc,marking  ] GC(4) Concurrent Clear Claimed Marks 0.045ms
[2022-07-06T16:41:39.295+0000][69][gc,marking  ] GC(4) Concurrent Scan Root Regions
[2022-07-06T16:41:39.310+0000][69][gc,marking  ] GC(4) Concurrent Scan Root Regions 14.809ms
[2022-07-06T16:41:39.310+0000][69][gc,marking  ] GC(4) Concurrent Mark
[2022-07-06T16:41:39.310+0000][69][gc,marking  ] GC(4) Concurrent Mark From Roots
[2022-07-06T16:41:39.310+0000][69][gc,task     ] GC(4) Using 2 workers of 2 for marking
[2022-07-06T16:41:39.319+0000][69][gc,marking  ] GC(4) Concurrent Mark From Roots 8.342ms
[2022-07-06T16:41:39.319+0000][69][gc,marking  ] GC(4) Concurrent Preclean
[2022-07-06T16:41:39.319+0000][69][gc,marking  ] GC(4) Concurrent Preclean 0.036ms
[2022-07-06T16:41:39.319+0000][69][gc,start    ] GC(4) Pause Remark
[2022-07-06T16:41:39.323+0000][69][gc          ] GC(4) Pause Remark 18M->18M(512M) 3.784ms
[2022-07-06T16:41:39.323+0000][69][gc,cpu      ] GC(4) User=0.01s Sys=0.00s Real=0.01s
[2022-07-06T16:41:39.323+0000][69][safepoint   ] Safepoint "G1Concurrent", Time since last: 23354356 ns, Reaching safepoint: 134185 ns, At safepoint: 3897986 ns, Total: 4032171 ns
[2022-07-06T16:41:39.323+0000][69][gc,marking  ] GC(4) Concurrent Mark 12.586ms
[2022-07-06T16:41:39.323+0000][69][gc,marking  ] GC(4) Concurrent Rebuild Remembered Sets
[2022-07-06T16:41:39.325+0000][69][gc,marking  ] GC(4) Concurrent Rebuild Remembered Sets 2.344ms
[2022-07-06T16:41:39.326+0000][69][gc,start    ] GC(4) Pause Cleanup
[2022-07-06T16:41:39.326+0000][69][gc          ] GC(4) Pause Cleanup 18M->18M(512M) 0.109ms
[2022-07-06T16:41:39.326+0000][69][gc,cpu      ] GC(4) User=0.00s Sys=0.00s Real=0.00s
[2022-07-06T16:41:39.326+0000][69][safepoint   ] Safepoint "G1Concurrent", Time since last: 2568580 ns, Reaching safepoint: 295140 ns, At safepoint: 229046 ns, Total: 524186 ns
[2022-07-06T16:41:39.326+0000][69][gc,marking  ] GC(4) Concurrent Cleanup for Next Mark
[2022-07-06T16:41:39.327+0000][69][gc,marking  ] GC(4) Concurrent Cleanup for Next Mark 0.751ms
[2022-07-06T16:41:39.327+0000][69][gc          ] GC(4) Concurrent Mark Cycle 31.582ms
[2022-07-06T16:41:40.589+0000][69][safepoint   ] Safepoint "ICBufferFull", Time since last: 1261884726 ns, Reaching safepoint: 1162163 ns, At safepoint: 174944 ns, Total: 1337107 ns
[2022-07-06T16:41:41.412+0000][69][gc,start    ] GC(5) Pause Young (Normal) (G1 Evacuation Pause)
[2022-07-06T16:41:41.412+0000][69][gc,task     ] GC(5) Using 8 workers of 8 for evacuation
[2022-07-06T16:41:41.412+0000][69][gc,age      ] GC(5) Desired survivor size 20971520 bytes, new threshold 15 (max threshold 15)
[2022-07-06T16:41:41.423+0000][69][gc,phases   ] GC(5)   Pre Evacuate Collection Set: 0.1ms
[2022-07-06T16:41:41.423+0000][69][gc,phases   ] GC(5)   Merge Heap Roots: 0.1ms
[2022-07-06T16:41:41.423+0000][69][gc,phases   ] GC(5)   Evacuate Collection Set: 9.4ms
[2022-07-06T16:41:41.423+0000][69][gc,phases   ] GC(5)   Post Evacuate Collection Set: 1.2ms
[2022-07-06T16:41:41.423+0000][69][gc,phases   ] GC(5)   Other: 0.1ms
[2022-07-06T16:41:41.423+0000][69][gc,age      ] GC(5) Age table with threshold 15 (max threshold 15)
[2022-07-06T16:41:41.423+0000][69][gc,age      ] GC(5) - age   1:    7707304 bytes,    7707304 total
[2022-07-06T16:41:41.423+0000][69][gc,age      ] GC(5) - age   2:    2077456 bytes,    9784760 total
[2022-07-06T16:41:41.423+0000][69][gc,age      ] GC(5) - age   3:    1606280 bytes,   11391040 total
[2022-07-06T16:41:41.423+0000][69][gc,age      ] GC(5) - age   4:    5121560 bytes,   16512600 total
[2022-07-06T16:41:41.423+0000][69][gc,heap     ] GC(5) Eden regions: 73->0(71)
[2022-07-06T16:41:41.423+0000][69][gc,heap     ] GC(5) Survivor regions: 3->5(10)
[2022-07-06T16:41:41.423+0000][69][gc,heap     ] GC(5) Old regions: 1->1
[2022-07-06T16:41:41.423+0000][69][gc,heap     ] GC(5) Archive regions: 2->2
[2022-07-06T16:41:41.423+0000][69][gc,heap     ] GC(5) Humongous regions: 0->0
[2022-07-06T16:41:41.423+0000][69][gc,metaspace] GC(5) Metaspace: 24786K(25344K)->24786K(25344K) NonClass: 21882K(22208K)->21882K(22208K) Class: 2904K(3136K)->2904K(3136K)
[2022-07-06T16:41:41.423+0000][69][gc          ] GC(5) Pause Young (Normal) (G1 Evacuation Pause) 308M->23M(512M) 11.136ms
[2022-07-06T16:41:41.423+0000][69][gc,cpu      ] GC(5) User=0.03s Sys=0.00s Real=0.01s
[2022-07-06T16:41:41.423+0000][69][safepoint   ] Safepoint "G1CollectForAllocation", Time since last: 823090004 ns, Reaching safepoint: 121875 ns, At safepoint: 11216426 ns, Total: 11338301 ns
[2022-07-06T16:41:42.763+0000][69][safepoint   ] Safepoint "ICBufferFull", Time since last: 1339226553 ns, Reaching safepoint: 421969 ns, At safepoint: 7951 ns, Total: 429920 ns
[2022-07-06T16:41:43.071+0000][69][gc,start    ] GC(6) Pause Young (Normal) (G1 Evacuation Pause)
[2022-07-06T16:41:43.071+0000][69][gc,task     ] GC(6) Using 8 workers of 8 for evacuation
[2022-07-06T16:41:43.071+0000][69][gc,age      ] GC(6) Desired survivor size 20971520 bytes, new threshold 15 (max threshold 15)
[2022-07-06T16:41:43.090+0000][69][gc,phases   ] GC(6)   Pre Evacuate Collection Set: 0.1ms
[2022-07-06T16:41:43.090+0000][69][gc,phases   ] GC(6)   Merge Heap Roots: 0.1ms
[2022-07-06T16:41:43.090+0000][69][gc,phases   ] GC(6)   Evacuate Collection Set: 15.8ms
[2022-07-06T16:41:43.090+0000][69][gc,phases   ] GC(6)   Post Evacuate Collection Set: 2.4ms
[2022-07-06T16:41:43.090+0000][69][gc,phases   ] GC(6)   Other: 0.1ms
[2022-07-06T16:41:43.090+0000][69][gc,age      ] GC(6) Age table with threshold 15 (max threshold 15)
[2022-07-06T16:41:43.090+0000][69][gc,age      ] GC(6) - age   1:    5746864 bytes,    5746864 total
[2022-07-06T16:41:43.090+0000][69][gc,age      ] GC(6) - age   2:    6299328 bytes,   12046192 total
[2022-07-06T16:41:43.090+0000][69][gc,age      ] GC(6) - age   3:    2074464 bytes,   14120656 total
[2022-07-06T16:41:43.090+0000][69][gc,age      ] GC(6) - age   4:    1584272 bytes,   15704928 total
[2022-07-06T16:41:43.090+0000][69][gc,age      ] GC(6) - age   5:    5112896 bytes,   20817824 total
[2022-07-06T16:41:43.090+0000][69][gc,heap     ] GC(6) Eden regions: 71->0(70)
[2022-07-06T16:41:43.090+0000][69][gc,heap     ] GC(6) Survivor regions: 5->6(10)
[2022-07-06T16:41:43.090+0000][69][gc,heap     ] GC(6) Old regions: 1->1
[2022-07-06T16:41:43.090+0000][69][gc,heap     ] GC(6) Archive regions: 2->2
[2022-07-06T16:41:43.090+0000][69][gc,heap     ] GC(6) Humongous regions: 0->0
[2022-07-06T16:41:43.090+0000][69][gc,metaspace] GC(6) Metaspace: 31265K(31936K)->31265K(31936K) NonClass: 27634K(28032K)->27634K(28032K) Class: 3631K(3904K)->3631K(3904K)
[2022-07-06T16:41:43.090+0000][69][gc          ] GC(6) Pause Young (Normal) (G1 Evacuation Pause) 307M->28M(512M) 18.748ms
[2022-07-06T16:41:43.090+0000][69][gc,cpu      ] GC(6) User=0.05s Sys=0.00s Real=0.01s
[2022-07-06T16:41:43.090+0000][69][safepoint   ] Safepoint "G1CollectForAllocation", Time since last: 308057360 ns, Reaching safepoint: 115552 ns, At safepoint: 18895726 ns, Total: 19011278 ns
[2022-07-06T16:41:44.092+0000][69][safepoint   ] Safepoint "Cleanup", Time since last: 1001249654 ns, Reaching safepoint: 376382 ns, At safepoint: 21338 ns, Total: 397720 ns
[2022-07-06T16:41:44.694+0000][69][gc,start    ] GC(7) Pause Young (Normal) (G1 Evacuation Pause)
[2022-07-06T16:41:44.695+0000][69][gc,task     ] GC(7) Using 8 workers of 8 for evacuation
[2022-07-06T16:41:44.695+0000][69][gc,age      ] GC(7) Desired survivor size 20971520 bytes, new threshold 15 (max threshold 15)
[2022-07-06T16:41:44.723+0000][69][gc,phases   ] GC(7)   Pre Evacuate Collection Set: 0.1ms
[2022-07-06T16:41:44.723+0000][69][gc,phases   ] GC(7)   Merge Heap Roots: 0.1ms
[2022-07-06T16:41:44.723+0000][69][gc,phases   ] GC(7)   Evacuate Collection Set: 25.6ms
[2022-07-06T16:41:44.723+0000][69][gc,phases   ] GC(7)   Post Evacuate Collection Set: 2.2ms
[2022-07-06T16:41:44.723+0000][69][gc,phases   ] GC(7)   Other: 0.1ms
[2022-07-06T16:41:44.723+0000][69][gc,age      ] GC(7) Age table with threshold 15 (max threshold 15)
[2022-07-06T16:41:44.723+0000][69][gc,age      ] GC(7) - age   1:    3880048 bytes,    3880048 total
[2022-07-06T16:41:44.723+0000][69][gc,age      ] GC(7) - age   2:    3639184 bytes,    7519232 total
[2022-07-06T16:41:44.723+0000][69][gc,age      ] GC(7) - age   3:    6294056 bytes,   13813288 total
[2022-07-06T16:41:44.723+0000][69][gc,age      ] GC(7) - age   4:    2073792 bytes,   15887080 total
[2022-07-06T16:41:44.723+0000][69][gc,age      ] GC(7) - age   5:    1583928 bytes,   17471008 total
[2022-07-06T16:41:44.723+0000][69][gc,age      ] GC(7) - age   6:    5107936 bytes,   22578944 total
[2022-07-06T16:41:44.723+0000][69][gc,heap     ] GC(7) Eden regions: 70->0(70)
[2022-07-06T16:41:44.723+0000][69][gc,heap     ] GC(7) Survivor regions: 6->6(10)
[2022-07-06T16:41:44.723+0000][69][gc,heap     ] GC(7) Old regions: 1->1
[2022-07-06T16:41:44.723+0000][69][gc,heap     ] GC(7) Archive regions: 2->2
[2022-07-06T16:41:44.723+0000][69][gc,heap     ] GC(7) Humongous regions: 0->0
[2022-07-06T16:41:44.723+0000][69][gc,metaspace] GC(7) Metaspace: 33682K(34496K)->33682K(34496K) NonClass: 29716K(30208K)->29716K(30208K) Class: 3965K(4288K)->3965K(4288K)
[2022-07-06T16:41:44.723+0000][69][gc          ] GC(7) Pause Young (Normal) (G1 Evacuation Pause) 308M->30M(512M) 28.316ms
[2022-07-06T16:41:44.723+0000][69][gc,cpu      ] GC(7) User=0.05s Sys=0.00s Real=0.03s
[2022-07-06T16:41:44.723+0000][69][safepoint   ] Safepoint "G1CollectForAllocation", Time since last: 602544891 ns, Reaching safepoint: 105235 ns, At safepoint: 28397820 ns, Total: 28503055 ns
[2022-07-06T16:41:45.524+0000][69][gc,start    ] GC(8) Pause Young (Concurrent Start) (Metadata GC Threshold)
[2022-07-06T16:41:45.524+0000][69][gc,task     ] GC(8) Using 8 workers of 8 for evacuation
[2022-07-06T16:41:45.524+0000][69][gc,age      ] GC(8) Desired survivor size 20971520 bytes, new threshold 6 (max threshold 15)
[2022-07-06T16:41:45.550+0000][69][gc,phases   ] GC(8)   Pre Evacuate Collection Set: 0.2ms
[2022-07-06T16:41:45.550+0000][69][gc,phases   ] GC(8)   Merge Heap Roots: 0.1ms
[2022-07-06T16:41:45.550+0000][69][gc,phases   ] GC(8)   Evacuate Collection Set: 23.8ms
[2022-07-06T16:41:45.550+0000][69][gc,phases   ] GC(8)   Post Evacuate Collection Set: 1.7ms
[2022-07-06T16:41:45.550+0000][69][gc,phases   ] GC(8)   Other: 0.4ms
[2022-07-06T16:41:45.550+0000][69][gc,age      ] GC(8) Age table with threshold 6 (max threshold 15)
[2022-07-06T16:41:45.550+0000][69][gc,age      ] GC(8) - age   1:    1529600 bytes,    1529600 total
[2022-07-06T16:41:45.550+0000][69][gc,age      ] GC(8) - age   2:    3827992 bytes,    5357592 total
[2022-07-06T16:41:45.550+0000][69][gc,age      ] GC(8) - age   3:    3617816 bytes,    8975408 total
[2022-07-06T16:41:45.550+0000][69][gc,age      ] GC(8) - age   4:    6269440 bytes,   15244848 total
[2022-07-06T16:41:45.550+0000][69][gc,age      ] GC(8) - age   5:    2060472 bytes,   17305320 total
[2022-07-06T16:41:45.550+0000][69][gc,age      ] GC(8) - age   6:    1498448 bytes,   18803768 total
[2022-07-06T16:41:45.550+0000][69][gc,heap     ] GC(8) Eden regions: 44->0(70)
[2022-07-06T16:41:45.550+0000][69][gc,heap     ] GC(8) Survivor regions: 6->6(10)
[2022-07-06T16:41:45.550+0000][69][gc,heap     ] GC(8) Old regions: 1->3
[2022-07-06T16:41:45.550+0000][69][gc,heap     ] GC(8) Archive regions: 2->2
[2022-07-06T16:41:45.550+0000][69][gc,heap     ] GC(8) Humongous regions: 0->0
[2022-07-06T16:41:45.551+0000][69][gc,metaspace] GC(8) Metaspace: 35584K(36416K)->35584K(36416K) NonClass: 31344K(31808K)->31344K(31808K) Class: 4240K(4608K)->4240K(4608K)
[2022-07-06T16:41:45.551+0000][69][gc          ] GC(8) Pause Young (Concurrent Start) (Metadata GC Threshold) 206M->32M(512M) 26.581ms
[2022-07-06T16:41:45.551+0000][69][gc,cpu      ] GC(8) User=0.05s Sys=0.00s Real=0.03s
[2022-07-06T16:41:45.551+0000][69][gc          ] GC(9) Concurrent Mark Cycle
[2022-07-06T16:41:45.551+0000][69][gc,marking  ] GC(9) Concurrent Clear Claimed Marks
[2022-07-06T16:41:45.551+0000][69][gc,marking  ] GC(9) Concurrent Clear Claimed Marks 0.093ms
[2022-07-06T16:41:45.551+0000][69][gc,marking  ] GC(9) Concurrent Scan Root Regions
[2022-07-06T16:41:45.551+0000][69][safepoint   ] Safepoint "CollectForMetadataAllocation", Time since last: 801017900 ns, Reaching safepoint: 150630 ns, At safepoint: 26855204 ns, Total: 27005834 ns
[2022-07-06T16:41:45.560+0000][69][gc,marking  ] GC(9) Concurrent Scan Root Regions 8.844ms
[2022-07-06T16:41:45.560+0000][69][gc,marking  ] GC(9) Concurrent Mark
[2022-07-06T16:41:45.560+0000][69][gc,marking  ] GC(9) Concurrent Mark From Roots
[2022-07-06T16:41:45.560+0000][69][gc,task     ] GC(9) Using 2 workers of 2 for marking
[2022-07-06T16:41:45.567+0000][69][gc,marking  ] GC(9) Concurrent Mark From Roots 6.961ms
[2022-07-06T16:41:45.567+0000][69][gc,marking  ] GC(9) Concurrent Preclean
[2022-07-06T16:41:45.567+0000][69][gc,marking  ] GC(9) Concurrent Preclean 0.038ms
[2022-07-06T16:41:45.567+0000][69][gc,start    ] GC(9) Pause Remark
[2022-07-06T16:41:45.573+0000][69][gc          ] GC(9) Pause Remark 34M->34M(512M) 6.043ms
[2022-07-06T16:41:45.573+0000][69][gc,cpu      ] GC(9) User=0.02s Sys=0.00s Real=0.01s
[2022-07-06T16:41:45.573+0000][69][safepoint   ] Safepoint "G1Concurrent", Time since last: 16043016 ns, Reaching safepoint: 317983 ns, At safepoint: 6160405 ns, Total: 6478388 ns
[2022-07-06T16:41:45.575+0000][69][gc,marking  ] GC(9) Concurrent Mark 15.680ms
[2022-07-06T16:41:45.575+0000][69][gc,marking  ] GC(9) Concurrent Rebuild Remembered Sets
[2022-07-06T16:41:45.584+0000][69][gc,marking  ] GC(9) Concurrent Rebuild Remembered Sets 8.231ms
[2022-07-06T16:41:45.593+0000][69][gc,start    ] GC(9) Pause Cleanup
[2022-07-06T16:41:45.593+0000][69][gc          ] GC(9) Pause Cleanup 34M->34M(512M) 0.113ms
[2022-07-06T16:41:45.593+0000][69][gc,cpu      ] GC(9) User=0.00s Sys=0.00s Real=0.00s
[2022-07-06T16:41:45.593+0000][69][safepoint   ] Safepoint "G1Concurrent", Time since last: 10416036 ns, Reaching safepoint: 9094312 ns, At safepoint: 171786 ns, Total: 9266098 ns
[2022-07-06T16:41:45.593+0000][69][gc,marking  ] GC(9) Concurrent Cleanup for Next Mark
[2022-07-06T16:41:45.594+0000][69][gc,marking  ] GC(9) Concurrent Cleanup for Next Mark 0.814ms
[2022-07-06T16:41:45.594+0000][69][gc          ] GC(9) Concurrent Mark Cycle 43.296ms
[2022-07-06T16:41:47.420+0000][69][safepoint   ] Safepoint "ICBufferFull", Time since last: 1826496330 ns, Reaching safepoint: 427546 ns, At safepoint: 8845 ns, Total: 436391 ns
[2022-07-06T16:41:48.428+0000][69][safepoint   ] Safepoint "Cleanup", Time since last: 1007482062 ns, Reaching safepoint: 719032 ns, At safepoint: 43703 ns, Total: 762735 ns
[2022-07-06T16:41:49.781+0000][69][safepoint   ] Safepoint "Cleanup", Time since last: 1349081357 ns, Reaching safepoint: 3282099 ns, At safepoint: 16644 ns, Total: 3298743 ns
[2022-07-06T16:41:50.485+0000][69][gc,start    ] GC(10) Pause Young (Normal) (G1 Evacuation Pause)
[2022-07-06T16:41:50.485+0000][69][gc,task     ] GC(10) Using 8 workers of 8 for evacuation
[2022-07-06T16:41:50.485+0000][69][gc,age      ] GC(10) Desired survivor size 20971520 bytes, new threshold 15 (max threshold 15)
[2022-07-06T16:41:50.545+0000][69][gc,phases   ] GC(10)   Pre Evacuate Collection Set: 0.1ms
[2022-07-06T16:41:50.545+0000][69][gc,phases   ] GC(10)   Merge Heap Roots: 0.1ms
[2022-07-06T16:41:50.545+0000][69][gc,phases   ] GC(10)   Evacuate Collection Set: 55.5ms
[2022-07-06T16:41:50.545+0000][69][gc,phases   ] GC(10)   Post Evacuate Collection Set: 4.2ms
[2022-07-06T16:41:50.545+0000][69][gc,phases   ] GC(10)   Other: 0.1ms
[2022-07-06T16:41:50.545+0000][69][gc,age      ] GC(10) Age table with threshold 15 (max threshold 15)
[2022-07-06T16:41:50.545+0000][69][gc,age      ] GC(10) - age   1:   19463272 bytes,   19463272 total
[2022-07-06T16:41:50.545+0000][69][gc,age      ] GC(10) - age   2:    1474280 bytes,   20937552 total
[2022-07-06T16:41:50.545+0000][69][gc,age      ] GC(10) - age   3:    3804728 bytes,   24742280 total
[2022-07-06T16:41:50.545+0000][69][gc,age      ] GC(10) - age   4:    3607880 bytes,   28350160 total
[2022-07-06T16:41:50.545+0000][69][gc,age      ] GC(10) - age   5:    6257496 bytes,   34607656 total
[2022-07-06T16:41:50.545+0000][69][gc,age      ] GC(10) - age   6:    2057488 bytes,   36665144 total
[2022-07-06T16:41:50.545+0000][69][gc,age      ] GC(10) - age   7:    1489608 bytes,   38154752 total
[2022-07-06T16:41:50.545+0000][69][gc,heap     ] GC(10) Eden regions: 70->0(66)
[2022-07-06T16:41:50.545+0000][69][gc,heap     ] GC(10) Survivor regions: 6->10(10)
[2022-07-06T16:41:50.545+0000][69][gc,heap     ] GC(10) Old regions: 3->3
[2022-07-06T16:41:50.545+0000][69][gc,heap     ] GC(10) Archive regions: 2->2
[2022-07-06T16:41:50.545+0000][69][gc,heap     ] GC(10) Humongous regions: 0->0
[2022-07-06T16:41:50.545+0000][69][gc,metaspace] GC(10) Metaspace: 46105K(47360K)->46105K(47360K) NonClass: 40359K(41088K)->40359K(41088K) Class: 5745K(6272K)->5745K(6272K)
[2022-07-06T16:41:50.545+0000][69][gc          ] GC(10) Pause Young (Normal) (G1 Evacuation Pause) 312M->50M(512M) 60.412ms
[2022-07-06T16:41:50.546+0000][69][gc,cpu      ] GC(10) User=0.18s Sys=0.00s Real=0.06s
[2022-07-06T16:41:50.546+0000][69][safepoint   ] Safepoint "G1CollectForAllocation", Time since last: 704247606 ns, Reaching safepoint: 180611 ns, At safepoint: 60565060 ns, Total: 60745671 ns
[2022-07-06T16:41:51.767+0000][69][safepoint   ] Safepoint "ICBufferFull", Time since last: 1220632381 ns, Reaching safepoint: 284064 ns, At safepoint: 9720 ns, Total: 293784 ns
[2022-07-06T16:41:52.670+0000][69][gc,start    ] GC(11) Pause Young (Concurrent Start) (Metadata GC Threshold)
[2022-07-06T16:41:52.670+0000][69][gc,task     ] GC(11) Using 8 workers of 8 for evacuation
[2022-07-06T16:41:52.670+0000][69][gc,age      ] GC(11) Desired survivor size 20971520 bytes, new threshold 3 (max threshold 15)
[2022-07-06T16:41:52.728+0000][69][gc,phases   ] GC(11)   Pre Evacuate Collection Set: 0.3ms
[2022-07-06T16:41:52.728+0000][69][gc,phases   ] GC(11)   Merge Heap Roots: 0.1ms
[2022-07-06T16:41:52.728+0000][69][gc,phases   ] GC(11)   Evacuate Collection Set: 53.7ms
[2022-07-06T16:41:52.728+0000][69][gc,phases   ] GC(11)   Post Evacuate Collection Set: 2.9ms
[2022-07-06T16:41:52.728+0000][69][gc,phases   ] GC(11)   Other: 0.2ms
[2022-07-06T16:41:52.728+0000][69][gc,age      ] GC(11) Age table with threshold 3 (max threshold 15)
[2022-07-06T16:41:52.728+0000][69][gc,age      ] GC(11) - age   1:    5175432 bytes,    5175432 total
[2022-07-06T16:41:52.728+0000][69][gc,age      ] GC(11) - age   2:   19273848 bytes,   24449280 total
[2022-07-06T16:41:52.728+0000][69][gc,age      ] GC(11) - age   3:    1458120 bytes,   25907400 total
[2022-07-06T16:41:52.728+0000][69][gc,heap     ] GC(11) Eden regions: 36->0(69)
[2022-07-06T16:41:52.728+0000][69][gc,heap     ] GC(11) Survivor regions: 10->7(10)
[2022-07-06T16:41:52.728+0000][69][gc,heap     ] GC(11) Old regions: 3->7
[2022-07-06T16:41:52.728+0000][69][gc,heap     ] GC(11) Archive regions: 2->2
[2022-07-06T16:41:52.728+0000][69][gc,heap     ] GC(11) Humongous regions: 0->0
[2022-07-06T16:41:52.728+0000][69][gc,metaspace] GC(11) Metaspace: 59654K(61056K)->59654K(61056K) NonClass: 52008K(52864K)->52008K(52864K) Class: 7645K(8192K)->7645K(8192K)
[2022-07-06T16:41:52.728+0000][69][gc          ] GC(11) Pause Young (Concurrent Start) (Metadata GC Threshold) 194M->55M(512M) 57.397ms
[2022-07-06T16:41:52.728+0000][69][gc,cpu      ] GC(11) User=0.14s Sys=0.00s Real=0.05s
[2022-07-06T16:41:52.728+0000][69][safepoint   ] Safepoint "CollectForMetadataAllocation", Time since last: 903259940 ns, Reaching safepoint: 439762 ns, At safepoint: 57675688 ns, Total: 58115450 ns
[2022-07-06T16:41:52.731+0000][69][gc          ] GC(12) Concurrent Mark Cycle
[2022-07-06T16:41:52.731+0000][69][gc,marking  ] GC(12) Concurrent Clear Claimed Marks
[2022-07-06T16:41:52.731+0000][69][gc,marking  ] GC(12) Concurrent Clear Claimed Marks 0.105ms
[2022-07-06T16:41:52.731+0000][69][gc,marking  ] GC(12) Concurrent Scan Root Regions
[2022-07-06T16:41:52.791+0000][69][gc,marking  ] GC(12) Concurrent Scan Root Regions 59.618ms
[2022-07-06T16:41:52.791+0000][69][gc,marking  ] GC(12) Concurrent Mark
[2022-07-06T16:41:52.791+0000][69][gc,marking  ] GC(12) Concurrent Mark From Roots
[2022-07-06T16:41:52.791+0000][69][gc,task     ] GC(12) Using 2 workers of 2 for marking
[2022-07-06T16:41:52.803+0000][69][gc,marking  ] GC(12) Concurrent Mark From Roots 12.079ms
[2022-07-06T16:41:52.803+0000][69][gc,marking  ] GC(12) Concurrent Preclean
[2022-07-06T16:41:52.803+0000][69][gc,marking  ] GC(12) Concurrent Preclean 0.088ms
[2022-07-06T16:41:52.804+0000][69][gc,start    ] GC(12) Pause Remark
[2022-07-06T16:41:52.816+0000][69][gc          ] GC(12) Pause Remark 57M->57M(512M) 12.470ms
[2022-07-06T16:41:52.816+0000][69][gc,cpu      ] GC(12) User=0.03s Sys=0.00s Real=0.01s
[2022-07-06T16:41:52.816+0000][69][safepoint   ] Safepoint "G1Concurrent", Time since last: 75525725 ns, Reaching safepoint: 212827 ns, At safepoint: 12625833 ns, Total: 12838660 ns
[2022-07-06T16:41:52.819+0000][69][gc,marking  ] GC(12) Concurrent Mark 27.790ms
[2022-07-06T16:41:52.819+0000][69][gc,marking  ] GC(12) Concurrent Rebuild Remembered Sets
[2022-07-06T16:41:52.829+0000][69][gc,marking  ] GC(12) Concurrent Rebuild Remembered Sets 9.960ms
[2022-07-06T16:41:52.853+0000][69][gc,start    ] GC(12) Pause Cleanup
[2022-07-06T16:41:52.853+0000][69][gc          ] GC(12) Pause Cleanup 57M->57M(512M) 0.133ms
[2022-07-06T16:41:52.853+0000][69][gc,cpu      ] GC(12) User=0.00s Sys=0.00s Real=0.00s
[2022-07-06T16:41:52.853+0000][69][safepoint   ] Safepoint "G1Concurrent", Time since last: 24238300 ns, Reaching safepoint: 12460390 ns, At safepoint: 195430 ns, Total: 12655820 ns
[2022-07-06T16:41:52.853+0000][69][gc,marking  ] GC(12) Concurrent Cleanup for Next Mark
[2022-07-06T16:41:52.855+0000][69][gc,marking  ] GC(12) Concurrent Cleanup for Next Mark 2.233ms
[2022-07-06T16:41:52.856+0000][69][gc          ] GC(12) Concurrent Mark Cycle 124.263ms
[2022-07-06T16:41:53.864+0000][69][safepoint   ] Safepoint "Cleanup", Time since last: 1000901069 ns, Reaching safepoint: 9540189 ns, At safepoint: 20239 ns, Total: 9560428 ns
[2022-07-06T16:41:54.880+0000][69][safepoint   ] Safepoint "Cleanup", Time since last: 1009573763 ns, Reaching safepoint: 7191818 ns, At safepoint: 11661 ns, Total: 7203479 ns
[2022-07-06T16:41:55.829+0000][69][gc,heap,exit] Heap
[2022-07-06T16:41:55.829+0000][69][gc,heap,exit]  garbage-first heap   total 524288K, used 323341K [0x00000000e0000000, 0x0000000100000000)
[2022-07-06T16:41:55.829+0000][69][gc,heap,exit]   region size 4096K, 73 young (299008K), 7 survivors (28672K)
[2022-07-06T16:41:55.829+0000][69][gc,heap,exit]  Metaspace       used 68749K, committed 70272K, reserved 1114112K
[2022-07-06T16:41:55.829+0000][69][gc,heap,exit]   class space    used 8960K, committed 9600K, reserved 1048576K
