[2022-07-06T16:50:56.915+0000][69][gc,init] CardTable entry size: 512
[2022-07-06T16:50:56.915+0000][69][gc     ] Using G1
[2022-07-06T16:50:57.077+0000][69][gc,init] Version: 18.0.1.1+2-6 (release)
[2022-07-06T16:50:57.077+0000][69][gc,init] CPUs: 8 total, 8 available
[2022-07-06T16:50:57.077+0000][69][gc,init] Memory: 7736M
[2022-07-06T16:50:57.078+0000][69][gc,init] Large Page Support: Disabled
[2022-07-06T16:50:57.078+0000][69][gc,init] NUMA Support: Disabled
[2022-07-06T16:50:57.078+0000][69][gc,init] Compressed Oops: Enabled (32-bit)
[2022-07-06T16:50:57.078+0000][69][gc,init] Heap Region Size: 4M
[2022-07-06T16:50:57.078+0000][69][gc,init] Heap Min Capacity: 512M
[2022-07-06T16:50:57.078+0000][69][gc,init] Heap Initial Capacity: 512M
[2022-07-06T16:50:57.078+0000][69][gc,init] Heap Max Capacity: 512M
[2022-07-06T16:50:57.078+0000][69][gc,init] Pre-touch: Enabled
[2022-07-06T16:50:57.078+0000][69][gc,init] Parallel Workers: 8
[2022-07-06T16:50:57.078+0000][69][gc,init] Concurrent Workers: 2
[2022-07-06T16:50:57.078+0000][69][gc,init] Concurrent Refinement Workers: 8
[2022-07-06T16:50:57.078+0000][69][gc,init] Periodic GC: Disabled
[2022-07-06T16:50:57.078+0000][69][gc,metaspace] CDS archive(s) mapped at: [0x0000000800000000-0x0000000800baf000-0x0000000800baf000), size 12251136, SharedBaseAddress: 0x0000000800000000, ArchiveRelocationMode: 0.
[2022-07-06T16:50:57.078+0000][69][gc,metaspace] Compressed class space mapped at: 0x0000000800c00000-0x0000000840c00000, reserved size: 1073741824
[2022-07-06T16:50:57.078+0000][69][gc,metaspace] Narrow klass base: 0x0000000800000000, Narrow klass shift: 0, Narrow klass range: 0x100000000
[2022-07-06T16:50:58.169+0000][69][safepoint   ] Safepoint "Cleanup", Time since last: 1083248507 ns, Reaching safepoint: 150161 ns, At safepoint: 4375 ns, Total: 154536 ns
[2022-07-06T16:50:58.258+0000][69][gc,start    ] GC(0) Pause Young (Normal) (G1 Evacuation Pause)
[2022-07-06T16:50:58.259+0000][69][gc,task     ] GC(0) Using 8 workers of 8 for evacuation
[2022-07-06T16:50:58.259+0000][69][gc,age      ] GC(0) Desired survivor size 2097152 bytes, new threshold 15 (max threshold 15)
[2022-07-06T16:50:58.275+0000][69][gc,phases   ] GC(0)   Pre Evacuate Collection Set: 0.1ms
[2022-07-06T16:50:58.275+0000][69][gc,phases   ] GC(0)   Merge Heap Roots: 0.1ms
[2022-07-06T16:50:58.275+0000][69][gc,phases   ] GC(0)   Evacuate Collection Set: 15.6ms
[2022-07-06T16:50:58.275+0000][69][gc,phases   ] GC(0)   Post Evacuate Collection Set: 1.0ms
[2022-07-06T16:50:58.275+0000][69][gc,phases   ] GC(0)   Other: 0.1ms
[2022-07-06T16:50:58.275+0000][69][gc,age      ] GC(0) Age table with threshold 15 (max threshold 15)
[2022-07-06T16:50:58.275+0000][69][gc,age      ] GC(0) - age   1:    3192640 bytes,    3192640 total
[2022-07-06T16:50:58.276+0000][69][gc,heap     ] GC(0) Eden regions: 6->0(15)
[2022-07-06T16:50:58.276+0000][69][gc,heap     ] GC(0) Survivor regions: 0->1(1)
[2022-07-06T16:50:58.276+0000][69][gc,heap     ] GC(0) Old regions: 0->0
[2022-07-06T16:50:58.276+0000][69][gc,heap     ] GC(0) Archive regions: 2->2
[2022-07-06T16:50:58.276+0000][69][gc,heap     ] GC(0) Humongous regions: 0->0
[2022-07-06T16:50:58.276+0000][69][gc,metaspace] GC(0) Metaspace: 3352K(3584K)->3352K(3584K) NonClass: 3009K(3136K)->3009K(3136K) Class: 343K(448K)->343K(448K)
[2022-07-06T16:50:58.276+0000][69][gc          ] GC(0) Pause Young (Normal) (G1 Evacuation Pause) 27M->7M(512M) 17.134ms
[2022-07-06T16:50:58.276+0000][69][gc,cpu      ] GC(0) User=0.01s Sys=0.00s Real=0.02s
[2022-07-06T16:50:58.276+0000][69][safepoint   ] Safepoint "G1CollectForAllocation", Time since last: 87461780 ns, Reaching safepoint: 1506401 ns, At safepoint: 17204443 ns, Total: 18710844 ns
[2022-07-06T16:50:58.985+0000][69][safepoint   ] Safepoint "ICBufferFull", Time since last: 708798098 ns, Reaching safepoint: 208386 ns, At safepoint: 5751 ns, Total: 214137 ns
[2022-07-06T16:51:00.067+0000][69][safepoint   ] Safepoint "Cleanup", Time since last: 1082049627 ns, Reaching safepoint: 149091 ns, At safepoint: 5303 ns, Total: 154394 ns
[2022-07-06T16:51:01.085+0000][69][gc,start    ] GC(1) Pause Young (Normal) (G1 Evacuation Pause)
[2022-07-06T16:51:01.085+0000][69][gc,task     ] GC(1) Using 8 workers of 8 for evacuation
[2022-07-06T16:51:01.085+0000][69][gc,age      ] GC(1) Desired survivor size 4194304 bytes, new threshold 15 (max threshold 15)
[2022-07-06T16:51:01.107+0000][69][gc,phases   ] GC(1)   Pre Evacuate Collection Set: 0.1ms
[2022-07-06T16:51:01.107+0000][69][gc,phases   ] GC(1)   Merge Heap Roots: 0.1ms
[2022-07-06T16:51:01.107+0000][69][gc,phases   ] GC(1)   Evacuate Collection Set: 16.6ms
[2022-07-06T16:51:01.107+0000][69][gc,phases   ] GC(1)   Post Evacuate Collection Set: 5.5ms
[2022-07-06T16:51:01.107+0000][69][gc,phases   ] GC(1)   Other: 0.1ms
[2022-07-06T16:51:01.107+0000][69][gc,age      ] GC(1) Age table with threshold 15 (max threshold 15)
[2022-07-06T16:51:01.107+0000][69][gc,age      ] GC(1) - age   1:    5261336 bytes,    5261336 total
[2022-07-06T16:51:01.107+0000][69][gc,age      ] GC(1) - age   2:    3052440 bytes,    8313776 total
[2022-07-06T16:51:01.107+0000][69][gc,heap     ] GC(1) Eden regions: 15->0(22)
[2022-07-06T16:51:01.107+0000][69][gc,heap     ] GC(1) Survivor regions: 1->2(2)
[2022-07-06T16:51:01.107+0000][69][gc,heap     ] GC(1) Old regions: 0->1
[2022-07-06T16:51:01.107+0000][69][gc,heap     ] GC(1) Archive regions: 2->2
[2022-07-06T16:51:01.107+0000][69][gc,heap     ] GC(1) Humongous regions: 0->0
[2022-07-06T16:51:01.107+0000][69][gc,metaspace] GC(1) Metaspace: 14545K(14976K)->14545K(14976K) NonClass: 12805K(13056K)->12805K(13056K) Class: 1740K(1920K)->1740K(1920K)
[2022-07-06T16:51:01.107+0000][69][gc          ] GC(1) Pause Young (Normal) (G1 Evacuation Pause) 67M->12M(512M) 22.582ms
[2022-07-06T16:51:01.107+0000][69][gc,cpu      ] GC(1) User=0.04s Sys=0.01s Real=0.02s
[2022-07-06T16:51:01.107+0000][69][safepoint   ] Safepoint "G1CollectForAllocation", Time since last: 1017498997 ns, Reaching safepoint: 185302 ns, At safepoint: 22649292 ns, Total: 22834594 ns
[2022-07-06T16:51:02.503+0000][69][safepoint   ] Safepoint "Cleanup", Time since last: 1395306402 ns, Reaching safepoint: 207780 ns, At safepoint: 6454 ns, Total: 214234 ns
[2022-07-06T16:51:03.510+0000][69][safepoint   ] Safepoint "Cleanup", Time since last: 1006396478 ns, Reaching safepoint: 701053 ns, At safepoint: 303982 ns, Total: 1005035 ns
[2022-07-06T16:51:03.577+0000][69][gc,start    ] GC(2) Pause Young (Normal) (G1 Evacuation Pause)
[2022-07-06T16:51:03.577+0000][69][gc,task     ] GC(2) Using 8 workers of 8 for evacuation
[2022-07-06T16:51:03.577+0000][69][gc,age      ] GC(2) Desired survivor size 6291456 bytes, new threshold 2 (max threshold 15)
[2022-07-06T16:51:03.694+0000][69][gc,phases   ] GC(2)   Pre Evacuate Collection Set: 0.1ms
[2022-07-06T16:51:03.694+0000][69][gc,phases   ] GC(2)   Merge Heap Roots: 0.1ms
[2022-07-06T16:51:03.695+0000][69][gc,phases   ] GC(2)   Evacuate Collection Set: 79.5ms
[2022-07-06T16:51:03.695+0000][69][gc,phases   ] GC(2)   Post Evacuate Collection Set: 37.8ms
[2022-07-06T16:51:03.695+0000][69][gc,phases   ] GC(2)   Other: 0.1ms
[2022-07-06T16:51:03.695+0000][69][gc,age      ] GC(2) Age table with threshold 2 (max threshold 15)
[2022-07-06T16:51:03.695+0000][69][gc,age      ] GC(2) - age   1:    1783416 bytes,    1783416 total
[2022-07-06T16:51:03.695+0000][69][gc,age      ] GC(2) - age   2:    5164648 bytes,    6948064 total
[2022-07-06T16:51:03.695+0000][69][gc,heap     ] GC(2) Eden regions: 22->0(41)
[2022-07-06T16:51:03.695+0000][69][gc,heap     ] GC(2) Survivor regions: 2->2(3)
[2022-07-06T16:51:03.695+0000][69][gc,heap     ] GC(2) Old regions: 1->1
[2022-07-06T16:51:03.695+0000][69][gc,heap     ] GC(2) Archive regions: 2->2
[2022-07-06T16:51:03.695+0000][69][gc,heap     ] GC(2) Humongous regions: 0->0
[2022-07-06T16:51:03.695+0000][69][gc,metaspace] GC(2) Metaspace: 17045K(17536K)->17045K(17536K) NonClass: 15053K(15296K)->15053K(15296K) Class: 1992K(2240K)->1992K(2240K)
[2022-07-06T16:51:03.695+0000][69][gc          ] GC(2) Pause Young (Normal) (G1 Evacuation Pause) 100M->14M(512M) 118.089ms
[2022-07-06T16:51:03.695+0000][69][gc,cpu      ] GC(2) User=0.09s Sys=0.01s Real=0.12s
[2022-07-06T16:51:03.695+0000][69][safepoint   ] Safepoint "G1CollectForAllocation", Time since last: 66546848 ns, Reaching safepoint: 82728 ns, At safepoint: 118184419 ns, Total: 118267147 ns
[2022-07-06T16:51:04.858+0000][69][safepoint   ] Safepoint "Cleanup", Time since last: 1140542156 ns, Reaching safepoint: 22219783 ns, At safepoint: 54814 ns, Total: 22274597 ns
[2022-07-06T16:51:05.270+0000][69][gc,start    ] GC(3) Pause Young (Concurrent Start) (Metadata GC Threshold)
[2022-07-06T16:51:05.270+0000][69][gc,task     ] GC(3) Using 8 workers of 8 for evacuation
[2022-07-06T16:51:05.270+0000][69][gc,age      ] GC(3) Desired survivor size 12582912 bytes, new threshold 15 (max threshold 15)
[2022-07-06T16:51:05.311+0000][69][gc,phases   ] GC(3)   Pre Evacuate Collection Set: 0.3ms
[2022-07-06T16:51:05.311+0000][69][gc,phases   ] GC(3)   Merge Heap Roots: 0.1ms
[2022-07-06T16:51:05.311+0000][69][gc,phases   ] GC(3)   Evacuate Collection Set: 39.2ms
[2022-07-06T16:51:05.311+0000][69][gc,phases   ] GC(3)   Post Evacuate Collection Set: 1.4ms
[2022-07-06T16:51:05.311+0000][69][gc,phases   ] GC(3)   Other: 0.1ms
[2022-07-06T16:51:05.311+0000][69][gc,age      ] GC(3) Age table with threshold 15 (max threshold 15)
[2022-07-06T16:51:05.311+0000][69][gc,age      ] GC(3) - age   1:    2172688 bytes,    2172688 total
[2022-07-06T16:51:05.311+0000][69][gc,age      ] GC(3) - age   2:    1759360 bytes,    3932048 total
[2022-07-06T16:51:05.311+0000][69][gc,age      ] GC(3) - age   3:    5160928 bytes,    9092976 total
[2022-07-06T16:51:05.311+0000][69][gc,heap     ] GC(3) Eden regions: 17->0(73)
[2022-07-06T16:51:05.311+0000][69][gc,heap     ] GC(3) Survivor regions: 2->3(6)
[2022-07-06T16:51:05.311+0000][69][gc,heap     ] GC(3) Old regions: 1->1
[2022-07-06T16:51:05.311+0000][69][gc,heap     ] GC(3) Archive regions: 2->2
[2022-07-06T16:51:05.311+0000][69][gc,heap     ] GC(3) Humongous regions: 0->0
[2022-07-06T16:51:05.311+0000][69][gc,metaspace] GC(3) Metaspace: 21018K(21504K)->21018K(21504K) NonClass: 18631K(18880K)->18631K(18880K) Class: 2387K(2624K)->2387K(2624K)
[2022-07-06T16:51:05.311+0000][69][gc          ] GC(3) Pause Young (Concurrent Start) (Metadata GC Threshold) 82M->16M(512M) 41.405ms
[2022-07-06T16:51:05.311+0000][69][gc,cpu      ] GC(3) User=0.05s Sys=0.00s Real=0.05s
[2022-07-06T16:51:05.311+0000][69][safepoint   ] Safepoint "CollectForMetadataAllocation", Time since last: 411725947 ns, Reaching safepoint: 113451 ns, At safepoint: 41614806 ns, Total: 41728257 ns
[2022-07-06T16:51:05.320+0000][69][gc          ] GC(4) Concurrent Mark Cycle
[2022-07-06T16:51:05.320+0000][69][gc,marking  ] GC(4) Concurrent Clear Claimed Marks
[2022-07-06T16:51:05.320+0000][69][gc,marking  ] GC(4) Concurrent Clear Claimed Marks 0.041ms
[2022-07-06T16:51:05.320+0000][69][gc,marking  ] GC(4) Concurrent Scan Root Regions
[2022-07-06T16:51:05.353+0000][69][gc,marking  ] GC(4) Concurrent Scan Root Regions 32.732ms
[2022-07-06T16:51:05.353+0000][69][gc,marking  ] GC(4) Concurrent Mark
[2022-07-06T16:51:05.353+0000][69][gc,marking  ] GC(4) Concurrent Mark From Roots
[2022-07-06T16:51:05.353+0000][69][gc,task     ] GC(4) Using 2 workers of 2 for marking
[2022-07-06T16:51:05.358+0000][69][safepoint   ] Safepoint "CollectForMetadataAllocation", Time since last: 45758901 ns, Reaching safepoint: 449531 ns, At safepoint: 154652 ns, Total: 604183 ns
[2022-07-06T16:51:05.385+0000][69][gc,marking  ] GC(4) Concurrent Mark From Roots 31.863ms
[2022-07-06T16:51:05.385+0000][69][gc,marking  ] GC(4) Concurrent Preclean
[2022-07-06T16:51:05.385+0000][69][gc,marking  ] GC(4) Concurrent Preclean 0.029ms
[2022-07-06T16:51:05.386+0000][69][gc,start    ] GC(4) Pause Remark
[2022-07-06T16:51:05.400+0000][69][gc          ] GC(4) Pause Remark 20M->20M(512M) 14.054ms
[2022-07-06T16:51:05.400+0000][69][gc,cpu      ] GC(4) User=0.02s Sys=0.00s Real=0.01s
[2022-07-06T16:51:05.400+0000][69][safepoint   ] Safepoint "G1Concurrent", Time since last: 27823962 ns, Reaching safepoint: 778861 ns, At safepoint: 14244716 ns, Total: 15023577 ns
[2022-07-06T16:51:05.411+0000][69][gc,marking  ] GC(4) Concurrent Mark 57.697ms
[2022-07-06T16:51:05.411+0000][69][gc,marking  ] GC(4) Concurrent Rebuild Remembered Sets
[2022-07-06T16:51:05.414+0000][69][gc,marking  ] GC(4) Concurrent Rebuild Remembered Sets 3.166ms
[2022-07-06T16:51:05.414+0000][69][gc,start    ] GC(4) Pause Cleanup
[2022-07-06T16:51:05.414+0000][69][gc          ] GC(4) Pause Cleanup 20M->20M(512M) 0.100ms
[2022-07-06T16:51:05.414+0000][69][gc,cpu      ] GC(4) User=0.00s Sys=0.00s Real=0.00s
[2022-07-06T16:51:05.414+0000][69][safepoint   ] Safepoint "G1Concurrent", Time since last: 13520779 ns, Reaching safepoint: 50101 ns, At safepoint: 173970 ns, Total: 224071 ns
[2022-07-06T16:51:05.414+0000][69][gc,marking  ] GC(4) Concurrent Cleanup for Next Mark
[2022-07-06T16:51:05.415+0000][69][gc,marking  ] GC(4) Concurrent Cleanup for Next Mark 0.784ms
[2022-07-06T16:51:05.415+0000][69][gc          ] GC(4) Concurrent Mark Cycle 95.005ms
[2022-07-06T16:51:06.763+0000][69][safepoint   ] Safepoint "Cleanup", Time since last: 1338137212 ns, Reaching safepoint: 10389881 ns, At safepoint: 14470 ns, Total: 10404351 ns
[2022-07-06T16:51:07.465+0000][69][gc,start    ] GC(5) Pause Young (Normal) (G1 Evacuation Pause)
[2022-07-06T16:51:07.465+0000][69][gc,task     ] GC(5) Using 8 workers of 8 for evacuation
[2022-07-06T16:51:07.465+0000][69][gc,age      ] GC(5) Desired survivor size 20971520 bytes, new threshold 15 (max threshold 15)
[2022-07-06T16:51:07.519+0000][69][gc,phases   ] GC(5)   Pre Evacuate Collection Set: 0.1ms
[2022-07-06T16:51:07.519+0000][69][gc,phases   ] GC(5)   Merge Heap Roots: 0.3ms
[2022-07-06T16:51:07.519+0000][69][gc,phases   ] GC(5)   Evacuate Collection Set: 51.3ms
[2022-07-06T16:51:07.519+0000][69][gc,phases   ] GC(5)   Post Evacuate Collection Set: 2.2ms
[2022-07-06T16:51:07.519+0000][69][gc,phases   ] GC(5)   Other: 0.1ms
[2022-07-06T16:51:07.519+0000][69][gc,age      ] GC(5) Age table with threshold 15 (max threshold 15)
[2022-07-06T16:51:07.519+0000][69][gc,age      ] GC(5) - age   1:    7345016 bytes,    7345016 total
[2022-07-06T16:51:07.519+0000][69][gc,age      ] GC(5) - age   2:    2095792 bytes,    9440808 total
[2022-07-06T16:51:07.519+0000][69][gc,age      ] GC(5) - age   3:    1757480 bytes,   11198288 total
[2022-07-06T16:51:07.520+0000][69][gc,age      ] GC(5) - age   4:    5159592 bytes,   16357880 total
[2022-07-06T16:51:07.520+0000][69][gc,heap     ] GC(5) Eden regions: 73->0(71)
[2022-07-06T16:51:07.520+0000][69][gc,heap     ] GC(5) Survivor regions: 3->5(10)
[2022-07-06T16:51:07.520+0000][69][gc,heap     ] GC(5) Old regions: 1->1
[2022-07-06T16:51:07.520+0000][69][gc,heap     ] GC(5) Archive regions: 2->2
[2022-07-06T16:51:07.520+0000][69][gc,heap     ] GC(5) Humongous regions: 0->0
[2022-07-06T16:51:07.520+0000][69][gc,metaspace] GC(5) Metaspace: 24602K(25216K)->24602K(25216K) NonClass: 21705K(22080K)->21705K(22080K) Class: 2896K(3136K)->2896K(3136K)
[2022-07-06T16:51:07.520+0000][69][gc          ] GC(5) Pause Young (Normal) (G1 Evacuation Pause) 308M->23M(512M) 54.391ms
[2022-07-06T16:51:07.520+0000][69][gc,cpu      ] GC(5) User=0.04s Sys=0.00s Real=0.03s
[2022-07-06T16:51:07.520+0000][69][safepoint   ] Safepoint "G1CollectForAllocation", Time since last: 702333953 ns, Reaching safepoint: 179733 ns, At safepoint: 54460171 ns, Total: 54639904 ns
[2022-07-06T16:51:08.534+0000][69][safepoint   ] Safepoint "Cleanup", Time since last: 1014050177 ns, Reaching safepoint: 327588 ns, At safepoint: 13564 ns, Total: 341152 ns
[2022-07-06T16:51:09.500+0000][69][gc,start    ] GC(6) Pause Young (Normal) (G1 Evacuation Pause)
[2022-07-06T16:51:09.500+0000][69][gc,task     ] GC(6) Using 8 workers of 8 for evacuation
[2022-07-06T16:51:09.500+0000][69][gc,age      ] GC(6) Desired survivor size 20971520 bytes, new threshold 15 (max threshold 15)
[2022-07-06T16:51:09.550+0000][69][gc,phases   ] GC(6)   Pre Evacuate Collection Set: 0.1ms
[2022-07-06T16:51:09.550+0000][69][gc,phases   ] GC(6)   Merge Heap Roots: 0.1ms
[2022-07-06T16:51:09.550+0000][69][gc,phases   ] GC(6)   Evacuate Collection Set: 42.6ms
[2022-07-06T16:51:09.550+0000][69][gc,phases   ] GC(6)   Post Evacuate Collection Set: 7.2ms
[2022-07-06T16:51:09.550+0000][69][gc,phases   ] GC(6)   Other: 0.1ms
[2022-07-06T16:51:09.550+0000][69][gc,age      ] GC(6) Age table with threshold 15 (max threshold 15)
[2022-07-06T16:51:09.550+0000][69][gc,age      ] GC(6) - age   1:    5188888 bytes,    5188888 total
[2022-07-06T16:51:09.550+0000][69][gc,age      ] GC(6) - age   2:    6295024 bytes,   11483912 total
[2022-07-06T16:51:09.550+0000][69][gc,age      ] GC(6) - age   3:    2092800 bytes,   13576712 total
[2022-07-06T16:51:09.550+0000][69][gc,age      ] GC(6) - age   4:    1735344 bytes,   15312056 total
[2022-07-06T16:51:09.550+0000][69][gc,age      ] GC(6) - age   5:    5150960 bytes,   20463016 total
[2022-07-06T16:51:09.550+0000][69][gc,heap     ] GC(6) Eden regions: 71->0(70)
[2022-07-06T16:51:09.550+0000][69][gc,heap     ] GC(6) Survivor regions: 5->6(10)
[2022-07-06T16:51:09.550+0000][69][gc,heap     ] GC(6) Old regions: 1->1
[2022-07-06T16:51:09.550+0000][69][gc,heap     ] GC(6) Archive regions: 2->2
[2022-07-06T16:51:09.550+0000][69][gc,heap     ] GC(6) Humongous regions: 0->0
[2022-07-06T16:51:09.550+0000][69][gc,metaspace] GC(6) Metaspace: 31116K(31808K)->31116K(31808K) NonClass: 27493K(27904K)->27493K(27904K) Class: 3622K(3904K)->3622K(3904K)
[2022-07-06T16:51:09.550+0000][69][gc          ] GC(6) Pause Young (Normal) (G1 Evacuation Pause) 307M->28M(512M) 50.575ms
[2022-07-06T16:51:09.550+0000][69][gc,cpu      ] GC(6) User=0.10s Sys=0.01s Real=0.05s
[2022-07-06T16:51:09.550+0000][69][safepoint   ] Safepoint "G1CollectForAllocation", Time since last: 965105252 ns, Reaching safepoint: 389869 ns, At safepoint: 50744235 ns, Total: 51134104 ns
[2022-07-06T16:51:10.552+0000][69][safepoint   ] Safepoint "Cleanup", Time since last: 1000340641 ns, Reaching safepoint: 976306 ns, At safepoint: 129561 ns, Total: 1105867 ns
[2022-07-06T16:51:11.313+0000][69][gc,start    ] GC(7) Pause Young (Normal) (G1 Evacuation Pause)
[2022-07-06T16:51:11.313+0000][69][gc,task     ] GC(7) Using 8 workers of 8 for evacuation
[2022-07-06T16:51:11.313+0000][69][gc,age      ] GC(7) Desired survivor size 20971520 bytes, new threshold 15 (max threshold 15)
[2022-07-06T16:51:11.369+0000][69][gc,phases   ] GC(7)   Pre Evacuate Collection Set: 0.1ms
[2022-07-06T16:51:11.369+0000][69][gc,phases   ] GC(7)   Merge Heap Roots: 0.1ms
[2022-07-06T16:51:11.369+0000][69][gc,phases   ] GC(7)   Evacuate Collection Set: 38.2ms
[2022-07-06T16:51:11.369+0000][69][gc,phases   ] GC(7)   Post Evacuate Collection Set: 17.5ms
[2022-07-06T16:51:11.369+0000][69][gc,phases   ] GC(7)   Other: 0.1ms
[2022-07-06T16:51:11.369+0000][69][gc,age      ] GC(7) Age table with threshold 15 (max threshold 15)
[2022-07-06T16:51:11.369+0000][69][gc,age      ] GC(7) - age   1:    5409664 bytes,    5409664 total
[2022-07-06T16:51:11.369+0000][69][gc,age      ] GC(7) - age   2:    3641816 bytes,    9051480 total
[2022-07-06T16:51:11.369+0000][69][gc,age      ] GC(7) - age   3:    6289848 bytes,   15341328 total
[2022-07-06T16:51:11.369+0000][69][gc,age      ] GC(7) - age   4:    2092096 bytes,   17433424 total
[2022-07-06T16:51:11.369+0000][69][gc,age      ] GC(7) - age   5:    1733928 bytes,   19167352 total
[2022-07-06T16:51:11.369+0000][69][gc,age      ] GC(7) - age   6:    5147008 bytes,   24314360 total
[2022-07-06T16:51:11.369+0000][69][gc,heap     ] GC(7) Eden regions: 70->0(69)
[2022-07-06T16:51:11.369+0000][69][gc,heap     ] GC(7) Survivor regions: 6->7(10)
[2022-07-06T16:51:11.369+0000][69][gc,heap     ] GC(7) Old regions: 1->1
[2022-07-06T16:51:11.369+0000][69][gc,heap     ] GC(7) Archive regions: 2->2
[2022-07-06T16:51:11.369+0000][69][gc,heap     ] GC(7) Humongous regions: 0->0
[2022-07-06T16:51:11.369+0000][69][gc,metaspace] GC(7) Metaspace: 33557K(34368K)->33557K(34368K) NonClass: 29601K(30080K)->29601K(30080K) Class: 3956K(4288K)->3956K(4288K)
[2022-07-06T16:51:11.369+0000][69][gc          ] GC(7) Pause Young (Normal) (G1 Evacuation Pause) 308M->31M(512M) 56.244ms
[2022-07-06T16:51:11.369+0000][69][gc,cpu      ] GC(7) User=0.11s Sys=0.00s Real=0.05s
[2022-07-06T16:51:11.369+0000][69][safepoint   ] Safepoint "G1CollectForAllocation", Time since last: 761019434 ns, Reaching safepoint: 128478 ns, At safepoint: 56331138 ns, Total: 56459616 ns
[2022-07-06T16:51:12.227+0000][69][gc,start    ] GC(8) Pause Young (Concurrent Start) (Metadata GC Threshold)
[2022-07-06T16:51:12.227+0000][69][gc,task     ] GC(8) Using 8 workers of 8 for evacuation
[2022-07-06T16:51:12.228+0000][69][gc,age      ] GC(8) Desired survivor size 20971520 bytes, new threshold 6 (max threshold 15)
[2022-07-06T16:51:12.267+0000][69][gc,phases   ] GC(8)   Pre Evacuate Collection Set: 0.2ms
[2022-07-06T16:51:12.267+0000][69][gc,phases   ] GC(8)   Merge Heap Roots: 0.1ms
[2022-07-06T16:51:12.267+0000][69][gc,phases   ] GC(8)   Evacuate Collection Set: 24.1ms
[2022-07-06T16:51:12.267+0000][69][gc,phases   ] GC(8)   Post Evacuate Collection Set: 14.8ms
[2022-07-06T16:51:12.267+0000][69][gc,phases   ] GC(8)   Other: 0.2ms
[2022-07-06T16:51:12.267+0000][69][gc,age      ] GC(8) Age table with threshold 6 (max threshold 15)
[2022-07-06T16:51:12.267+0000][69][gc,age      ] GC(8) - age   1:    1677232 bytes,    1677232 total
[2022-07-06T16:51:12.267+0000][69][gc,age      ] GC(8) - age   2:    3821032 bytes,    5498264 total
[2022-07-06T16:51:12.267+0000][69][gc,age      ] GC(8) - age   3:    3619904 bytes,    9118168 total
[2022-07-06T16:51:12.267+0000][69][gc,age      ] GC(8) - age   4:    6264896 bytes,   15383064 total
[2022-07-06T16:51:12.267+0000][69][gc,age      ] GC(8) - age   5:    2078568 bytes,   17461632 total
[2022-07-06T16:51:12.267+0000][69][gc,age      ] GC(8) - age   6:    1648432 bytes,   19110064 total
[2022-07-06T16:51:12.267+0000][69][gc,heap     ] GC(8) Eden regions: 46->0(71)
[2022-07-06T16:51:12.267+0000][69][gc,heap     ] GC(8) Survivor regions: 7->5(10)
[2022-07-06T16:51:12.267+0000][69][gc,heap     ] GC(8) Old regions: 1->3
[2022-07-06T16:51:12.267+0000][69][gc,heap     ] GC(8) Archive regions: 2->2
[2022-07-06T16:51:12.267+0000][69][gc,heap     ] GC(8) Humongous regions: 0->0
[2022-07-06T16:51:12.267+0000][69][gc,metaspace] GC(8) Metaspace: 35948K(36800K)->35948K(36800K) NonClass: 31648K(32128K)->31648K(32128K) Class: 4299K(4672K)->4299K(4672K)
[2022-07-06T16:51:12.267+0000][69][gc          ] GC(8) Pause Young (Concurrent Start) (Metadata GC Threshold) 213M->32M(512M) 39.680ms
[2022-07-06T16:51:12.267+0000][69][gc          ] GC(9) Concurrent Mark Cycle
[2022-07-06T16:51:12.267+0000][69][gc,marking  ] GC(9) Concurrent Clear Claimed Marks
[2022-07-06T16:51:12.267+0000][69][gc,cpu      ] GC(8) User=0.06s Sys=0.00s Real=0.04s
[2022-07-06T16:51:12.267+0000][69][gc,marking  ] GC(9) Concurrent Clear Claimed Marks 0.078ms
[2022-07-06T16:51:12.267+0000][69][gc,marking  ] GC(9) Concurrent Scan Root Regions
[2022-07-06T16:51:12.267+0000][69][safepoint   ] Safepoint "CollectForMetadataAllocation", Time since last: 858032461 ns, Reaching safepoint: 160357 ns, At safepoint: 40030404 ns, Total: 40190761 ns
[2022-07-06T16:51:12.292+0000][69][gc,marking  ] GC(9) Concurrent Scan Root Regions 24.224ms
[2022-07-06T16:51:12.292+0000][69][gc,marking  ] GC(9) Concurrent Mark
[2022-07-06T16:51:12.292+0000][69][gc,marking  ] GC(9) Concurrent Mark From Roots
[2022-07-06T16:51:12.292+0000][69][gc,task     ] GC(9) Using 2 workers of 2 for marking
[2022-07-06T16:51:12.313+0000][69][gc,marking  ] GC(9) Concurrent Mark From Roots 21.034ms
[2022-07-06T16:51:12.313+0000][69][gc,marking  ] GC(9) Concurrent Preclean
[2022-07-06T16:51:12.313+0000][69][gc,marking  ] GC(9) Concurrent Preclean 0.038ms
[2022-07-06T16:51:12.318+0000][69][gc,start    ] GC(9) Pause Remark
[2022-07-06T16:51:12.331+0000][69][gc          ] GC(9) Pause Remark 34M->34M(512M) 12.909ms
[2022-07-06T16:51:12.331+0000][69][gc,cpu      ] GC(9) User=0.03s Sys=0.00s Real=0.02s
[2022-07-06T16:51:12.331+0000][69][safepoint   ] Safepoint "G1Concurrent", Time since last: 49808203 ns, Reaching safepoint: 689101 ns, At safepoint: 13127151 ns, Total: 13816252 ns
[2022-07-06T16:51:12.331+0000][69][gc,marking  ] GC(9) Concurrent Mark 39.818ms
[2022-07-06T16:51:12.331+0000][69][gc,marking  ] GC(9) Concurrent Rebuild Remembered Sets
[2022-07-06T16:51:12.332+0000][69][safepoint   ] Safepoint "CollectForMetadataAllocation", Time since last: 430098 ns, Reaching safepoint: 207450 ns, At safepoint: 125965 ns, Total: 333415 ns
[2022-07-06T16:51:12.337+0000][69][gc,marking  ] GC(9) Concurrent Rebuild Remembered Sets 5.148ms
[2022-07-06T16:51:12.337+0000][69][gc,start    ] GC(9) Pause Cleanup
[2022-07-06T16:51:12.337+0000][69][gc          ] GC(9) Pause Cleanup 34M->34M(512M) 0.167ms
[2022-07-06T16:51:12.337+0000][69][gc,cpu      ] GC(9) User=0.00s Sys=0.00s Real=0.00s
[2022-07-06T16:51:12.337+0000][69][safepoint   ] Safepoint "G1Concurrent", Time since last: 4951211 ns, Reaching safepoint: 314855 ns, At safepoint: 252600 ns, Total: 567455 ns
[2022-07-06T16:51:12.337+0000][69][gc,marking  ] GC(9) Concurrent Cleanup for Next Mark
[2022-07-06T16:51:12.338+0000][69][gc,marking  ] GC(9) Concurrent Cleanup for Next Mark 0.802ms
[2022-07-06T16:51:12.338+0000][69][gc          ] GC(9) Concurrent Mark Cycle 71.037ms
[2022-07-06T16:51:13.998+0000][69][safepoint   ] Safepoint "ICBufferFull", Time since last: 1660765182 ns, Reaching safepoint: 202399 ns, At safepoint: 5630 ns, Total: 208029 ns
[2022-07-06T16:51:15.781+0000][69][safepoint   ] Safepoint "Cleanup", Time since last: 1780981373 ns, Reaching safepoint: 1844341 ns, At safepoint: 13056 ns, Total: 1857397 ns
[2022-07-06T16:51:16.789+0000][69][safepoint   ] Safepoint "Cleanup", Time since last: 1001219701 ns, Reaching safepoint: 7035992 ns, At safepoint: 37877 ns, Total: 7073869 ns
[2022-07-06T16:51:18.015+0000][69][gc,start    ] GC(10) Pause Young (Normal) (G1 Evacuation Pause)
[2022-07-06T16:51:18.015+0000][69][gc,task     ] GC(10) Using 8 workers of 8 for evacuation
[2022-07-06T16:51:18.015+0000][69][gc,age      ] GC(10) Desired survivor size 20971520 bytes, new threshold 15 (max threshold 15)
[2022-07-06T16:51:18.098+0000][69][gc,phases   ] GC(10)   Pre Evacuate Collection Set: 0.1ms
[2022-07-06T16:51:18.098+0000][69][gc,phases   ] GC(10)   Merge Heap Roots: 0.1ms
[2022-07-06T16:51:18.098+0000][69][gc,phases   ] GC(10)   Evacuate Collection Set: 79.3ms
[2022-07-06T16:51:18.098+0000][69][gc,phases   ] GC(10)   Post Evacuate Collection Set: 2.9ms
[2022-07-06T16:51:18.098+0000][69][gc,phases   ] GC(10)   Other: 0.1ms
[2022-07-06T16:51:18.098+0000][69][gc,age      ] GC(10) Age table with threshold 15 (max threshold 15)
[2022-07-06T16:51:18.098+0000][69][gc,age      ] GC(10) - age   1:   19830400 bytes,   19830400 total
[2022-07-06T16:51:18.098+0000][69][gc,age      ] GC(10) - age   2:    1574888 bytes,   21405288 total
[2022-07-06T16:51:18.098+0000][69][gc,age      ] GC(10) - age   3:    3799392 bytes,   25204680 total
[2022-07-06T16:51:18.098+0000][69][gc,age      ] GC(10) - age   4:    3609984 bytes,   28814664 total
[2022-07-06T16:51:18.098+0000][69][gc,age      ] GC(10) - age   5:    6253064 bytes,   35067728 total
[2022-07-06T16:51:18.098+0000][69][gc,age      ] GC(10) - age   6:    2075408 bytes,   37143136 total
[2022-07-06T16:51:18.098+0000][69][gc,age      ] GC(10) - age   7:    1634648 bytes,   38777784 total
[2022-07-06T16:51:18.098+0000][69][gc,heap     ] GC(10) Eden regions: 71->0(66)
[2022-07-06T16:51:18.098+0000][69][gc,heap     ] GC(10) Survivor regions: 5->10(10)
[2022-07-06T16:51:18.098+0000][69][gc,heap     ] GC(10) Old regions: 3->3
[2022-07-06T16:51:18.098+0000][69][gc,heap     ] GC(10) Archive regions: 2->2
[2022-07-06T16:51:18.098+0000][69][gc,heap     ] GC(10) Humongous regions: 0->0
[2022-07-06T16:51:18.098+0000][69][gc,metaspace] GC(10) Metaspace: 46963K(48256K)->46963K(48256K) NonClass: 41109K(41856K)->41109K(41856K) Class: 5854K(6400K)->5854K(6400K)
[2022-07-06T16:51:18.098+0000][69][gc          ] GC(10) Pause Young (Normal) (G1 Evacuation Pause) 316M->51M(512M) 82.789ms
[2022-07-06T16:51:18.098+0000][69][gc,cpu      ] GC(10) User=0.13s Sys=0.00s Real=0.08s
[2022-07-06T16:51:18.098+0000][69][safepoint   ] Safepoint "G1CollectForAllocation", Time since last: 1225462852 ns, Reaching safepoint: 181446 ns, At safepoint: 82925996 ns, Total: 83107442 ns
[2022-07-06T16:51:19.100+0000][69][safepoint   ] Safepoint "Cleanup", Time since last: 1001550477 ns, Reaching safepoint: 610901 ns, At safepoint: 11220 ns, Total: 622121 ns
[2022-07-06T16:51:20.221+0000][69][safepoint   ] Safepoint "Cleanup", Time since last: 1119997831 ns, Reaching safepoint: 323891 ns, At safepoint: 29223 ns, Total: 353114 ns
[2022-07-06T16:51:20.411+0000][69][gc,start    ] GC(11) Pause Young (Concurrent Start) (Metadata GC Threshold)
[2022-07-06T16:51:20.411+0000][69][gc,task     ] GC(11) Using 8 workers of 8 for evacuation
[2022-07-06T16:51:20.411+0000][69][gc,age      ] GC(11) Desired survivor size 20971520 bytes, new threshold 2 (max threshold 15)
[2022-07-06T16:51:20.464+0000][69][gc,phases   ] GC(11)   Pre Evacuate Collection Set: 0.3ms
[2022-07-06T16:51:20.464+0000][69][gc,phases   ] GC(11)   Merge Heap Roots: 0.1ms
[2022-07-06T16:51:20.464+0000][69][gc,phases   ] GC(11)   Evacuate Collection Set: 49.3ms
[2022-07-06T16:51:20.464+0000][69][gc,phases   ] GC(11)   Post Evacuate Collection Set: 3.7ms
[2022-07-06T16:51:20.464+0000][69][gc,phases   ] GC(11)   Other: 0.2ms
[2022-07-06T16:51:20.464+0000][69][gc,age      ] GC(11) Age table with threshold 2 (max threshold 15)
[2022-07-06T16:51:20.464+0000][69][gc,age      ] GC(11) - age   1:    4869616 bytes,    4869616 total
[2022-07-06T16:51:20.464+0000][69][gc,age      ] GC(11) - age   2:   19649392 bytes,   24519008 total
[2022-07-06T16:51:20.464+0000][69][gc,heap     ] GC(11) Eden regions: 35->0(69)
[2022-07-06T16:51:20.464+0000][69][gc,heap     ] GC(11) Survivor regions: 10->7(10)
[2022-07-06T16:51:20.464+0000][69][gc,heap     ] GC(11) Old regions: 3->7
[2022-07-06T16:51:20.464+0000][69][gc,heap     ] GC(11) Archive regions: 2->2
[2022-07-06T16:51:20.464+0000][69][gc,heap     ] GC(11) Humongous regions: 0->0
[2022-07-06T16:51:20.464+0000][69][gc,metaspace] GC(11) Metaspace: 60463K(61888K)->60463K(61888K) NonClass: 52710K(53504K)->52710K(53504K) Class: 7753K(8384K)->7753K(8384K)
[2022-07-06T16:51:20.464+0000][69][gc          ] GC(11) Pause Young (Concurrent Start) (Metadata GC Threshold) 191M->56M(512M) 53.771ms
[2022-07-06T16:51:20.464+0000][69][gc,cpu      ] GC(11) User=0.13s Sys=0.00s Real=0.05s
[2022-07-06T16:51:20.464+0000][69][gc          ] GC(12) Concurrent Mark Cycle
[2022-07-06T16:51:20.464+0000][69][gc,marking  ] GC(12) Concurrent Clear Claimed Marks
[2022-07-06T16:51:20.465+0000][69][safepoint   ] Safepoint "CollectForMetadataAllocation", Time since last: 189667307 ns, Reaching safepoint: 340702 ns, At safepoint: 54041277 ns, Total: 54381979 ns
[2022-07-06T16:51:20.465+0000][69][gc,marking  ] GC(12) Concurrent Clear Claimed Marks 0.105ms
[2022-07-06T16:51:20.465+0000][69][gc,marking  ] GC(12) Concurrent Scan Root Regions
[2022-07-06T16:51:20.502+0000][69][gc,marking  ] GC(12) Concurrent Scan Root Regions 37.739ms
[2022-07-06T16:51:20.502+0000][69][gc,marking  ] GC(12) Concurrent Mark
[2022-07-06T16:51:20.502+0000][69][gc,marking  ] GC(12) Concurrent Mark From Roots
[2022-07-06T16:51:20.502+0000][69][gc,task     ] GC(12) Using 2 workers of 2 for marking
[2022-07-06T16:51:20.515+0000][69][gc,marking  ] GC(12) Concurrent Mark From Roots 13.044ms
[2022-07-06T16:51:20.516+0000][69][gc,marking  ] GC(12) Concurrent Preclean
[2022-07-06T16:51:20.516+0000][69][gc,marking  ] GC(12) Concurrent Preclean 0.081ms
[2022-07-06T16:51:20.516+0000][69][gc,start    ] GC(12) Pause Remark
[2022-07-06T16:51:20.533+0000][69][gc          ] GC(12) Pause Remark 58M->58M(512M) 16.798ms
[2022-07-06T16:51:20.533+0000][69][gc,cpu      ] GC(12) User=0.05s Sys=0.00s Real=0.02s
[2022-07-06T16:51:20.533+0000][69][safepoint   ] Safepoint "G1Concurrent", Time since last: 51061864 ns, Reaching safepoint: 212725 ns, At safepoint: 16957138 ns, Total: 17169863 ns
[2022-07-06T16:51:20.533+0000][69][gc,marking  ] GC(12) Concurrent Mark 30.453ms
[2022-07-06T16:51:20.533+0000][69][gc,marking  ] GC(12) Concurrent Rebuild Remembered Sets
[2022-07-06T16:51:20.557+0000][69][gc,marking  ] GC(12) Concurrent Rebuild Remembered Sets 24.237ms
[2022-07-06T16:51:20.558+0000][69][gc,start    ] GC(12) Pause Cleanup
[2022-07-06T16:51:20.558+0000][69][gc          ] GC(12) Pause Cleanup 62M->62M(512M) 0.134ms
[2022-07-06T16:51:20.558+0000][69][gc,cpu      ] GC(12) User=0.00s Sys=0.00s Real=0.00s
[2022-07-06T16:51:20.558+0000][69][safepoint   ] Safepoint "G1Concurrent", Time since last: 24444258 ns, Reaching safepoint: 388585 ns, At safepoint: 217106 ns, Total: 605691 ns
[2022-07-06T16:51:20.558+0000][69][gc,marking  ] GC(12) Concurrent Cleanup for Next Mark
[2022-07-06T16:51:20.559+0000][69][gc,marking  ] GC(12) Concurrent Cleanup for Next Mark 0.647ms
[2022-07-06T16:51:20.559+0000][69][gc          ] GC(12) Concurrent Mark Cycle 94.219ms
[2022-07-06T16:51:21.560+0000][69][safepoint   ] Safepoint "Cleanup", Time since last: 1000476549 ns, Reaching safepoint: 1453503 ns, At safepoint: 13926 ns, Total: 1467429 ns
[2022-07-06T16:51:22.565+0000][69][safepoint   ] Safepoint "Cleanup", Time since last: 1003461015 ns, Reaching safepoint: 1975984 ns, At safepoint: 33886 ns, Total: 2009870 ns
[2022-07-06T16:51:24.112+0000][69][safepoint   ] Safepoint "Cleanup", Time since last: 1545729242 ns, Reaching safepoint: 849886 ns, At safepoint: 56481 ns, Total: 906367 ns
[2022-07-06T16:51:24.860+0000][69][gc,start    ] GC(13) Pause Young (Normal) (G1 Evacuation Pause)
[2022-07-06T16:51:24.860+0000][69][gc,task     ] GC(13) Using 8 workers of 8 for evacuation
[2022-07-06T16:51:24.860+0000][69][gc,age      ] GC(13) Desired survivor size 20971520 bytes, new threshold 2 (max threshold 15)
[2022-07-06T16:51:24.911+0000][69][gc,phases   ] GC(13)   Pre Evacuate Collection Set: 0.3ms
[2022-07-06T16:51:24.911+0000][69][gc,phases   ] GC(13)   Merge Heap Roots: 0.2ms
[2022-07-06T16:51:24.911+0000][69][gc,phases   ] GC(13)   Evacuate Collection Set: 46.9ms
[2022-07-06T16:51:24.911+0000][69][gc,phases   ] GC(13)   Post Evacuate Collection Set: 3.4ms
[2022-07-06T16:51:24.911+0000][69][gc,phases   ] GC(13)   Other: 0.1ms
[2022-07-06T16:51:24.911+0000][69][gc,age      ] GC(13) Age table with threshold 2 (max threshold 15)
[2022-07-06T16:51:24.911+0000][69][gc,age      ] GC(13) - age   1:    7043376 bytes,    7043376 total
[2022-07-06T16:51:24.911+0000][69][gc,age      ] GC(13) - age   2:    4653936 bytes,   11697312 total
[2022-07-06T16:51:24.911+0000][69][gc,heap     ] GC(13) Eden regions: 69->0(72)
[2022-07-06T16:51:24.911+0000][69][gc,heap     ] GC(13) Survivor regions: 7->4(10)
[2022-07-06T16:51:24.911+0000][69][gc,heap     ] GC(13) Old regions: 7->12
[2022-07-06T16:51:24.911+0000][69][gc,heap     ] GC(13) Archive regions: 2->2
[2022-07-06T16:51:24.911+0000][69][gc,heap     ] GC(13) Humongous regions: 0->0
[2022-07-06T16:51:24.911+0000][69][gc,metaspace] GC(13) Metaspace: 75377K(76992K)->75377K(76992K) NonClass: 65342K(66304K)->65342K(66304K) Class: 10035K(10688K)->10035K(10688K)
[2022-07-06T16:51:24.911+0000][69][gc          ] GC(13) Pause Young (Normal) (G1 Evacuation Pause) 332M->63M(512M) 51.222ms
[2022-07-06T16:51:24.911+0000][69][gc,cpu      ] GC(13) User=0.15s Sys=0.00s Real=0.06s
[2022-07-06T16:51:24.911+0000][69][safepoint   ] Safepoint "G1CollectForAllocation", Time since last: 746710381 ns, Reaching safepoint: 1295429 ns, At safepoint: 51361528 ns, Total: 52656957 ns
[2022-07-06T16:51:25.912+0000][69][safepoint   ] Safepoint "Cleanup", Time since last: 1000276215 ns, Reaching safepoint: 673378 ns, At safepoint: 12111 ns, Total: 685489 ns
[2022-07-06T16:51:27.617+0000][69][safepoint   ] Safepoint "Cleanup", Time since last: 1703495657 ns, Reaching safepoint: 859456 ns, At safepoint: 49062 ns, Total: 908518 ns
[2022-07-06T16:51:29.220+0000][69][safepoint   ] Safepoint "ICBufferFull", Time since last: 1602875718 ns, Reaching safepoint: 631007 ns, At safepoint: 40096 ns, Total: 671103 ns
[2022-07-06T16:51:30.242+0000][69][safepoint   ] Safepoint "Cleanup", Time since last: 1002900120 ns, Reaching safepoint: 19324821 ns, At safepoint: 35577 ns, Total: 19360398 ns
[2022-07-06T16:51:31.244+0000][69][safepoint   ] Safepoint "Cleanup", Time since last: 1000607157 ns, Reaching safepoint: 458658 ns, At safepoint: 31274 ns, Total: 489932 ns
[2022-07-06T16:51:32.252+0000][69][safepoint   ] Safepoint "Cleanup", Time since last: 1007665580 ns, Reaching safepoint: 734265 ns, At safepoint: 15124 ns, Total: 749389 ns
[2022-07-06T16:51:33.271+0000][69][safepoint   ] Safepoint "Cleanup", Time since last: 1018186687 ns, Reaching safepoint: 1227819 ns, At safepoint: 31571 ns, Total: 1259390 ns
[2022-07-06T16:51:34.029+0000][69][gc,start    ] GC(14) Pause Young (Concurrent Start) (Metadata GC Threshold)
[2022-07-06T16:51:34.029+0000][69][gc,task     ] GC(14) Using 8 workers of 8 for evacuation
[2022-07-06T16:51:34.029+0000][69][gc,age      ] GC(14) Desired survivor size 20971520 bytes, new threshold 15 (max threshold 15)
[2022-07-06T16:51:34.081+0000][69][gc,phases   ] GC(14)   Pre Evacuate Collection Set: 0.5ms
[2022-07-06T16:51:34.081+0000][69][gc,phases   ] GC(14)   Merge Heap Roots: 0.1ms
[2022-07-06T16:51:34.081+0000][69][gc,phases   ] GC(14)   Evacuate Collection Set: 45.5ms
[2022-07-06T16:51:34.081+0000][69][gc,phases   ] GC(14)   Post Evacuate Collection Set: 5.7ms
[2022-07-06T16:51:34.081+0000][69][gc,phases   ] GC(14)   Other: 0.2ms
[2022-07-06T16:51:34.081+0000][69][gc,age      ] GC(14) Age table with threshold 15 (max threshold 15)
[2022-07-06T16:51:34.081+0000][69][gc,age      ] GC(14) - age   1:   12412856 bytes,   12412856 total
[2022-07-06T16:51:34.081+0000][69][gc,age      ] GC(14) - age   2:    6807032 bytes,   19219888 total
[2022-07-06T16:51:34.081+0000][69][gc,age      ] GC(14) - age   3:    4559728 bytes,   23779616 total
[2022-07-06T16:51:34.081+0000][69][gc,heap     ] GC(14) Eden regions: 70->0(70)
[2022-07-06T16:51:34.081+0000][69][gc,heap     ] GC(14) Survivor regions: 4->6(10)
[2022-07-06T16:51:34.081+0000][69][gc,heap     ] GC(14) Old regions: 12->12
[2022-07-06T16:51:34.081+0000][69][gc,heap     ] GC(14) Archive regions: 2->2
[2022-07-06T16:51:34.081+0000][69][gc,heap     ] GC(14) Humongous regions: 0->0
[2022-07-06T16:51:34.081+0000][69][gc,metaspace] GC(14) Metaspace: 100760K(103680K)->100760K(103680K) NonClass: 87114K(88640K)->87114K(88640K) Class: 13645K(15040K)->13645K(15040K)
[2022-07-06T16:51:34.081+0000][69][gc          ] GC(14) Pause Young (Concurrent Start) (Metadata GC Threshold) 341M->73M(512M) 52.283ms
[2022-07-06T16:51:34.081+0000][69][gc,cpu      ] GC(14) User=0.13s Sys=0.00s Real=0.06s
[2022-07-06T16:51:34.081+0000][69][gc          ] GC(15) Concurrent Mark Cycle
[2022-07-06T16:51:34.081+0000][69][gc,marking  ] GC(15) Concurrent Clear Claimed Marks
[2022-07-06T16:51:34.081+0000][69][safepoint   ] Safepoint "CollectForMetadataAllocation", Time since last: 757103597 ns, Reaching safepoint: 83410 ns, At safepoint: 52546021 ns, Total: 52629431 ns
[2022-07-06T16:51:34.081+0000][69][gc,marking  ] GC(15) Concurrent Clear Claimed Marks 0.294ms
[2022-07-06T16:51:34.081+0000][69][gc,marking  ] GC(15) Concurrent Scan Root Regions
[2022-07-06T16:51:34.110+0000][69][gc,marking  ] GC(15) Concurrent Scan Root Regions 28.674ms
[2022-07-06T16:51:34.110+0000][69][gc,marking  ] GC(15) Concurrent Mark
[2022-07-06T16:51:34.110+0000][69][gc,marking  ] GC(15) Concurrent Mark From Roots
[2022-07-06T16:51:34.110+0000][69][gc,task     ] GC(15) Using 2 workers of 2 for marking
[2022-07-06T16:51:34.180+0000][69][safepoint   ] Safepoint "CollectForMetadataAllocation", Time since last: 95897338 ns, Reaching safepoint: 2543745 ns, At safepoint: 141475 ns, Total: 2685220 ns
[2022-07-06T16:51:34.212+0000][69][safepoint   ] Safepoint "CollectForMetadataAllocation", Time since last: 32077152 ns, Reaching safepoint: 218270 ns, At safepoint: 121716 ns, Total: 339986 ns
[2022-07-06T16:51:34.222+0000][69][gc,marking  ] GC(15) Concurrent Mark From Roots 112.235ms
[2022-07-06T16:51:34.222+0000][69][gc,marking  ] GC(15) Concurrent Preclean
[2022-07-06T16:51:34.223+0000][69][gc,marking  ] GC(15) Concurrent Preclean 0.273ms
[2022-07-06T16:51:34.223+0000][69][gc,start    ] GC(15) Pause Remark
[2022-07-06T16:51:34.244+0000][69][gc          ] GC(15) Pause Remark 79M->79M(512M) 20.711ms
[2022-07-06T16:51:34.244+0000][69][gc,cpu      ] GC(15) User=0.04s Sys=0.00s Real=0.02s
[2022-07-06T16:51:34.244+0000][69][safepoint   ] Safepoint "G1Concurrent", Time since last: 10635947 ns, Reaching safepoint: 332323 ns, At safepoint: 20920384 ns, Total: 21252707 ns
[2022-07-06T16:51:34.244+0000][69][gc,marking  ] GC(15) Concurrent Mark 134.007ms
[2022-07-06T16:51:34.244+0000][69][gc,marking  ] GC(15) Concurrent Rebuild Remembered Sets
[2022-07-06T16:51:34.277+0000][69][gc,marking  ] GC(15) Concurrent Rebuild Remembered Sets 32.832ms
[2022-07-06T16:51:34.280+0000][69][gc,start    ] GC(15) Pause Cleanup
[2022-07-06T16:51:34.280+0000][69][gc          ] GC(15) Pause Cleanup 80M->80M(512M) 0.176ms
[2022-07-06T16:51:34.280+0000][69][gc,cpu      ] GC(15) User=0.00s Sys=0.00s Real=0.00s
[2022-07-06T16:51:34.280+0000][69][safepoint   ] Safepoint "G1Concurrent", Time since last: 33008082 ns, Reaching safepoint: 2475407 ns, At safepoint: 253337 ns, Total: 2728744 ns
[2022-07-06T16:51:34.280+0000][69][gc,marking  ] GC(15) Concurrent Cleanup for Next Mark
[2022-07-06T16:51:34.281+0000][69][gc,marking  ] GC(15) Concurrent Cleanup for Next Mark 1.021ms
[2022-07-06T16:51:34.281+0000][69][gc          ] GC(15) Concurrent Mark Cycle 199.982ms
[2022-07-06T16:51:36.309+0000][69][safepoint   ] Safepoint "Cleanup", Time since last: 1915878045 ns, Reaching safepoint: 113793633 ns, At safepoint: 42263 ns, Total: 113835896 ns
[2022-07-06T16:51:39.803+0000][69][safepoint   ] Safepoint "Cleanup", Time since last: 1697538065 ns, Reaching safepoint: 1796206259 ns, At safepoint: 34402 ns, Total: 1796240661 ns
[2022-07-06T16:51:40.814+0000][69][safepoint   ] Safepoint "Cleanup", Time since last: 1010514881 ns, Reaching safepoint: 65546 ns, At safepoint: 3083 ns, Total: 68629 ns
[2022-07-06T16:51:43.041+0000][69][safepoint   ] Safepoint "Cleanup", Time since last: 2037088972 ns, Reaching safepoint: 189812665 ns, At safepoint: 31134 ns, Total: 189843799 ns
[2022-07-06T16:51:44.995+0000][69][safepoint   ] Safepoint "Cleanup", Time since last: 1954465884 ns, Reaching safepoint: 192560 ns, At safepoint: 43026 ns, Total: 235586 ns
[2022-07-06T16:51:45.970+0000][69][gc,heap,exit] Heap
[2022-07-06T16:51:45.970+0000][69][gc,heap,exit]  garbage-first heap   total 524288K, used 119413K [0x00000000e0000000, 0x0000000100000000)
[2022-07-06T16:51:45.970+0000][69][gc,heap,exit]   region size 4096K, 17 young (69632K), 6 survivors (24576K)
[2022-07-06T16:51:45.970+0000][69][gc,heap,exit]  Metaspace       used 105061K, committed 108160K, reserved 1179648K
[2022-07-06T16:51:45.970+0000][69][gc,heap,exit]   class space    used 14249K, committed 15744K, reserved 1048576K
